
> nextn@0.1.0 test
> jest --passWithNoTests --runInBand

FAIL src/__tests__/components.smoke.test.tsx
  ● Console

    console.error
      Error: Uncaught [TypeError: Cannot read properties of undefined (reading 'map')]
          at Object.<anonymous> (E:\VSCode_Repo\tech-oblivion-wpHeadless\src\__tests__\components.smoke.test.tsx:32:41) {
        detail: TypeError: Cannot read properties of undefined (reading 'map')
            at map (E:\VSCode_Repo\tech-oblivion-wpHeadless\src\components\admin\AdminDashboard.tsx:155:54)
            at mountMemo (E:\VSCode_Repo\tech-oblivion-wpHeadless\node_modules\react-dom\cjs\react-dom.development.js:16406:19)
            at Object.useMemo (E:\VSCode_Repo\tech-oblivion-wpHeadless\node_modules\react-dom\cjs\react-dom.development.js:16851:16)
            at useMemo (E:\VSCode_Repo\tech-oblivion-wpHeadless\node_modules\react\cjs\react.development.js:1650:21)
            at AdminDashboard (E:\VSCode_Repo\tech-oblivion-wpHeadless\src\components\admin\AdminDashboard.tsx:155:26)
            at renderWithHooks (E:\VSCode_Repo\tech-oblivion-wpHeadless\node_modules\react-dom\cjs\react-dom.development.js:15486:18)
            at mountIndeterminateComponent (E:\VSCode_Repo\tech-oblivion-wpHeadless\node_modules\react-dom\cjs\react-dom.development.js:20103:13)
            at beginWork (E:\VSCode_Repo\tech-oblivion-wpHeadless\node_modules\react-dom\cjs\react-dom.development.js:21626:16)
            at HTMLUnknownElement.callCallback (E:\VSCode_Repo\tech-oblivion-wpHeadless\node_modules\react-dom\cjs\react-dom.development.js:4164:14)
            at HTMLUnknownElement.callTheUserObjectsOperation (E:\VSCode_Repo\tech-oblivion-wpHeadless\node_modules\jest-environment-jsdom\node_modules\jsdom\lib\jsdom\living\generated\EventListener.js:26:30)
            at innerInvokeEventListeners (E:\VSCode_Repo\tech-oblivion-wpHeadless\node_modules\jest-environment-jsdom\node_modules\jsdom\lib\jsdom\living\events\EventTarget-impl.js:350:25)
            at invokeEventListeners (E:\VSCode_Repo\tech-oblivion-wpHeadless\node_modules\jest-environment-jsdom\node_modules\jsdom\lib\jsdom\living\events\EventTarget-impl.js:286:3)
            at HTMLUnknownElementImpl._dispatch (E:\VSCode_Repo\tech-oblivion-wpHeadless\node_modules\jest-environment-jsdom\node_modules\jsdom\lib\jsdom\living\events\EventTarget-impl.js:233:9)
            at HTMLUnknownElementImpl.dispatchEvent (E:\VSCode_Repo\tech-oblivion-wpHeadless\node_modules\jest-environment-jsdom\node_modules\jsdom\lib\jsdom\living\events\EventTarget-impl.js:104:17)
            at HTMLUnknownElement.dispatchEvent (E:\VSCode_Repo\tech-oblivion-wpHeadless\node_modules\jest-environment-jsdom\node_modules\jsdom\lib\jsdom\living\generated\EventTarget.js:241:34)
            at Object.invokeGuardedCallbackDev (E:\VSCode_Repo\tech-oblivion-wpHeadless\node_modules\react-dom\cjs\react-dom.development.js:4213:16)
            at invokeGuardedCallback (E:\VSCode_Repo\tech-oblivion-wpHeadless\node_modules\react-dom\cjs\react-dom.development.js:4277:31)
            at beginWork$1 (E:\VSCode_Repo\tech-oblivion-wpHeadless\node_modules\react-dom\cjs\react-dom.development.js:27490:7)
            at performUnitOfWork (E:\VSCode_Repo\tech-oblivion-wpHeadless\node_modules\react-dom\cjs\react-dom.development.js:26599:12)
            at workLoopSync (E:\VSCode_Repo\tech-oblivion-wpHeadless\node_modules\react-dom\cjs\react-dom.development.js:26505:5)
            at renderRootSync (E:\VSCode_Repo\tech-oblivion-wpHeadless\node_modules\react-dom\cjs\react-dom.development.js:26473:7)
            at performConcurrentWorkOnRoot (E:\VSCode_Repo\tech-oblivion-wpHeadless\node_modules\react-dom\cjs\react-dom.development.js:25777:74)
            at flushActQueue (E:\VSCode_Repo\tech-oblivion-wpHeadless\node_modules\react\cjs\react.development.js:2667:24)
            at act (E:\VSCode_Repo\tech-oblivion-wpHeadless\node_modules\react\cjs\react.development.js:2582:11)
            at E:\VSCode_Repo\tech-oblivion-wpHeadless\node_modules\@testing-library\react\dist\act-compat.js:47:25
            at renderRoot (E:\VSCode_Repo\tech-oblivion-wpHeadless\node_modules\@testing-library\react\dist\pure.js:190:26)
            at render (E:\VSCode_Repo\tech-oblivion-wpHeadless\node_modules\@testing-library\react\dist\pure.js:292:10)
            at Object.<anonymous> (E:\VSCode_Repo\tech-oblivion-wpHeadless\src\__tests__\components.smoke.test.tsx:32:41),
        type: 'unhandled exception'
      }

    [0m [90m 30 |[39m       [36mif[39m ([36mtypeof[39m [33mC[39m [33m===[39m [32m'function'[39m) {
     [90m 31 |[39m         [90m// Try render with no props[39m
    [31m[1m>[22m[39m[90m 32 |[39m         [36mconst[39m { queryByTestId } [33m=[39m render(
     [90m    |[39m                                         [31m[1m^[22m[39m
     [90m 33 |[39m           [33m<[39m[33mErrorBoundary[39m[33m>[39m
     [90m 34 |[39m             {[33mReact[39m[33m.[39mcreateElement([33mC[39m [36mas[39m any)}
     [90m 35 |[39m           [33m<[39m[33m/[39m[33mErrorBoundary[39m[33m>[39m[0m

      at VirtualConsole.<anonymous> (node_modules/jest-environment-jsdom/build/index.js:63:23)
      at Object.invokeGuardedCallbackDev (node_modules/react-dom/cjs/react-dom.development.js:4213:16)
      at invokeGuardedCallback (node_modules/react-dom/cjs/react-dom.development.js:4277:31)
      at beginWork$1 (node_modules/react-dom/cjs/react-dom.development.js:27490:7)
      at performUnitOfWork (node_modules/react-dom/cjs/react-dom.development.js:26599:12)
      at workLoopSync (node_modules/react-dom/cjs/react-dom.development.js:26505:5)
      at renderRootSync (node_modules/react-dom/cjs/react-dom.development.js:26473:7)
      at performConcurrentWorkOnRoot (node_modules/react-dom/cjs/react-dom.development.js:25777:74)
      at flushActQueue (node_modules/react/cjs/react.development.js:2667:24)
      at act (node_modules/react/cjs/react.development.js:2582:11)
      at node_modules/@testing-library/react/dist/act-compat.js:47:25
      at renderRoot (node_modules/@testing-library/react/dist/pure.js:190:26)
      at render (node_modules/@testing-library/react/dist/pure.js:292:10)
      at Object.<anonymous> (src/__tests__/components.smoke.test.tsx:32:41)

    console.error
      Error: Uncaught [TypeError: Cannot read properties of undefined (reading 'map')]
          at Object.<anonymous> (E:\VSCode_Repo\tech-oblivion-wpHeadless\src\__tests__\components.smoke.test.tsx:32:41) {
        detail: TypeError: Cannot read properties of undefined (reading 'map')
            at map (E:\VSCode_Repo\tech-oblivion-wpHeadless\src\components\admin\AdminDashboard.tsx:155:54)
            at mountMemo (E:\VSCode_Repo\tech-oblivion-wpHeadless\node_modules\react-dom\cjs\react-dom.development.js:16406:19)
            at Object.useMemo (E:\VSCode_Repo\tech-oblivion-wpHeadless\node_modules\react-dom\cjs\react-dom.development.js:16851:16)
            at useMemo (E:\VSCode_Repo\tech-oblivion-wpHeadless\node_modules\react\cjs\react.development.js:1650:21)
            at AdminDashboard (E:\VSCode_Repo\tech-oblivion-wpHeadless\src\components\admin\AdminDashboard.tsx:155:26)
            at renderWithHooks (E:\VSCode_Repo\tech-oblivion-wpHeadless\node_modules\react-dom\cjs\react-dom.development.js:15486:18)
            at mountIndeterminateComponent (E:\VSCode_Repo\tech-oblivion-wpHeadless\node_modules\react-dom\cjs\react-dom.development.js:20103:13)
            at beginWork (E:\VSCode_Repo\tech-oblivion-wpHeadless\node_modules\react-dom\cjs\react-dom.development.js:21626:16)
            at HTMLUnknownElement.callCallback (E:\VSCode_Repo\tech-oblivion-wpHeadless\node_modules\react-dom\cjs\react-dom.development.js:4164:14)
            at HTMLUnknownElement.callTheUserObjectsOperation (E:\VSCode_Repo\tech-oblivion-wpHeadless\node_modules\jest-environment-jsdom\node_modules\jsdom\lib\jsdom\living\generated\EventListener.js:26:30)
            at innerInvokeEventListeners (E:\VSCode_Repo\tech-oblivion-wpHeadless\node_modules\jest-environment-jsdom\node_modules\jsdom\lib\jsdom\living\events\EventTarget-impl.js:350:25)
            at invokeEventListeners (E:\VSCode_Repo\tech-oblivion-wpHeadless\node_modules\jest-environment-jsdom\node_modules\jsdom\lib\jsdom\living\events\EventTarget-impl.js:286:3)
            at HTMLUnknownElementImpl._dispatch (E:\VSCode_Repo\tech-oblivion-wpHeadless\node_modules\jest-environment-jsdom\node_modules\jsdom\lib\jsdom\living\events\EventTarget-impl.js:233:9)
            at HTMLUnknownElementImpl.dispatchEvent (E:\VSCode_Repo\tech-oblivion-wpHeadless\node_modules\jest-environment-jsdom\node_modules\jsdom\lib\jsdom\living\events\EventTarget-impl.js:104:17)
            at HTMLUnknownElement.dispatchEvent (E:\VSCode_Repo\tech-oblivion-wpHeadless\node_modules\jest-environment-jsdom\node_modules\jsdom\lib\jsdom\living\generated\EventTarget.js:241:34)
            at Object.invokeGuardedCallbackDev (E:\VSCode_Repo\tech-oblivion-wpHeadless\node_modules\react-dom\cjs\react-dom.development.js:4213:16)
            at invokeGuardedCallback (E:\VSCode_Repo\tech-oblivion-wpHeadless\node_modules\react-dom\cjs\react-dom.development.js:4277:31)
            at beginWork$1 (E:\VSCode_Repo\tech-oblivion-wpHeadless\node_modules\react-dom\cjs\react-dom.development.js:27490:7)
            at performUnitOfWork (E:\VSCode_Repo\tech-oblivion-wpHeadless\node_modules\react-dom\cjs\react-dom.development.js:26599:12)
            at workLoopSync (E:\VSCode_Repo\tech-oblivion-wpHeadless\node_modules\react-dom\cjs\react-dom.development.js:26505:5)
            at renderRootSync (E:\VSCode_Repo\tech-oblivion-wpHeadless\node_modules\react-dom\cjs\react-dom.development.js:26473:7)
            at recoverFromConcurrentError (E:\VSCode_Repo\tech-oblivion-wpHeadless\node_modules\react-dom\cjs\react-dom.development.js:25889:20)
            at performConcurrentWorkOnRoot (E:\VSCode_Repo\tech-oblivion-wpHeadless\node_modules\react-dom\cjs\react-dom.development.js:25789:22)
            at flushActQueue (E:\VSCode_Repo\tech-oblivion-wpHeadless\node_modules\react\cjs\react.development.js:2667:24)
            at act (E:\VSCode_Repo\tech-oblivion-wpHeadless\node_modules\react\cjs\react.development.js:2582:11)
            at E:\VSCode_Repo\tech-oblivion-wpHeadless\node_modules\@testing-library\react\dist\act-compat.js:47:25
            at renderRoot (E:\VSCode_Repo\tech-oblivion-wpHeadless\node_modules\@testing-library\react\dist\pure.js:190:26)
            at render (E:\VSCode_Repo\tech-oblivion-wpHeadless\node_modules\@testing-library\react\dist\pure.js:292:10)
            at Object.<anonymous> (E:\VSCode_Repo\tech-oblivion-wpHeadless\src\__tests__\components.smoke.test.tsx:32:41),
        type: 'unhandled exception'
      }

    [0m [90m 30 |[39m       [36mif[39m ([36mtypeof[39m [33mC[39m [33m===[39m [32m'function'[39m) {
     [90m 31 |[39m         [90m// Try render with no props[39m
    [31m[1m>[22m[39m[90m 32 |[39m         [36mconst[39m { queryByTestId } [33m=[39m render(
     [90m    |[39m                                         [31m[1m^[22m[39m
     [90m 33 |[39m           [33m<[39m[33mErrorBoundary[39m[33m>[39m
     [90m 34 |[39m             {[33mReact[39m[33m.[39mcreateElement([33mC[39m [36mas[39m any)}
     [90m 35 |[39m           [33m<[39m[33m/[39m[33mErrorBoundary[39m[33m>[39m[0m

      at VirtualConsole.<anonymous> (node_modules/jest-environment-jsdom/build/index.js:63:23)
      at Object.invokeGuardedCallbackDev (node_modules/react-dom/cjs/react-dom.development.js:4213:16)
      at invokeGuardedCallback (node_modules/react-dom/cjs/react-dom.development.js:4277:31)
      at beginWork$1 (node_modules/react-dom/cjs/react-dom.development.js:27490:7)
      at performUnitOfWork (node_modules/react-dom/cjs/react-dom.development.js:26599:12)
      at workLoopSync (node_modules/react-dom/cjs/react-dom.development.js:26505:5)
      at renderRootSync (node_modules/react-dom/cjs/react-dom.development.js:26473:7)
      at recoverFromConcurrentError (node_modules/react-dom/cjs/react-dom.development.js:25889:20)
      at performConcurrentWorkOnRoot (node_modules/react-dom/cjs/react-dom.development.js:25789:22)
      at flushActQueue (node_modules/react/cjs/react.development.js:2667:24)
      at act (node_modules/react/cjs/react.development.js:2582:11)
      at node_modules/@testing-library/react/dist/act-compat.js:47:25
      at renderRoot (node_modules/@testing-library/react/dist/pure.js:190:26)
      at render (node_modules/@testing-library/react/dist/pure.js:292:10)
      at Object.<anonymous> (src/__tests__/components.smoke.test.tsx:32:41)

    console.error
      The above error occurred in the <AdminDashboard> component:
      
          at sectionKey (E:\VSCode_Repo\tech-oblivion-wpHeadless\src\components\admin\AdminDashboard.tsx:129:42)
          at ErrorBoundary (E:\VSCode_Repo\tech-oblivion-wpHeadless\src\components\error-boundary.tsx:11:5)
          at children (E:\VSCode_Repo\tech-oblivion-wpHeadless\src\__tests__\TestErrorBoundary.tsx:4:45)
      
      React will try to recreate this component tree from scratch using the error boundary you provided, ErrorBoundary.

    [0m [90m 30 |[39m       [36mif[39m ([36mtypeof[39m [33mC[39m [33m===[39m [32m'function'[39m) {
     [90m 31 |[39m         [90m// Try render with no props[39m
    [31m[1m>[22m[39m[90m 32 |[39m         [36mconst[39m { queryByTestId } [33m=[39m render(
     [90m    |[39m                                         [31m[1m^[22m[39m
     [90m 33 |[39m           [33m<[39m[33mErrorBoundary[39m[33m>[39m
     [90m 34 |[39m             {[33mReact[39m[33m.[39mcreateElement([33mC[39m [36mas[39m any)}
     [90m 35 |[39m           [33m<[39m[33m/[39m[33mErrorBoundary[39m[33m>[39m[0m

      at logCapturedError (node_modules/react-dom/cjs/react-dom.development.js:18704:23)
      at ErrorBoundary.callback (node_modules/react-dom/cjs/react-dom.development.js:18772:7)
      at callCallback (node_modules/react-dom/cjs/react-dom.development.js:15036:12)
      at commitUpdateQueue (node_modules/react-dom/cjs/react-dom.development.js:15057:9)
      at commitLayoutEffectOnFiber (node_modules/react-dom/cjs/react-dom.development.js:23403:13)
      at commitLayoutMountEffects_complete (node_modules/react-dom/cjs/react-dom.development.js:24727:9)
      at commitLayoutEffects_begin (node_modules/react-dom/cjs/react-dom.development.js:24713:7)
      at commitLayoutEffects (node_modules/react-dom/cjs/react-dom.development.js:24651:3)
      at commitRootImpl (node_modules/react-dom/cjs/react-dom.development.js:26862:5)
      at commitRoot (node_modules/react-dom/cjs/react-dom.development.js:26721:5)
      at finishConcurrentRender (node_modules/react-dom/cjs/react-dom.development.js:25931:9)
      at performConcurrentWorkOnRoot (node_modules/react-dom/cjs/react-dom.development.js:25848:7)
      at flushActQueue (node_modules/react/cjs/react.development.js:2667:24)
      at act (node_modules/react/cjs/react.development.js:2582:11)
      at node_modules/@testing-library/react/dist/act-compat.js:47:25
      at renderRoot (node_modules/@testing-library/react/dist/pure.js:190:26)
      at render (node_modules/@testing-library/react/dist/pure.js:292:10)
      at Object.<anonymous> (src/__tests__/components.smoke.test.tsx:32:41)

    console.error
      ErrorBoundary caught TypeError: Cannot read properties of undefined (reading 'map')
          at map (E:\VSCode_Repo\tech-oblivion-wpHeadless\src\components\admin\AdminDashboard.tsx:155:54)
          at mountMemo (E:\VSCode_Repo\tech-oblivion-wpHeadless\node_modules\react-dom\cjs\react-dom.development.js:16406:19)
          at Object.useMemo (E:\VSCode_Repo\tech-oblivion-wpHeadless\node_modules\react-dom\cjs\react-dom.development.js:16851:16)
          at useMemo (E:\VSCode_Repo\tech-oblivion-wpHeadless\node_modules\react\cjs\react.development.js:1650:21)
          at AdminDashboard (E:\VSCode_Repo\tech-oblivion-wpHeadless\src\components\admin\AdminDashboard.tsx:155:26)
          at renderWithHooks (E:\VSCode_Repo\tech-oblivion-wpHeadless\node_modules\react-dom\cjs\react-dom.development.js:15486:18)
          at mountIndeterminateComponent (E:\VSCode_Repo\tech-oblivion-wpHeadless\node_modules\react-dom\cjs\react-dom.development.js:20103:13)
          at beginWork (E:\VSCode_Repo\tech-oblivion-wpHeadless\node_modules\react-dom\cjs\react-dom.development.js:21626:16)
          at beginWork$1 (E:\VSCode_Repo\tech-oblivion-wpHeadless\node_modules\react-dom\cjs\react-dom.development.js:27465:14)
          at performUnitOfWork (E:\VSCode_Repo\tech-oblivion-wpHeadless\node_modules\react-dom\cjs\react-dom.development.js:26599:12)
          at workLoopSync (E:\VSCode_Repo\tech-oblivion-wpHeadless\node_modules\react-dom\cjs\react-dom.development.js:26505:5)
          at renderRootSync (E:\VSCode_Repo\tech-oblivion-wpHeadless\node_modules\react-dom\cjs\react-dom.development.js:26473:7)
          at recoverFromConcurrentError (E:\VSCode_Repo\tech-oblivion-wpHeadless\node_modules\react-dom\cjs\react-dom.development.js:25889:20)
          at performConcurrentWorkOnRoot (E:\VSCode_Repo\tech-oblivion-wpHeadless\node_modules\react-dom\cjs\react-dom.development.js:25789:22)
          at flushActQueue (E:\VSCode_Repo\tech-oblivion-wpHeadless\node_modules\react\cjs\react.development.js:2667:24)
          at act (E:\VSCode_Repo\tech-oblivion-wpHeadless\node_modules\react\cjs\react.development.js:2582:11)
          at E:\VSCode_Repo\tech-oblivion-wpHeadless\node_modules\@testing-library\react\dist\act-compat.js:47:25
          at renderRoot (E:\VSCode_Repo\tech-oblivion-wpHeadless\node_modules\@testing-library\react\dist\pure.js:190:26)
          at render (E:\VSCode_Repo\tech-oblivion-wpHeadless\node_modules\@testing-library\react\dist\pure.js:292:10)
          at Object.<anonymous> (E:\VSCode_Repo\tech-oblivion-wpHeadless\src\__tests__\components.smoke.test.tsx:32:41) {
        componentStack: '\n' +
          '    at sectionKey (E:\\VSCode_Repo\\tech-oblivion-wpHeadless\\src\\components\\admin\\AdminDashboard.tsx:129:42)\n' +
          '    at ErrorBoundary (E:\\VSCode_Repo\\tech-oblivion-wpHeadless\\src\\components\\error-boundary.tsx:11:5)\n' +
          '    at children (E:\\VSCode_Repo\\tech-oblivion-wpHeadless\\src\\__tests__\\TestErrorBoundary.tsx:4:45)'
      }

    [0m [90m 16 |[39m   }
     [90m 17 |[39m   componentDidCatch(error[33m:[39m [33mError[39m[33m,[39m info[33m:[39m [33mReact[39m[33m.[39m[33mErrorInfo[39m) {
    [31m[1m>[22m[39m[90m 18 |[39m     console[33m.[39merror([32m'ErrorBoundary caught'[39m[33m,[39m error[33m,[39m info)
     [90m    |[39m             [31m[1m^[22m[39m
     [90m 19 |[39m     toast({
     [90m 20 |[39m       title[33m:[39m [32m"Something went wrong"[39m[33m,[39m
     [90m 21 |[39m       description[33m:[39m [32m"An unexpected error occurred. Please try refreshing the page."[39m[33m,[39m[0m

      at ErrorBoundary.error [as componentDidCatch] (src/components/error-boundary.tsx:18:13)
      at ErrorBoundary.callback (node_modules/react-dom/cjs/react-dom.development.js:18785:12)
      at callCallback (node_modules/react-dom/cjs/react-dom.development.js:15036:12)
      at commitUpdateQueue (node_modules/react-dom/cjs/react-dom.development.js:15057:9)
      at commitLayoutEffectOnFiber (node_modules/react-dom/cjs/react-dom.development.js:23403:13)
      at commitLayoutMountEffects_complete (node_modules/react-dom/cjs/react-dom.development.js:24727:9)
      at commitLayoutEffects_begin (node_modules/react-dom/cjs/react-dom.development.js:24713:7)
      at commitLayoutEffects (node_modules/react-dom/cjs/react-dom.development.js:24651:3)
      at commitRootImpl (node_modules/react-dom/cjs/react-dom.development.js:26862:5)
      at commitRoot (node_modules/react-dom/cjs/react-dom.development.js:26721:5)
      at finishConcurrentRender (node_modules/react-dom/cjs/react-dom.development.js:25931:9)
      at performConcurrentWorkOnRoot (node_modules/react-dom/cjs/react-dom.development.js:25848:7)
      at flushActQueue (node_modules/react/cjs/react.development.js:2667:24)
      at act (node_modules/react/cjs/react.development.js:2582:11)
      at node_modules/@testing-library/react/dist/act-compat.js:47:25
      at renderRoot (node_modules/@testing-library/react/dist/pure.js:190:26)
      at render (node_modules/@testing-library/react/dist/pure.js:292:10)
      at Object.<anonymous> (src/__tests__/components.smoke.test.tsx:32:41)

    console.error
      Error: Uncaught [TypeError: Cannot read properties of undefined (reading 'length')]
          at Object.<anonymous> (E:\VSCode_Repo\tech-oblivion-wpHeadless\src\__tests__\components.smoke.test.tsx:32:41) {
        detail: TypeError: Cannot read properties of undefined (reading 'length')
            at length (E:\VSCode_Repo\tech-oblivion-wpHeadless\src\components\analytics\AnalyticsCharts.tsx:21:27)
            at renderWithHooks (E:\VSCode_Repo\tech-oblivion-wpHeadless\node_modules\react-dom\cjs\react-dom.development.js:15486:18)
            at mountIndeterminateComponent (E:\VSCode_Repo\tech-oblivion-wpHeadless\node_modules\react-dom\cjs\react-dom.development.js:20103:13)
            at beginWork (E:\VSCode_Repo\tech-oblivion-wpHeadless\node_modules\react-dom\cjs\react-dom.development.js:21626:16)
            at HTMLUnknownElement.callCallback (E:\VSCode_Repo\tech-oblivion-wpHeadless\node_modules\react-dom\cjs\react-dom.development.js:4164:14)
            at HTMLUnknownElement.callTheUserObjectsOperation (E:\VSCode_Repo\tech-oblivion-wpHeadless\node_modules\jest-environment-jsdom\node_modules\jsdom\lib\jsdom\living\generated\EventListener.js:26:30)
            at innerInvokeEventListeners (E:\VSCode_Repo\tech-oblivion-wpHeadless\node_modules\jest-environment-jsdom\node_modules\jsdom\lib\jsdom\living\events\EventTarget-impl.js:350:25)
            at invokeEventListeners (E:\VSCode_Repo\tech-oblivion-wpHeadless\node_modules\jest-environment-jsdom\node_modules\jsdom\lib\jsdom\living\events\EventTarget-impl.js:286:3)
            at HTMLUnknownElementImpl._dispatch (E:\VSCode_Repo\tech-oblivion-wpHeadless\node_modules\jest-environment-jsdom\node_modules\jsdom\lib\jsdom\living\events\EventTarget-impl.js:233:9)
            at HTMLUnknownElementImpl.dispatchEvent (E:\VSCode_Repo\tech-oblivion-wpHeadless\node_modules\jest-environment-jsdom\node_modules\jsdom\lib\jsdom\living\events\EventTarget-impl.js:104:17)
            at HTMLUnknownElement.dispatchEvent (E:\VSCode_Repo\tech-oblivion-wpHeadless\node_modules\jest-environment-jsdom\node_modules\jsdom\lib\jsdom\living\generated\EventTarget.js:241:34)
            at Object.invokeGuardedCallbackDev (E:\VSCode_Repo\tech-oblivion-wpHeadless\node_modules\react-dom\cjs\react-dom.development.js:4213:16)
            at invokeGuardedCallback (E:\VSCode_Repo\tech-oblivion-wpHeadless\node_modules\react-dom\cjs\react-dom.development.js:4277:31)
            at beginWork$1 (E:\VSCode_Repo\tech-oblivion-wpHeadless\node_modules\react-dom\cjs\react-dom.development.js:27490:7)
            at performUnitOfWork (E:\VSCode_Repo\tech-oblivion-wpHeadless\node_modules\react-dom\cjs\react-dom.development.js:26599:12)
            at workLoopSync (E:\VSCode_Repo\tech-oblivion-wpHeadless\node_modules\react-dom\cjs\react-dom.development.js:26505:5)
            at renderRootSync (E:\VSCode_Repo\tech-oblivion-wpHeadless\node_modules\react-dom\cjs\react-dom.development.js:26473:7)
            at performConcurrentWorkOnRoot (E:\VSCode_Repo\tech-oblivion-wpHeadless\node_modules\react-dom\cjs\react-dom.development.js:25777:74)
            at flushActQueue (E:\VSCode_Repo\tech-oblivion-wpHeadless\node_modules\react\cjs\react.development.js:2667:24)
            at act (E:\VSCode_Repo\tech-oblivion-wpHeadless\node_modules\react\cjs\react.development.js:2582:11)
            at E:\VSCode_Repo\tech-oblivion-wpHeadless\node_modules\@testing-library\react\dist\act-compat.js:47:25
            at renderRoot (E:\VSCode_Repo\tech-oblivion-wpHeadless\node_modules\@testing-library\react\dist\pure.js:190:26)
            at render (E:\VSCode_Repo\tech-oblivion-wpHeadless\node_modules\@testing-library\react\dist\pure.js:292:10)
            at Object.<anonymous> (E:\VSCode_Repo\tech-oblivion-wpHeadless\src\__tests__\components.smoke.test.tsx:32:41),
        type: 'unhandled exception'
      }

    [0m [90m 30 |[39m       [36mif[39m ([36mtypeof[39m [33mC[39m [33m===[39m [32m'function'[39m) {
     [90m 31 |[39m         [90m// Try render with no props[39m
    [31m[1m>[22m[39m[90m 32 |[39m         [36mconst[39m { queryByTestId } [33m=[39m render(
     [90m    |[39m                                         [31m[1m^[22m[39m
     [90m 33 |[39m           [33m<[39m[33mErrorBoundary[39m[33m>[39m
     [90m 34 |[39m             {[33mReact[39m[33m.[39mcreateElement([33mC[39m [36mas[39m any)}
     [90m 35 |[39m           [33m<[39m[33m/[39m[33mErrorBoundary[39m[33m>[39m[0m

      at VirtualConsole.<anonymous> (node_modules/jest-environment-jsdom/build/index.js:63:23)
      at Object.invokeGuardedCallbackDev (node_modules/react-dom/cjs/react-dom.development.js:4213:16)
      at invokeGuardedCallback (node_modules/react-dom/cjs/react-dom.development.js:4277:31)
      at beginWork$1 (node_modules/react-dom/cjs/react-dom.development.js:27490:7)
      at performUnitOfWork (node_modules/react-dom/cjs/react-dom.development.js:26599:12)
      at workLoopSync (node_modules/react-dom/cjs/react-dom.development.js:26505:5)
      at renderRootSync (node_modules/react-dom/cjs/react-dom.development.js:26473:7)
      at performConcurrentWorkOnRoot (node_modules/react-dom/cjs/react-dom.development.js:25777:74)
      at flushActQueue (node_modules/react/cjs/react.development.js:2667:24)
      at act (node_modules/react/cjs/react.development.js:2582:11)
      at node_modules/@testing-library/react/dist/act-compat.js:47:25
      at renderRoot (node_modules/@testing-library/react/dist/pure.js:190:26)
      at render (node_modules/@testing-library/react/dist/pure.js:292:10)
      at Object.<anonymous> (src/__tests__/components.smoke.test.tsx:32:41)

    console.error
      Error: Uncaught [TypeError: Cannot read properties of undefined (reading 'length')]
          at Object.<anonymous> (E:\VSCode_Repo\tech-oblivion-wpHeadless\src\__tests__\components.smoke.test.tsx:32:41) {
        detail: TypeError: Cannot read properties of undefined (reading 'length')
            at length (E:\VSCode_Repo\tech-oblivion-wpHeadless\src\components\analytics\AnalyticsCharts.tsx:21:27)
            at renderWithHooks (E:\VSCode_Repo\tech-oblivion-wpHeadless\node_modules\react-dom\cjs\react-dom.development.js:15486:18)
            at mountIndeterminateComponent (E:\VSCode_Repo\tech-oblivion-wpHeadless\node_modules\react-dom\cjs\react-dom.development.js:20103:13)
            at beginWork (E:\VSCode_Repo\tech-oblivion-wpHeadless\node_modules\react-dom\cjs\react-dom.development.js:21626:16)
            at HTMLUnknownElement.callCallback (E:\VSCode_Repo\tech-oblivion-wpHeadless\node_modules\react-dom\cjs\react-dom.development.js:4164:14)
            at HTMLUnknownElement.callTheUserObjectsOperation (E:\VSCode_Repo\tech-oblivion-wpHeadless\node_modules\jest-environment-jsdom\node_modules\jsdom\lib\jsdom\living\generated\EventListener.js:26:30)
            at innerInvokeEventListeners (E:\VSCode_Repo\tech-oblivion-wpHeadless\node_modules\jest-environment-jsdom\node_modules\jsdom\lib\jsdom\living\events\EventTarget-impl.js:350:25)
            at invokeEventListeners (E:\VSCode_Repo\tech-oblivion-wpHeadless\node_modules\jest-environment-jsdom\node_modules\jsdom\lib\jsdom\living\events\EventTarget-impl.js:286:3)
            at HTMLUnknownElementImpl._dispatch (E:\VSCode_Repo\tech-oblivion-wpHeadless\node_modules\jest-environment-jsdom\node_modules\jsdom\lib\jsdom\living\events\EventTarget-impl.js:233:9)
            at HTMLUnknownElementImpl.dispatchEvent (E:\VSCode_Repo\tech-oblivion-wpHeadless\node_modules\jest-environment-jsdom\node_modules\jsdom\lib\jsdom\living\events\EventTarget-impl.js:104:17)
            at HTMLUnknownElement.dispatchEvent (E:\VSCode_Repo\tech-oblivion-wpHeadless\node_modules\jest-environment-jsdom\node_modules\jsdom\lib\jsdom\living\generated\EventTarget.js:241:34)
            at Object.invokeGuardedCallbackDev (E:\VSCode_Repo\tech-oblivion-wpHeadless\node_modules\react-dom\cjs\react-dom.development.js:4213:16)
            at invokeGuardedCallback (E:\VSCode_Repo\tech-oblivion-wpHeadless\node_modules\react-dom\cjs\react-dom.development.js:4277:31)
            at beginWork$1 (E:\VSCode_Repo\tech-oblivion-wpHeadless\node_modules\react-dom\cjs\react-dom.development.js:27490:7)
            at performUnitOfWork (E:\VSCode_Repo\tech-oblivion-wpHeadless\node_modules\react-dom\cjs\react-dom.development.js:26599:12)
            at workLoopSync (E:\VSCode_Repo\tech-oblivion-wpHeadless\node_modules\react-dom\cjs\react-dom.development.js:26505:5)
            at renderRootSync (E:\VSCode_Repo\tech-oblivion-wpHeadless\node_modules\react-dom\cjs\react-dom.development.js:26473:7)
            at recoverFromConcurrentError (E:\VSCode_Repo\tech-oblivion-wpHeadless\node_modules\react-dom\cjs\react-dom.development.js:25889:20)
            at performConcurrentWorkOnRoot (E:\VSCode_Repo\tech-oblivion-wpHeadless\node_modules\react-dom\cjs\react-dom.development.js:25789:22)
            at flushActQueue (E:\VSCode_Repo\tech-oblivion-wpHeadless\node_modules\react\cjs\react.development.js:2667:24)
            at act (E:\VSCode_Repo\tech-oblivion-wpHeadless\node_modules\react\cjs\react.development.js:2582:11)
            at E:\VSCode_Repo\tech-oblivion-wpHeadless\node_modules\@testing-library\react\dist\act-compat.js:47:25
            at renderRoot (E:\VSCode_Repo\tech-oblivion-wpHeadless\node_modules\@testing-library\react\dist\pure.js:190:26)
            at render (E:\VSCode_Repo\tech-oblivion-wpHeadless\node_modules\@testing-library\react\dist\pure.js:292:10)
            at Object.<anonymous> (E:\VSCode_Repo\tech-oblivion-wpHeadless\src\__tests__\components.smoke.test.tsx:32:41),
        type: 'unhandled exception'
      }

    [0m [90m 30 |[39m       [36mif[39m ([36mtypeof[39m [33mC[39m [33m===[39m [32m'function'[39m) {
     [90m 31 |[39m         [90m// Try render with no props[39m
    [31m[1m>[22m[39m[90m 32 |[39m         [36mconst[39m { queryByTestId } [33m=[39m render(
     [90m    |[39m                                         [31m[1m^[22m[39m
     [90m 33 |[39m           [33m<[39m[33mErrorBoundary[39m[33m>[39m
     [90m 34 |[39m             {[33mReact[39m[33m.[39mcreateElement([33mC[39m [36mas[39m any)}
     [90m 35 |[39m           [33m<[39m[33m/[39m[33mErrorBoundary[39m[33m>[39m[0m

      at VirtualConsole.<anonymous> (node_modules/jest-environment-jsdom/build/index.js:63:23)
      at Object.invokeGuardedCallbackDev (node_modules/react-dom/cjs/react-dom.development.js:4213:16)
      at invokeGuardedCallback (node_modules/react-dom/cjs/react-dom.development.js:4277:31)
      at beginWork$1 (node_modules/react-dom/cjs/react-dom.development.js:27490:7)
      at performUnitOfWork (node_modules/react-dom/cjs/react-dom.development.js:26599:12)
      at workLoopSync (node_modules/react-dom/cjs/react-dom.development.js:26505:5)
      at renderRootSync (node_modules/react-dom/cjs/react-dom.development.js:26473:7)
      at recoverFromConcurrentError (node_modules/react-dom/cjs/react-dom.development.js:25889:20)
      at performConcurrentWorkOnRoot (node_modules/react-dom/cjs/react-dom.development.js:25789:22)
      at flushActQueue (node_modules/react/cjs/react.development.js:2667:24)
      at act (node_modules/react/cjs/react.development.js:2582:11)
      at node_modules/@testing-library/react/dist/act-compat.js:47:25
      at renderRoot (node_modules/@testing-library/react/dist/pure.js:190:26)
      at render (node_modules/@testing-library/react/dist/pure.js:292:10)
      at Object.<anonymous> (src/__tests__/components.smoke.test.tsx:32:41)

    console.error
      The above error occurred in the <AnalyticsCharts> component:
      
          at period (E:\VSCode_Repo\tech-oblivion-wpHeadless\src\components\analytics\AnalyticsCharts.tsx:19:43)
          at ErrorBoundary (E:\VSCode_Repo\tech-oblivion-wpHeadless\src\components\error-boundary.tsx:11:5)
          at children (E:\VSCode_Repo\tech-oblivion-wpHeadless\src\__tests__\TestErrorBoundary.tsx:4:45)
      
      React will try to recreate this component tree from scratch using the error boundary you provided, ErrorBoundary.

    [0m [90m 30 |[39m       [36mif[39m ([36mtypeof[39m [33mC[39m [33m===[39m [32m'function'[39m) {
     [90m 31 |[39m         [90m// Try render with no props[39m
    [31m[1m>[22m[39m[90m 32 |[39m         [36mconst[39m { queryByTestId } [33m=[39m render(
     [90m    |[39m                                         [31m[1m^[22m[39m
     [90m 33 |[39m           [33m<[39m[33mErrorBoundary[39m[33m>[39m
     [90m 34 |[39m             {[33mReact[39m[33m.[39mcreateElement([33mC[39m [36mas[39m any)}
     [90m 35 |[39m           [33m<[39m[33m/[39m[33mErrorBoundary[39m[33m>[39m[0m

      at logCapturedError (node_modules/react-dom/cjs/react-dom.development.js:18704:23)
      at ErrorBoundary.callback (node_modules/react-dom/cjs/react-dom.development.js:18772:7)
      at callCallback (node_modules/react-dom/cjs/react-dom.development.js:15036:12)
      at commitUpdateQueue (node_modules/react-dom/cjs/react-dom.development.js:15057:9)
      at commitLayoutEffectOnFiber (node_modules/react-dom/cjs/react-dom.development.js:23403:13)
      at commitLayoutMountEffects_complete (node_modules/react-dom/cjs/react-dom.development.js:24727:9)
      at commitLayoutEffects_begin (node_modules/react-dom/cjs/react-dom.development.js:24713:7)
      at commitLayoutEffects (node_modules/react-dom/cjs/react-dom.development.js:24651:3)
      at commitRootImpl (node_modules/react-dom/cjs/react-dom.development.js:26862:5)
      at commitRoot (node_modules/react-dom/cjs/react-dom.development.js:26721:5)
      at finishConcurrentRender (node_modules/react-dom/cjs/react-dom.development.js:25931:9)
      at performConcurrentWorkOnRoot (node_modules/react-dom/cjs/react-dom.development.js:25848:7)
      at flushActQueue (node_modules/react/cjs/react.development.js:2667:24)
      at act (node_modules/react/cjs/react.development.js:2582:11)
      at node_modules/@testing-library/react/dist/act-compat.js:47:25
      at renderRoot (node_modules/@testing-library/react/dist/pure.js:190:26)
      at render (node_modules/@testing-library/react/dist/pure.js:292:10)
      at Object.<anonymous> (src/__tests__/components.smoke.test.tsx:32:41)

    console.error
      ErrorBoundary caught TypeError: Cannot read properties of undefined (reading 'length')
          at length (E:\VSCode_Repo\tech-oblivion-wpHeadless\src\components\analytics\AnalyticsCharts.tsx:21:27)
          at renderWithHooks (E:\VSCode_Repo\tech-oblivion-wpHeadless\node_modules\react-dom\cjs\react-dom.development.js:15486:18)
          at mountIndeterminateComponent (E:\VSCode_Repo\tech-oblivion-wpHeadless\node_modules\react-dom\cjs\react-dom.development.js:20103:13)
          at beginWork (E:\VSCode_Repo\tech-oblivion-wpHeadless\node_modules\react-dom\cjs\react-dom.development.js:21626:16)
          at beginWork$1 (E:\VSCode_Repo\tech-oblivion-wpHeadless\node_modules\react-dom\cjs\react-dom.development.js:27465:14)
          at performUnitOfWork (E:\VSCode_Repo\tech-oblivion-wpHeadless\node_modules\react-dom\cjs\react-dom.development.js:26599:12)
          at workLoopSync (E:\VSCode_Repo\tech-oblivion-wpHeadless\node_modules\react-dom\cjs\react-dom.development.js:26505:5)
          at renderRootSync (E:\VSCode_Repo\tech-oblivion-wpHeadless\node_modules\react-dom\cjs\react-dom.development.js:26473:7)
          at recoverFromConcurrentError (E:\VSCode_Repo\tech-oblivion-wpHeadless\node_modules\react-dom\cjs\react-dom.development.js:25889:20)
          at performConcurrentWorkOnRoot (E:\VSCode_Repo\tech-oblivion-wpHeadless\node_modules\react-dom\cjs\react-dom.development.js:25789:22)
          at flushActQueue (E:\VSCode_Repo\tech-oblivion-wpHeadless\node_modules\react\cjs\react.development.js:2667:24)
          at act (E:\VSCode_Repo\tech-oblivion-wpHeadless\node_modules\react\cjs\react.development.js:2582:11)
          at E:\VSCode_Repo\tech-oblivion-wpHeadless\node_modules\@testing-library\react\dist\act-compat.js:47:25
          at renderRoot (E:\VSCode_Repo\tech-oblivion-wpHeadless\node_modules\@testing-library\react\dist\pure.js:190:26)
          at render (E:\VSCode_Repo\tech-oblivion-wpHeadless\node_modules\@testing-library\react\dist\pure.js:292:10)
          at Object.<anonymous> (E:\VSCode_Repo\tech-oblivion-wpHeadless\src\__tests__\components.smoke.test.tsx:32:41) {
        componentStack: '\n' +
          '    at period (E:\\VSCode_Repo\\tech-oblivion-wpHeadless\\src\\components\\analytics\\AnalyticsCharts.tsx:19:43)\n' +
          '    at ErrorBoundary (E:\\VSCode_Repo\\tech-oblivion-wpHeadless\\src\\components\\error-boundary.tsx:11:5)\n' +
          '    at children (E:\\VSCode_Repo\\tech-oblivion-wpHeadless\\src\\__tests__\\TestErrorBoundary.tsx:4:45)'
      }

    [0m [90m 16 |[39m   }
     [90m 17 |[39m   componentDidCatch(error[33m:[39m [33mError[39m[33m,[39m info[33m:[39m [33mReact[39m[33m.[39m[33mErrorInfo[39m) {
    [31m[1m>[22m[39m[90m 18 |[39m     console[33m.[39merror([32m'ErrorBoundary caught'[39m[33m,[39m error[33m,[39m info)
     [90m    |[39m             [31m[1m^[22m[39m
     [90m 19 |[39m     toast({
     [90m 20 |[39m       title[33m:[39m [32m"Something went wrong"[39m[33m,[39m
     [90m 21 |[39m       description[33m:[39m [32m"An unexpected error occurred. Please try refreshing the page."[39m[33m,[39m[0m

      at ErrorBoundary.error [as componentDidCatch] (src/components/error-boundary.tsx:18:13)
      at ErrorBoundary.callback (node_modules/react-dom/cjs/react-dom.development.js:18785:12)
      at callCallback (node_modules/react-dom/cjs/react-dom.development.js:15036:12)
      at commitUpdateQueue (node_modules/react-dom/cjs/react-dom.development.js:15057:9)
      at commitLayoutEffectOnFiber (node_modules/react-dom/cjs/react-dom.development.js:23403:13)
      at commitLayoutMountEffects_complete (node_modules/react-dom/cjs/react-dom.development.js:24727:9)
      at commitLayoutEffects_begin (node_modules/react-dom/cjs/react-dom.development.js:24713:7)
      at commitLayoutEffects (node_modules/react-dom/cjs/react-dom.development.js:24651:3)
      at commitRootImpl (node_modules/react-dom/cjs/react-dom.development.js:26862:5)
      at commitRoot (node_modules/react-dom/cjs/react-dom.development.js:26721:5)
      at finishConcurrentRender (node_modules/react-dom/cjs/react-dom.development.js:25931:9)
      at performConcurrentWorkOnRoot (node_modules/react-dom/cjs/react-dom.development.js:25848:7)
      at flushActQueue (node_modules/react/cjs/react.development.js:2667:24)
      at act (node_modules/react/cjs/react.development.js:2582:11)
      at node_modules/@testing-library/react/dist/act-compat.js:47:25
      at renderRoot (node_modules/@testing-library/react/dist/pure.js:190:26)
      at render (node_modules/@testing-library/react/dist/pure.js:292:10)
      at Object.<anonymous> (src/__tests__/components.smoke.test.tsx:32:41)

    console.error
      Error: Uncaught [Error: No QueryClient set, use QueryClientProvider to set one]
          at Object.<anonymous> (E:\VSCode_Repo\tech-oblivion-wpHeadless\src\__tests__\components.smoke.test.tsx:32:41) {
        detail: Error: No QueryClient set, use QueryClientProvider to set one
            at useQueryClient (E:\VSCode_Repo\tech-oblivion-wpHeadless\node_modules\@tanstack\react-query\src\QueryClientProvider.tsx:18:11)
            at useBaseQuery (E:\VSCode_Repo\tech-oblivion-wpHeadless\node_modules\@tanstack\react-query\src\useBaseQuery.ts:54:18)
            at useQuery (E:\VSCode_Repo\tech-oblivion-wpHeadless\node_modules\@tanstack\react-query\src\useQuery.ts:51:10)
            at AnalyticsSidebar (E:\VSCode_Repo\tech-oblivion-wpHeadless\src\components\analytics\AnalyticsSidebar.tsx:18:28)
            at renderWithHooks (E:\VSCode_Repo\tech-oblivion-wpHeadless\node_modules\react-dom\cjs\react-dom.development.js:15486:18)
            at mountIndeterminateComponent (E:\VSCode_Repo\tech-oblivion-wpHeadless\node_modules\react-dom\cjs\react-dom.development.js:20103:13)
            at beginWork (E:\VSCode_Repo\tech-oblivion-wpHeadless\node_modules\react-dom\cjs\react-dom.development.js:21626:16)
            at HTMLUnknownElement.callCallback (E:\VSCode_Repo\tech-oblivion-wpHeadless\node_modules\react-dom\cjs\react-dom.development.js:4164:14)
            at HTMLUnknownElement.callTheUserObjectsOperation (E:\VSCode_Repo\tech-oblivion-wpHeadless\node_modules\jest-environment-jsdom\node_modules\jsdom\lib\jsdom\living\generated\EventListener.js:26:30)
            at innerInvokeEventListeners (E:\VSCode_Repo\tech-oblivion-wpHeadless\node_modules\jest-environment-jsdom\node_modules\jsdom\lib\jsdom\living\events\EventTarget-impl.js:350:25)
            at invokeEventListeners (E:\VSCode_Repo\tech-oblivion-wpHeadless\node_modules\jest-environment-jsdom\node_modules\jsdom\lib\jsdom\living\events\EventTarget-impl.js:286:3)
            at HTMLUnknownElementImpl._dispatch (E:\VSCode_Repo\tech-oblivion-wpHeadless\node_modules\jest-environment-jsdom\node_modules\jsdom\lib\jsdom\living\events\EventTarget-impl.js:233:9)
            at HTMLUnknownElementImpl.dispatchEvent (E:\VSCode_Repo\tech-oblivion-wpHeadless\node_modules\jest-environment-jsdom\node_modules\jsdom\lib\jsdom\living\events\EventTarget-impl.js:104:17)
            at HTMLUnknownElement.dispatchEvent (E:\VSCode_Repo\tech-oblivion-wpHeadless\node_modules\jest-environment-jsdom\node_modules\jsdom\lib\jsdom\living\generated\EventTarget.js:241:34)
            at Object.invokeGuardedCallbackDev (E:\VSCode_Repo\tech-oblivion-wpHeadless\node_modules\react-dom\cjs\react-dom.development.js:4213:16)
            at invokeGuardedCallback (E:\VSCode_Repo\tech-oblivion-wpHeadless\node_modules\react-dom\cjs\react-dom.development.js:4277:31)
            at beginWork$1 (E:\VSCode_Repo\tech-oblivion-wpHeadless\node_modules\react-dom\cjs\react-dom.development.js:27490:7)
            at performUnitOfWork (E:\VSCode_Repo\tech-oblivion-wpHeadless\node_modules\react-dom\cjs\react-dom.development.js:26599:12)
            at workLoopSync (E:\VSCode_Repo\tech-oblivion-wpHeadless\node_modules\react-dom\cjs\react-dom.development.js:26505:5)
            at renderRootSync (E:\VSCode_Repo\tech-oblivion-wpHeadless\node_modules\react-dom\cjs\react-dom.development.js:26473:7)
            at performConcurrentWorkOnRoot (E:\VSCode_Repo\tech-oblivion-wpHeadless\node_modules\react-dom\cjs\react-dom.development.js:25777:74)
            at flushActQueue (E:\VSCode_Repo\tech-oblivion-wpHeadless\node_modules\react\cjs\react.development.js:2667:24)
            at act (E:\VSCode_Repo\tech-oblivion-wpHeadless\node_modules\react\cjs\react.development.js:2582:11)
            at E:\VSCode_Repo\tech-oblivion-wpHeadless\node_modules\@testing-library\react\dist\act-compat.js:47:25
            at renderRoot (E:\VSCode_Repo\tech-oblivion-wpHeadless\node_modules\@testing-library\react\dist\pure.js:190:26)
            at render (E:\VSCode_Repo\tech-oblivion-wpHeadless\node_modules\@testing-library\react\dist\pure.js:292:10)
            at Object.<anonymous> (E:\VSCode_Repo\tech-oblivion-wpHeadless\src\__tests__\components.smoke.test.tsx:32:41),
        type: 'unhandled exception'
      }

    [0m [90m 30 |[39m       [36mif[39m ([36mtypeof[39m [33mC[39m [33m===[39m [32m'function'[39m) {
     [90m 31 |[39m         [90m// Try render with no props[39m
    [31m[1m>[22m[39m[90m 32 |[39m         [36mconst[39m { queryByTestId } [33m=[39m render(
     [90m    |[39m                                         [31m[1m^[22m[39m
     [90m 33 |[39m           [33m<[39m[33mErrorBoundary[39m[33m>[39m
     [90m 34 |[39m             {[33mReact[39m[33m.[39mcreateElement([33mC[39m [36mas[39m any)}
     [90m 35 |[39m           [33m<[39m[33m/[39m[33mErrorBoundary[39m[33m>[39m[0m

      at VirtualConsole.<anonymous> (node_modules/jest-environment-jsdom/build/index.js:63:23)
      at Object.invokeGuardedCallbackDev (node_modules/react-dom/cjs/react-dom.development.js:4213:16)
      at invokeGuardedCallback (node_modules/react-dom/cjs/react-dom.development.js:4277:31)
      at beginWork$1 (node_modules/react-dom/cjs/react-dom.development.js:27490:7)
      at performUnitOfWork (node_modules/react-dom/cjs/react-dom.development.js:26599:12)
      at workLoopSync (node_modules/react-dom/cjs/react-dom.development.js:26505:5)
      at renderRootSync (node_modules/react-dom/cjs/react-dom.development.js:26473:7)
      at performConcurrentWorkOnRoot (node_modules/react-dom/cjs/react-dom.development.js:25777:74)
      at flushActQueue (node_modules/react/cjs/react.development.js:2667:24)
      at act (node_modules/react/cjs/react.development.js:2582:11)
      at node_modules/@testing-library/react/dist/act-compat.js:47:25
      at renderRoot (node_modules/@testing-library/react/dist/pure.js:190:26)
      at render (node_modules/@testing-library/react/dist/pure.js:292:10)
      at Object.<anonymous> (src/__tests__/components.smoke.test.tsx:32:41)

    console.error
      Error: Uncaught [Error: No QueryClient set, use QueryClientProvider to set one]
          at Object.<anonymous> (E:\VSCode_Repo\tech-oblivion-wpHeadless\src\__tests__\components.smoke.test.tsx:32:41) {
        detail: Error: No QueryClient set, use QueryClientProvider to set one
            at useQueryClient (E:\VSCode_Repo\tech-oblivion-wpHeadless\node_modules\@tanstack\react-query\src\QueryClientProvider.tsx:18:11)
            at useBaseQuery (E:\VSCode_Repo\tech-oblivion-wpHeadless\node_modules\@tanstack\react-query\src\useBaseQuery.ts:54:18)
            at useQuery (E:\VSCode_Repo\tech-oblivion-wpHeadless\node_modules\@tanstack\react-query\src\useQuery.ts:51:10)
            at AnalyticsSidebar (E:\VSCode_Repo\tech-oblivion-wpHeadless\src\components\analytics\AnalyticsSidebar.tsx:18:28)
            at renderWithHooks (E:\VSCode_Repo\tech-oblivion-wpHeadless\node_modules\react-dom\cjs\react-dom.development.js:15486:18)
            at mountIndeterminateComponent (E:\VSCode_Repo\tech-oblivion-wpHeadless\node_modules\react-dom\cjs\react-dom.development.js:20103:13)
            at beginWork (E:\VSCode_Repo\tech-oblivion-wpHeadless\node_modules\react-dom\cjs\react-dom.development.js:21626:16)
            at HTMLUnknownElement.callCallback (E:\VSCode_Repo\tech-oblivion-wpHeadless\node_modules\react-dom\cjs\react-dom.development.js:4164:14)
            at HTMLUnknownElement.callTheUserObjectsOperation (E:\VSCode_Repo\tech-oblivion-wpHeadless\node_modules\jest-environment-jsdom\node_modules\jsdom\lib\jsdom\living\generated\EventListener.js:26:30)
            at innerInvokeEventListeners (E:\VSCode_Repo\tech-oblivion-wpHeadless\node_modules\jest-environment-jsdom\node_modules\jsdom\lib\jsdom\living\events\EventTarget-impl.js:350:25)
            at invokeEventListeners (E:\VSCode_Repo\tech-oblivion-wpHeadless\node_modules\jest-environment-jsdom\node_modules\jsdom\lib\jsdom\living\events\EventTarget-impl.js:286:3)
            at HTMLUnknownElementImpl._dispatch (E:\VSCode_Repo\tech-oblivion-wpHeadless\node_modules\jest-environment-jsdom\node_modules\jsdom\lib\jsdom\living\events\EventTarget-impl.js:233:9)
            at HTMLUnknownElementImpl.dispatchEvent (E:\VSCode_Repo\tech-oblivion-wpHeadless\node_modules\jest-environment-jsdom\node_modules\jsdom\lib\jsdom\living\events\EventTarget-impl.js:104:17)
            at HTMLUnknownElement.dispatchEvent (E:\VSCode_Repo\tech-oblivion-wpHeadless\node_modules\jest-environment-jsdom\node_modules\jsdom\lib\jsdom\living\generated\EventTarget.js:241:34)
            at Object.invokeGuardedCallbackDev (E:\VSCode_Repo\tech-oblivion-wpHeadless\node_modules\react-dom\cjs\react-dom.development.js:4213:16)
            at invokeGuardedCallback (E:\VSCode_Repo\tech-oblivion-wpHeadless\node_modules\react-dom\cjs\react-dom.development.js:4277:31)
            at beginWork$1 (E:\VSCode_Repo\tech-oblivion-wpHeadless\node_modules\react-dom\cjs\react-dom.development.js:27490:7)
            at performUnitOfWork (E:\VSCode_Repo\tech-oblivion-wpHeadless\node_modules\react-dom\cjs\react-dom.development.js:26599:12)
            at workLoopSync (E:\VSCode_Repo\tech-oblivion-wpHeadless\node_modules\react-dom\cjs\react-dom.development.js:26505:5)
            at renderRootSync (E:\VSCode_Repo\tech-oblivion-wpHeadless\node_modules\react-dom\cjs\react-dom.development.js:26473:7)
            at recoverFromConcurrentError (E:\VSCode_Repo\tech-oblivion-wpHeadless\node_modules\react-dom\cjs\react-dom.development.js:25889:20)
            at performConcurrentWorkOnRoot (E:\VSCode_Repo\tech-oblivion-wpHeadless\node_modules\react-dom\cjs\react-dom.development.js:25789:22)
            at flushActQueue (E:\VSCode_Repo\tech-oblivion-wpHeadless\node_modules\react\cjs\react.development.js:2667:24)
            at act (E:\VSCode_Repo\tech-oblivion-wpHeadless\node_modules\react\cjs\react.development.js:2582:11)
            at E:\VSCode_Repo\tech-oblivion-wpHeadless\node_modules\@testing-library\react\dist\act-compat.js:47:25
            at renderRoot (E:\VSCode_Repo\tech-oblivion-wpHeadless\node_modules\@testing-library\react\dist\pure.js:190:26)
            at render (E:\VSCode_Repo\tech-oblivion-wpHeadless\node_modules\@testing-library\react\dist\pure.js:292:10)
            at Object.<anonymous> (E:\VSCode_Repo\tech-oblivion-wpHeadless\src\__tests__\components.smoke.test.tsx:32:41),
        type: 'unhandled exception'
      }

    [0m [90m 30 |[39m       [36mif[39m ([36mtypeof[39m [33mC[39m [33m===[39m [32m'function'[39m) {
     [90m 31 |[39m         [90m// Try render with no props[39m
    [31m[1m>[22m[39m[90m 32 |[39m         [36mconst[39m { queryByTestId } [33m=[39m render(
     [90m    |[39m                                         [31m[1m^[22m[39m
     [90m 33 |[39m           [33m<[39m[33mErrorBoundary[39m[33m>[39m
     [90m 34 |[39m             {[33mReact[39m[33m.[39mcreateElement([33mC[39m [36mas[39m any)}
     [90m 35 |[39m           [33m<[39m[33m/[39m[33mErrorBoundary[39m[33m>[39m[0m

      at VirtualConsole.<anonymous> (node_modules/jest-environment-jsdom/build/index.js:63:23)
      at Object.invokeGuardedCallbackDev (node_modules/react-dom/cjs/react-dom.development.js:4213:16)
      at invokeGuardedCallback (node_modules/react-dom/cjs/react-dom.development.js:4277:31)
      at beginWork$1 (node_modules/react-dom/cjs/react-dom.development.js:27490:7)
      at performUnitOfWork (node_modules/react-dom/cjs/react-dom.development.js:26599:12)
      at workLoopSync (node_modules/react-dom/cjs/react-dom.development.js:26505:5)
      at renderRootSync (node_modules/react-dom/cjs/react-dom.development.js:26473:7)
      at recoverFromConcurrentError (node_modules/react-dom/cjs/react-dom.development.js:25889:20)
      at performConcurrentWorkOnRoot (node_modules/react-dom/cjs/react-dom.development.js:25789:22)
      at flushActQueue (node_modules/react/cjs/react.development.js:2667:24)
      at act (node_modules/react/cjs/react.development.js:2582:11)
      at node_modules/@testing-library/react/dist/act-compat.js:47:25
      at renderRoot (node_modules/@testing-library/react/dist/pure.js:190:26)
      at render (node_modules/@testing-library/react/dist/pure.js:292:10)
      at Object.<anonymous> (src/__tests__/components.smoke.test.tsx:32:41)

    console.error
      The above error occurred in the <AnalyticsSidebar> component:
      
          at period (E:\VSCode_Repo\tech-oblivion-wpHeadless\src\components\analytics\AnalyticsSidebar.tsx:17:44)
          at ErrorBoundary (E:\VSCode_Repo\tech-oblivion-wpHeadless\src\components\error-boundary.tsx:11:5)
          at children (E:\VSCode_Repo\tech-oblivion-wpHeadless\src\__tests__\TestErrorBoundary.tsx:4:45)
      
      React will try to recreate this component tree from scratch using the error boundary you provided, ErrorBoundary.

    [0m [90m 30 |[39m       [36mif[39m ([36mtypeof[39m [33mC[39m [33m===[39m [32m'function'[39m) {
     [90m 31 |[39m         [90m// Try render with no props[39m
    [31m[1m>[22m[39m[90m 32 |[39m         [36mconst[39m { queryByTestId } [33m=[39m render(
     [90m    |[39m                                         [31m[1m^[22m[39m
     [90m 33 |[39m           [33m<[39m[33mErrorBoundary[39m[33m>[39m
     [90m 34 |[39m             {[33mReact[39m[33m.[39mcreateElement([33mC[39m [36mas[39m any)}
     [90m 35 |[39m           [33m<[39m[33m/[39m[33mErrorBoundary[39m[33m>[39m[0m

      at logCapturedError (node_modules/react-dom/cjs/react-dom.development.js:18704:23)
      at ErrorBoundary.callback (node_modules/react-dom/cjs/react-dom.development.js:18772:7)
      at callCallback (node_modules/react-dom/cjs/react-dom.development.js:15036:12)
      at commitUpdateQueue (node_modules/react-dom/cjs/react-dom.development.js:15057:9)
      at commitLayoutEffectOnFiber (node_modules/react-dom/cjs/react-dom.development.js:23403:13)
      at commitLayoutMountEffects_complete (node_modules/react-dom/cjs/react-dom.development.js:24727:9)
      at commitLayoutEffects_begin (node_modules/react-dom/cjs/react-dom.development.js:24713:7)
      at commitLayoutEffects (node_modules/react-dom/cjs/react-dom.development.js:24651:3)
      at commitRootImpl (node_modules/react-dom/cjs/react-dom.development.js:26862:5)
      at commitRoot (node_modules/react-dom/cjs/react-dom.development.js:26721:5)
      at finishConcurrentRender (node_modules/react-dom/cjs/react-dom.development.js:25931:9)
      at performConcurrentWorkOnRoot (node_modules/react-dom/cjs/react-dom.development.js:25848:7)
      at flushActQueue (node_modules/react/cjs/react.development.js:2667:24)
      at act (node_modules/react/cjs/react.development.js:2582:11)
      at node_modules/@testing-library/react/dist/act-compat.js:47:25
      at renderRoot (node_modules/@testing-library/react/dist/pure.js:190:26)
      at render (node_modules/@testing-library/react/dist/pure.js:292:10)
      at Object.<anonymous> (src/__tests__/components.smoke.test.tsx:32:41)

    console.error
      ErrorBoundary caught Error: No QueryClient set, use QueryClientProvider to set one
          at useQueryClient (E:\VSCode_Repo\tech-oblivion-wpHeadless\node_modules\@tanstack\react-query\src\QueryClientProvider.tsx:18:11)
          at useBaseQuery (E:\VSCode_Repo\tech-oblivion-wpHeadless\node_modules\@tanstack\react-query\src\useBaseQuery.ts:54:18)
          at useQuery (E:\VSCode_Repo\tech-oblivion-wpHeadless\node_modules\@tanstack\react-query\src\useQuery.ts:51:10)
          at AnalyticsSidebar (E:\VSCode_Repo\tech-oblivion-wpHeadless\src\components\analytics\AnalyticsSidebar.tsx:18:28)
          at renderWithHooks (E:\VSCode_Repo\tech-oblivion-wpHeadless\node_modules\react-dom\cjs\react-dom.development.js:15486:18)
          at mountIndeterminateComponent (E:\VSCode_Repo\tech-oblivion-wpHeadless\node_modules\react-dom\cjs\react-dom.development.js:20103:13)
          at beginWork (E:\VSCode_Repo\tech-oblivion-wpHeadless\node_modules\react-dom\cjs\react-dom.development.js:21626:16)
          at beginWork$1 (E:\VSCode_Repo\tech-oblivion-wpHeadless\node_modules\react-dom\cjs\react-dom.development.js:27465:14)
          at performUnitOfWork (E:\VSCode_Repo\tech-oblivion-wpHeadless\node_modules\react-dom\cjs\react-dom.development.js:26599:12)
          at workLoopSync (E:\VSCode_Repo\tech-oblivion-wpHeadless\node_modules\react-dom\cjs\react-dom.development.js:26505:5)
          at renderRootSync (E:\VSCode_Repo\tech-oblivion-wpHeadless\node_modules\react-dom\cjs\react-dom.development.js:26473:7)
          at recoverFromConcurrentError (E:\VSCode_Repo\tech-oblivion-wpHeadless\node_modules\react-dom\cjs\react-dom.development.js:25889:20)
          at performConcurrentWorkOnRoot (E:\VSCode_Repo\tech-oblivion-wpHeadless\node_modules\react-dom\cjs\react-dom.development.js:25789:22)
          at flushActQueue (E:\VSCode_Repo\tech-oblivion-wpHeadless\node_modules\react\cjs\react.development.js:2667:24)
          at act (E:\VSCode_Repo\tech-oblivion-wpHeadless\node_modules\react\cjs\react.development.js:2582:11)
          at E:\VSCode_Repo\tech-oblivion-wpHeadless\node_modules\@testing-library\react\dist\act-compat.js:47:25
          at renderRoot (E:\VSCode_Repo\tech-oblivion-wpHeadless\node_modules\@testing-library\react\dist\pure.js:190:26)
          at render (E:\VSCode_Repo\tech-oblivion-wpHeadless\node_modules\@testing-library\react\dist\pure.js:292:10)
          at Object.<anonymous> (E:\VSCode_Repo\tech-oblivion-wpHeadless\src\__tests__\components.smoke.test.tsx:32:41) {
        componentStack: '\n' +
          '    at period (E:\\VSCode_Repo\\tech-oblivion-wpHeadless\\src\\components\\analytics\\AnalyticsSidebar.tsx:17:44)\n' +
          '    at ErrorBoundary (E:\\VSCode_Repo\\tech-oblivion-wpHeadless\\src\\components\\error-boundary.tsx:11:5)\n' +
          '    at children (E:\\VSCode_Repo\\tech-oblivion-wpHeadless\\src\\__tests__\\TestErrorBoundary.tsx:4:45)'
      }

    [0m [90m 16 |[39m   }
     [90m 17 |[39m   componentDidCatch(error[33m:[39m [33mError[39m[33m,[39m info[33m:[39m [33mReact[39m[33m.[39m[33mErrorInfo[39m) {
    [31m[1m>[22m[39m[90m 18 |[39m     console[33m.[39merror([32m'ErrorBoundary caught'[39m[33m,[39m error[33m,[39m info)
     [90m    |[39m             [31m[1m^[22m[39m
     [90m 19 |[39m     toast({
     [90m 20 |[39m       title[33m:[39m [32m"Something went wrong"[39m[33m,[39m
     [90m 21 |[39m       description[33m:[39m [32m"An unexpected error occurred. Please try refreshing the page."[39m[33m,[39m[0m

      at ErrorBoundary.error [as componentDidCatch] (src/components/error-boundary.tsx:18:13)
      at ErrorBoundary.callback (node_modules/react-dom/cjs/react-dom.development.js:18785:12)
      at callCallback (node_modules/react-dom/cjs/react-dom.development.js:15036:12)
      at commitUpdateQueue (node_modules/react-dom/cjs/react-dom.development.js:15057:9)
      at commitLayoutEffectOnFiber (node_modules/react-dom/cjs/react-dom.development.js:23403:13)
      at commitLayoutMountEffects_complete (node_modules/react-dom/cjs/react-dom.development.js:24727:9)
      at commitLayoutEffects_begin (node_modules/react-dom/cjs/react-dom.development.js:24713:7)
      at commitLayoutEffects (node_modules/react-dom/cjs/react-dom.development.js:24651:3)
      at commitRootImpl (node_modules/react-dom/cjs/react-dom.development.js:26862:5)
      at commitRoot (node_modules/react-dom/cjs/react-dom.development.js:26721:5)
      at finishConcurrentRender (node_modules/react-dom/cjs/react-dom.development.js:25931:9)
      at performConcurrentWorkOnRoot (node_modules/react-dom/cjs/react-dom.development.js:25848:7)
      at flushActQueue (node_modules/react/cjs/react.development.js:2667:24)
      at act (node_modules/react/cjs/react.development.js:2582:11)
      at node_modules/@testing-library/react/dist/act-compat.js:47:25
      at renderRoot (node_modules/@testing-library/react/dist/pure.js:190:26)
      at render (node_modules/@testing-library/react/dist/pure.js:292:10)
      at Object.<anonymous> (src/__tests__/components.smoke.test.tsx:32:41)

    console.error
      Error: Uncaught [Error: No QueryClient set, use QueryClientProvider to set one]
          at Object.<anonymous> (E:\VSCode_Repo\tech-oblivion-wpHeadless\src\__tests__\components.smoke.test.tsx:32:41) {
        detail: Error: No QueryClient set, use QueryClientProvider to set one
            at useQueryClient (E:\VSCode_Repo\tech-oblivion-wpHeadless\node_modules\@tanstack\react-query\src\QueryClientProvider.tsx:18:11)
            at useBaseQuery (E:\VSCode_Repo\tech-oblivion-wpHeadless\node_modules\@tanstack\react-query\src\useBaseQuery.ts:54:18)
            at useQuery (E:\VSCode_Repo\tech-oblivion-wpHeadless\node_modules\@tanstack\react-query\src\useQuery.ts:51:10)
            at AnalyticsTable (E:\VSCode_Repo\tech-oblivion-wpHeadless\src\components\analytics\AnalyticsTable.tsx:11:28)
            at renderWithHooks (E:\VSCode_Repo\tech-oblivion-wpHeadless\node_modules\react-dom\cjs\react-dom.development.js:15486:18)
            at mountIndeterminateComponent (E:\VSCode_Repo\tech-oblivion-wpHeadless\node_modules\react-dom\cjs\react-dom.development.js:20103:13)
            at beginWork (E:\VSCode_Repo\tech-oblivion-wpHeadless\node_modules\react-dom\cjs\react-dom.development.js:21626:16)
            at HTMLUnknownElement.callCallback (E:\VSCode_Repo\tech-oblivion-wpHeadless\node_modules\react-dom\cjs\react-dom.development.js:4164:14)
            at HTMLUnknownElement.callTheUserObjectsOperation (E:\VSCode_Repo\tech-oblivion-wpHeadless\node_modules\jest-environment-jsdom\node_modules\jsdom\lib\jsdom\living\generated\EventListener.js:26:30)
            at innerInvokeEventListeners (E:\VSCode_Repo\tech-oblivion-wpHeadless\node_modules\jest-environment-jsdom\node_modules\jsdom\lib\jsdom\living\events\EventTarget-impl.js:350:25)
            at invokeEventListeners (E:\VSCode_Repo\tech-oblivion-wpHeadless\node_modules\jest-environment-jsdom\node_modules\jsdom\lib\jsdom\living\events\EventTarget-impl.js:286:3)
            at HTMLUnknownElementImpl._dispatch (E:\VSCode_Repo\tech-oblivion-wpHeadless\node_modules\jest-environment-jsdom\node_modules\jsdom\lib\jsdom\living\events\EventTarget-impl.js:233:9)
            at HTMLUnknownElementImpl.dispatchEvent (E:\VSCode_Repo\tech-oblivion-wpHeadless\node_modules\jest-environment-jsdom\node_modules\jsdom\lib\jsdom\living\events\EventTarget-impl.js:104:17)
            at HTMLUnknownElement.dispatchEvent (E:\VSCode_Repo\tech-oblivion-wpHeadless\node_modules\jest-environment-jsdom\node_modules\jsdom\lib\jsdom\living\generated\EventTarget.js:241:34)
            at Object.invokeGuardedCallbackDev (E:\VSCode_Repo\tech-oblivion-wpHeadless\node_modules\react-dom\cjs\react-dom.development.js:4213:16)
            at invokeGuardedCallback (E:\VSCode_Repo\tech-oblivion-wpHeadless\node_modules\react-dom\cjs\react-dom.development.js:4277:31)
            at beginWork$1 (E:\VSCode_Repo\tech-oblivion-wpHeadless\node_modules\react-dom\cjs\react-dom.development.js:27490:7)
            at performUnitOfWork (E:\VSCode_Repo\tech-oblivion-wpHeadless\node_modules\react-dom\cjs\react-dom.development.js:26599:12)
            at workLoopSync (E:\VSCode_Repo\tech-oblivion-wpHeadless\node_modules\react-dom\cjs\react-dom.development.js:26505:5)
            at renderRootSync (E:\VSCode_Repo\tech-oblivion-wpHeadless\node_modules\react-dom\cjs\react-dom.development.js:26473:7)
            at performConcurrentWorkOnRoot (E:\VSCode_Repo\tech-oblivion-wpHeadless\node_modules\react-dom\cjs\react-dom.development.js:25777:74)
            at flushActQueue (E:\VSCode_Repo\tech-oblivion-wpHeadless\node_modules\react\cjs\react.development.js:2667:24)
            at act (E:\VSCode_Repo\tech-oblivion-wpHeadless\node_modules\react\cjs\react.development.js:2582:11)
            at E:\VSCode_Repo\tech-oblivion-wpHeadless\node_modules\@testing-library\react\dist\act-compat.js:47:25
            at renderRoot (E:\VSCode_Repo\tech-oblivion-wpHeadless\node_modules\@testing-library\react\dist\pure.js:190:26)
            at render (E:\VSCode_Repo\tech-oblivion-wpHeadless\node_modules\@testing-library\react\dist\pure.js:292:10)
            at Object.<anonymous> (E:\VSCode_Repo\tech-oblivion-wpHeadless\src\__tests__\components.smoke.test.tsx:32:41),
        type: 'unhandled exception'
      }

    [0m [90m 30 |[39m       [36mif[39m ([36mtypeof[39m [33mC[39m [33m===[39m [32m'function'[39m) {
     [90m 31 |[39m         [90m// Try render with no props[39m
    [31m[1m>[22m[39m[90m 32 |[39m         [36mconst[39m { queryByTestId } [33m=[39m render(
     [90m    |[39m                                         [31m[1m^[22m[39m
     [90m 33 |[39m           [33m<[39m[33mErrorBoundary[39m[33m>[39m
     [90m 34 |[39m             {[33mReact[39m[33m.[39mcreateElement([33mC[39m [36mas[39m any)}
     [90m 35 |[39m           [33m<[39m[33m/[39m[33mErrorBoundary[39m[33m>[39m[0m

      at VirtualConsole.<anonymous> (node_modules/jest-environment-jsdom/build/index.js:63:23)
      at Object.invokeGuardedCallbackDev (node_modules/react-dom/cjs/react-dom.development.js:4213:16)
      at invokeGuardedCallback (node_modules/react-dom/cjs/react-dom.development.js:4277:31)
      at beginWork$1 (node_modules/react-dom/cjs/react-dom.development.js:27490:7)
      at performUnitOfWork (node_modules/react-dom/cjs/react-dom.development.js:26599:12)
      at workLoopSync (node_modules/react-dom/cjs/react-dom.development.js:26505:5)
      at renderRootSync (node_modules/react-dom/cjs/react-dom.development.js:26473:7)
      at performConcurrentWorkOnRoot (node_modules/react-dom/cjs/react-dom.development.js:25777:74)
      at flushActQueue (node_modules/react/cjs/react.development.js:2667:24)
      at act (node_modules/react/cjs/react.development.js:2582:11)
      at node_modules/@testing-library/react/dist/act-compat.js:47:25
      at renderRoot (node_modules/@testing-library/react/dist/pure.js:190:26)
      at render (node_modules/@testing-library/react/dist/pure.js:292:10)
      at Object.<anonymous> (src/__tests__/components.smoke.test.tsx:32:41)

    console.error
      Error: Uncaught [Error: No QueryClient set, use QueryClientProvider to set one]
          at Object.<anonymous> (E:\VSCode_Repo\tech-oblivion-wpHeadless\src\__tests__\components.smoke.test.tsx:32:41) {
        detail: Error: No QueryClient set, use QueryClientProvider to set one
            at useQueryClient (E:\VSCode_Repo\tech-oblivion-wpHeadless\node_modules\@tanstack\react-query\src\QueryClientProvider.tsx:18:11)
            at useBaseQuery (E:\VSCode_Repo\tech-oblivion-wpHeadless\node_modules\@tanstack\react-query\src\useBaseQuery.ts:54:18)
            at useQuery (E:\VSCode_Repo\tech-oblivion-wpHeadless\node_modules\@tanstack\react-query\src\useQuery.ts:51:10)
            at AnalyticsTable (E:\VSCode_Repo\tech-oblivion-wpHeadless\src\components\analytics\AnalyticsTable.tsx:11:28)
            at renderWithHooks (E:\VSCode_Repo\tech-oblivion-wpHeadless\node_modules\react-dom\cjs\react-dom.development.js:15486:18)
            at mountIndeterminateComponent (E:\VSCode_Repo\tech-oblivion-wpHeadless\node_modules\react-dom\cjs\react-dom.development.js:20103:13)
            at beginWork (E:\VSCode_Repo\tech-oblivion-wpHeadless\node_modules\react-dom\cjs\react-dom.development.js:21626:16)
            at HTMLUnknownElement.callCallback (E:\VSCode_Repo\tech-oblivion-wpHeadless\node_modules\react-dom\cjs\react-dom.development.js:4164:14)
            at HTMLUnknownElement.callTheUserObjectsOperation (E:\VSCode_Repo\tech-oblivion-wpHeadless\node_modules\jest-environment-jsdom\node_modules\jsdom\lib\jsdom\living\generated\EventListener.js:26:30)
            at innerInvokeEventListeners (E:\VSCode_Repo\tech-oblivion-wpHeadless\node_modules\jest-environment-jsdom\node_modules\jsdom\lib\jsdom\living\events\EventTarget-impl.js:350:25)
            at invokeEventListeners (E:\VSCode_Repo\tech-oblivion-wpHeadless\node_modules\jest-environment-jsdom\node_modules\jsdom\lib\jsdom\living\events\EventTarget-impl.js:286:3)
            at HTMLUnknownElementImpl._dispatch (E:\VSCode_Repo\tech-oblivion-wpHeadless\node_modules\jest-environment-jsdom\node_modules\jsdom\lib\jsdom\living\events\EventTarget-impl.js:233:9)
            at HTMLUnknownElementImpl.dispatchEvent (E:\VSCode_Repo\tech-oblivion-wpHeadless\node_modules\jest-environment-jsdom\node_modules\jsdom\lib\jsdom\living\events\EventTarget-impl.js:104:17)
            at HTMLUnknownElement.dispatchEvent (E:\VSCode_Repo\tech-oblivion-wpHeadless\node_modules\jest-environment-jsdom\node_modules\jsdom\lib\jsdom\living\generated\EventTarget.js:241:34)
            at Object.invokeGuardedCallbackDev (E:\VSCode_Repo\tech-oblivion-wpHeadless\node_modules\react-dom\cjs\react-dom.development.js:4213:16)
            at invokeGuardedCallback (E:\VSCode_Repo\tech-oblivion-wpHeadless\node_modules\react-dom\cjs\react-dom.development.js:4277:31)
            at beginWork$1 (E:\VSCode_Repo\tech-oblivion-wpHeadless\node_modules\react-dom\cjs\react-dom.development.js:27490:7)
            at performUnitOfWork (E:\VSCode_Repo\tech-oblivion-wpHeadless\node_modules\react-dom\cjs\react-dom.development.js:26599:12)
            at workLoopSync (E:\VSCode_Repo\tech-oblivion-wpHeadless\node_modules\react-dom\cjs\react-dom.development.js:26505:5)
            at renderRootSync (E:\VSCode_Repo\tech-oblivion-wpHeadless\node_modules\react-dom\cjs\react-dom.development.js:26473:7)
            at recoverFromConcurrentError (E:\VSCode_Repo\tech-oblivion-wpHeadless\node_modules\react-dom\cjs\react-dom.development.js:25889:20)
            at performConcurrentWorkOnRoot (E:\VSCode_Repo\tech-oblivion-wpHeadless\node_modules\react-dom\cjs\react-dom.development.js:25789:22)
            at flushActQueue (E:\VSCode_Repo\tech-oblivion-wpHeadless\node_modules\react\cjs\react.development.js:2667:24)
            at act (E:\VSCode_Repo\tech-oblivion-wpHeadless\node_modules\react\cjs\react.development.js:2582:11)
            at E:\VSCode_Repo\tech-oblivion-wpHeadless\node_modules\@testing-library\react\dist\act-compat.js:47:25
            at renderRoot (E:\VSCode_Repo\tech-oblivion-wpHeadless\node_modules\@testing-library\react\dist\pure.js:190:26)
            at render (E:\VSCode_Repo\tech-oblivion-wpHeadless\node_modules\@testing-library\react\dist\pure.js:292:10)
            at Object.<anonymous> (E:\VSCode_Repo\tech-oblivion-wpHeadless\src\__tests__\components.smoke.test.tsx:32:41),
        type: 'unhandled exception'
      }

    [0m [90m 30 |[39m       [36mif[39m ([36mtypeof[39m [33mC[39m [33m===[39m [32m'function'[39m) {
     [90m 31 |[39m         [90m// Try render with no props[39m
    [31m[1m>[22m[39m[90m 32 |[39m         [36mconst[39m { queryByTestId } [33m=[39m render(
     [90m    |[39m                                         [31m[1m^[22m[39m
     [90m 33 |[39m           [33m<[39m[33mErrorBoundary[39m[33m>[39m
     [90m 34 |[39m             {[33mReact[39m[33m.[39mcreateElement([33mC[39m [36mas[39m any)}
     [90m 35 |[39m           [33m<[39m[33m/[39m[33mErrorBoundary[39m[33m>[39m[0m

      at VirtualConsole.<anonymous> (node_modules/jest-environment-jsdom/build/index.js:63:23)
      at Object.invokeGuardedCallbackDev (node_modules/react-dom/cjs/react-dom.development.js:4213:16)
      at invokeGuardedCallback (node_modules/react-dom/cjs/react-dom.development.js:4277:31)
      at beginWork$1 (node_modules/react-dom/cjs/react-dom.development.js:27490:7)
      at performUnitOfWork (node_modules/react-dom/cjs/react-dom.development.js:26599:12)
      at workLoopSync (node_modules/react-dom/cjs/react-dom.development.js:26505:5)
      at renderRootSync (node_modules/react-dom/cjs/react-dom.development.js:26473:7)
      at recoverFromConcurrentError (node_modules/react-dom/cjs/react-dom.development.js:25889:20)
      at performConcurrentWorkOnRoot (node_modules/react-dom/cjs/react-dom.development.js:25789:22)
      at flushActQueue (node_modules/react/cjs/react.development.js:2667:24)
      at act (node_modules/react/cjs/react.development.js:2582:11)
      at node_modules/@testing-library/react/dist/act-compat.js:47:25
      at renderRoot (node_modules/@testing-library/react/dist/pure.js:190:26)
      at render (node_modules/@testing-library/react/dist/pure.js:292:10)
      at Object.<anonymous> (src/__tests__/components.smoke.test.tsx:32:41)

    console.error
      The above error occurred in the <AnalyticsTable> component:
      
          at _postIds (E:\VSCode_Repo\tech-oblivion-wpHeadless\src\components\analytics\AnalyticsTable.tsx:10:51)
          at ErrorBoundary (E:\VSCode_Repo\tech-oblivion-wpHeadless\src\components\error-boundary.tsx:11:5)
          at children (E:\VSCode_Repo\tech-oblivion-wpHeadless\src\__tests__\TestErrorBoundary.tsx:4:45)
      
      React will try to recreate this component tree from scratch using the error boundary you provided, ErrorBoundary.

    [0m [90m 30 |[39m       [36mif[39m ([36mtypeof[39m [33mC[39m [33m===[39m [32m'function'[39m) {
     [90m 31 |[39m         [90m// Try render with no props[39m
    [31m[1m>[22m[39m[90m 32 |[39m         [36mconst[39m { queryByTestId } [33m=[39m render(
     [90m    |[39m                                         [31m[1m^[22m[39m
     [90m 33 |[39m           [33m<[39m[33mErrorBoundary[39m[33m>[39m
     [90m 34 |[39m             {[33mReact[39m[33m.[39mcreateElement([33mC[39m [36mas[39m any)}
     [90m 35 |[39m           [33m<[39m[33m/[39m[33mErrorBoundary[39m[33m>[39m[0m

      at logCapturedError (node_modules/react-dom/cjs/react-dom.development.js:18704:23)
      at ErrorBoundary.callback (node_modules/react-dom/cjs/react-dom.development.js:18772:7)
      at callCallback (node_modules/react-dom/cjs/react-dom.development.js:15036:12)
      at commitUpdateQueue (node_modules/react-dom/cjs/react-dom.development.js:15057:9)
      at commitLayoutEffectOnFiber (node_modules/react-dom/cjs/react-dom.development.js:23403:13)
      at commitLayoutMountEffects_complete (node_modules/react-dom/cjs/react-dom.development.js:24727:9)
      at commitLayoutEffects_begin (node_modules/react-dom/cjs/react-dom.development.js:24713:7)
      at commitLayoutEffects (node_modules/react-dom/cjs/react-dom.development.js:24651:3)
      at commitRootImpl (node_modules/react-dom/cjs/react-dom.development.js:26862:5)
      at commitRoot (node_modules/react-dom/cjs/react-dom.development.js:26721:5)
      at finishConcurrentRender (node_modules/react-dom/cjs/react-dom.development.js:25931:9)
      at performConcurrentWorkOnRoot (node_modules/react-dom/cjs/react-dom.development.js:25848:7)
      at flushActQueue (node_modules/react/cjs/react.development.js:2667:24)
      at act (node_modules/react/cjs/react.development.js:2582:11)
      at node_modules/@testing-library/react/dist/act-compat.js:47:25
      at renderRoot (node_modules/@testing-library/react/dist/pure.js:190:26)
      at render (node_modules/@testing-library/react/dist/pure.js:292:10)
      at Object.<anonymous> (src/__tests__/components.smoke.test.tsx:32:41)

    console.error
      ErrorBoundary caught Error: No QueryClient set, use QueryClientProvider to set one
          at useQueryClient (E:\VSCode_Repo\tech-oblivion-wpHeadless\node_modules\@tanstack\react-query\src\QueryClientProvider.tsx:18:11)
          at useBaseQuery (E:\VSCode_Repo\tech-oblivion-wpHeadless\node_modules\@tanstack\react-query\src\useBaseQuery.ts:54:18)
          at useQuery (E:\VSCode_Repo\tech-oblivion-wpHeadless\node_modules\@tanstack\react-query\src\useQuery.ts:51:10)
          at AnalyticsTable (E:\VSCode_Repo\tech-oblivion-wpHeadless\src\components\analytics\AnalyticsTable.tsx:11:28)
          at renderWithHooks (E:\VSCode_Repo\tech-oblivion-wpHeadless\node_modules\react-dom\cjs\react-dom.development.js:15486:18)
          at mountIndeterminateComponent (E:\VSCode_Repo\tech-oblivion-wpHeadless\node_modules\react-dom\cjs\react-dom.development.js:20103:13)
          at beginWork (E:\VSCode_Repo\tech-oblivion-wpHeadless\node_modules\react-dom\cjs\react-dom.development.js:21626:16)
          at beginWork$1 (E:\VSCode_Repo\tech-oblivion-wpHeadless\node_modules\react-dom\cjs\react-dom.development.js:27465:14)
          at performUnitOfWork (E:\VSCode_Repo\tech-oblivion-wpHeadless\node_modules\react-dom\cjs\react-dom.development.js:26599:12)
          at workLoopSync (E:\VSCode_Repo\tech-oblivion-wpHeadless\node_modules\react-dom\cjs\react-dom.development.js:26505:5)
          at renderRootSync (E:\VSCode_Repo\tech-oblivion-wpHeadless\node_modules\react-dom\cjs\react-dom.development.js:26473:7)
          at recoverFromConcurrentError (E:\VSCode_Repo\tech-oblivion-wpHeadless\node_modules\react-dom\cjs\react-dom.development.js:25889:20)
          at performConcurrentWorkOnRoot (E:\VSCode_Repo\tech-oblivion-wpHeadless\node_modules\react-dom\cjs\react-dom.development.js:25789:22)
          at flushActQueue (E:\VSCode_Repo\tech-oblivion-wpHeadless\node_modules\react\cjs\react.development.js:2667:24)
          at act (E:\VSCode_Repo\tech-oblivion-wpHeadless\node_modules\react\cjs\react.development.js:2582:11)
          at E:\VSCode_Repo\tech-oblivion-wpHeadless\node_modules\@testing-library\react\dist\act-compat.js:47:25
          at renderRoot (E:\VSCode_Repo\tech-oblivion-wpHeadless\node_modules\@testing-library\react\dist\pure.js:190:26)
          at render (E:\VSCode_Repo\tech-oblivion-wpHeadless\node_modules\@testing-library\react\dist\pure.js:292:10)
          at Object.<anonymous> (E:\VSCode_Repo\tech-oblivion-wpHeadless\src\__tests__\components.smoke.test.tsx:32:41) {
        componentStack: '\n' +
          '    at _postIds (E:\\VSCode_Repo\\tech-oblivion-wpHeadless\\src\\components\\analytics\\AnalyticsTable.tsx:10:51)\n' +
          '    at ErrorBoundary (E:\\VSCode_Repo\\tech-oblivion-wpHeadless\\src\\components\\error-boundary.tsx:11:5)\n' +
          '    at children (E:\\VSCode_Repo\\tech-oblivion-wpHeadless\\src\\__tests__\\TestErrorBoundary.tsx:4:45)'
      }

    [0m [90m 16 |[39m   }
     [90m 17 |[39m   componentDidCatch(error[33m:[39m [33mError[39m[33m,[39m info[33m:[39m [33mReact[39m[33m.[39m[33mErrorInfo[39m) {
    [31m[1m>[22m[39m[90m 18 |[39m     console[33m.[39merror([32m'ErrorBoundary caught'[39m[33m,[39m error[33m,[39m info)
     [90m    |[39m             [31m[1m^[22m[39m
     [90m 19 |[39m     toast({
     [90m 20 |[39m       title[33m:[39m [32m"Something went wrong"[39m[33m,[39m
     [90m 21 |[39m       description[33m:[39m [32m"An unexpected error occurred. Please try refreshing the page."[39m[33m,[39m[0m

      at ErrorBoundary.error [as componentDidCatch] (src/components/error-boundary.tsx:18:13)
      at ErrorBoundary.callback (node_modules/react-dom/cjs/react-dom.development.js:18785:12)
      at callCallback (node_modules/react-dom/cjs/react-dom.development.js:15036:12)
      at commitUpdateQueue (node_modules/react-dom/cjs/react-dom.development.js:15057:9)
      at commitLayoutEffectOnFiber (node_modules/react-dom/cjs/react-dom.development.js:23403:13)
      at commitLayoutMountEffects_complete (node_modules/react-dom/cjs/react-dom.development.js:24727:9)
      at commitLayoutEffects_begin (node_modules/react-dom/cjs/react-dom.development.js:24713:7)
      at commitLayoutEffects (node_modules/react-dom/cjs/react-dom.development.js:24651:3)
      at commitRootImpl (node_modules/react-dom/cjs/react-dom.development.js:26862:5)
      at commitRoot (node_modules/react-dom/cjs/react-dom.development.js:26721:5)
      at finishConcurrentRender (node_modules/react-dom/cjs/react-dom.development.js:25931:9)
      at performConcurrentWorkOnRoot (node_modules/react-dom/cjs/react-dom.development.js:25848:7)
      at flushActQueue (node_modules/react/cjs/react.development.js:2667:24)
      at act (node_modules/react/cjs/react.development.js:2582:11)
      at node_modules/@testing-library/react/dist/act-compat.js:47:25
      at renderRoot (node_modules/@testing-library/react/dist/pure.js:190:26)
      at render (node_modules/@testing-library/react/dist/pure.js:292:10)
      at Object.<anonymous> (src/__tests__/components.smoke.test.tsx:32:41)

    console.error
      Error: Uncaught [Error: No QueryClient set, use QueryClientProvider to set one]
          at Object.<anonymous> (E:\VSCode_Repo\tech-oblivion-wpHeadless\src\__tests__\components.smoke.test.tsx:32:41) {
        detail: Error: No QueryClient set, use QueryClientProvider to set one
            at useQueryClient (E:\VSCode_Repo\tech-oblivion-wpHeadless\node_modules\@tanstack\react-query\src\QueryClientProvider.tsx:18:11)
            at useBaseQuery (E:\VSCode_Repo\tech-oblivion-wpHeadless\node_modules\@tanstack\react-query\src\useBaseQuery.ts:54:18)
            at useQuery (E:\VSCode_Repo\tech-oblivion-wpHeadless\node_modules\@tanstack\react-query\src\useQuery.ts:51:10)
            at SessionsChart (E:\VSCode_Repo\tech-oblivion-wpHeadless\src\components\analytics\SessionsChart.tsx:12:39)
            at renderWithHooks (E:\VSCode_Repo\tech-oblivion-wpHeadless\node_modules\react-dom\cjs\react-dom.development.js:15486:18)
            at mountIndeterminateComponent (E:\VSCode_Repo\tech-oblivion-wpHeadless\node_modules\react-dom\cjs\react-dom.development.js:20103:13)
            at beginWork (E:\VSCode_Repo\tech-oblivion-wpHeadless\node_modules\react-dom\cjs\react-dom.development.js:21626:16)
            at HTMLUnknownElement.callCallback (E:\VSCode_Repo\tech-oblivion-wpHeadless\node_modules\react-dom\cjs\react-dom.development.js:4164:14)
            at HTMLUnknownElement.callTheUserObjectsOperation (E:\VSCode_Repo\tech-oblivion-wpHeadless\node_modules\jest-environment-jsdom\node_modules\jsdom\lib\jsdom\living\generated\EventListener.js:26:30)
            at innerInvokeEventListeners (E:\VSCode_Repo\tech-oblivion-wpHeadless\node_modules\jest-environment-jsdom\node_modules\jsdom\lib\jsdom\living\events\EventTarget-impl.js:350:25)
            at invokeEventListeners (E:\VSCode_Repo\tech-oblivion-wpHeadless\node_modules\jest-environment-jsdom\node_modules\jsdom\lib\jsdom\living\events\EventTarget-impl.js:286:3)
            at HTMLUnknownElementImpl._dispatch (E:\VSCode_Repo\tech-oblivion-wpHeadless\node_modules\jest-environment-jsdom\node_modules\jsdom\lib\jsdom\living\events\EventTarget-impl.js:233:9)
            at HTMLUnknownElementImpl.dispatchEvent (E:\VSCode_Repo\tech-oblivion-wpHeadless\node_modules\jest-environment-jsdom\node_modules\jsdom\lib\jsdom\living\events\EventTarget-impl.js:104:17)
            at HTMLUnknownElement.dispatchEvent (E:\VSCode_Repo\tech-oblivion-wpHeadless\node_modules\jest-environment-jsdom\node_modules\jsdom\lib\jsdom\living\generated\EventTarget.js:241:34)
            at Object.invokeGuardedCallbackDev (E:\VSCode_Repo\tech-oblivion-wpHeadless\node_modules\react-dom\cjs\react-dom.development.js:4213:16)
            at invokeGuardedCallback (E:\VSCode_Repo\tech-oblivion-wpHeadless\node_modules\react-dom\cjs\react-dom.development.js:4277:31)
            at beginWork$1 (E:\VSCode_Repo\tech-oblivion-wpHeadless\node_modules\react-dom\cjs\react-dom.development.js:27490:7)
            at performUnitOfWork (E:\VSCode_Repo\tech-oblivion-wpHeadless\node_modules\react-dom\cjs\react-dom.development.js:26599:12)
            at workLoopSync (E:\VSCode_Repo\tech-oblivion-wpHeadless\node_modules\react-dom\cjs\react-dom.development.js:26505:5)
            at renderRootSync (E:\VSCode_Repo\tech-oblivion-wpHeadless\node_modules\react-dom\cjs\react-dom.development.js:26473:7)
            at performConcurrentWorkOnRoot (E:\VSCode_Repo\tech-oblivion-wpHeadless\node_modules\react-dom\cjs\react-dom.development.js:25777:74)
            at flushActQueue (E:\VSCode_Repo\tech-oblivion-wpHeadless\node_modules\react\cjs\react.development.js:2667:24)
            at act (E:\VSCode_Repo\tech-oblivion-wpHeadless\node_modules\react\cjs\react.development.js:2582:11)
            at E:\VSCode_Repo\tech-oblivion-wpHeadless\node_modules\@testing-library\react\dist\act-compat.js:47:25
            at renderRoot (E:\VSCode_Repo\tech-oblivion-wpHeadless\node_modules\@testing-library\react\dist\pure.js:190:26)
            at render (E:\VSCode_Repo\tech-oblivion-wpHeadless\node_modules\@testing-library\react\dist\pure.js:292:10)
            at Object.<anonymous> (E:\VSCode_Repo\tech-oblivion-wpHeadless\src\__tests__\components.smoke.test.tsx:32:41),
        type: 'unhandled exception'
      }

    [0m [90m 30 |[39m       [36mif[39m ([36mtypeof[39m [33mC[39m [33m===[39m [32m'function'[39m) {
     [90m 31 |[39m         [90m// Try render with no props[39m
    [31m[1m>[22m[39m[90m 32 |[39m         [36mconst[39m { queryByTestId } [33m=[39m render(
     [90m    |[39m                                         [31m[1m^[22m[39m
     [90m 33 |[39m           [33m<[39m[33mErrorBoundary[39m[33m>[39m
     [90m 34 |[39m             {[33mReact[39m[33m.[39mcreateElement([33mC[39m [36mas[39m any)}
     [90m 35 |[39m           [33m<[39m[33m/[39m[33mErrorBoundary[39m[33m>[39m[0m

      at VirtualConsole.<anonymous> (node_modules/jest-environment-jsdom/build/index.js:63:23)
      at Object.invokeGuardedCallbackDev (node_modules/react-dom/cjs/react-dom.development.js:4213:16)
      at invokeGuardedCallback (node_modules/react-dom/cjs/react-dom.development.js:4277:31)
      at beginWork$1 (node_modules/react-dom/cjs/react-dom.development.js:27490:7)
      at performUnitOfWork (node_modules/react-dom/cjs/react-dom.development.js:26599:12)
      at workLoopSync (node_modules/react-dom/cjs/react-dom.development.js:26505:5)
      at renderRootSync (node_modules/react-dom/cjs/react-dom.development.js:26473:7)
      at performConcurrentWorkOnRoot (node_modules/react-dom/cjs/react-dom.development.js:25777:74)
      at flushActQueue (node_modules/react/cjs/react.development.js:2667:24)
      at act (node_modules/react/cjs/react.development.js:2582:11)
      at node_modules/@testing-library/react/dist/act-compat.js:47:25
      at renderRoot (node_modules/@testing-library/react/dist/pure.js:190:26)
      at render (node_modules/@testing-library/react/dist/pure.js:292:10)
      at Object.<anonymous> (src/__tests__/components.smoke.test.tsx:32:41)

    console.error
      Error: Uncaught [Error: No QueryClient set, use QueryClientProvider to set one]
          at Object.<anonymous> (E:\VSCode_Repo\tech-oblivion-wpHeadless\src\__tests__\components.smoke.test.tsx:32:41) {
        detail: Error: No QueryClient set, use QueryClientProvider to set one
            at useQueryClient (E:\VSCode_Repo\tech-oblivion-wpHeadless\node_modules\@tanstack\react-query\src\QueryClientProvider.tsx:18:11)
            at useBaseQuery (E:\VSCode_Repo\tech-oblivion-wpHeadless\node_modules\@tanstack\react-query\src\useBaseQuery.ts:54:18)
            at useQuery (E:\VSCode_Repo\tech-oblivion-wpHeadless\node_modules\@tanstack\react-query\src\useQuery.ts:51:10)
            at SessionsChart (E:\VSCode_Repo\tech-oblivion-wpHeadless\src\components\analytics\SessionsChart.tsx:12:39)
            at renderWithHooks (E:\VSCode_Repo\tech-oblivion-wpHeadless\node_modules\react-dom\cjs\react-dom.development.js:15486:18)
            at mountIndeterminateComponent (E:\VSCode_Repo\tech-oblivion-wpHeadless\node_modules\react-dom\cjs\react-dom.development.js:20103:13)
            at beginWork (E:\VSCode_Repo\tech-oblivion-wpHeadless\node_modules\react-dom\cjs\react-dom.development.js:21626:16)
            at HTMLUnknownElement.callCallback (E:\VSCode_Repo\tech-oblivion-wpHeadless\node_modules\react-dom\cjs\react-dom.development.js:4164:14)
            at HTMLUnknownElement.callTheUserObjectsOperation (E:\VSCode_Repo\tech-oblivion-wpHeadless\node_modules\jest-environment-jsdom\node_modules\jsdom\lib\jsdom\living\generated\EventListener.js:26:30)
            at innerInvokeEventListeners (E:\VSCode_Repo\tech-oblivion-wpHeadless\node_modules\jest-environment-jsdom\node_modules\jsdom\lib\jsdom\living\events\EventTarget-impl.js:350:25)
            at invokeEventListeners (E:\VSCode_Repo\tech-oblivion-wpHeadless\node_modules\jest-environment-jsdom\node_modules\jsdom\lib\jsdom\living\events\EventTarget-impl.js:286:3)
            at HTMLUnknownElementImpl._dispatch (E:\VSCode_Repo\tech-oblivion-wpHeadless\node_modules\jest-environment-jsdom\node_modules\jsdom\lib\jsdom\living\events\EventTarget-impl.js:233:9)
            at HTMLUnknownElementImpl.dispatchEvent (E:\VSCode_Repo\tech-oblivion-wpHeadless\node_modules\jest-environment-jsdom\node_modules\jsdom\lib\jsdom\living\events\EventTarget-impl.js:104:17)
            at HTMLUnknownElement.dispatchEvent (E:\VSCode_Repo\tech-oblivion-wpHeadless\node_modules\jest-environment-jsdom\node_modules\jsdom\lib\jsdom\living\generated\EventTarget.js:241:34)
            at Object.invokeGuardedCallbackDev (E:\VSCode_Repo\tech-oblivion-wpHeadless\node_modules\react-dom\cjs\react-dom.development.js:4213:16)
            at invokeGuardedCallback (E:\VSCode_Repo\tech-oblivion-wpHeadless\node_modules\react-dom\cjs\react-dom.development.js:4277:31)
            at beginWork$1 (E:\VSCode_Repo\tech-oblivion-wpHeadless\node_modules\react-dom\cjs\react-dom.development.js:27490:7)
            at performUnitOfWork (E:\VSCode_Repo\tech-oblivion-wpHeadless\node_modules\react-dom\cjs\react-dom.development.js:26599:12)
            at workLoopSync (E:\VSCode_Repo\tech-oblivion-wpHeadless\node_modules\react-dom\cjs\react-dom.development.js:26505:5)
            at renderRootSync (E:\VSCode_Repo\tech-oblivion-wpHeadless\node_modules\react-dom\cjs\react-dom.development.js:26473:7)
            at recoverFromConcurrentError (E:\VSCode_Repo\tech-oblivion-wpHeadless\node_modules\react-dom\cjs\react-dom.development.js:25889:20)
            at performConcurrentWorkOnRoot (E:\VSCode_Repo\tech-oblivion-wpHeadless\node_modules\react-dom\cjs\react-dom.development.js:25789:22)
            at flushActQueue (E:\VSCode_Repo\tech-oblivion-wpHeadless\node_modules\react\cjs\react.development.js:2667:24)
            at act (E:\VSCode_Repo\tech-oblivion-wpHeadless\node_modules\react\cjs\react.development.js:2582:11)
            at E:\VSCode_Repo\tech-oblivion-wpHeadless\node_modules\@testing-library\react\dist\act-compat.js:47:25
            at renderRoot (E:\VSCode_Repo\tech-oblivion-wpHeadless\node_modules\@testing-library\react\dist\pure.js:190:26)
            at render (E:\VSCode_Repo\tech-oblivion-wpHeadless\node_modules\@testing-library\react\dist\pure.js:292:10)
            at Object.<anonymous> (E:\VSCode_Repo\tech-oblivion-wpHeadless\src\__tests__\components.smoke.test.tsx:32:41),
        type: 'unhandled exception'
      }

    [0m [90m 30 |[39m       [36mif[39m ([36mtypeof[39m [33mC[39m [33m===[39m [32m'function'[39m) {
     [90m 31 |[39m         [90m// Try render with no props[39m
    [31m[1m>[22m[39m[90m 32 |[39m         [36mconst[39m { queryByTestId } [33m=[39m render(
     [90m    |[39m                                         [31m[1m^[22m[39m
     [90m 33 |[39m           [33m<[39m[33mErrorBoundary[39m[33m>[39m
     [90m 34 |[39m             {[33mReact[39m[33m.[39mcreateElement([33mC[39m [36mas[39m any)}
     [90m 35 |[39m           [33m<[39m[33m/[39m[33mErrorBoundary[39m[33m>[39m[0m

      at VirtualConsole.<anonymous> (node_modules/jest-environment-jsdom/build/index.js:63:23)
      at Object.invokeGuardedCallbackDev (node_modules/react-dom/cjs/react-dom.development.js:4213:16)
      at invokeGuardedCallback (node_modules/react-dom/cjs/react-dom.development.js:4277:31)
      at beginWork$1 (node_modules/react-dom/cjs/react-dom.development.js:27490:7)
      at performUnitOfWork (node_modules/react-dom/cjs/react-dom.development.js:26599:12)
      at workLoopSync (node_modules/react-dom/cjs/react-dom.development.js:26505:5)
      at renderRootSync (node_modules/react-dom/cjs/react-dom.development.js:26473:7)
      at recoverFromConcurrentError (node_modules/react-dom/cjs/react-dom.development.js:25889:20)
      at performConcurrentWorkOnRoot (node_modules/react-dom/cjs/react-dom.development.js:25789:22)
      at flushActQueue (node_modules/react/cjs/react.development.js:2667:24)
      at act (node_modules/react/cjs/react.development.js:2582:11)
      at node_modules/@testing-library/react/dist/act-compat.js:47:25
      at renderRoot (node_modules/@testing-library/react/dist/pure.js:190:26)
      at render (node_modules/@testing-library/react/dist/pure.js:292:10)
      at Object.<anonymous> (src/__tests__/components.smoke.test.tsx:32:41)

    console.error
      The above error occurred in the <SessionsChart> component:
      
          at period (E:\VSCode_Repo\tech-oblivion-wpHeadless\src\components\analytics\SessionsChart.tsx:11:41)
          at ErrorBoundary (E:\VSCode_Repo\tech-oblivion-wpHeadless\src\components\error-boundary.tsx:11:5)
          at children (E:\VSCode_Repo\tech-oblivion-wpHeadless\src\__tests__\TestErrorBoundary.tsx:4:45)
      
      React will try to recreate this component tree from scratch using the error boundary you provided, ErrorBoundary.

    [0m [90m 30 |[39m       [36mif[39m ([36mtypeof[39m [33mC[39m [33m===[39m [32m'function'[39m) {
     [90m 31 |[39m         [90m// Try render with no props[39m
    [31m[1m>[22m[39m[90m 32 |[39m         [36mconst[39m { queryByTestId } [33m=[39m render(
     [90m    |[39m                                         [31m[1m^[22m[39m
     [90m 33 |[39m           [33m<[39m[33mErrorBoundary[39m[33m>[39m
     [90m 34 |[39m             {[33mReact[39m[33m.[39mcreateElement([33mC[39m [36mas[39m any)}
     [90m 35 |[39m           [33m<[39m[33m/[39m[33mErrorBoundary[39m[33m>[39m[0m

      at logCapturedError (node_modules/react-dom/cjs/react-dom.development.js:18704:23)
      at ErrorBoundary.callback (node_modules/react-dom/cjs/react-dom.development.js:18772:7)
      at callCallback (node_modules/react-dom/cjs/react-dom.development.js:15036:12)
      at commitUpdateQueue (node_modules/react-dom/cjs/react-dom.development.js:15057:9)
      at commitLayoutEffectOnFiber (node_modules/react-dom/cjs/react-dom.development.js:23403:13)
      at commitLayoutMountEffects_complete (node_modules/react-dom/cjs/react-dom.development.js:24727:9)
      at commitLayoutEffects_begin (node_modules/react-dom/cjs/react-dom.development.js:24713:7)
      at commitLayoutEffects (node_modules/react-dom/cjs/react-dom.development.js:24651:3)
      at commitRootImpl (node_modules/react-dom/cjs/react-dom.development.js:26862:5)
      at commitRoot (node_modules/react-dom/cjs/react-dom.development.js:26721:5)
      at finishConcurrentRender (node_modules/react-dom/cjs/react-dom.development.js:25931:9)
      at performConcurrentWorkOnRoot (node_modules/react-dom/cjs/react-dom.development.js:25848:7)
      at flushActQueue (node_modules/react/cjs/react.development.js:2667:24)
      at act (node_modules/react/cjs/react.development.js:2582:11)
      at node_modules/@testing-library/react/dist/act-compat.js:47:25
      at renderRoot (node_modules/@testing-library/react/dist/pure.js:190:26)
      at render (node_modules/@testing-library/react/dist/pure.js:292:10)
      at Object.<anonymous> (src/__tests__/components.smoke.test.tsx:32:41)

    console.error
      ErrorBoundary caught Error: No QueryClient set, use QueryClientProvider to set one
          at useQueryClient (E:\VSCode_Repo\tech-oblivion-wpHeadless\node_modules\@tanstack\react-query\src\QueryClientProvider.tsx:18:11)
          at useBaseQuery (E:\VSCode_Repo\tech-oblivion-wpHeadless\node_modules\@tanstack\react-query\src\useBaseQuery.ts:54:18)
          at useQuery (E:\VSCode_Repo\tech-oblivion-wpHeadless\node_modules\@tanstack\react-query\src\useQuery.ts:51:10)
          at SessionsChart (E:\VSCode_Repo\tech-oblivion-wpHeadless\src\components\analytics\SessionsChart.tsx:12:39)
          at renderWithHooks (E:\VSCode_Repo\tech-oblivion-wpHeadless\node_modules\react-dom\cjs\react-dom.development.js:15486:18)
          at mountIndeterminateComponent (E:\VSCode_Repo\tech-oblivion-wpHeadless\node_modules\react-dom\cjs\react-dom.development.js:20103:13)
          at beginWork (E:\VSCode_Repo\tech-oblivion-wpHeadless\node_modules\react-dom\cjs\react-dom.development.js:21626:16)
          at beginWork$1 (E:\VSCode_Repo\tech-oblivion-wpHeadless\node_modules\react-dom\cjs\react-dom.development.js:27465:14)
          at performUnitOfWork (E:\VSCode_Repo\tech-oblivion-wpHeadless\node_modules\react-dom\cjs\react-dom.development.js:26599:12)
          at workLoopSync (E:\VSCode_Repo\tech-oblivion-wpHeadless\node_modules\react-dom\cjs\react-dom.development.js:26505:5)
          at renderRootSync (E:\VSCode_Repo\tech-oblivion-wpHeadless\node_modules\react-dom\cjs\react-dom.development.js:26473:7)
          at recoverFromConcurrentError (E:\VSCode_Repo\tech-oblivion-wpHeadless\node_modules\react-dom\cjs\react-dom.development.js:25889:20)
          at performConcurrentWorkOnRoot (E:\VSCode_Repo\tech-oblivion-wpHeadless\node_modules\react-dom\cjs\react-dom.development.js:25789:22)
          at flushActQueue (E:\VSCode_Repo\tech-oblivion-wpHeadless\node_modules\react\cjs\react.development.js:2667:24)
          at act (E:\VSCode_Repo\tech-oblivion-wpHeadless\node_modules\react\cjs\react.development.js:2582:11)
          at E:\VSCode_Repo\tech-oblivion-wpHeadless\node_modules\@testing-library\react\dist\act-compat.js:47:25
          at renderRoot (E:\VSCode_Repo\tech-oblivion-wpHeadless\node_modules\@testing-library\react\dist\pure.js:190:26)
          at render (E:\VSCode_Repo\tech-oblivion-wpHeadless\node_modules\@testing-library\react\dist\pure.js:292:10)
          at Object.<anonymous> (E:\VSCode_Repo\tech-oblivion-wpHeadless\src\__tests__\components.smoke.test.tsx:32:41) {
        componentStack: '\n' +
          '    at period (E:\\VSCode_Repo\\tech-oblivion-wpHeadless\\src\\components\\analytics\\SessionsChart.tsx:11:41)\n' +
          '    at ErrorBoundary (E:\\VSCode_Repo\\tech-oblivion-wpHeadless\\src\\components\\error-boundary.tsx:11:5)\n' +
          '    at children (E:\\VSCode_Repo\\tech-oblivion-wpHeadless\\src\\__tests__\\TestErrorBoundary.tsx:4:45)'
      }

    [0m [90m 16 |[39m   }
     [90m 17 |[39m   componentDidCatch(error[33m:[39m [33mError[39m[33m,[39m info[33m:[39m [33mReact[39m[33m.[39m[33mErrorInfo[39m) {
    [31m[1m>[22m[39m[90m 18 |[39m     console[33m.[39merror([32m'ErrorBoundary caught'[39m[33m,[39m error[33m,[39m info)
     [90m    |[39m             [31m[1m^[22m[39m
     [90m 19 |[39m     toast({
     [90m 20 |[39m       title[33m:[39m [32m"Something went wrong"[39m[33m,[39m
     [90m 21 |[39m       description[33m:[39m [32m"An unexpected error occurred. Please try refreshing the page."[39m[33m,[39m[0m

      at ErrorBoundary.error [as componentDidCatch] (src/components/error-boundary.tsx:18:13)
      at ErrorBoundary.callback (node_modules/react-dom/cjs/react-dom.development.js:18785:12)
      at callCallback (node_modules/react-dom/cjs/react-dom.development.js:15036:12)
      at commitUpdateQueue (node_modules/react-dom/cjs/react-dom.development.js:15057:9)
      at commitLayoutEffectOnFiber (node_modules/react-dom/cjs/react-dom.development.js:23403:13)
      at commitLayoutMountEffects_complete (node_modules/react-dom/cjs/react-dom.development.js:24727:9)
      at commitLayoutEffects_begin (node_modules/react-dom/cjs/react-dom.development.js:24713:7)
      at commitLayoutEffects (node_modules/react-dom/cjs/react-dom.development.js:24651:3)
      at commitRootImpl (node_modules/react-dom/cjs/react-dom.development.js:26862:5)
      at commitRoot (node_modules/react-dom/cjs/react-dom.development.js:26721:5)
      at finishConcurrentRender (node_modules/react-dom/cjs/react-dom.development.js:25931:9)
      at performConcurrentWorkOnRoot (node_modules/react-dom/cjs/react-dom.development.js:25848:7)
      at flushActQueue (node_modules/react/cjs/react.development.js:2667:24)
      at act (node_modules/react/cjs/react.development.js:2582:11)
      at node_modules/@testing-library/react/dist/act-compat.js:47:25
      at renderRoot (node_modules/@testing-library/react/dist/pure.js:190:26)
      at render (node_modules/@testing-library/react/dist/pure.js:292:10)
      at Object.<anonymous> (src/__tests__/components.smoke.test.tsx:32:41)

    console.error
      Error: Uncaught [TypeError: Cannot read properties of undefined (reading 'display_name')]
          at Object.<anonymous> (E:\VSCode_Repo\tech-oblivion-wpHeadless\src\__tests__\components.smoke.test.tsx:32:41) {
        detail: TypeError: Cannot read properties of undefined (reading 'display_name')
            at display_name (E:\VSCode_Repo\tech-oblivion-wpHeadless\src\components\auth\UserMenu.tsx:17:19)
            at renderWithHooks (E:\VSCode_Repo\tech-oblivion-wpHeadless\node_modules\react-dom\cjs\react-dom.development.js:15486:18)
            at mountIndeterminateComponent (E:\VSCode_Repo\tech-oblivion-wpHeadless\node_modules\react-dom\cjs\react-dom.development.js:20103:13)
            at beginWork (E:\VSCode_Repo\tech-oblivion-wpHeadless\node_modules\react-dom\cjs\react-dom.development.js:21626:16)
            at HTMLUnknownElement.callCallback (E:\VSCode_Repo\tech-oblivion-wpHeadless\node_modules\react-dom\cjs\react-dom.development.js:4164:14)
            at HTMLUnknownElement.callTheUserObjectsOperation (E:\VSCode_Repo\tech-oblivion-wpHeadless\node_modules\jest-environment-jsdom\node_modules\jsdom\lib\jsdom\living\generated\EventListener.js:26:30)
            at innerInvokeEventListeners (E:\VSCode_Repo\tech-oblivion-wpHeadless\node_modules\jest-environment-jsdom\node_modules\jsdom\lib\jsdom\living\events\EventTarget-impl.js:350:25)
            at invokeEventListeners (E:\VSCode_Repo\tech-oblivion-wpHeadless\node_modules\jest-environment-jsdom\node_modules\jsdom\lib\jsdom\living\events\EventTarget-impl.js:286:3)
            at HTMLUnknownElementImpl._dispatch (E:\VSCode_Repo\tech-oblivion-wpHeadless\node_modules\jest-environment-jsdom\node_modules\jsdom\lib\jsdom\living\events\EventTarget-impl.js:233:9)
            at HTMLUnknownElementImpl.dispatchEvent (E:\VSCode_Repo\tech-oblivion-wpHeadless\node_modules\jest-environment-jsdom\node_modules\jsdom\lib\jsdom\living\events\EventTarget-impl.js:104:17)
            at HTMLUnknownElement.dispatchEvent (E:\VSCode_Repo\tech-oblivion-wpHeadless\node_modules\jest-environment-jsdom\node_modules\jsdom\lib\jsdom\living\generated\EventTarget.js:241:34)
            at Object.invokeGuardedCallbackDev (E:\VSCode_Repo\tech-oblivion-wpHeadless\node_modules\react-dom\cjs\react-dom.development.js:4213:16)
            at invokeGuardedCallback (E:\VSCode_Repo\tech-oblivion-wpHeadless\node_modules\react-dom\cjs\react-dom.development.js:4277:31)
            at beginWork$1 (E:\VSCode_Repo\tech-oblivion-wpHeadless\node_modules\react-dom\cjs\react-dom.development.js:27490:7)
            at performUnitOfWork (E:\VSCode_Repo\tech-oblivion-wpHeadless\node_modules\react-dom\cjs\react-dom.development.js:26599:12)
            at workLoopSync (E:\VSCode_Repo\tech-oblivion-wpHeadless\node_modules\react-dom\cjs\react-dom.development.js:26505:5)
            at renderRootSync (E:\VSCode_Repo\tech-oblivion-wpHeadless\node_modules\react-dom\cjs\react-dom.development.js:26473:7)
            at performConcurrentWorkOnRoot (E:\VSCode_Repo\tech-oblivion-wpHeadless\node_modules\react-dom\cjs\react-dom.development.js:25777:74)
            at flushActQueue (E:\VSCode_Repo\tech-oblivion-wpHeadless\node_modules\react\cjs\react.development.js:2667:24)
            at act (E:\VSCode_Repo\tech-oblivion-wpHeadless\node_modules\react\cjs\react.development.js:2582:11)
            at E:\VSCode_Repo\tech-oblivion-wpHeadless\node_modules\@testing-library\react\dist\act-compat.js:47:25
            at renderRoot (E:\VSCode_Repo\tech-oblivion-wpHeadless\node_modules\@testing-library\react\dist\pure.js:190:26)
            at render (E:\VSCode_Repo\tech-oblivion-wpHeadless\node_modules\@testing-library\react\dist\pure.js:292:10)
            at Object.<anonymous> (E:\VSCode_Repo\tech-oblivion-wpHeadless\src\__tests__\components.smoke.test.tsx:32:41),
        type: 'unhandled exception'
      }

    [0m [90m 30 |[39m       [36mif[39m ([36mtypeof[39m [33mC[39m [33m===[39m [32m'function'[39m) {
     [90m 31 |[39m         [90m// Try render with no props[39m
    [31m[1m>[22m[39m[90m 32 |[39m         [36mconst[39m { queryByTestId } [33m=[39m render(
     [90m    |[39m                                         [31m[1m^[22m[39m
     [90m 33 |[39m           [33m<[39m[33mErrorBoundary[39m[33m>[39m
     [90m 34 |[39m             {[33mReact[39m[33m.[39mcreateElement([33mC[39m [36mas[39m any)}
     [90m 35 |[39m           [33m<[39m[33m/[39m[33mErrorBoundary[39m[33m>[39m[0m

      at VirtualConsole.<anonymous> (node_modules/jest-environment-jsdom/build/index.js:63:23)
      at Object.invokeGuardedCallbackDev (node_modules/react-dom/cjs/react-dom.development.js:4213:16)
      at invokeGuardedCallback (node_modules/react-dom/cjs/react-dom.development.js:4277:31)
      at beginWork$1 (node_modules/react-dom/cjs/react-dom.development.js:27490:7)
      at performUnitOfWork (node_modules/react-dom/cjs/react-dom.development.js:26599:12)
      at workLoopSync (node_modules/react-dom/cjs/react-dom.development.js:26505:5)
      at renderRootSync (node_modules/react-dom/cjs/react-dom.development.js:26473:7)
      at performConcurrentWorkOnRoot (node_modules/react-dom/cjs/react-dom.development.js:25777:74)
      at flushActQueue (node_modules/react/cjs/react.development.js:2667:24)
      at act (node_modules/react/cjs/react.development.js:2582:11)
      at node_modules/@testing-library/react/dist/act-compat.js:47:25
      at renderRoot (node_modules/@testing-library/react/dist/pure.js:190:26)
      at render (node_modules/@testing-library/react/dist/pure.js:292:10)
      at Object.<anonymous> (src/__tests__/components.smoke.test.tsx:32:41)

    console.error
      Error: Uncaught [TypeError: Cannot read properties of undefined (reading 'display_name')]
          at Object.<anonymous> (E:\VSCode_Repo\tech-oblivion-wpHeadless\src\__tests__\components.smoke.test.tsx:32:41) {
        detail: TypeError: Cannot read properties of undefined (reading 'display_name')
            at display_name (E:\VSCode_Repo\tech-oblivion-wpHeadless\src\components\auth\UserMenu.tsx:17:19)
            at renderWithHooks (E:\VSCode_Repo\tech-oblivion-wpHeadless\node_modules\react-dom\cjs\react-dom.development.js:15486:18)
            at mountIndeterminateComponent (E:\VSCode_Repo\tech-oblivion-wpHeadless\node_modules\react-dom\cjs\react-dom.development.js:20103:13)
            at beginWork (E:\VSCode_Repo\tech-oblivion-wpHeadless\node_modules\react-dom\cjs\react-dom.development.js:21626:16)
            at HTMLUnknownElement.callCallback (E:\VSCode_Repo\tech-oblivion-wpHeadless\node_modules\react-dom\cjs\react-dom.development.js:4164:14)
            at HTMLUnknownElement.callTheUserObjectsOperation (E:\VSCode_Repo\tech-oblivion-wpHeadless\node_modules\jest-environment-jsdom\node_modules\jsdom\lib\jsdom\living\generated\EventListener.js:26:30)
            at innerInvokeEventListeners (E:\VSCode_Repo\tech-oblivion-wpHeadless\node_modules\jest-environment-jsdom\node_modules\jsdom\lib\jsdom\living\events\EventTarget-impl.js:350:25)
            at invokeEventListeners (E:\VSCode_Repo\tech-oblivion-wpHeadless\node_modules\jest-environment-jsdom\node_modules\jsdom\lib\jsdom\living\events\EventTarget-impl.js:286:3)
            at HTMLUnknownElementImpl._dispatch (E:\VSCode_Repo\tech-oblivion-wpHeadless\node_modules\jest-environment-jsdom\node_modules\jsdom\lib\jsdom\living\events\EventTarget-impl.js:233:9)
            at HTMLUnknownElementImpl.dispatchEvent (E:\VSCode_Repo\tech-oblivion-wpHeadless\node_modules\jest-environment-jsdom\node_modules\jsdom\lib\jsdom\living\events\EventTarget-impl.js:104:17)
            at HTMLUnknownElement.dispatchEvent (E:\VSCode_Repo\tech-oblivion-wpHeadless\node_modules\jest-environment-jsdom\node_modules\jsdom\lib\jsdom\living\generated\EventTarget.js:241:34)
            at Object.invokeGuardedCallbackDev (E:\VSCode_Repo\tech-oblivion-wpHeadless\node_modules\react-dom\cjs\react-dom.development.js:4213:16)
            at invokeGuardedCallback (E:\VSCode_Repo\tech-oblivion-wpHeadless\node_modules\react-dom\cjs\react-dom.development.js:4277:31)
            at beginWork$1 (E:\VSCode_Repo\tech-oblivion-wpHeadless\node_modules\react-dom\cjs\react-dom.development.js:27490:7)
            at performUnitOfWork (E:\VSCode_Repo\tech-oblivion-wpHeadless\node_modules\react-dom\cjs\react-dom.development.js:26599:12)
            at workLoopSync (E:\VSCode_Repo\tech-oblivion-wpHeadless\node_modules\react-dom\cjs\react-dom.development.js:26505:5)
            at renderRootSync (E:\VSCode_Repo\tech-oblivion-wpHeadless\node_modules\react-dom\cjs\react-dom.development.js:26473:7)
            at recoverFromConcurrentError (E:\VSCode_Repo\tech-oblivion-wpHeadless\node_modules\react-dom\cjs\react-dom.development.js:25889:20)
            at performConcurrentWorkOnRoot (E:\VSCode_Repo\tech-oblivion-wpHeadless\node_modules\react-dom\cjs\react-dom.development.js:25789:22)
            at flushActQueue (E:\VSCode_Repo\tech-oblivion-wpHeadless\node_modules\react\cjs\react.development.js:2667:24)
            at act (E:\VSCode_Repo\tech-oblivion-wpHeadless\node_modules\react\cjs\react.development.js:2582:11)
            at E:\VSCode_Repo\tech-oblivion-wpHeadless\node_modules\@testing-library\react\dist\act-compat.js:47:25
            at renderRoot (E:\VSCode_Repo\tech-oblivion-wpHeadless\node_modules\@testing-library\react\dist\pure.js:190:26)
            at render (E:\VSCode_Repo\tech-oblivion-wpHeadless\node_modules\@testing-library\react\dist\pure.js:292:10)
            at Object.<anonymous> (E:\VSCode_Repo\tech-oblivion-wpHeadless\src\__tests__\components.smoke.test.tsx:32:41),
        type: 'unhandled exception'
      }

    [0m [90m 30 |[39m       [36mif[39m ([36mtypeof[39m [33mC[39m [33m===[39m [32m'function'[39m) {
     [90m 31 |[39m         [90m// Try render with no props[39m
    [31m[1m>[22m[39m[90m 32 |[39m         [36mconst[39m { queryByTestId } [33m=[39m render(
     [90m    |[39m                                         [31m[1m^[22m[39m
     [90m 33 |[39m           [33m<[39m[33mErrorBoundary[39m[33m>[39m
     [90m 34 |[39m             {[33mReact[39m[33m.[39mcreateElement([33mC[39m [36mas[39m any)}
     [90m 35 |[39m           [33m<[39m[33m/[39m[33mErrorBoundary[39m[33m>[39m[0m

      at VirtualConsole.<anonymous> (node_modules/jest-environment-jsdom/build/index.js:63:23)
      at Object.invokeGuardedCallbackDev (node_modules/react-dom/cjs/react-dom.development.js:4213:16)
      at invokeGuardedCallback (node_modules/react-dom/cjs/react-dom.development.js:4277:31)
      at beginWork$1 (node_modules/react-dom/cjs/react-dom.development.js:27490:7)
      at performUnitOfWork (node_modules/react-dom/cjs/react-dom.development.js:26599:12)
      at workLoopSync (node_modules/react-dom/cjs/react-dom.development.js:26505:5)
      at renderRootSync (node_modules/react-dom/cjs/react-dom.development.js:26473:7)
      at recoverFromConcurrentError (node_modules/react-dom/cjs/react-dom.development.js:25889:20)
      at performConcurrentWorkOnRoot (node_modules/react-dom/cjs/react-dom.development.js:25789:22)
      at flushActQueue (node_modules/react/cjs/react.development.js:2667:24)
      at act (node_modules/react/cjs/react.development.js:2582:11)
      at node_modules/@testing-library/react/dist/act-compat.js:47:25
      at renderRoot (node_modules/@testing-library/react/dist/pure.js:190:26)
      at render (node_modules/@testing-library/react/dist/pure.js:292:10)
      at Object.<anonymous> (src/__tests__/components.smoke.test.tsx:32:41)

    console.error
      The above error occurred in the <UserMenu> component:
      
          at user (E:\VSCode_Repo\tech-oblivion-wpHeadless\src\components\auth\UserMenu.tsx:3:36)
          at ErrorBoundary (E:\VSCode_Repo\tech-oblivion-wpHeadless\src\components\error-boundary.tsx:11:5)
          at children (E:\VSCode_Repo\tech-oblivion-wpHeadless\src\__tests__\TestErrorBoundary.tsx:4:45)
      
      React will try to recreate this component tree from scratch using the error boundary you provided, ErrorBoundary.

    [0m [90m 30 |[39m       [36mif[39m ([36mtypeof[39m [33mC[39m [33m===[39m [32m'function'[39m) {
     [90m 31 |[39m         [90m// Try render with no props[39m
    [31m[1m>[22m[39m[90m 32 |[39m         [36mconst[39m { queryByTestId } [33m=[39m render(
     [90m    |[39m                                         [31m[1m^[22m[39m
     [90m 33 |[39m           [33m<[39m[33mErrorBoundary[39m[33m>[39m
     [90m 34 |[39m             {[33mReact[39m[33m.[39mcreateElement([33mC[39m [36mas[39m any)}
     [90m 35 |[39m           [33m<[39m[33m/[39m[33mErrorBoundary[39m[33m>[39m[0m

      at logCapturedError (node_modules/react-dom/cjs/react-dom.development.js:18704:23)
      at ErrorBoundary.callback (node_modules/react-dom/cjs/react-dom.development.js:18772:7)
      at callCallback (node_modules/react-dom/cjs/react-dom.development.js:15036:12)
      at commitUpdateQueue (node_modules/react-dom/cjs/react-dom.development.js:15057:9)
      at commitLayoutEffectOnFiber (node_modules/react-dom/cjs/react-dom.development.js:23403:13)
      at commitLayoutMountEffects_complete (node_modules/react-dom/cjs/react-dom.development.js:24727:9)
      at commitLayoutEffects_begin (node_modules/react-dom/cjs/react-dom.development.js:24713:7)
      at commitLayoutEffects (node_modules/react-dom/cjs/react-dom.development.js:24651:3)
      at commitRootImpl (node_modules/react-dom/cjs/react-dom.development.js:26862:5)
      at commitRoot (node_modules/react-dom/cjs/react-dom.development.js:26721:5)
      at finishConcurrentRender (node_modules/react-dom/cjs/react-dom.development.js:25931:9)
      at performConcurrentWorkOnRoot (node_modules/react-dom/cjs/react-dom.development.js:25848:7)
      at flushActQueue (node_modules/react/cjs/react.development.js:2667:24)
      at act (node_modules/react/cjs/react.development.js:2582:11)
      at node_modules/@testing-library/react/dist/act-compat.js:47:25
      at renderRoot (node_modules/@testing-library/react/dist/pure.js:190:26)
      at render (node_modules/@testing-library/react/dist/pure.js:292:10)
      at Object.<anonymous> (src/__tests__/components.smoke.test.tsx:32:41)

    console.error
      ErrorBoundary caught TypeError: Cannot read properties of undefined (reading 'display_name')
          at display_name (E:\VSCode_Repo\tech-oblivion-wpHeadless\src\components\auth\UserMenu.tsx:17:19)
          at renderWithHooks (E:\VSCode_Repo\tech-oblivion-wpHeadless\node_modules\react-dom\cjs\react-dom.development.js:15486:18)
          at mountIndeterminateComponent (E:\VSCode_Repo\tech-oblivion-wpHeadless\node_modules\react-dom\cjs\react-dom.development.js:20103:13)
          at beginWork (E:\VSCode_Repo\tech-oblivion-wpHeadless\node_modules\react-dom\cjs\react-dom.development.js:21626:16)
          at beginWork$1 (E:\VSCode_Repo\tech-oblivion-wpHeadless\node_modules\react-dom\cjs\react-dom.development.js:27465:14)
          at performUnitOfWork (E:\VSCode_Repo\tech-oblivion-wpHeadless\node_modules\react-dom\cjs\react-dom.development.js:26599:12)
          at workLoopSync (E:\VSCode_Repo\tech-oblivion-wpHeadless\node_modules\react-dom\cjs\react-dom.development.js:26505:5)
          at renderRootSync (E:\VSCode_Repo\tech-oblivion-wpHeadless\node_modules\react-dom\cjs\react-dom.development.js:26473:7)
          at recoverFromConcurrentError (E:\VSCode_Repo\tech-oblivion-wpHeadless\node_modules\react-dom\cjs\react-dom.development.js:25889:20)
          at performConcurrentWorkOnRoot (E:\VSCode_Repo\tech-oblivion-wpHeadless\node_modules\react-dom\cjs\react-dom.development.js:25789:22)
          at flushActQueue (E:\VSCode_Repo\tech-oblivion-wpHeadless\node_modules\react\cjs\react.development.js:2667:24)
          at act (E:\VSCode_Repo\tech-oblivion-wpHeadless\node_modules\react\cjs\react.development.js:2582:11)
          at E:\VSCode_Repo\tech-oblivion-wpHeadless\node_modules\@testing-library\react\dist\act-compat.js:47:25
          at renderRoot (E:\VSCode_Repo\tech-oblivion-wpHeadless\node_modules\@testing-library\react\dist\pure.js:190:26)
          at render (E:\VSCode_Repo\tech-oblivion-wpHeadless\node_modules\@testing-library\react\dist\pure.js:292:10)
          at Object.<anonymous> (E:\VSCode_Repo\tech-oblivion-wpHeadless\src\__tests__\components.smoke.test.tsx:32:41) {
        componentStack: '\n' +
          '    at user (E:\\VSCode_Repo\\tech-oblivion-wpHeadless\\src\\components\\auth\\UserMenu.tsx:3:36)\n' +
          '    at ErrorBoundary (E:\\VSCode_Repo\\tech-oblivion-wpHeadless\\src\\components\\error-boundary.tsx:11:5)\n' +
          '    at children (E:\\VSCode_Repo\\tech-oblivion-wpHeadless\\src\\__tests__\\TestErrorBoundary.tsx:4:45)'
      }

    [0m [90m 16 |[39m   }
     [90m 17 |[39m   componentDidCatch(error[33m:[39m [33mError[39m[33m,[39m info[33m:[39m [33mReact[39m[33m.[39m[33mErrorInfo[39m) {
    [31m[1m>[22m[39m[90m 18 |[39m     console[33m.[39merror([32m'ErrorBoundary caught'[39m[33m,[39m error[33m,[39m info)
     [90m    |[39m             [31m[1m^[22m[39m
     [90m 19 |[39m     toast({
     [90m 20 |[39m       title[33m:[39m [32m"Something went wrong"[39m[33m,[39m
     [90m 21 |[39m       description[33m:[39m [32m"An unexpected error occurred. Please try refreshing the page."[39m[33m,[39m[0m

      at ErrorBoundary.error [as componentDidCatch] (src/components/error-boundary.tsx:18:13)
      at ErrorBoundary.callback (node_modules/react-dom/cjs/react-dom.development.js:18785:12)
      at callCallback (node_modules/react-dom/cjs/react-dom.development.js:15036:12)
      at commitUpdateQueue (node_modules/react-dom/cjs/react-dom.development.js:15057:9)
      at commitLayoutEffectOnFiber (node_modules/react-dom/cjs/react-dom.development.js:23403:13)
      at commitLayoutMountEffects_complete (node_modules/react-dom/cjs/react-dom.development.js:24727:9)
      at commitLayoutEffects_begin (node_modules/react-dom/cjs/react-dom.development.js:24713:7)
      at commitLayoutEffects (node_modules/react-dom/cjs/react-dom.development.js:24651:3)
      at commitRootImpl (node_modules/react-dom/cjs/react-dom.development.js:26862:5)
      at commitRoot (node_modules/react-dom/cjs/react-dom.development.js:26721:5)
      at finishConcurrentRender (node_modules/react-dom/cjs/react-dom.development.js:25931:9)
      at performConcurrentWorkOnRoot (node_modules/react-dom/cjs/react-dom.development.js:25848:7)
      at flushActQueue (node_modules/react/cjs/react.development.js:2667:24)
      at act (node_modules/react/cjs/react.development.js:2582:11)
      at node_modules/@testing-library/react/dist/act-compat.js:47:25
      at renderRoot (node_modules/@testing-library/react/dist/pure.js:190:26)
      at render (node_modules/@testing-library/react/dist/pure.js:292:10)
      at Object.<anonymous> (src/__tests__/components.smoke.test.tsx:32:41)

    console.error
      Warning: An update to AuthorsList inside a test was not wrapped in act(...).
      
      When testing, code that causes React state updates should be wrapped into act(...):
      
      act(() => {
        /* fire events that update state */
      });
      /* assert on the output */
      
      This ensures that you're testing the behavior the user would see in the browser. Learn more at https://reactjs.org/link/wrap-tests-with-act
          at AuthorsList (E:\VSCode_Repo\tech-oblivion-wpHeadless\src\components\AuthorsList.tsx:22:41)
          at ErrorBoundary (E:\VSCode_Repo\tech-oblivion-wpHeadless\src\components\error-boundary.tsx:11:5)
          at children (E:\VSCode_Repo\tech-oblivion-wpHeadless\src\__tests__\TestErrorBoundary.tsx:4:45)

    [0m [90m 42 |[39m         [36mif[39m ([33m![39mcancelled) setAuthors(mapped)[33m;[39m
     [90m 43 |[39m       } [36mcatch[39m (e[33m:[39m unknown) {
    [31m[1m>[22m[39m[90m 44 |[39m         [36mif[39m ([33m![39mcancelled) setError(e [36minstanceof[39m [33mError[39m [33m?[39m e[33m.[39mmessage [33m:[39m [32m"Failed to load authors"[39m)[33m;[39m
     [90m    |[39m                         [31m[1m^[22m[39m
     [90m 45 |[39m       } [36mfinally[39m {
     [90m 46 |[39m         [36mif[39m ([33m![39mcancelled) setLoading([36mfalse[39m)[33m;[39m
     [90m 47 |[39m       }[0m

      at printWarning (node_modules/react-dom/cjs/react-dom.development.js:86:30)
      at error (node_modules/react-dom/cjs/react-dom.development.js:60:7)
      at warnIfUpdatesNotWrappedWithActDEV (node_modules/react-dom/cjs/react-dom.development.js:27628:9)
      at scheduleUpdateOnFiber (node_modules/react-dom/cjs/react-dom.development.js:25547:5)
      at dispatchSetState (node_modules/react-dom/cjs/react-dom.development.js:16708:7)
      at setError (src/components/AuthorsList.tsx:44:25)

    console.error
      Warning: An update to AuthorsList inside a test was not wrapped in act(...).
      
      When testing, code that causes React state updates should be wrapped into act(...):
      
      act(() => {
        /* fire events that update state */
      });
      /* assert on the output */
      
      This ensures that you're testing the behavior the user would see in the browser. Learn more at https://reactjs.org/link/wrap-tests-with-act
          at AuthorsList (E:\VSCode_Repo\tech-oblivion-wpHeadless\src\components\AuthorsList.tsx:22:41)
          at ErrorBoundary (E:\VSCode_Repo\tech-oblivion-wpHeadless\src\components\error-boundary.tsx:11:5)
          at children (E:\VSCode_Repo\tech-oblivion-wpHeadless\src\__tests__\TestErrorBoundary.tsx:4:45)

    [0m [90m 44 |[39m         [36mif[39m ([33m![39mcancelled) setError(e [36minstanceof[39m [33mError[39m [33m?[39m e[33m.[39mmessage [33m:[39m [32m"Failed to load authors"[39m)[33m;[39m
     [90m 45 |[39m       } [36mfinally[39m {
    [31m[1m>[22m[39m[90m 46 |[39m         [36mif[39m ([33m![39mcancelled) setLoading([36mfalse[39m)[33m;[39m
     [90m    |[39m                         [31m[1m^[22m[39m
     [90m 47 |[39m       }
     [90m 48 |[39m     }
     [90m 49 |[39m[0m

      at printWarning (node_modules/react-dom/cjs/react-dom.development.js:86:30)
      at error (node_modules/react-dom/cjs/react-dom.development.js:60:7)
      at warnIfUpdatesNotWrappedWithActDEV (node_modules/react-dom/cjs/react-dom.development.js:27628:9)
      at scheduleUpdateOnFiber (node_modules/react-dom/cjs/react-dom.development.js:25547:5)
      at dispatchSetState (node_modules/react-dom/cjs/react-dom.development.js:16708:7)
      at setLoading (src/components/AuthorsList.tsx:46:25)

    console.error
      Error: Uncaught [TypeError: Cannot read properties of undefined (reading 'slug')]
          at Object.<anonymous> (E:\VSCode_Repo\tech-oblivion-wpHeadless\src\__tests__\components.smoke.test.tsx:32:41) {
        detail: TypeError: Cannot read properties of undefined (reading 'slug')
            at slug (E:\VSCode_Repo\tech-oblivion-wpHeadless\src\components\Category.tsx:14:39)
            at renderWithHooks (E:\VSCode_Repo\tech-oblivion-wpHeadless\node_modules\react-dom\cjs\react-dom.development.js:15486:18)
            at mountIndeterminateComponent (E:\VSCode_Repo\tech-oblivion-wpHeadless\node_modules\react-dom\cjs\react-dom.development.js:20103:13)
            at beginWork (E:\VSCode_Repo\tech-oblivion-wpHeadless\node_modules\react-dom\cjs\react-dom.development.js:21626:16)
            at HTMLUnknownElement.callCallback (E:\VSCode_Repo\tech-oblivion-wpHeadless\node_modules\react-dom\cjs\react-dom.development.js:4164:14)
            at HTMLUnknownElement.callTheUserObjectsOperation (E:\VSCode_Repo\tech-oblivion-wpHeadless\node_modules\jest-environment-jsdom\node_modules\jsdom\lib\jsdom\living\generated\EventListener.js:26:30)
            at innerInvokeEventListeners (E:\VSCode_Repo\tech-oblivion-wpHeadless\node_modules\jest-environment-jsdom\node_modules\jsdom\lib\jsdom\living\events\EventTarget-impl.js:350:25)
            at invokeEventListeners (E:\VSCode_Repo\tech-oblivion-wpHeadless\node_modules\jest-environment-jsdom\node_modules\jsdom\lib\jsdom\living\events\EventTarget-impl.js:286:3)
            at HTMLUnknownElementImpl._dispatch (E:\VSCode_Repo\tech-oblivion-wpHeadless\node_modules\jest-environment-jsdom\node_modules\jsdom\lib\jsdom\living\events\EventTarget-impl.js:233:9)
            at HTMLUnknownElementImpl.dispatchEvent (E:\VSCode_Repo\tech-oblivion-wpHeadless\node_modules\jest-environment-jsdom\node_modules\jsdom\lib\jsdom\living\events\EventTarget-impl.js:104:17)
            at HTMLUnknownElement.dispatchEvent (E:\VSCode_Repo\tech-oblivion-wpHeadless\node_modules\jest-environment-jsdom\node_modules\jsdom\lib\jsdom\living\generated\EventTarget.js:241:34)
            at Object.invokeGuardedCallbackDev (E:\VSCode_Repo\tech-oblivion-wpHeadless\node_modules\react-dom\cjs\react-dom.development.js:4213:16)
            at invokeGuardedCallback (E:\VSCode_Repo\tech-oblivion-wpHeadless\node_modules\react-dom\cjs\react-dom.development.js:4277:31)
            at beginWork$1 (E:\VSCode_Repo\tech-oblivion-wpHeadless\node_modules\react-dom\cjs\react-dom.development.js:27490:7)
            at performUnitOfWork (E:\VSCode_Repo\tech-oblivion-wpHeadless\node_modules\react-dom\cjs\react-dom.development.js:26599:12)
            at workLoopSync (E:\VSCode_Repo\tech-oblivion-wpHeadless\node_modules\react-dom\cjs\react-dom.development.js:26505:5)
            at renderRootSync (E:\VSCode_Repo\tech-oblivion-wpHeadless\node_modules\react-dom\cjs\react-dom.development.js:26473:7)
            at performConcurrentWorkOnRoot (E:\VSCode_Repo\tech-oblivion-wpHeadless\node_modules\react-dom\cjs\react-dom.development.js:25777:74)
            at flushActQueue (E:\VSCode_Repo\tech-oblivion-wpHeadless\node_modules\react\cjs\react.development.js:2667:24)
            at act (E:\VSCode_Repo\tech-oblivion-wpHeadless\node_modules\react\cjs\react.development.js:2582:11)
            at E:\VSCode_Repo\tech-oblivion-wpHeadless\node_modules\@testing-library\react\dist\act-compat.js:47:25
            at renderRoot (E:\VSCode_Repo\tech-oblivion-wpHeadless\node_modules\@testing-library\react\dist\pure.js:190:26)
            at render (E:\VSCode_Repo\tech-oblivion-wpHeadless\node_modules\@testing-library\react\dist\pure.js:292:10)
            at Object.<anonymous> (E:\VSCode_Repo\tech-oblivion-wpHeadless\src\__tests__\components.smoke.test.tsx:32:41),
        type: 'unhandled exception'
      }

    [0m [90m 30 |[39m       [36mif[39m ([36mtypeof[39m [33mC[39m [33m===[39m [32m'function'[39m) {
     [90m 31 |[39m         [90m// Try render with no props[39m
    [31m[1m>[22m[39m[90m 32 |[39m         [36mconst[39m { queryByTestId } [33m=[39m render(
     [90m    |[39m                                         [31m[1m^[22m[39m
     [90m 33 |[39m           [33m<[39m[33mErrorBoundary[39m[33m>[39m
     [90m 34 |[39m             {[33mReact[39m[33m.[39mcreateElement([33mC[39m [36mas[39m any)}
     [90m 35 |[39m           [33m<[39m[33m/[39m[33mErrorBoundary[39m[33m>[39m[0m

      at VirtualConsole.<anonymous> (node_modules/jest-environment-jsdom/build/index.js:63:23)
      at Object.invokeGuardedCallbackDev (node_modules/react-dom/cjs/react-dom.development.js:4213:16)
      at invokeGuardedCallback (node_modules/react-dom/cjs/react-dom.development.js:4277:31)
      at beginWork$1 (node_modules/react-dom/cjs/react-dom.development.js:27490:7)
      at performUnitOfWork (node_modules/react-dom/cjs/react-dom.development.js:26599:12)
      at workLoopSync (node_modules/react-dom/cjs/react-dom.development.js:26505:5)
      at renderRootSync (node_modules/react-dom/cjs/react-dom.development.js:26473:7)
      at performConcurrentWorkOnRoot (node_modules/react-dom/cjs/react-dom.development.js:25777:74)
      at flushActQueue (node_modules/react/cjs/react.development.js:2667:24)
      at act (node_modules/react/cjs/react.development.js:2582:11)
      at node_modules/@testing-library/react/dist/act-compat.js:47:25
      at renderRoot (node_modules/@testing-library/react/dist/pure.js:190:26)
      at render (node_modules/@testing-library/react/dist/pure.js:292:10)
      at Object.<anonymous> (src/__tests__/components.smoke.test.tsx:32:41)

    console.error
      Error: Uncaught [TypeError: Cannot read properties of undefined (reading 'slug')]
          at Object.<anonymous> (E:\VSCode_Repo\tech-oblivion-wpHeadless\src\__tests__\components.smoke.test.tsx:32:41) {
        detail: TypeError: Cannot read properties of undefined (reading 'slug')
            at slug (E:\VSCode_Repo\tech-oblivion-wpHeadless\src\components\Category.tsx:14:39)
            at renderWithHooks (E:\VSCode_Repo\tech-oblivion-wpHeadless\node_modules\react-dom\cjs\react-dom.development.js:15486:18)
            at mountIndeterminateComponent (E:\VSCode_Repo\tech-oblivion-wpHeadless\node_modules\react-dom\cjs\react-dom.development.js:20103:13)
            at beginWork (E:\VSCode_Repo\tech-oblivion-wpHeadless\node_modules\react-dom\cjs\react-dom.development.js:21626:16)
            at HTMLUnknownElement.callCallback (E:\VSCode_Repo\tech-oblivion-wpHeadless\node_modules\react-dom\cjs\react-dom.development.js:4164:14)
            at HTMLUnknownElement.callTheUserObjectsOperation (E:\VSCode_Repo\tech-oblivion-wpHeadless\node_modules\jest-environment-jsdom\node_modules\jsdom\lib\jsdom\living\generated\EventListener.js:26:30)
            at innerInvokeEventListeners (E:\VSCode_Repo\tech-oblivion-wpHeadless\node_modules\jest-environment-jsdom\node_modules\jsdom\lib\jsdom\living\events\EventTarget-impl.js:350:25)
            at invokeEventListeners (E:\VSCode_Repo\tech-oblivion-wpHeadless\node_modules\jest-environment-jsdom\node_modules\jsdom\lib\jsdom\living\events\EventTarget-impl.js:286:3)
            at HTMLUnknownElementImpl._dispatch (E:\VSCode_Repo\tech-oblivion-wpHeadless\node_modules\jest-environment-jsdom\node_modules\jsdom\lib\jsdom\living\events\EventTarget-impl.js:233:9)
            at HTMLUnknownElementImpl.dispatchEvent (E:\VSCode_Repo\tech-oblivion-wpHeadless\node_modules\jest-environment-jsdom\node_modules\jsdom\lib\jsdom\living\events\EventTarget-impl.js:104:17)
            at HTMLUnknownElement.dispatchEvent (E:\VSCode_Repo\tech-oblivion-wpHeadless\node_modules\jest-environment-jsdom\node_modules\jsdom\lib\jsdom\living\generated\EventTarget.js:241:34)
            at Object.invokeGuardedCallbackDev (E:\VSCode_Repo\tech-oblivion-wpHeadless\node_modules\react-dom\cjs\react-dom.development.js:4213:16)
            at invokeGuardedCallback (E:\VSCode_Repo\tech-oblivion-wpHeadless\node_modules\react-dom\cjs\react-dom.development.js:4277:31)
            at beginWork$1 (E:\VSCode_Repo\tech-oblivion-wpHeadless\node_modules\react-dom\cjs\react-dom.development.js:27490:7)
            at performUnitOfWork (E:\VSCode_Repo\tech-oblivion-wpHeadless\node_modules\react-dom\cjs\react-dom.development.js:26599:12)
            at workLoopSync (E:\VSCode_Repo\tech-oblivion-wpHeadless\node_modules\react-dom\cjs\react-dom.development.js:26505:5)
            at renderRootSync (E:\VSCode_Repo\tech-oblivion-wpHeadless\node_modules\react-dom\cjs\react-dom.development.js:26473:7)
            at recoverFromConcurrentError (E:\VSCode_Repo\tech-oblivion-wpHeadless\node_modules\react-dom\cjs\react-dom.development.js:25889:20)
            at performConcurrentWorkOnRoot (E:\VSCode_Repo\tech-oblivion-wpHeadless\node_modules\react-dom\cjs\react-dom.development.js:25789:22)
            at flushActQueue (E:\VSCode_Repo\tech-oblivion-wpHeadless\node_modules\react\cjs\react.development.js:2667:24)
            at act (E:\VSCode_Repo\tech-oblivion-wpHeadless\node_modules\react\cjs\react.development.js:2582:11)
            at E:\VSCode_Repo\tech-oblivion-wpHeadless\node_modules\@testing-library\react\dist\act-compat.js:47:25
            at renderRoot (E:\VSCode_Repo\tech-oblivion-wpHeadless\node_modules\@testing-library\react\dist\pure.js:190:26)
            at render (E:\VSCode_Repo\tech-oblivion-wpHeadless\node_modules\@testing-library\react\dist\pure.js:292:10)
            at Object.<anonymous> (E:\VSCode_Repo\tech-oblivion-wpHeadless\src\__tests__\components.smoke.test.tsx:32:41),
        type: 'unhandled exception'
      }

    [0m [90m 30 |[39m       [36mif[39m ([36mtypeof[39m [33mC[39m [33m===[39m [32m'function'[39m) {
     [90m 31 |[39m         [90m// Try render with no props[39m
    [31m[1m>[22m[39m[90m 32 |[39m         [36mconst[39m { queryByTestId } [33m=[39m render(
     [90m    |[39m                                         [31m[1m^[22m[39m
     [90m 33 |[39m           [33m<[39m[33mErrorBoundary[39m[33m>[39m
     [90m 34 |[39m             {[33mReact[39m[33m.[39mcreateElement([33mC[39m [36mas[39m any)}
     [90m 35 |[39m           [33m<[39m[33m/[39m[33mErrorBoundary[39m[33m>[39m[0m

      at VirtualConsole.<anonymous> (node_modules/jest-environment-jsdom/build/index.js:63:23)
      at Object.invokeGuardedCallbackDev (node_modules/react-dom/cjs/react-dom.development.js:4213:16)
      at invokeGuardedCallback (node_modules/react-dom/cjs/react-dom.development.js:4277:31)
      at beginWork$1 (node_modules/react-dom/cjs/react-dom.development.js:27490:7)
      at performUnitOfWork (node_modules/react-dom/cjs/react-dom.development.js:26599:12)
      at workLoopSync (node_modules/react-dom/cjs/react-dom.development.js:26505:5)
      at renderRootSync (node_modules/react-dom/cjs/react-dom.development.js:26473:7)
      at recoverFromConcurrentError (node_modules/react-dom/cjs/react-dom.development.js:25889:20)
      at performConcurrentWorkOnRoot (node_modules/react-dom/cjs/react-dom.development.js:25789:22)
      at flushActQueue (node_modules/react/cjs/react.development.js:2667:24)
      at act (node_modules/react/cjs/react.development.js:2582:11)
      at node_modules/@testing-library/react/dist/act-compat.js:47:25
      at renderRoot (node_modules/@testing-library/react/dist/pure.js:190:26)
      at render (node_modules/@testing-library/react/dist/pure.js:292:10)
      at Object.<anonymous> (src/__tests__/components.smoke.test.tsx:32:41)

    console.error
      The above error occurred in the <Category> component:
      
          at category (E:\VSCode_Repo\tech-oblivion-wpHeadless\src\components\Category.tsx:12:46)
          at ErrorBoundary (E:\VSCode_Repo\tech-oblivion-wpHeadless\src\components\error-boundary.tsx:11:5)
          at children (E:\VSCode_Repo\tech-oblivion-wpHeadless\src\__tests__\TestErrorBoundary.tsx:4:45)
      
      React will try to recreate this component tree from scratch using the error boundary you provided, ErrorBoundary.

    [0m [90m 30 |[39m       [36mif[39m ([36mtypeof[39m [33mC[39m [33m===[39m [32m'function'[39m) {
     [90m 31 |[39m         [90m// Try render with no props[39m
    [31m[1m>[22m[39m[90m 32 |[39m         [36mconst[39m { queryByTestId } [33m=[39m render(
     [90m    |[39m                                         [31m[1m^[22m[39m
     [90m 33 |[39m           [33m<[39m[33mErrorBoundary[39m[33m>[39m
     [90m 34 |[39m             {[33mReact[39m[33m.[39mcreateElement([33mC[39m [36mas[39m any)}
     [90m 35 |[39m           [33m<[39m[33m/[39m[33mErrorBoundary[39m[33m>[39m[0m

      at logCapturedError (node_modules/react-dom/cjs/react-dom.development.js:18704:23)
      at ErrorBoundary.callback (node_modules/react-dom/cjs/react-dom.development.js:18772:7)
      at callCallback (node_modules/react-dom/cjs/react-dom.development.js:15036:12)
      at commitUpdateQueue (node_modules/react-dom/cjs/react-dom.development.js:15057:9)
      at commitLayoutEffectOnFiber (node_modules/react-dom/cjs/react-dom.development.js:23403:13)
      at commitLayoutMountEffects_complete (node_modules/react-dom/cjs/react-dom.development.js:24727:9)
      at commitLayoutEffects_begin (node_modules/react-dom/cjs/react-dom.development.js:24713:7)
      at commitLayoutEffects (node_modules/react-dom/cjs/react-dom.development.js:24651:3)
      at commitRootImpl (node_modules/react-dom/cjs/react-dom.development.js:26862:5)
      at commitRoot (node_modules/react-dom/cjs/react-dom.development.js:26721:5)
      at finishConcurrentRender (node_modules/react-dom/cjs/react-dom.development.js:25931:9)
      at performConcurrentWorkOnRoot (node_modules/react-dom/cjs/react-dom.development.js:25848:7)
      at flushActQueue (node_modules/react/cjs/react.development.js:2667:24)
      at act (node_modules/react/cjs/react.development.js:2582:11)
      at node_modules/@testing-library/react/dist/act-compat.js:47:25
      at renderRoot (node_modules/@testing-library/react/dist/pure.js:190:26)
      at render (node_modules/@testing-library/react/dist/pure.js:292:10)
      at Object.<anonymous> (src/__tests__/components.smoke.test.tsx:32:41)

    console.error
      ErrorBoundary caught TypeError: Cannot read properties of undefined (reading 'slug')
          at slug (E:\VSCode_Repo\tech-oblivion-wpHeadless\src\components\Category.tsx:14:39)
          at renderWithHooks (E:\VSCode_Repo\tech-oblivion-wpHeadless\node_modules\react-dom\cjs\react-dom.development.js:15486:18)
          at mountIndeterminateComponent (E:\VSCode_Repo\tech-oblivion-wpHeadless\node_modules\react-dom\cjs\react-dom.development.js:20103:13)
          at beginWork (E:\VSCode_Repo\tech-oblivion-wpHeadless\node_modules\react-dom\cjs\react-dom.development.js:21626:16)
          at beginWork$1 (E:\VSCode_Repo\tech-oblivion-wpHeadless\node_modules\react-dom\cjs\react-dom.development.js:27465:14)
          at performUnitOfWork (E:\VSCode_Repo\tech-oblivion-wpHeadless\node_modules\react-dom\cjs\react-dom.development.js:26599:12)
          at workLoopSync (E:\VSCode_Repo\tech-oblivion-wpHeadless\node_modules\react-dom\cjs\react-dom.development.js:26505:5)
          at renderRootSync (E:\VSCode_Repo\tech-oblivion-wpHeadless\node_modules\react-dom\cjs\react-dom.development.js:26473:7)
          at recoverFromConcurrentError (E:\VSCode_Repo\tech-oblivion-wpHeadless\node_modules\react-dom\cjs\react-dom.development.js:25889:20)
          at performConcurrentWorkOnRoot (E:\VSCode_Repo\tech-oblivion-wpHeadless\node_modules\react-dom\cjs\react-dom.development.js:25789:22)
          at flushActQueue (E:\VSCode_Repo\tech-oblivion-wpHeadless\node_modules\react\cjs\react.development.js:2667:24)
          at act (E:\VSCode_Repo\tech-oblivion-wpHeadless\node_modules\react\cjs\react.development.js:2582:11)
          at E:\VSCode_Repo\tech-oblivion-wpHeadless\node_modules\@testing-library\react\dist\act-compat.js:47:25
          at renderRoot (E:\VSCode_Repo\tech-oblivion-wpHeadless\node_modules\@testing-library\react\dist\pure.js:190:26)
          at render (E:\VSCode_Repo\tech-oblivion-wpHeadless\node_modules\@testing-library\react\dist\pure.js:292:10)
          at Object.<anonymous> (E:\VSCode_Repo\tech-oblivion-wpHeadless\src\__tests__\components.smoke.test.tsx:32:41) {
        componentStack: '\n' +
          '    at category (E:\\VSCode_Repo\\tech-oblivion-wpHeadless\\src\\components\\Category.tsx:12:46)\n' +
          '    at ErrorBoundary (E:\\VSCode_Repo\\tech-oblivion-wpHeadless\\src\\components\\error-boundary.tsx:11:5)\n' +
          '    at children (E:\\VSCode_Repo\\tech-oblivion-wpHeadless\\src\\__tests__\\TestErrorBoundary.tsx:4:45)'
      }

    [0m [90m 16 |[39m   }
     [90m 17 |[39m   componentDidCatch(error[33m:[39m [33mError[39m[33m,[39m info[33m:[39m [33mReact[39m[33m.[39m[33mErrorInfo[39m) {
    [31m[1m>[22m[39m[90m 18 |[39m     console[33m.[39merror([32m'ErrorBoundary caught'[39m[33m,[39m error[33m,[39m info)
     [90m    |[39m             [31m[1m^[22m[39m
     [90m 19 |[39m     toast({
     [90m 20 |[39m       title[33m:[39m [32m"Something went wrong"[39m[33m,[39m
     [90m 21 |[39m       description[33m:[39m [32m"An unexpected error occurred. Please try refreshing the page."[39m[33m,[39m[0m

      at ErrorBoundary.error [as componentDidCatch] (src/components/error-boundary.tsx:18:13)
      at ErrorBoundary.callback (node_modules/react-dom/cjs/react-dom.development.js:18785:12)
      at callCallback (node_modules/react-dom/cjs/react-dom.development.js:15036:12)
      at commitUpdateQueue (node_modules/react-dom/cjs/react-dom.development.js:15057:9)
      at commitLayoutEffectOnFiber (node_modules/react-dom/cjs/react-dom.development.js:23403:13)
      at commitLayoutMountEffects_complete (node_modules/react-dom/cjs/react-dom.development.js:24727:9)
      at commitLayoutEffects_begin (node_modules/react-dom/cjs/react-dom.development.js:24713:7)
      at commitLayoutEffects (node_modules/react-dom/cjs/react-dom.development.js:24651:3)
      at commitRootImpl (node_modules/react-dom/cjs/react-dom.development.js:26862:5)
      at commitRoot (node_modules/react-dom/cjs/react-dom.development.js:26721:5)
      at finishConcurrentRender (node_modules/react-dom/cjs/react-dom.development.js:25931:9)
      at performConcurrentWorkOnRoot (node_modules/react-dom/cjs/react-dom.development.js:25848:7)
      at flushActQueue (node_modules/react/cjs/react.development.js:2667:24)
      at act (node_modules/react/cjs/react.development.js:2582:11)
      at node_modules/@testing-library/react/dist/act-compat.js:47:25
      at renderRoot (node_modules/@testing-library/react/dist/pure.js:190:26)
      at render (node_modules/@testing-library/react/dist/pure.js:292:10)
      at Object.<anonymous> (src/__tests__/components.smoke.test.tsx:32:41)

    console.error
      Error loading posts: ReferenceError: fetch is not defined
          at E:\VSCode_Repo\tech-oblivion-wpHeadless\src\components\client-feed.tsx:33:19
          at loadPage (E:\VSCode_Repo\tech-oblivion-wpHeadless\src\components\client-feed.tsx:55:21)
          at commitHookEffectListMount (E:\VSCode_Repo\tech-oblivion-wpHeadless\node_modules\react-dom\cjs\react-dom.development.js:23189:26)
          at commitPassiveMountOnFiber (E:\VSCode_Repo\tech-oblivion-wpHeadless\node_modules\react-dom\cjs\react-dom.development.js:24970:11)
          at commitPassiveMountEffects_complete (E:\VSCode_Repo\tech-oblivion-wpHeadless\node_modules\react-dom\cjs\react-dom.development.js:24930:9)
          at commitPassiveMountEffects_begin (E:\VSCode_Repo\tech-oblivion-wpHeadless\node_modules\react-dom\cjs\react-dom.development.js:24917:7)
          at commitPassiveMountEffects (E:\VSCode_Repo\tech-oblivion-wpHeadless\node_modules\react-dom\cjs\react-dom.development.js:24905:3)
          at flushPassiveEffectsImpl (E:\VSCode_Repo\tech-oblivion-wpHeadless\node_modules\react-dom\cjs\react-dom.development.js:27078:3)
          at flushPassiveEffects (E:\VSCode_Repo\tech-oblivion-wpHeadless\node_modules\react-dom\cjs\react-dom.development.js:27023:14)
          at E:\VSCode_Repo\tech-oblivion-wpHeadless\node_modules\react-dom\cjs\react-dom.development.js:26808:9
          at flushActQueue (E:\VSCode_Repo\tech-oblivion-wpHeadless\node_modules\react\cjs\react.development.js:2667:24)
          at act (E:\VSCode_Repo\tech-oblivion-wpHeadless\node_modules\react\cjs\react.development.js:2582:11)
          at E:\VSCode_Repo\tech-oblivion-wpHeadless\node_modules\@testing-library\react\dist\act-compat.js:47:25
          at renderRoot (E:\VSCode_Repo\tech-oblivion-wpHeadless\node_modules\@testing-library\react\dist\pure.js:190:26)
          at render (E:\VSCode_Repo\tech-oblivion-wpHeadless\node_modules\@testing-library\react\dist\pure.js:292:10)
          at Object.<anonymous> (E:\VSCode_Repo\tech-oblivion-wpHeadless\src\__tests__\components.smoke.test.tsx:32:41)

    [0m [90m 49 |[39m       setPage(p)
     [90m 50 |[39m     } [36mcatch[39m (e) {
    [31m[1m>[22m[39m[90m 51 |[39m       console[33m.[39merror([32m'Error loading posts:'[39m[33m,[39m e)
     [90m    |[39m               [31m[1m^[22m[39m
     [90m 52 |[39m     } [36mfinally[39m { setLoading([36mfalse[39m) }
     [90m 53 |[39m   }[33m,[39m [perPage])
     [90m 54 |[39m[0m

      at error (src/components/client-feed.tsx:51:15)
      at loadPage (src/components/client-feed.tsx:55:21)
      at commitHookEffectListMount (node_modules/react-dom/cjs/react-dom.development.js:23189:26)
      at commitPassiveMountOnFiber (node_modules/react-dom/cjs/react-dom.development.js:24970:11)
      at commitPassiveMountEffects_complete (node_modules/react-dom/cjs/react-dom.development.js:24930:9)
      at commitPassiveMountEffects_begin (node_modules/react-dom/cjs/react-dom.development.js:24917:7)
      at commitPassiveMountEffects (node_modules/react-dom/cjs/react-dom.development.js:24905:3)
      at flushPassiveEffectsImpl (node_modules/react-dom/cjs/react-dom.development.js:27078:3)
      at flushPassiveEffects (node_modules/react-dom/cjs/react-dom.development.js:27023:14)
      at node_modules/react-dom/cjs/react-dom.development.js:26808:9
      at flushActQueue (node_modules/react/cjs/react.development.js:2667:24)
      at act (node_modules/react/cjs/react.development.js:2582:11)
      at node_modules/@testing-library/react/dist/act-compat.js:47:25
      at renderRoot (node_modules/@testing-library/react/dist/pure.js:190:26)
      at render (node_modules/@testing-library/react/dist/pure.js:292:10)
      at Object.<anonymous> (src/__tests__/components.smoke.test.tsx:32:41)

    console.error
      Error: Uncaught [TypeError: Cannot read properties of undefined (reading 'author_name')]
          at Object.<anonymous> (E:\VSCode_Repo\tech-oblivion-wpHeadless\src\__tests__\components.smoke.test.tsx:32:41) {
        detail: TypeError: Cannot read properties of undefined (reading 'author_name')
            at author_name (E:\VSCode_Repo\tech-oblivion-wpHeadless\src\components\Comment.tsx:15:27)
            at renderWithHooks (E:\VSCode_Repo\tech-oblivion-wpHeadless\node_modules\react-dom\cjs\react-dom.development.js:15486:18)
            at mountIndeterminateComponent (E:\VSCode_Repo\tech-oblivion-wpHeadless\node_modules\react-dom\cjs\react-dom.development.js:20103:13)
            at beginWork (E:\VSCode_Repo\tech-oblivion-wpHeadless\node_modules\react-dom\cjs\react-dom.development.js:21626:16)
            at HTMLUnknownElement.callCallback (E:\VSCode_Repo\tech-oblivion-wpHeadless\node_modules\react-dom\cjs\react-dom.development.js:4164:14)
            at HTMLUnknownElement.callTheUserObjectsOperation (E:\VSCode_Repo\tech-oblivion-wpHeadless\node_modules\jest-environment-jsdom\node_modules\jsdom\lib\jsdom\living\generated\EventListener.js:26:30)
            at innerInvokeEventListeners (E:\VSCode_Repo\tech-oblivion-wpHeadless\node_modules\jest-environment-jsdom\node_modules\jsdom\lib\jsdom\living\events\EventTarget-impl.js:350:25)
            at invokeEventListeners (E:\VSCode_Repo\tech-oblivion-wpHeadless\node_modules\jest-environment-jsdom\node_modules\jsdom\lib\jsdom\living\events\EventTarget-impl.js:286:3)
            at HTMLUnknownElementImpl._dispatch (E:\VSCode_Repo\tech-oblivion-wpHeadless\node_modules\jest-environment-jsdom\node_modules\jsdom\lib\jsdom\living\events\EventTarget-impl.js:233:9)
            at HTMLUnknownElementImpl.dispatchEvent (E:\VSCode_Repo\tech-oblivion-wpHeadless\node_modules\jest-environment-jsdom\node_modules\jsdom\lib\jsdom\living\events\EventTarget-impl.js:104:17)
            at HTMLUnknownElement.dispatchEvent (E:\VSCode_Repo\tech-oblivion-wpHeadless\node_modules\jest-environment-jsdom\node_modules\jsdom\lib\jsdom\living\generated\EventTarget.js:241:34)
            at Object.invokeGuardedCallbackDev (E:\VSCode_Repo\tech-oblivion-wpHeadless\node_modules\react-dom\cjs\react-dom.development.js:4213:16)
            at invokeGuardedCallback (E:\VSCode_Repo\tech-oblivion-wpHeadless\node_modules\react-dom\cjs\react-dom.development.js:4277:31)
            at beginWork$1 (E:\VSCode_Repo\tech-oblivion-wpHeadless\node_modules\react-dom\cjs\react-dom.development.js:27490:7)
            at performUnitOfWork (E:\VSCode_Repo\tech-oblivion-wpHeadless\node_modules\react-dom\cjs\react-dom.development.js:26599:12)
            at workLoopSync (E:\VSCode_Repo\tech-oblivion-wpHeadless\node_modules\react-dom\cjs\react-dom.development.js:26505:5)
            at renderRootSync (E:\VSCode_Repo\tech-oblivion-wpHeadless\node_modules\react-dom\cjs\react-dom.development.js:26473:7)
            at performConcurrentWorkOnRoot (E:\VSCode_Repo\tech-oblivion-wpHeadless\node_modules\react-dom\cjs\react-dom.development.js:25777:74)
            at flushActQueue (E:\VSCode_Repo\tech-oblivion-wpHeadless\node_modules\react\cjs\react.development.js:2667:24)
            at act (E:\VSCode_Repo\tech-oblivion-wpHeadless\node_modules\react\cjs\react.development.js:2582:11)
            at E:\VSCode_Repo\tech-oblivion-wpHeadless\node_modules\@testing-library\react\dist\act-compat.js:47:25
            at renderRoot (E:\VSCode_Repo\tech-oblivion-wpHeadless\node_modules\@testing-library\react\dist\pure.js:190:26)
            at render (E:\VSCode_Repo\tech-oblivion-wpHeadless\node_modules\@testing-library\react\dist\pure.js:292:10)
            at Object.<anonymous> (E:\VSCode_Repo\tech-oblivion-wpHeadless\src\__tests__\components.smoke.test.tsx:32:41),
        type: 'unhandled exception'
      }

    [0m [90m 30 |[39m       [36mif[39m ([36mtypeof[39m [33mC[39m [33m===[39m [32m'function'[39m) {
     [90m 31 |[39m         [90m// Try render with no props[39m
    [31m[1m>[22m[39m[90m 32 |[39m         [36mconst[39m { queryByTestId } [33m=[39m render(
     [90m    |[39m                                         [31m[1m^[22m[39m
     [90m 33 |[39m           [33m<[39m[33mErrorBoundary[39m[33m>[39m
     [90m 34 |[39m             {[33mReact[39m[33m.[39mcreateElement([33mC[39m [36mas[39m any)}
     [90m 35 |[39m           [33m<[39m[33m/[39m[33mErrorBoundary[39m[33m>[39m[0m

      at VirtualConsole.<anonymous> (node_modules/jest-environment-jsdom/build/index.js:63:23)
      at Object.invokeGuardedCallbackDev (node_modules/react-dom/cjs/react-dom.development.js:4213:16)
      at invokeGuardedCallback (node_modules/react-dom/cjs/react-dom.development.js:4277:31)
      at beginWork$1 (node_modules/react-dom/cjs/react-dom.development.js:27490:7)
      at performUnitOfWork (node_modules/react-dom/cjs/react-dom.development.js:26599:12)
      at workLoopSync (node_modules/react-dom/cjs/react-dom.development.js:26505:5)
      at renderRootSync (node_modules/react-dom/cjs/react-dom.development.js:26473:7)
      at performConcurrentWorkOnRoot (node_modules/react-dom/cjs/react-dom.development.js:25777:74)
      at flushActQueue (node_modules/react/cjs/react.development.js:2667:24)
      at act (node_modules/react/cjs/react.development.js:2582:11)
      at node_modules/@testing-library/react/dist/act-compat.js:47:25
      at renderRoot (node_modules/@testing-library/react/dist/pure.js:190:26)
      at render (node_modules/@testing-library/react/dist/pure.js:292:10)
      at Object.<anonymous> (src/__tests__/components.smoke.test.tsx:32:41)

    console.error
      Error: Uncaught [TypeError: Cannot read properties of undefined (reading 'author_name')]
          at Object.<anonymous> (E:\VSCode_Repo\tech-oblivion-wpHeadless\src\__tests__\components.smoke.test.tsx:32:41) {
        detail: TypeError: Cannot read properties of undefined (reading 'author_name')
            at author_name (E:\VSCode_Repo\tech-oblivion-wpHeadless\src\components\Comment.tsx:15:27)
            at renderWithHooks (E:\VSCode_Repo\tech-oblivion-wpHeadless\node_modules\react-dom\cjs\react-dom.development.js:15486:18)
            at mountIndeterminateComponent (E:\VSCode_Repo\tech-oblivion-wpHeadless\node_modules\react-dom\cjs\react-dom.development.js:20103:13)
            at beginWork (E:\VSCode_Repo\tech-oblivion-wpHeadless\node_modules\react-dom\cjs\react-dom.development.js:21626:16)
            at HTMLUnknownElement.callCallback (E:\VSCode_Repo\tech-oblivion-wpHeadless\node_modules\react-dom\cjs\react-dom.development.js:4164:14)
            at HTMLUnknownElement.callTheUserObjectsOperation (E:\VSCode_Repo\tech-oblivion-wpHeadless\node_modules\jest-environment-jsdom\node_modules\jsdom\lib\jsdom\living\generated\EventListener.js:26:30)
            at innerInvokeEventListeners (E:\VSCode_Repo\tech-oblivion-wpHeadless\node_modules\jest-environment-jsdom\node_modules\jsdom\lib\jsdom\living\events\EventTarget-impl.js:350:25)
            at invokeEventListeners (E:\VSCode_Repo\tech-oblivion-wpHeadless\node_modules\jest-environment-jsdom\node_modules\jsdom\lib\jsdom\living\events\EventTarget-impl.js:286:3)
            at HTMLUnknownElementImpl._dispatch (E:\VSCode_Repo\tech-oblivion-wpHeadless\node_modules\jest-environment-jsdom\node_modules\jsdom\lib\jsdom\living\events\EventTarget-impl.js:233:9)
            at HTMLUnknownElementImpl.dispatchEvent (E:\VSCode_Repo\tech-oblivion-wpHeadless\node_modules\jest-environment-jsdom\node_modules\jsdom\lib\jsdom\living\events\EventTarget-impl.js:104:17)
            at HTMLUnknownElement.dispatchEvent (E:\VSCode_Repo\tech-oblivion-wpHeadless\node_modules\jest-environment-jsdom\node_modules\jsdom\lib\jsdom\living\generated\EventTarget.js:241:34)
            at Object.invokeGuardedCallbackDev (E:\VSCode_Repo\tech-oblivion-wpHeadless\node_modules\react-dom\cjs\react-dom.development.js:4213:16)
            at invokeGuardedCallback (E:\VSCode_Repo\tech-oblivion-wpHeadless\node_modules\react-dom\cjs\react-dom.development.js:4277:31)
            at beginWork$1 (E:\VSCode_Repo\tech-oblivion-wpHeadless\node_modules\react-dom\cjs\react-dom.development.js:27490:7)
            at performUnitOfWork (E:\VSCode_Repo\tech-oblivion-wpHeadless\node_modules\react-dom\cjs\react-dom.development.js:26599:12)
            at workLoopSync (E:\VSCode_Repo\tech-oblivion-wpHeadless\node_modules\react-dom\cjs\react-dom.development.js:26505:5)
            at renderRootSync (E:\VSCode_Repo\tech-oblivion-wpHeadless\node_modules\react-dom\cjs\react-dom.development.js:26473:7)
            at recoverFromConcurrentError (E:\VSCode_Repo\tech-oblivion-wpHeadless\node_modules\react-dom\cjs\react-dom.development.js:25889:20)
            at performConcurrentWorkOnRoot (E:\VSCode_Repo\tech-oblivion-wpHeadless\node_modules\react-dom\cjs\react-dom.development.js:25789:22)
            at flushActQueue (E:\VSCode_Repo\tech-oblivion-wpHeadless\node_modules\react\cjs\react.development.js:2667:24)
            at act (E:\VSCode_Repo\tech-oblivion-wpHeadless\node_modules\react\cjs\react.development.js:2582:11)
            at E:\VSCode_Repo\tech-oblivion-wpHeadless\node_modules\@testing-library\react\dist\act-compat.js:47:25
            at renderRoot (E:\VSCode_Repo\tech-oblivion-wpHeadless\node_modules\@testing-library\react\dist\pure.js:190:26)
            at render (E:\VSCode_Repo\tech-oblivion-wpHeadless\node_modules\@testing-library\react\dist\pure.js:292:10)
            at Object.<anonymous> (E:\VSCode_Repo\tech-oblivion-wpHeadless\src\__tests__\components.smoke.test.tsx:32:41),
        type: 'unhandled exception'
      }

    [0m [90m 30 |[39m       [36mif[39m ([36mtypeof[39m [33mC[39m [33m===[39m [32m'function'[39m) {
     [90m 31 |[39m         [90m// Try render with no props[39m
    [31m[1m>[22m[39m[90m 32 |[39m         [36mconst[39m { queryByTestId } [33m=[39m render(
     [90m    |[39m                                         [31m[1m^[22m[39m
     [90m 33 |[39m           [33m<[39m[33mErrorBoundary[39m[33m>[39m
     [90m 34 |[39m             {[33mReact[39m[33m.[39mcreateElement([33mC[39m [36mas[39m any)}
     [90m 35 |[39m           [33m<[39m[33m/[39m[33mErrorBoundary[39m[33m>[39m[0m

      at VirtualConsole.<anonymous> (node_modules/jest-environment-jsdom/build/index.js:63:23)
      at Object.invokeGuardedCallbackDev (node_modules/react-dom/cjs/react-dom.development.js:4213:16)
      at invokeGuardedCallback (node_modules/react-dom/cjs/react-dom.development.js:4277:31)
      at beginWork$1 (node_modules/react-dom/cjs/react-dom.development.js:27490:7)
      at performUnitOfWork (node_modules/react-dom/cjs/react-dom.development.js:26599:12)
      at workLoopSync (node_modules/react-dom/cjs/react-dom.development.js:26505:5)
      at renderRootSync (node_modules/react-dom/cjs/react-dom.development.js:26473:7)
      at recoverFromConcurrentError (node_modules/react-dom/cjs/react-dom.development.js:25889:20)
      at performConcurrentWorkOnRoot (node_modules/react-dom/cjs/react-dom.development.js:25789:22)
      at flushActQueue (node_modules/react/cjs/react.development.js:2667:24)
      at act (node_modules/react/cjs/react.development.js:2582:11)
      at node_modules/@testing-library/react/dist/act-compat.js:47:25
      at renderRoot (node_modules/@testing-library/react/dist/pure.js:190:26)
      at render (node_modules/@testing-library/react/dist/pure.js:292:10)
      at Object.<anonymous> (src/__tests__/components.smoke.test.tsx:32:41)

    console.error
      The above error occurred in the <Comment> component:
      
          at comment (E:\VSCode_Repo\tech-oblivion-wpHeadless\src\components\Comment.tsx:12:44)
          at ErrorBoundary (E:\VSCode_Repo\tech-oblivion-wpHeadless\src\components\error-boundary.tsx:11:5)
          at children (E:\VSCode_Repo\tech-oblivion-wpHeadless\src\__tests__\TestErrorBoundary.tsx:4:45)
      
      React will try to recreate this component tree from scratch using the error boundary you provided, ErrorBoundary.

    [0m [90m 30 |[39m       [36mif[39m ([36mtypeof[39m [33mC[39m [33m===[39m [32m'function'[39m) {
     [90m 31 |[39m         [90m// Try render with no props[39m
    [31m[1m>[22m[39m[90m 32 |[39m         [36mconst[39m { queryByTestId } [33m=[39m render(
     [90m    |[39m                                         [31m[1m^[22m[39m
     [90m 33 |[39m           [33m<[39m[33mErrorBoundary[39m[33m>[39m
     [90m 34 |[39m             {[33mReact[39m[33m.[39mcreateElement([33mC[39m [36mas[39m any)}
     [90m 35 |[39m           [33m<[39m[33m/[39m[33mErrorBoundary[39m[33m>[39m[0m

      at logCapturedError (node_modules/react-dom/cjs/react-dom.development.js:18704:23)
      at ErrorBoundary.callback (node_modules/react-dom/cjs/react-dom.development.js:18772:7)
      at callCallback (node_modules/react-dom/cjs/react-dom.development.js:15036:12)
      at commitUpdateQueue (node_modules/react-dom/cjs/react-dom.development.js:15057:9)
      at commitLayoutEffectOnFiber (node_modules/react-dom/cjs/react-dom.development.js:23403:13)
      at commitLayoutMountEffects_complete (node_modules/react-dom/cjs/react-dom.development.js:24727:9)
      at commitLayoutEffects_begin (node_modules/react-dom/cjs/react-dom.development.js:24713:7)
      at commitLayoutEffects (node_modules/react-dom/cjs/react-dom.development.js:24651:3)
      at commitRootImpl (node_modules/react-dom/cjs/react-dom.development.js:26862:5)
      at commitRoot (node_modules/react-dom/cjs/react-dom.development.js:26721:5)
      at finishConcurrentRender (node_modules/react-dom/cjs/react-dom.development.js:25931:9)
      at performConcurrentWorkOnRoot (node_modules/react-dom/cjs/react-dom.development.js:25848:7)
      at flushActQueue (node_modules/react/cjs/react.development.js:2667:24)
      at act (node_modules/react/cjs/react.development.js:2582:11)
      at node_modules/@testing-library/react/dist/act-compat.js:47:25
      at renderRoot (node_modules/@testing-library/react/dist/pure.js:190:26)
      at render (node_modules/@testing-library/react/dist/pure.js:292:10)
      at Object.<anonymous> (src/__tests__/components.smoke.test.tsx:32:41)

    console.error
      ErrorBoundary caught TypeError: Cannot read properties of undefined (reading 'author_name')
          at author_name (E:\VSCode_Repo\tech-oblivion-wpHeadless\src\components\Comment.tsx:15:27)
          at renderWithHooks (E:\VSCode_Repo\tech-oblivion-wpHeadless\node_modules\react-dom\cjs\react-dom.development.js:15486:18)
          at mountIndeterminateComponent (E:\VSCode_Repo\tech-oblivion-wpHeadless\node_modules\react-dom\cjs\react-dom.development.js:20103:13)
          at beginWork (E:\VSCode_Repo\tech-oblivion-wpHeadless\node_modules\react-dom\cjs\react-dom.development.js:21626:16)
          at beginWork$1 (E:\VSCode_Repo\tech-oblivion-wpHeadless\node_modules\react-dom\cjs\react-dom.development.js:27465:14)
          at performUnitOfWork (E:\VSCode_Repo\tech-oblivion-wpHeadless\node_modules\react-dom\cjs\react-dom.development.js:26599:12)
          at workLoopSync (E:\VSCode_Repo\tech-oblivion-wpHeadless\node_modules\react-dom\cjs\react-dom.development.js:26505:5)
          at renderRootSync (E:\VSCode_Repo\tech-oblivion-wpHeadless\node_modules\react-dom\cjs\react-dom.development.js:26473:7)
          at recoverFromConcurrentError (E:\VSCode_Repo\tech-oblivion-wpHeadless\node_modules\react-dom\cjs\react-dom.development.js:25889:20)
          at performConcurrentWorkOnRoot (E:\VSCode_Repo\tech-oblivion-wpHeadless\node_modules\react-dom\cjs\react-dom.development.js:25789:22)
          at flushActQueue (E:\VSCode_Repo\tech-oblivion-wpHeadless\node_modules\react\cjs\react.development.js:2667:24)
          at act (E:\VSCode_Repo\tech-oblivion-wpHeadless\node_modules\react\cjs\react.development.js:2582:11)
          at E:\VSCode_Repo\tech-oblivion-wpHeadless\node_modules\@testing-library\react\dist\act-compat.js:47:25
          at renderRoot (E:\VSCode_Repo\tech-oblivion-wpHeadless\node_modules\@testing-library\react\dist\pure.js:190:26)
          at render (E:\VSCode_Repo\tech-oblivion-wpHeadless\node_modules\@testing-library\react\dist\pure.js:292:10)
          at Object.<anonymous> (E:\VSCode_Repo\tech-oblivion-wpHeadless\src\__tests__\components.smoke.test.tsx:32:41) {
        componentStack: '\n' +
          '    at comment (E:\\VSCode_Repo\\tech-oblivion-wpHeadless\\src\\components\\Comment.tsx:12:44)\n' +
          '    at ErrorBoundary (E:\\VSCode_Repo\\tech-oblivion-wpHeadless\\src\\components\\error-boundary.tsx:11:5)\n' +
          '    at children (E:\\VSCode_Repo\\tech-oblivion-wpHeadless\\src\\__tests__\\TestErrorBoundary.tsx:4:45)'
      }

    [0m [90m 16 |[39m   }
     [90m 17 |[39m   componentDidCatch(error[33m:[39m [33mError[39m[33m,[39m info[33m:[39m [33mReact[39m[33m.[39m[33mErrorInfo[39m) {
    [31m[1m>[22m[39m[90m 18 |[39m     console[33m.[39merror([32m'ErrorBoundary caught'[39m[33m,[39m error[33m,[39m info)
     [90m    |[39m             [31m[1m^[22m[39m
     [90m 19 |[39m     toast({
     [90m 20 |[39m       title[33m:[39m [32m"Something went wrong"[39m[33m,[39m
     [90m 21 |[39m       description[33m:[39m [32m"An unexpected error occurred. Please try refreshing the page."[39m[33m,[39m[0m

      at ErrorBoundary.error [as componentDidCatch] (src/components/error-boundary.tsx:18:13)
      at ErrorBoundary.callback (node_modules/react-dom/cjs/react-dom.development.js:18785:12)
      at callCallback (node_modules/react-dom/cjs/react-dom.development.js:15036:12)
      at commitUpdateQueue (node_modules/react-dom/cjs/react-dom.development.js:15057:9)
      at commitLayoutEffectOnFiber (node_modules/react-dom/cjs/react-dom.development.js:23403:13)
      at commitLayoutMountEffects_complete (node_modules/react-dom/cjs/react-dom.development.js:24727:9)
      at commitLayoutEffects_begin (node_modules/react-dom/cjs/react-dom.development.js:24713:7)
      at commitLayoutEffects (node_modules/react-dom/cjs/react-dom.development.js:24651:3)
      at commitRootImpl (node_modules/react-dom/cjs/react-dom.development.js:26862:5)
      at commitRoot (node_modules/react-dom/cjs/react-dom.development.js:26721:5)
      at finishConcurrentRender (node_modules/react-dom/cjs/react-dom.development.js:25931:9)
      at performConcurrentWorkOnRoot (node_modules/react-dom/cjs/react-dom.development.js:25848:7)
      at flushActQueue (node_modules/react/cjs/react.development.js:2667:24)
      at act (node_modules/react/cjs/react.development.js:2582:11)
      at node_modules/@testing-library/react/dist/act-compat.js:47:25
      at renderRoot (node_modules/@testing-library/react/dist/pure.js:190:26)
      at render (node_modules/@testing-library/react/dist/pure.js:292:10)
      at Object.<anonymous> (src/__tests__/components.smoke.test.tsx:32:41)

    console.error
      Warning: An update to ForwardRef(LoadableComponent) inside a test was not wrapped in act(...).
      
      When testing, code that causes React state updates should be wrapped into act(...):
      
      act(() => {
        /* fire events that update state */
      });
      /* assert on the output */
      
      This ensures that you're testing the behavior the user would see in the browser. Learn more at https://reactjs.org/link/wrap-tests-with-act
          at useLoadableModule (E:\VSCode_Repo\tech-oblivion-wpHeadless\node_modules\next\src\shared\lib\loadable.shared-runtime.tsx:124:5)
          at DashboardClientShell
          at ErrorBoundary (E:\VSCode_Repo\tech-oblivion-wpHeadless\src\components\error-boundary.tsx:11:5)
          at children (E:\VSCode_Repo\tech-oblivion-wpHeadless\src\__tests__\TestErrorBoundary.tsx:4:45)

      at printWarning (node_modules/react-dom/cjs/react-dom.development.js:86:30)
      at error (node_modules/react-dom/cjs/react-dom.development.js:60:7)
      at warnIfUpdatesNotWrappedWithActDEV (node_modules/react-dom/cjs/react-dom.development.js:27628:9)
      at scheduleUpdateOnFiber (node_modules/react-dom/cjs/react-dom.development.js:25547:5)
      at forceStoreRerender (node_modules/react-dom/cjs/react-dom.development.js:16158:5)
      at handleStoreChange (node_modules/react-dom/cjs/react-dom.development.js:16134:7)
      at callback (node_modules/next/src/shared/lib/loadable.shared-runtime.tsx:236:48)
          at Set.forEach (<anonymous>)
      at LoadableSubscription.forEach (node_modules/next/src/shared/lib/loadable.shared-runtime.tsx:236:21)
      at _update (node_modules/next/src/shared/lib/loadable.shared-runtime.tsx:218:14)

    console.error
      Warning: An update to ForwardRef(LoadableComponent) inside a test was not wrapped in act(...).
      
      When testing, code that causes React state updates should be wrapped into act(...):
      
      act(() => {
        /* fire events that update state */
      });
      /* assert on the output */
      
      This ensures that you're testing the behavior the user would see in the browser. Learn more at https://reactjs.org/link/wrap-tests-with-act
          at useLoadableModule (E:\VSCode_Repo\tech-oblivion-wpHeadless\node_modules\next\src\shared\lib\loadable.shared-runtime.tsx:124:5)
          at DashboardClientShell
          at ErrorBoundary (E:\VSCode_Repo\tech-oblivion-wpHeadless\src\components\error-boundary.tsx:11:5)
          at children (E:\VSCode_Repo\tech-oblivion-wpHeadless\src\__tests__\TestErrorBoundary.tsx:4:45)

      at printWarning (node_modules/react-dom/cjs/react-dom.development.js:86:30)
      at error (node_modules/react-dom/cjs/react-dom.development.js:60:7)
      at warnIfUpdatesNotWrappedWithActDEV (node_modules/react-dom/cjs/react-dom.development.js:27628:9)
      at scheduleUpdateOnFiber (node_modules/react-dom/cjs/react-dom.development.js:25547:5)
      at forceStoreRerender (node_modules/react-dom/cjs/react-dom.development.js:16158:5)
      at handleStoreChange (node_modules/react-dom/cjs/react-dom.development.js:16134:7)
      at callback (node_modules/next/src/shared/lib/loadable.shared-runtime.tsx:236:48)
          at Set.forEach (<anonymous>)
      at LoadableSubscription.forEach (node_modules/next/src/shared/lib/loadable.shared-runtime.tsx:236:21)
      at _update (node_modules/next/src/shared/lib/loadable.shared-runtime.tsx:218:14)

    console.error
      Warning: React.jsx: type is invalid -- expected a string (for built-in components) or a class/function (for composite components) but got: object. You likely forgot to export your component from the file it's defined in, or you might have mixed up default and named imports.
      
      Check the render method of `InnerDashboard`.
          at InnerDashboard (E:\VSCode_Repo\tech-oblivion-wpHeadless\src\components\dashboard\FullDashboard.tsx:110:39)
          at children (E:\VSCode_Repo\tech-oblivion-wpHeadless\src\contexts\metrics-context.tsx:52:35)
          at FullDashboard
          at useLoadableModule (E:\VSCode_Repo\tech-oblivion-wpHeadless\node_modules\next\src\shared\lib\loadable.shared-runtime.tsx:124:5)
          at DashboardClientShell
          at ErrorBoundary (E:\VSCode_Repo\tech-oblivion-wpHeadless\src\components\error-boundary.tsx:11:5)
          at children (E:\VSCode_Repo\tech-oblivion-wpHeadless\src\__tests__\TestErrorBoundary.tsx:4:45)

    [0m [90m 171 |[39m         [33m<[39m[33mControls[39m [33m/[39m[33m>[39m
     [90m 172 |[39m       [33m<[39m[33m/[39m[33mdiv[39m[33m>[39m
    [31m[1m>[22m[39m[90m 173 |[39m       [33m<[39m[33mGridLayout[39m
     [90m     |[39m       [31m[1m^[22m[39m
     [90m 174 |[39m         className[33m=[39m[32m"layout"[39m
     [90m 175 |[39m         cols[33m=[39m{cols}
     [90m 176 |[39m         rowHeight[33m=[39m{rowHeight}[0m

      at printWarning (node_modules/react/cjs/react-jsx-runtime.development.js:87:30)
      at error (node_modules/react/cjs/react-jsx-runtime.development.js:61:7)
      at jsxWithValidation (node_modules/react/cjs/react-jsx-runtime.development.js:1245:7)
      at jsxWithValidationStatic (node_modules/react/cjs/react-jsx-runtime.development.js:1315:12)
      at InnerDashboard (src/components/dashboard/FullDashboard.tsx:173:7)
      at renderWithHooks (node_modules/react-dom/cjs/react-dom.development.js:15486:18)
      at mountIndeterminateComponent (node_modules/react-dom/cjs/react-dom.development.js:20103:13)
      at beginWork (node_modules/react-dom/cjs/react-dom.development.js:21626:16)
      at beginWork$1 (node_modules/react-dom/cjs/react-dom.development.js:27465:14)
      at performUnitOfWork (node_modules/react-dom/cjs/react-dom.development.js:26599:12)
      at workLoopSync (node_modules/react-dom/cjs/react-dom.development.js:26505:5)
      at renderRootSync (node_modules/react-dom/cjs/react-dom.development.js:26473:7)
      at performSyncWorkOnRoot (node_modules/react-dom/cjs/react-dom.development.js:26124:20)
      at flushSyncCallbacks (node_modules/react-dom/cjs/react-dom.development.js:12042:22)
      at node_modules/react-dom/cjs/react-dom.development.js:25690:13

    console.error
      [Error: Uncaught [Error: Element type is invalid: expected a string (for built-in components) or a class/function (for composite components) but got: object. You likely forgot to export your component from the file it's defined in, or you might have mixed up default and named imports.
      
      Check the render method of `InnerDashboard`.]] {
        detail: Error: Element type is invalid: expected a string (for built-in components) or a class/function (for composite components) but got: object. You likely forgot to export your component from the file it's defined in, or you might have mixed up default and named imports.
        
        Check the render method of `InnerDashboard`.
            at createFiberFromTypeAndProps (E:\VSCode_Repo\tech-oblivion-wpHeadless\node_modules\react-dom\cjs\react-dom.development.js:28478:17)
            at createFiberFromElement (E:\VSCode_Repo\tech-oblivion-wpHeadless\node_modules\react-dom\cjs\react-dom.development.js:28504:15)
            at createChild (E:\VSCode_Repo\tech-oblivion-wpHeadless\node_modules\react-dom\cjs\react-dom.development.js:13345:28)
            at reconcileChildrenArray (E:\VSCode_Repo\tech-oblivion-wpHeadless\node_modules\react-dom\cjs\react-dom.development.js:13640:25)
            at reconcileChildFibers (E:\VSCode_Repo\tech-oblivion-wpHeadless\node_modules\react-dom\cjs\react-dom.development.js:14057:16)
            at reconcileChildren (E:\VSCode_Repo\tech-oblivion-wpHeadless\node_modules\react-dom\cjs\react-dom.development.js:19186:28)
            at updateHostComponent (E:\VSCode_Repo\tech-oblivion-wpHeadless\node_modules\react-dom\cjs\react-dom.development.js:19953:3)
            at beginWork (E:\VSCode_Repo\tech-oblivion-wpHeadless\node_modules\react-dom\cjs\react-dom.development.js:21657:14)
            at HTMLUnknownElement.callCallback (E:\VSCode_Repo\tech-oblivion-wpHeadless\node_modules\react-dom\cjs\react-dom.development.js:4164:14)
            at HTMLUnknownElement.callTheUserObjectsOperation (E:\VSCode_Repo\tech-oblivion-wpHeadless\node_modules\jest-environment-jsdom\node_modules\jsdom\lib\jsdom\living\generated\EventListener.js:26:30)
            at innerInvokeEventListeners (E:\VSCode_Repo\tech-oblivion-wpHeadless\node_modules\jest-environment-jsdom\node_modules\jsdom\lib\jsdom\living\events\EventTarget-impl.js:350:25)
            at invokeEventListeners (E:\VSCode_Repo\tech-oblivion-wpHeadless\node_modules\jest-environment-jsdom\node_modules\jsdom\lib\jsdom\living\events\EventTarget-impl.js:286:3)
            at HTMLUnknownElementImpl._dispatch (E:\VSCode_Repo\tech-oblivion-wpHeadless\node_modules\jest-environment-jsdom\node_modules\jsdom\lib\jsdom\living\events\EventTarget-impl.js:233:9)
            at HTMLUnknownElementImpl.dispatchEvent (E:\VSCode_Repo\tech-oblivion-wpHeadless\node_modules\jest-environment-jsdom\node_modules\jsdom\lib\jsdom\living\events\EventTarget-impl.js:104:17)
            at HTMLUnknownElement.dispatchEvent (E:\VSCode_Repo\tech-oblivion-wpHeadless\node_modules\jest-environment-jsdom\node_modules\jsdom\lib\jsdom\living\generated\EventTarget.js:241:34)
            at Object.invokeGuardedCallbackDev (E:\VSCode_Repo\tech-oblivion-wpHeadless\node_modules\react-dom\cjs\react-dom.development.js:4213:16)
            at invokeGuardedCallback (E:\VSCode_Repo\tech-oblivion-wpHeadless\node_modules\react-dom\cjs\react-dom.development.js:4277:31)
            at beginWork$1 (E:\VSCode_Repo\tech-oblivion-wpHeadless\node_modules\react-dom\cjs\react-dom.development.js:27490:7)
            at performUnitOfWork (E:\VSCode_Repo\tech-oblivion-wpHeadless\node_modules\react-dom\cjs\react-dom.development.js:26599:12)
            at workLoopSync (E:\VSCode_Repo\tech-oblivion-wpHeadless\node_modules\react-dom\cjs\react-dom.development.js:26505:5)
            at renderRootSync (E:\VSCode_Repo\tech-oblivion-wpHeadless\node_modules\react-dom\cjs\react-dom.development.js:26473:7)
            at performSyncWorkOnRoot (E:\VSCode_Repo\tech-oblivion-wpHeadless\node_modules\react-dom\cjs\react-dom.development.js:26124:20)
            at flushSyncCallbacks (E:\VSCode_Repo\tech-oblivion-wpHeadless\node_modules\react-dom\cjs\react-dom.development.js:12042:22)
            at E:\VSCode_Repo\tech-oblivion-wpHeadless\node_modules\react-dom\cjs\react-dom.development.js:25690:13
            at invokeTheCallbackFunction (E:\VSCode_Repo\tech-oblivion-wpHeadless\node_modules\jest-environment-jsdom\node_modules\jsdom\lib\jsdom\living\generated\Function.js:19:26)
            at E:\VSCode_Repo\tech-oblivion-wpHeadless\node_modules\jest-environment-jsdom\node_modules\jsdom\lib\jsdom\browser\Window.js:554:9
            at node:internal/process/task_queues:151:7
            at AsyncResource.runInAsyncScope (node:async_hooks:214:14)
            at AsyncResource.runMicrotask (node:internal/process/task_queues:148:8),
        type: 'unhandled exception'
      }

      at VirtualConsole.<anonymous> (node_modules/jest-environment-jsdom/build/index.js:63:23)
      at Object.invokeGuardedCallbackDev (node_modules/react-dom/cjs/react-dom.development.js:4213:16)
      at invokeGuardedCallback (node_modules/react-dom/cjs/react-dom.development.js:4277:31)
      at beginWork$1 (node_modules/react-dom/cjs/react-dom.development.js:27490:7)
      at performUnitOfWork (node_modules/react-dom/cjs/react-dom.development.js:26599:12)
      at workLoopSync (node_modules/react-dom/cjs/react-dom.development.js:26505:5)
      at renderRootSync (node_modules/react-dom/cjs/react-dom.development.js:26473:7)
      at performSyncWorkOnRoot (node_modules/react-dom/cjs/react-dom.development.js:26124:20)
      at flushSyncCallbacks (node_modules/react-dom/cjs/react-dom.development.js:12042:22)
      at node_modules/react-dom/cjs/react-dom.development.js:25690:13

    console.error
      Warning: React.jsx: type is invalid -- expected a string (for built-in components) or a class/function (for composite components) but got: object. You likely forgot to export your component from the file it's defined in, or you might have mixed up default and named imports.
      
      Check the render method of `InnerDashboard`.
          at InnerDashboard (E:\VSCode_Repo\tech-oblivion-wpHeadless\src\components\dashboard\FullDashboard.tsx:110:39)
          at children (E:\VSCode_Repo\tech-oblivion-wpHeadless\src\contexts\metrics-context.tsx:52:35)
          at FullDashboard
          at useLoadableModule (E:\VSCode_Repo\tech-oblivion-wpHeadless\node_modules\next\src\shared\lib\loadable.shared-runtime.tsx:124:5)
          at DashboardClientShell
          at ErrorBoundary (E:\VSCode_Repo\tech-oblivion-wpHeadless\src\components\error-boundary.tsx:11:5)
          at children (E:\VSCode_Repo\tech-oblivion-wpHeadless\src\__tests__\TestErrorBoundary.tsx:4:45)

    [0m [90m 171 |[39m         [33m<[39m[33mControls[39m [33m/[39m[33m>[39m
     [90m 172 |[39m       [33m<[39m[33m/[39m[33mdiv[39m[33m>[39m
    [31m[1m>[22m[39m[90m 173 |[39m       [33m<[39m[33mGridLayout[39m
     [90m     |[39m       [31m[1m^[22m[39m
     [90m 174 |[39m         className[33m=[39m[32m"layout"[39m
     [90m 175 |[39m         cols[33m=[39m{cols}
     [90m 176 |[39m         rowHeight[33m=[39m{rowHeight}[0m

      at printWarning (node_modules/react/cjs/react-jsx-runtime.development.js:87:30)
      at error (node_modules/react/cjs/react-jsx-runtime.development.js:61:7)
      at jsxWithValidation (node_modules/react/cjs/react-jsx-runtime.development.js:1245:7)
      at jsxWithValidationStatic (node_modules/react/cjs/react-jsx-runtime.development.js:1315:12)
      at InnerDashboard (src/components/dashboard/FullDashboard.tsx:173:7)
      at renderWithHooks (node_modules/react-dom/cjs/react-dom.development.js:15486:18)
      at mountIndeterminateComponent (node_modules/react-dom/cjs/react-dom.development.js:20103:13)
      at beginWork (node_modules/react-dom/cjs/react-dom.development.js:21626:16)
      at beginWork$1 (node_modules/react-dom/cjs/react-dom.development.js:27465:14)
      at performUnitOfWork (node_modules/react-dom/cjs/react-dom.development.js:26599:12)
      at workLoopSync (node_modules/react-dom/cjs/react-dom.development.js:26505:5)
      at renderRootSync (node_modules/react-dom/cjs/react-dom.development.js:26473:7)
      at recoverFromConcurrentError (node_modules/react-dom/cjs/react-dom.development.js:25889:20)
      at performSyncWorkOnRoot (node_modules/react-dom/cjs/react-dom.development.js:26135:20)
      at flushSyncCallbacks (node_modules/react-dom/cjs/react-dom.development.js:12042:22)
      at node_modules/react-dom/cjs/react-dom.development.js:25690:13

    console.error
      [Error: Uncaught [Error: Element type is invalid: expected a string (for built-in components) or a class/function (for composite components) but got: object. You likely forgot to export your component from the file it's defined in, or you might have mixed up default and named imports.
      
      Check the render method of `InnerDashboard`.]] {
        detail: Error: Element type is invalid: expected a string (for built-in components) or a class/function (for composite components) but got: object. You likely forgot to export your component from the file it's defined in, or you might have mixed up default and named imports.
        
        Check the render method of `InnerDashboard`.
            at createFiberFromTypeAndProps (E:\VSCode_Repo\tech-oblivion-wpHeadless\node_modules\react-dom\cjs\react-dom.development.js:28478:17)
            at createFiberFromElement (E:\VSCode_Repo\tech-oblivion-wpHeadless\node_modules\react-dom\cjs\react-dom.development.js:28504:15)
            at createChild (E:\VSCode_Repo\tech-oblivion-wpHeadless\node_modules\react-dom\cjs\react-dom.development.js:13345:28)
            at reconcileChildrenArray (E:\VSCode_Repo\tech-oblivion-wpHeadless\node_modules\react-dom\cjs\react-dom.development.js:13640:25)
            at reconcileChildFibers (E:\VSCode_Repo\tech-oblivion-wpHeadless\node_modules\react-dom\cjs\react-dom.development.js:14057:16)
            at reconcileChildren (E:\VSCode_Repo\tech-oblivion-wpHeadless\node_modules\react-dom\cjs\react-dom.development.js:19186:28)
            at updateHostComponent (E:\VSCode_Repo\tech-oblivion-wpHeadless\node_modules\react-dom\cjs\react-dom.development.js:19953:3)
            at beginWork (E:\VSCode_Repo\tech-oblivion-wpHeadless\node_modules\react-dom\cjs\react-dom.development.js:21657:14)
            at HTMLUnknownElement.callCallback (E:\VSCode_Repo\tech-oblivion-wpHeadless\node_modules\react-dom\cjs\react-dom.development.js:4164:14)
            at HTMLUnknownElement.callTheUserObjectsOperation (E:\VSCode_Repo\tech-oblivion-wpHeadless\node_modules\jest-environment-jsdom\node_modules\jsdom\lib\jsdom\living\generated\EventListener.js:26:30)
            at innerInvokeEventListeners (E:\VSCode_Repo\tech-oblivion-wpHeadless\node_modules\jest-environment-jsdom\node_modules\jsdom\lib\jsdom\living\events\EventTarget-impl.js:350:25)
            at invokeEventListeners (E:\VSCode_Repo\tech-oblivion-wpHeadless\node_modules\jest-environment-jsdom\node_modules\jsdom\lib\jsdom\living\events\EventTarget-impl.js:286:3)
            at HTMLUnknownElementImpl._dispatch (E:\VSCode_Repo\tech-oblivion-wpHeadless\node_modules\jest-environment-jsdom\node_modules\jsdom\lib\jsdom\living\events\EventTarget-impl.js:233:9)
            at HTMLUnknownElementImpl.dispatchEvent (E:\VSCode_Repo\tech-oblivion-wpHeadless\node_modules\jest-environment-jsdom\node_modules\jsdom\lib\jsdom\living\events\EventTarget-impl.js:104:17)
            at HTMLUnknownElement.dispatchEvent (E:\VSCode_Repo\tech-oblivion-wpHeadless\node_modules\jest-environment-jsdom\node_modules\jsdom\lib\jsdom\living\generated\EventTarget.js:241:34)
            at Object.invokeGuardedCallbackDev (E:\VSCode_Repo\tech-oblivion-wpHeadless\node_modules\react-dom\cjs\react-dom.development.js:4213:16)
            at invokeGuardedCallback (E:\VSCode_Repo\tech-oblivion-wpHeadless\node_modules\react-dom\cjs\react-dom.development.js:4277:31)
            at beginWork$1 (E:\VSCode_Repo\tech-oblivion-wpHeadless\node_modules\react-dom\cjs\react-dom.development.js:27490:7)
            at performUnitOfWork (E:\VSCode_Repo\tech-oblivion-wpHeadless\node_modules\react-dom\cjs\react-dom.development.js:26599:12)
            at workLoopSync (E:\VSCode_Repo\tech-oblivion-wpHeadless\node_modules\react-dom\cjs\react-dom.development.js:26505:5)
            at renderRootSync (E:\VSCode_Repo\tech-oblivion-wpHeadless\node_modules\react-dom\cjs\react-dom.development.js:26473:7)
            at recoverFromConcurrentError (E:\VSCode_Repo\tech-oblivion-wpHeadless\node_modules\react-dom\cjs\react-dom.development.js:25889:20)
            at performSyncWorkOnRoot (E:\VSCode_Repo\tech-oblivion-wpHeadless\node_modules\react-dom\cjs\react-dom.development.js:26135:20)
            at flushSyncCallbacks (E:\VSCode_Repo\tech-oblivion-wpHeadless\node_modules\react-dom\cjs\react-dom.development.js:12042:22)
            at E:\VSCode_Repo\tech-oblivion-wpHeadless\node_modules\react-dom\cjs\react-dom.development.js:25690:13
            at invokeTheCallbackFunction (E:\VSCode_Repo\tech-oblivion-wpHeadless\node_modules\jest-environment-jsdom\node_modules\jsdom\lib\jsdom\living\generated\Function.js:19:26)
            at E:\VSCode_Repo\tech-oblivion-wpHeadless\node_modules\jest-environment-jsdom\node_modules\jsdom\lib\jsdom\browser\Window.js:554:9
            at node:internal/process/task_queues:151:7
            at AsyncResource.runInAsyncScope (node:async_hooks:214:14)
            at AsyncResource.runMicrotask (node:internal/process/task_queues:148:8),
        type: 'unhandled exception'
      }

      at VirtualConsole.<anonymous> (node_modules/jest-environment-jsdom/build/index.js:63:23)
      at Object.invokeGuardedCallbackDev (node_modules/react-dom/cjs/react-dom.development.js:4213:16)
      at invokeGuardedCallback (node_modules/react-dom/cjs/react-dom.development.js:4277:31)
      at beginWork$1 (node_modules/react-dom/cjs/react-dom.development.js:27490:7)
      at performUnitOfWork (node_modules/react-dom/cjs/react-dom.development.js:26599:12)
      at workLoopSync (node_modules/react-dom/cjs/react-dom.development.js:26505:5)
      at renderRootSync (node_modules/react-dom/cjs/react-dom.development.js:26473:7)
      at recoverFromConcurrentError (node_modules/react-dom/cjs/react-dom.development.js:25889:20)
      at performSyncWorkOnRoot (node_modules/react-dom/cjs/react-dom.development.js:26135:20)
      at flushSyncCallbacks (node_modules/react-dom/cjs/react-dom.development.js:12042:22)
      at node_modules/react-dom/cjs/react-dom.development.js:25690:13

    console.error
      The above error occurred in the <div> component:
      
          at div
          at InnerDashboard (E:\VSCode_Repo\tech-oblivion-wpHeadless\src\components\dashboard\FullDashboard.tsx:110:39)
          at children (E:\VSCode_Repo\tech-oblivion-wpHeadless\src\contexts\metrics-context.tsx:52:35)
          at FullDashboard
          at useLoadableModule (E:\VSCode_Repo\tech-oblivion-wpHeadless\node_modules\next\src\shared\lib\loadable.shared-runtime.tsx:124:5)
          at DashboardClientShell
          at ErrorBoundary (E:\VSCode_Repo\tech-oblivion-wpHeadless\src\components\error-boundary.tsx:11:5)
          at children (E:\VSCode_Repo\tech-oblivion-wpHeadless\src\__tests__\TestErrorBoundary.tsx:4:45)
      
      React will try to recreate this component tree from scratch using the error boundary you provided, ErrorBoundary.

      at logCapturedError (node_modules/react-dom/cjs/react-dom.development.js:18704:23)
      at ErrorBoundary.callback (node_modules/react-dom/cjs/react-dom.development.js:18772:7)
      at callCallback (node_modules/react-dom/cjs/react-dom.development.js:15036:12)
      at commitUpdateQueue (node_modules/react-dom/cjs/react-dom.development.js:15057:9)
      at commitLayoutEffectOnFiber (node_modules/react-dom/cjs/react-dom.development.js:23403:13)
      at commitLayoutMountEffects_complete (node_modules/react-dom/cjs/react-dom.development.js:24727:9)
      at commitLayoutEffects_begin (node_modules/react-dom/cjs/react-dom.development.js:24713:7)
      at commitLayoutEffects (node_modules/react-dom/cjs/react-dom.development.js:24651:3)
      at commitRootImpl (node_modules/react-dom/cjs/react-dom.development.js:26862:5)
      at commitRoot (node_modules/react-dom/cjs/react-dom.development.js:26721:5)
      at performSyncWorkOnRoot (node_modules/react-dom/cjs/react-dom.development.js:26156:3)
      at flushSyncCallbacks (node_modules/react-dom/cjs/react-dom.development.js:12042:22)
      at node_modules/react-dom/cjs/react-dom.development.js:25690:13

    console.error
      ErrorBoundary caught Error: Element type is invalid: expected a string (for built-in components) or a class/function (for composite components) but got: object. You likely forgot to export your component from the file it's defined in, or you might have mixed up default and named imports.
      
      Check the render method of `InnerDashboard`.
          at createFiberFromTypeAndProps (E:\VSCode_Repo\tech-oblivion-wpHeadless\node_modules\react-dom\cjs\react-dom.development.js:28478:17)
          at createFiberFromElement (E:\VSCode_Repo\tech-oblivion-wpHeadless\node_modules\react-dom\cjs\react-dom.development.js:28504:15)
          at createChild (E:\VSCode_Repo\tech-oblivion-wpHeadless\node_modules\react-dom\cjs\react-dom.development.js:13345:28)
          at reconcileChildrenArray (E:\VSCode_Repo\tech-oblivion-wpHeadless\node_modules\react-dom\cjs\react-dom.development.js:13640:25)
          at reconcileChildFibers (E:\VSCode_Repo\tech-oblivion-wpHeadless\node_modules\react-dom\cjs\react-dom.development.js:14057:16)
          at reconcileChildren (E:\VSCode_Repo\tech-oblivion-wpHeadless\node_modules\react-dom\cjs\react-dom.development.js:19186:28)
          at updateHostComponent (E:\VSCode_Repo\tech-oblivion-wpHeadless\node_modules\react-dom\cjs\react-dom.development.js:19953:3)
          at beginWork (E:\VSCode_Repo\tech-oblivion-wpHeadless\node_modules\react-dom\cjs\react-dom.development.js:21657:14)
          at beginWork$1 (E:\VSCode_Repo\tech-oblivion-wpHeadless\node_modules\react-dom\cjs\react-dom.development.js:27465:14)
          at performUnitOfWork (E:\VSCode_Repo\tech-oblivion-wpHeadless\node_modules\react-dom\cjs\react-dom.development.js:26599:12)
          at workLoopSync (E:\VSCode_Repo\tech-oblivion-wpHeadless\node_modules\react-dom\cjs\react-dom.development.js:26505:5)
          at renderRootSync (E:\VSCode_Repo\tech-oblivion-wpHeadless\node_modules\react-dom\cjs\react-dom.development.js:26473:7)
          at recoverFromConcurrentError (E:\VSCode_Repo\tech-oblivion-wpHeadless\node_modules\react-dom\cjs\react-dom.development.js:25889:20)
          at performSyncWorkOnRoot (E:\VSCode_Repo\tech-oblivion-wpHeadless\node_modules\react-dom\cjs\react-dom.development.js:26135:20)
          at flushSyncCallbacks (E:\VSCode_Repo\tech-oblivion-wpHeadless\node_modules\react-dom\cjs\react-dom.development.js:12042:22)
          at E:\VSCode_Repo\tech-oblivion-wpHeadless\node_modules\react-dom\cjs\react-dom.development.js:25690:13
          at invokeTheCallbackFunction (E:\VSCode_Repo\tech-oblivion-wpHeadless\node_modules\jest-environment-jsdom\node_modules\jsdom\lib\jsdom\living\generated\Function.js:19:26)
          at E:\VSCode_Repo\tech-oblivion-wpHeadless\node_modules\jest-environment-jsdom\node_modules\jsdom\lib\jsdom\browser\Window.js:554:9
          at node:internal/process/task_queues:151:7
          at AsyncResource.runInAsyncScope (node:async_hooks:214:14)
          at AsyncResource.runMicrotask (node:internal/process/task_queues:148:8) {
        componentStack: '\n' +
          '    at div\n' +
          '    at InnerDashboard (E:\\VSCode_Repo\\tech-oblivion-wpHeadless\\src\\components\\dashboard\\FullDashboard.tsx:110:39)\n' +
          '    at children (E:\\VSCode_Repo\\tech-oblivion-wpHeadless\\src\\contexts\\metrics-context.tsx:52:35)\n' +
          '    at FullDashboard\n' +
          '    at useLoadableModule (E:\\VSCode_Repo\\tech-oblivion-wpHeadless\\node_modules\\next\\src\\shared\\lib\\loadable.shared-runtime.tsx:124:5)\n' +
          '    at DashboardClientShell\n' +
          '    at ErrorBoundary (E:\\VSCode_Repo\\tech-oblivion-wpHeadless\\src\\components\\error-boundary.tsx:11:5)\n' +
          '    at children (E:\\VSCode_Repo\\tech-oblivion-wpHeadless\\src\\__tests__\\TestErrorBoundary.tsx:4:45)'
      }

    [0m [90m 16 |[39m   }
     [90m 17 |[39m   componentDidCatch(error[33m:[39m [33mError[39m[33m,[39m info[33m:[39m [33mReact[39m[33m.[39m[33mErrorInfo[39m) {
    [31m[1m>[22m[39m[90m 18 |[39m     console[33m.[39merror([32m'ErrorBoundary caught'[39m[33m,[39m error[33m,[39m info)
     [90m    |[39m             [31m[1m^[22m[39m
     [90m 19 |[39m     toast({
     [90m 20 |[39m       title[33m:[39m [32m"Something went wrong"[39m[33m,[39m
     [90m 21 |[39m       description[33m:[39m [32m"An unexpected error occurred. Please try refreshing the page."[39m[33m,[39m[0m

      at ErrorBoundary.error [as componentDidCatch] (src/components/error-boundary.tsx:18:13)
      at ErrorBoundary.callback (node_modules/react-dom/cjs/react-dom.development.js:18785:12)
      at callCallback (node_modules/react-dom/cjs/react-dom.development.js:15036:12)
      at commitUpdateQueue (node_modules/react-dom/cjs/react-dom.development.js:15057:9)
      at commitLayoutEffectOnFiber (node_modules/react-dom/cjs/react-dom.development.js:23403:13)
      at commitLayoutMountEffects_complete (node_modules/react-dom/cjs/react-dom.development.js:24727:9)
      at commitLayoutEffects_begin (node_modules/react-dom/cjs/react-dom.development.js:24713:7)
      at commitLayoutEffects (node_modules/react-dom/cjs/react-dom.development.js:24651:3)
      at commitRootImpl (node_modules/react-dom/cjs/react-dom.development.js:26862:5)
      at commitRoot (node_modules/react-dom/cjs/react-dom.development.js:26721:5)
      at performSyncWorkOnRoot (node_modules/react-dom/cjs/react-dom.development.js:26156:3)
      at flushSyncCallbacks (node_modules/react-dom/cjs/react-dom.development.js:12042:22)
      at node_modules/react-dom/cjs/react-dom.development.js:25690:13

    console.error
      Warning: React.jsx: type is invalid -- expected a string (for built-in components) or a class/function (for composite components) but got: object. You likely forgot to export your component from the file it's defined in, or you might have mixed up default and named imports.
      
      Check the render method of `InnerDashboard`.
          at InnerDashboard (E:\VSCode_Repo\tech-oblivion-wpHeadless\src\components\dashboard\FullDashboard.tsx:110:39)
          at children (E:\VSCode_Repo\tech-oblivion-wpHeadless\src\contexts\metrics-context.tsx:52:35)
          at FullDashboard
          at ErrorBoundary (E:\VSCode_Repo\tech-oblivion-wpHeadless\src\components\error-boundary.tsx:11:5)
          at children (E:\VSCode_Repo\tech-oblivion-wpHeadless\src\__tests__\TestErrorBoundary.tsx:4:45)

    [0m [90m 171 |[39m         [33m<[39m[33mControls[39m [33m/[39m[33m>[39m
     [90m 172 |[39m       [33m<[39m[33m/[39m[33mdiv[39m[33m>[39m
    [31m[1m>[22m[39m[90m 173 |[39m       [33m<[39m[33mGridLayout[39m
     [90m     |[39m       [31m[1m^[22m[39m
     [90m 174 |[39m         className[33m=[39m[32m"layout"[39m
     [90m 175 |[39m         cols[33m=[39m{cols}
     [90m 176 |[39m         rowHeight[33m=[39m{rowHeight}[0m

      at printWarning (node_modules/react/cjs/react-jsx-runtime.development.js:87:30)
      at error (node_modules/react/cjs/react-jsx-runtime.development.js:61:7)
      at jsxWithValidation (node_modules/react/cjs/react-jsx-runtime.development.js:1245:7)
      at jsxWithValidationStatic (node_modules/react/cjs/react-jsx-runtime.development.js:1315:12)
      at InnerDashboard (src/components/dashboard/FullDashboard.tsx:173:7)
      at renderWithHooks (node_modules/react-dom/cjs/react-dom.development.js:15486:18)
      at mountIndeterminateComponent (node_modules/react-dom/cjs/react-dom.development.js:20103:13)
      at beginWork (node_modules/react-dom/cjs/react-dom.development.js:21626:16)
      at beginWork$1 (node_modules/react-dom/cjs/react-dom.development.js:27465:14)
      at performUnitOfWork (node_modules/react-dom/cjs/react-dom.development.js:26599:12)
      at workLoopSync (node_modules/react-dom/cjs/react-dom.development.js:26505:5)
      at renderRootSync (node_modules/react-dom/cjs/react-dom.development.js:26473:7)
      at performConcurrentWorkOnRoot (node_modules/react-dom/cjs/react-dom.development.js:25777:74)
      at flushActQueue (node_modules/react/cjs/react.development.js:2667:24)
      at act (node_modules/react/cjs/react.development.js:2582:11)
      at node_modules/@testing-library/react/dist/act-compat.js:47:25
      at renderRoot (node_modules/@testing-library/react/dist/pure.js:190:26)
      at render (node_modules/@testing-library/react/dist/pure.js:292:10)
      at Object.<anonymous> (src/__tests__/components.smoke.test.tsx:32:41)

    console.error
      Error: Uncaught [Error: Element type is invalid: expected a string (for built-in components) or a class/function (for composite components) but got: object. You likely forgot to export your component from the file it's defined in, or you might have mixed up default and named imports.
      
      Check the render method of `InnerDashboard`.]
          at Object.<anonymous> (E:\VSCode_Repo\tech-oblivion-wpHeadless\src\__tests__\components.smoke.test.tsx:32:41) {
        detail: Error: Element type is invalid: expected a string (for built-in components) or a class/function (for composite components) but got: object. You likely forgot to export your component from the file it's defined in, or you might have mixed up default and named imports.
        
        Check the render method of `InnerDashboard`.
            at createFiberFromTypeAndProps (E:\VSCode_Repo\tech-oblivion-wpHeadless\node_modules\react-dom\cjs\react-dom.development.js:28478:17)
            at createFiberFromElement (E:\VSCode_Repo\tech-oblivion-wpHeadless\node_modules\react-dom\cjs\react-dom.development.js:28504:15)
            at createChild (E:\VSCode_Repo\tech-oblivion-wpHeadless\node_modules\react-dom\cjs\react-dom.development.js:13345:28)
            at reconcileChildrenArray (E:\VSCode_Repo\tech-oblivion-wpHeadless\node_modules\react-dom\cjs\react-dom.development.js:13640:25)
            at reconcileChildFibers (E:\VSCode_Repo\tech-oblivion-wpHeadless\node_modules\react-dom\cjs\react-dom.development.js:14057:16)
            at reconcileChildren (E:\VSCode_Repo\tech-oblivion-wpHeadless\node_modules\react-dom\cjs\react-dom.development.js:19186:28)
            at updateHostComponent (E:\VSCode_Repo\tech-oblivion-wpHeadless\node_modules\react-dom\cjs\react-dom.development.js:19953:3)
            at beginWork (E:\VSCode_Repo\tech-oblivion-wpHeadless\node_modules\react-dom\cjs\react-dom.development.js:21657:14)
            at HTMLUnknownElement.callCallback (E:\VSCode_Repo\tech-oblivion-wpHeadless\node_modules\react-dom\cjs\react-dom.development.js:4164:14)
            at HTMLUnknownElement.callTheUserObjectsOperation (E:\VSCode_Repo\tech-oblivion-wpHeadless\node_modules\jest-environment-jsdom\node_modules\jsdom\lib\jsdom\living\generated\EventListener.js:26:30)
            at innerInvokeEventListeners (E:\VSCode_Repo\tech-oblivion-wpHeadless\node_modules\jest-environment-jsdom\node_modules\jsdom\lib\jsdom\living\events\EventTarget-impl.js:350:25)
            at invokeEventListeners (E:\VSCode_Repo\tech-oblivion-wpHeadless\node_modules\jest-environment-jsdom\node_modules\jsdom\lib\jsdom\living\events\EventTarget-impl.js:286:3)
            at HTMLUnknownElementImpl._dispatch (E:\VSCode_Repo\tech-oblivion-wpHeadless\node_modules\jest-environment-jsdom\node_modules\jsdom\lib\jsdom\living\events\EventTarget-impl.js:233:9)
            at HTMLUnknownElementImpl.dispatchEvent (E:\VSCode_Repo\tech-oblivion-wpHeadless\node_modules\jest-environment-jsdom\node_modules\jsdom\lib\jsdom\living\events\EventTarget-impl.js:104:17)
            at HTMLUnknownElement.dispatchEvent (E:\VSCode_Repo\tech-oblivion-wpHeadless\node_modules\jest-environment-jsdom\node_modules\jsdom\lib\jsdom\living\generated\EventTarget.js:241:34)
            at Object.invokeGuardedCallbackDev (E:\VSCode_Repo\tech-oblivion-wpHeadless\node_modules\react-dom\cjs\react-dom.development.js:4213:16)
            at invokeGuardedCallback (E:\VSCode_Repo\tech-oblivion-wpHeadless\node_modules\react-dom\cjs\react-dom.development.js:4277:31)
            at beginWork$1 (E:\VSCode_Repo\tech-oblivion-wpHeadless\node_modules\react-dom\cjs\react-dom.development.js:27490:7)
            at performUnitOfWork (E:\VSCode_Repo\tech-oblivion-wpHeadless\node_modules\react-dom\cjs\react-dom.development.js:26599:12)
            at workLoopSync (E:\VSCode_Repo\tech-oblivion-wpHeadless\node_modules\react-dom\cjs\react-dom.development.js:26505:5)
            at renderRootSync (E:\VSCode_Repo\tech-oblivion-wpHeadless\node_modules\react-dom\cjs\react-dom.development.js:26473:7)
            at performConcurrentWorkOnRoot (E:\VSCode_Repo\tech-oblivion-wpHeadless\node_modules\react-dom\cjs\react-dom.development.js:25777:74)
            at flushActQueue (E:\VSCode_Repo\tech-oblivion-wpHeadless\node_modules\react\cjs\react.development.js:2667:24)
            at act (E:\VSCode_Repo\tech-oblivion-wpHeadless\node_modules\react\cjs\react.development.js:2582:11)
            at E:\VSCode_Repo\tech-oblivion-wpHeadless\node_modules\@testing-library\react\dist\act-compat.js:47:25
            at renderRoot (E:\VSCode_Repo\tech-oblivion-wpHeadless\node_modules\@testing-library\react\dist\pure.js:190:26)
            at render (E:\VSCode_Repo\tech-oblivion-wpHeadless\node_modules\@testing-library\react\dist\pure.js:292:10)
            at Object.<anonymous> (E:\VSCode_Repo\tech-oblivion-wpHeadless\src\__tests__\components.smoke.test.tsx:32:41),
        type: 'unhandled exception'
      }

    [0m [90m 30 |[39m       [36mif[39m ([36mtypeof[39m [33mC[39m [33m===[39m [32m'function'[39m) {
     [90m 31 |[39m         [90m// Try render with no props[39m
    [31m[1m>[22m[39m[90m 32 |[39m         [36mconst[39m { queryByTestId } [33m=[39m render(
     [90m    |[39m                                         [31m[1m^[22m[39m
     [90m 33 |[39m           [33m<[39m[33mErrorBoundary[39m[33m>[39m
     [90m 34 |[39m             {[33mReact[39m[33m.[39mcreateElement([33mC[39m [36mas[39m any)}
     [90m 35 |[39m           [33m<[39m[33m/[39m[33mErrorBoundary[39m[33m>[39m[0m

      at VirtualConsole.<anonymous> (node_modules/jest-environment-jsdom/build/index.js:63:23)
      at Object.invokeGuardedCallbackDev (node_modules/react-dom/cjs/react-dom.development.js:4213:16)
      at invokeGuardedCallback (node_modules/react-dom/cjs/react-dom.development.js:4277:31)
      at beginWork$1 (node_modules/react-dom/cjs/react-dom.development.js:27490:7)
      at performUnitOfWork (node_modules/react-dom/cjs/react-dom.development.js:26599:12)
      at workLoopSync (node_modules/react-dom/cjs/react-dom.development.js:26505:5)
      at renderRootSync (node_modules/react-dom/cjs/react-dom.development.js:26473:7)
      at performConcurrentWorkOnRoot (node_modules/react-dom/cjs/react-dom.development.js:25777:74)
      at flushActQueue (node_modules/react/cjs/react.development.js:2667:24)
      at act (node_modules/react/cjs/react.development.js:2582:11)
      at node_modules/@testing-library/react/dist/act-compat.js:47:25
      at renderRoot (node_modules/@testing-library/react/dist/pure.js:190:26)
      at render (node_modules/@testing-library/react/dist/pure.js:292:10)
      at Object.<anonymous> (src/__tests__/components.smoke.test.tsx:32:41)

    console.error
      Warning: React.jsx: type is invalid -- expected a string (for built-in components) or a class/function (for composite components) but got: object. You likely forgot to export your component from the file it's defined in, or you might have mixed up default and named imports.
      
      Check the render method of `InnerDashboard`.
          at InnerDashboard (E:\VSCode_Repo\tech-oblivion-wpHeadless\src\components\dashboard\FullDashboard.tsx:110:39)
          at children (E:\VSCode_Repo\tech-oblivion-wpHeadless\src\contexts\metrics-context.tsx:52:35)
          at FullDashboard
          at ErrorBoundary (E:\VSCode_Repo\tech-oblivion-wpHeadless\src\components\error-boundary.tsx:11:5)
          at children (E:\VSCode_Repo\tech-oblivion-wpHeadless\src\__tests__\TestErrorBoundary.tsx:4:45)

    [0m [90m 171 |[39m         [33m<[39m[33mControls[39m [33m/[39m[33m>[39m
     [90m 172 |[39m       [33m<[39m[33m/[39m[33mdiv[39m[33m>[39m
    [31m[1m>[22m[39m[90m 173 |[39m       [33m<[39m[33mGridLayout[39m
     [90m     |[39m       [31m[1m^[22m[39m
     [90m 174 |[39m         className[33m=[39m[32m"layout"[39m
     [90m 175 |[39m         cols[33m=[39m{cols}
     [90m 176 |[39m         rowHeight[33m=[39m{rowHeight}[0m

      at printWarning (node_modules/react/cjs/react-jsx-runtime.development.js:87:30)
      at error (node_modules/react/cjs/react-jsx-runtime.development.js:61:7)
      at jsxWithValidation (node_modules/react/cjs/react-jsx-runtime.development.js:1245:7)
      at jsxWithValidationStatic (node_modules/react/cjs/react-jsx-runtime.development.js:1315:12)
      at InnerDashboard (src/components/dashboard/FullDashboard.tsx:173:7)
      at renderWithHooks (node_modules/react-dom/cjs/react-dom.development.js:15486:18)
      at mountIndeterminateComponent (node_modules/react-dom/cjs/react-dom.development.js:20103:13)
      at beginWork (node_modules/react-dom/cjs/react-dom.development.js:21626:16)
      at beginWork$1 (node_modules/react-dom/cjs/react-dom.development.js:27465:14)
      at performUnitOfWork (node_modules/react-dom/cjs/react-dom.development.js:26599:12)
      at workLoopSync (node_modules/react-dom/cjs/react-dom.development.js:26505:5)
      at renderRootSync (node_modules/react-dom/cjs/react-dom.development.js:26473:7)
      at recoverFromConcurrentError (node_modules/react-dom/cjs/react-dom.development.js:25889:20)
      at performConcurrentWorkOnRoot (node_modules/react-dom/cjs/react-dom.development.js:25789:22)
      at flushActQueue (node_modules/react/cjs/react.development.js:2667:24)
      at act (node_modules/react/cjs/react.development.js:2582:11)
      at node_modules/@testing-library/react/dist/act-compat.js:47:25
      at renderRoot (node_modules/@testing-library/react/dist/pure.js:190:26)
      at render (node_modules/@testing-library/react/dist/pure.js:292:10)
      at Object.<anonymous> (src/__tests__/components.smoke.test.tsx:32:41)

    console.error
      Error: Uncaught [Error: Element type is invalid: expected a string (for built-in components) or a class/function (for composite components) but got: object. You likely forgot to export your component from the file it's defined in, or you might have mixed up default and named imports.
      
      Check the render method of `InnerDashboard`.]
          at Object.<anonymous> (E:\VSCode_Repo\tech-oblivion-wpHeadless\src\__tests__\components.smoke.test.tsx:32:41) {
        detail: Error: Element type is invalid: expected a string (for built-in components) or a class/function (for composite components) but got: object. You likely forgot to export your component from the file it's defined in, or you might have mixed up default and named imports.
        
        Check the render method of `InnerDashboard`.
            at createFiberFromTypeAndProps (E:\VSCode_Repo\tech-oblivion-wpHeadless\node_modules\react-dom\cjs\react-dom.development.js:28478:17)
            at createFiberFromElement (E:\VSCode_Repo\tech-oblivion-wpHeadless\node_modules\react-dom\cjs\react-dom.development.js:28504:15)
            at createChild (E:\VSCode_Repo\tech-oblivion-wpHeadless\node_modules\react-dom\cjs\react-dom.development.js:13345:28)
            at reconcileChildrenArray (E:\VSCode_Repo\tech-oblivion-wpHeadless\node_modules\react-dom\cjs\react-dom.development.js:13640:25)
            at reconcileChildFibers (E:\VSCode_Repo\tech-oblivion-wpHeadless\node_modules\react-dom\cjs\react-dom.development.js:14057:16)
            at reconcileChildren (E:\VSCode_Repo\tech-oblivion-wpHeadless\node_modules\react-dom\cjs\react-dom.development.js:19186:28)
            at updateHostComponent (E:\VSCode_Repo\tech-oblivion-wpHeadless\node_modules\react-dom\cjs\react-dom.development.js:19953:3)
            at beginWork (E:\VSCode_Repo\tech-oblivion-wpHeadless\node_modules\react-dom\cjs\react-dom.development.js:21657:14)
            at HTMLUnknownElement.callCallback (E:\VSCode_Repo\tech-oblivion-wpHeadless\node_modules\react-dom\cjs\react-dom.development.js:4164:14)
            at HTMLUnknownElement.callTheUserObjectsOperation (E:\VSCode_Repo\tech-oblivion-wpHeadless\node_modules\jest-environment-jsdom\node_modules\jsdom\lib\jsdom\living\generated\EventListener.js:26:30)
            at innerInvokeEventListeners (E:\VSCode_Repo\tech-oblivion-wpHeadless\node_modules\jest-environment-jsdom\node_modules\jsdom\lib\jsdom\living\events\EventTarget-impl.js:350:25)
            at invokeEventListeners (E:\VSCode_Repo\tech-oblivion-wpHeadless\node_modules\jest-environment-jsdom\node_modules\jsdom\lib\jsdom\living\events\EventTarget-impl.js:286:3)
            at HTMLUnknownElementImpl._dispatch (E:\VSCode_Repo\tech-oblivion-wpHeadless\node_modules\jest-environment-jsdom\node_modules\jsdom\lib\jsdom\living\events\EventTarget-impl.js:233:9)
            at HTMLUnknownElementImpl.dispatchEvent (E:\VSCode_Repo\tech-oblivion-wpHeadless\node_modules\jest-environment-jsdom\node_modules\jsdom\lib\jsdom\living\events\EventTarget-impl.js:104:17)
            at HTMLUnknownElement.dispatchEvent (E:\VSCode_Repo\tech-oblivion-wpHeadless\node_modules\jest-environment-jsdom\node_modules\jsdom\lib\jsdom\living\generated\EventTarget.js:241:34)
            at Object.invokeGuardedCallbackDev (E:\VSCode_Repo\tech-oblivion-wpHeadless\node_modules\react-dom\cjs\react-dom.development.js:4213:16)
            at invokeGuardedCallback (E:\VSCode_Repo\tech-oblivion-wpHeadless\node_modules\react-dom\cjs\react-dom.development.js:4277:31)
            at beginWork$1 (E:\VSCode_Repo\tech-oblivion-wpHeadless\node_modules\react-dom\cjs\react-dom.development.js:27490:7)
            at performUnitOfWork (E:\VSCode_Repo\tech-oblivion-wpHeadless\node_modules\react-dom\cjs\react-dom.development.js:26599:12)
            at workLoopSync (E:\VSCode_Repo\tech-oblivion-wpHeadless\node_modules\react-dom\cjs\react-dom.development.js:26505:5)
            at renderRootSync (E:\VSCode_Repo\tech-oblivion-wpHeadless\node_modules\react-dom\cjs\react-dom.development.js:26473:7)
            at recoverFromConcurrentError (E:\VSCode_Repo\tech-oblivion-wpHeadless\node_modules\react-dom\cjs\react-dom.development.js:25889:20)
            at performConcurrentWorkOnRoot (E:\VSCode_Repo\tech-oblivion-wpHeadless\node_modules\react-dom\cjs\react-dom.development.js:25789:22)
            at flushActQueue (E:\VSCode_Repo\tech-oblivion-wpHeadless\node_modules\react\cjs\react.development.js:2667:24)
            at act (E:\VSCode_Repo\tech-oblivion-wpHeadless\node_modules\react\cjs\react.development.js:2582:11)
            at E:\VSCode_Repo\tech-oblivion-wpHeadless\node_modules\@testing-library\react\dist\act-compat.js:47:25
            at renderRoot (E:\VSCode_Repo\tech-oblivion-wpHeadless\node_modules\@testing-library\react\dist\pure.js:190:26)
            at render (E:\VSCode_Repo\tech-oblivion-wpHeadless\node_modules\@testing-library\react\dist\pure.js:292:10)
            at Object.<anonymous> (E:\VSCode_Repo\tech-oblivion-wpHeadless\src\__tests__\components.smoke.test.tsx:32:41),
        type: 'unhandled exception'
      }

    [0m [90m 30 |[39m       [36mif[39m ([36mtypeof[39m [33mC[39m [33m===[39m [32m'function'[39m) {
     [90m 31 |[39m         [90m// Try render with no props[39m
    [31m[1m>[22m[39m[90m 32 |[39m         [36mconst[39m { queryByTestId } [33m=[39m render(
     [90m    |[39m                                         [31m[1m^[22m[39m
     [90m 33 |[39m           [33m<[39m[33mErrorBoundary[39m[33m>[39m
     [90m 34 |[39m             {[33mReact[39m[33m.[39mcreateElement([33mC[39m [36mas[39m any)}
     [90m 35 |[39m           [33m<[39m[33m/[39m[33mErrorBoundary[39m[33m>[39m[0m

      at VirtualConsole.<anonymous> (node_modules/jest-environment-jsdom/build/index.js:63:23)
      at Object.invokeGuardedCallbackDev (node_modules/react-dom/cjs/react-dom.development.js:4213:16)
      at invokeGuardedCallback (node_modules/react-dom/cjs/react-dom.development.js:4277:31)
      at beginWork$1 (node_modules/react-dom/cjs/react-dom.development.js:27490:7)
      at performUnitOfWork (node_modules/react-dom/cjs/react-dom.development.js:26599:12)
      at workLoopSync (node_modules/react-dom/cjs/react-dom.development.js:26505:5)
      at renderRootSync (node_modules/react-dom/cjs/react-dom.development.js:26473:7)
      at recoverFromConcurrentError (node_modules/react-dom/cjs/react-dom.development.js:25889:20)
      at performConcurrentWorkOnRoot (node_modules/react-dom/cjs/react-dom.development.js:25789:22)
      at flushActQueue (node_modules/react/cjs/react.development.js:2667:24)
      at act (node_modules/react/cjs/react.development.js:2582:11)
      at node_modules/@testing-library/react/dist/act-compat.js:47:25
      at renderRoot (node_modules/@testing-library/react/dist/pure.js:190:26)
      at render (node_modules/@testing-library/react/dist/pure.js:292:10)
      at Object.<anonymous> (src/__tests__/components.smoke.test.tsx:32:41)

    console.error
      The above error occurred in the <div> component:
      
          at div
          at InnerDashboard (E:\VSCode_Repo\tech-oblivion-wpHeadless\src\components\dashboard\FullDashboard.tsx:110:39)
          at children (E:\VSCode_Repo\tech-oblivion-wpHeadless\src\contexts\metrics-context.tsx:52:35)
          at FullDashboard
          at ErrorBoundary (E:\VSCode_Repo\tech-oblivion-wpHeadless\src\components\error-boundary.tsx:11:5)
          at children (E:\VSCode_Repo\tech-oblivion-wpHeadless\src\__tests__\TestErrorBoundary.tsx:4:45)
      
      React will try to recreate this component tree from scratch using the error boundary you provided, ErrorBoundary.

    [0m [90m 30 |[39m       [36mif[39m ([36mtypeof[39m [33mC[39m [33m===[39m [32m'function'[39m) {
     [90m 31 |[39m         [90m// Try render with no props[39m
    [31m[1m>[22m[39m[90m 32 |[39m         [36mconst[39m { queryByTestId } [33m=[39m render(
     [90m    |[39m                                         [31m[1m^[22m[39m
     [90m 33 |[39m           [33m<[39m[33mErrorBoundary[39m[33m>[39m
     [90m 34 |[39m             {[33mReact[39m[33m.[39mcreateElement([33mC[39m [36mas[39m any)}
     [90m 35 |[39m           [33m<[39m[33m/[39m[33mErrorBoundary[39m[33m>[39m[0m

      at logCapturedError (node_modules/react-dom/cjs/react-dom.development.js:18704:23)
      at ErrorBoundary.callback (node_modules/react-dom/cjs/react-dom.development.js:18772:7)
      at callCallback (node_modules/react-dom/cjs/react-dom.development.js:15036:12)
      at commitUpdateQueue (node_modules/react-dom/cjs/react-dom.development.js:15057:9)
      at commitLayoutEffectOnFiber (node_modules/react-dom/cjs/react-dom.development.js:23403:13)
      at commitLayoutMountEffects_complete (node_modules/react-dom/cjs/react-dom.development.js:24727:9)
      at commitLayoutEffects_begin (node_modules/react-dom/cjs/react-dom.development.js:24713:7)
      at commitLayoutEffects (node_modules/react-dom/cjs/react-dom.development.js:24651:3)
      at commitRootImpl (node_modules/react-dom/cjs/react-dom.development.js:26862:5)
      at commitRoot (node_modules/react-dom/cjs/react-dom.development.js:26721:5)
      at finishConcurrentRender (node_modules/react-dom/cjs/react-dom.development.js:25931:9)
      at performConcurrentWorkOnRoot (node_modules/react-dom/cjs/react-dom.development.js:25848:7)
      at flushActQueue (node_modules/react/cjs/react.development.js:2667:24)
      at act (node_modules/react/cjs/react.development.js:2582:11)
      at node_modules/@testing-library/react/dist/act-compat.js:47:25
      at renderRoot (node_modules/@testing-library/react/dist/pure.js:190:26)
      at render (node_modules/@testing-library/react/dist/pure.js:292:10)
      at Object.<anonymous> (src/__tests__/components.smoke.test.tsx:32:41)

    console.error
      ErrorBoundary caught Error: Element type is invalid: expected a string (for built-in components) or a class/function (for composite components) but got: object. You likely forgot to export your component from the file it's defined in, or you might have mixed up default and named imports.
      
      Check the render method of `InnerDashboard`.
          at createFiberFromTypeAndProps (E:\VSCode_Repo\tech-oblivion-wpHeadless\node_modules\react-dom\cjs\react-dom.development.js:28478:17)
          at createFiberFromElement (E:\VSCode_Repo\tech-oblivion-wpHeadless\node_modules\react-dom\cjs\react-dom.development.js:28504:15)
          at createChild (E:\VSCode_Repo\tech-oblivion-wpHeadless\node_modules\react-dom\cjs\react-dom.development.js:13345:28)
          at reconcileChildrenArray (E:\VSCode_Repo\tech-oblivion-wpHeadless\node_modules\react-dom\cjs\react-dom.development.js:13640:25)
          at reconcileChildFibers (E:\VSCode_Repo\tech-oblivion-wpHeadless\node_modules\react-dom\cjs\react-dom.development.js:14057:16)
          at reconcileChildren (E:\VSCode_Repo\tech-oblivion-wpHeadless\node_modules\react-dom\cjs\react-dom.development.js:19186:28)
          at updateHostComponent (E:\VSCode_Repo\tech-oblivion-wpHeadless\node_modules\react-dom\cjs\react-dom.development.js:19953:3)
          at beginWork (E:\VSCode_Repo\tech-oblivion-wpHeadless\node_modules\react-dom\cjs\react-dom.development.js:21657:14)
          at beginWork$1 (E:\VSCode_Repo\tech-oblivion-wpHeadless\node_modules\react-dom\cjs\react-dom.development.js:27465:14)
          at performUnitOfWork (E:\VSCode_Repo\tech-oblivion-wpHeadless\node_modules\react-dom\cjs\react-dom.development.js:26599:12)
          at workLoopSync (E:\VSCode_Repo\tech-oblivion-wpHeadless\node_modules\react-dom\cjs\react-dom.development.js:26505:5)
          at renderRootSync (E:\VSCode_Repo\tech-oblivion-wpHeadless\node_modules\react-dom\cjs\react-dom.development.js:26473:7)
          at recoverFromConcurrentError (E:\VSCode_Repo\tech-oblivion-wpHeadless\node_modules\react-dom\cjs\react-dom.development.js:25889:20)
          at performConcurrentWorkOnRoot (E:\VSCode_Repo\tech-oblivion-wpHeadless\node_modules\react-dom\cjs\react-dom.development.js:25789:22)
          at flushActQueue (E:\VSCode_Repo\tech-oblivion-wpHeadless\node_modules\react\cjs\react.development.js:2667:24)
          at act (E:\VSCode_Repo\tech-oblivion-wpHeadless\node_modules\react\cjs\react.development.js:2582:11)
          at E:\VSCode_Repo\tech-oblivion-wpHeadless\node_modules\@testing-library\react\dist\act-compat.js:47:25
          at renderRoot (E:\VSCode_Repo\tech-oblivion-wpHeadless\node_modules\@testing-library\react\dist\pure.js:190:26)
          at render (E:\VSCode_Repo\tech-oblivion-wpHeadless\node_modules\@testing-library\react\dist\pure.js:292:10)
          at Object.<anonymous> (E:\VSCode_Repo\tech-oblivion-wpHeadless\src\__tests__\components.smoke.test.tsx:32:41) {
        componentStack: '\n' +
          '    at div\n' +
          '    at InnerDashboard (E:\\VSCode_Repo\\tech-oblivion-wpHeadless\\src\\components\\dashboard\\FullDashboard.tsx:110:39)\n' +
          '    at children (E:\\VSCode_Repo\\tech-oblivion-wpHeadless\\src\\contexts\\metrics-context.tsx:52:35)\n' +
          '    at FullDashboard\n' +
          '    at ErrorBoundary (E:\\VSCode_Repo\\tech-oblivion-wpHeadless\\src\\components\\error-boundary.tsx:11:5)\n' +
          '    at children (E:\\VSCode_Repo\\tech-oblivion-wpHeadless\\src\\__tests__\\TestErrorBoundary.tsx:4:45)'
      }

    [0m [90m 16 |[39m   }
     [90m 17 |[39m   componentDidCatch(error[33m:[39m [33mError[39m[33m,[39m info[33m:[39m [33mReact[39m[33m.[39m[33mErrorInfo[39m) {
    [31m[1m>[22m[39m[90m 18 |[39m     console[33m.[39merror([32m'ErrorBoundary caught'[39m[33m,[39m error[33m,[39m info)
     [90m    |[39m             [31m[1m^[22m[39m
     [90m 19 |[39m     toast({
     [90m 20 |[39m       title[33m:[39m [32m"Something went wrong"[39m[33m,[39m
     [90m 21 |[39m       description[33m:[39m [32m"An unexpected error occurred. Please try refreshing the page."[39m[33m,[39m[0m

      at ErrorBoundary.error [as componentDidCatch] (src/components/error-boundary.tsx:18:13)
      at ErrorBoundary.callback (node_modules/react-dom/cjs/react-dom.development.js:18785:12)
      at callCallback (node_modules/react-dom/cjs/react-dom.development.js:15036:12)
      at commitUpdateQueue (node_modules/react-dom/cjs/react-dom.development.js:15057:9)
      at commitLayoutEffectOnFiber (node_modules/react-dom/cjs/react-dom.development.js:23403:13)
      at commitLayoutMountEffects_complete (node_modules/react-dom/cjs/react-dom.development.js:24727:9)
      at commitLayoutEffects_begin (node_modules/react-dom/cjs/react-dom.development.js:24713:7)
      at commitLayoutEffects (node_modules/react-dom/cjs/react-dom.development.js:24651:3)
      at commitRootImpl (node_modules/react-dom/cjs/react-dom.development.js:26862:5)
      at commitRoot (node_modules/react-dom/cjs/react-dom.development.js:26721:5)
      at finishConcurrentRender (node_modules/react-dom/cjs/react-dom.development.js:25931:9)
      at performConcurrentWorkOnRoot (node_modules/react-dom/cjs/react-dom.development.js:25848:7)
      at flushActQueue (node_modules/react/cjs/react.development.js:2667:24)
      at act (node_modules/react/cjs/react.development.js:2582:11)
      at node_modules/@testing-library/react/dist/act-compat.js:47:25
      at renderRoot (node_modules/@testing-library/react/dist/pure.js:190:26)
      at render (node_modules/@testing-library/react/dist/pure.js:292:10)
      at Object.<anonymous> (src/__tests__/components.smoke.test.tsx:32:41)

    console.error
      Warning: React.jsx: type is invalid -- expected a string (for built-in components) or a class/function (for composite components) but got: object. You likely forgot to export your component from the file it's defined in, or you might have mixed up default and named imports.
      
      Check the render method of `SectionRenderer`.
          at section (E:\VSCode_Repo\tech-oblivion-wpHeadless\src\components\dashboard\SectionRenderer.tsx:15:43)
          at ErrorBoundary (E:\VSCode_Repo\tech-oblivion-wpHeadless\src\components\error-boundary.tsx:11:5)
          at children (E:\VSCode_Repo\tech-oblivion-wpHeadless\src\__tests__\TestErrorBoundary.tsx:4:45)

    [0m [90m 37 |[39m   [36mreturn[39m (
     [90m 38 |[39m     [33m<[39m[33mdiv[39m className[33m=[39m[32m"space-y-3"[39m[33m>[39m
    [31m[1m>[22m[39m[90m 39 |[39m       [33m<[39m[33mGridLayout[39m
     [90m    |[39m       [31m[1m^[22m[39m
     [90m 40 |[39m         className[33m=[39m[32m"layout"[39m
     [90m 41 |[39m         cols[33m=[39m{[35m12[39m}
     [90m 42 |[39m         rowHeight[33m=[39m{[35m48[39m}[0m

      at printWarning (node_modules/react/cjs/react-jsx-runtime.development.js:87:30)
      at error (node_modules/react/cjs/react-jsx-runtime.development.js:61:7)
      at jsxWithValidation (node_modules/react/cjs/react-jsx-runtime.development.js:1245:7)
      at jsxWithValidationDynamic (node_modules/react/cjs/react-jsx-runtime.development.js:1320:12)
      at SectionRenderer (src/components/dashboard/SectionRenderer.tsx:39:7)
      at renderWithHooks (node_modules/react-dom/cjs/react-dom.development.js:15486:18)
      at mountIndeterminateComponent (node_modules/react-dom/cjs/react-dom.development.js:20103:13)
      at beginWork (node_modules/react-dom/cjs/react-dom.development.js:21626:16)
      at beginWork$1 (node_modules/react-dom/cjs/react-dom.development.js:27465:14)
      at performUnitOfWork (node_modules/react-dom/cjs/react-dom.development.js:26599:12)
      at workLoopSync (node_modules/react-dom/cjs/react-dom.development.js:26505:5)
      at renderRootSync (node_modules/react-dom/cjs/react-dom.development.js:26473:7)
      at performConcurrentWorkOnRoot (node_modules/react-dom/cjs/react-dom.development.js:25777:74)
      at flushActQueue (node_modules/react/cjs/react.development.js:2667:24)
      at act (node_modules/react/cjs/react.development.js:2582:11)
      at node_modules/@testing-library/react/dist/act-compat.js:47:25
      at renderRoot (node_modules/@testing-library/react/dist/pure.js:190:26)
      at render (node_modules/@testing-library/react/dist/pure.js:292:10)
      at Object.<anonymous> (src/__tests__/components.smoke.test.tsx:32:41)

    console.error
      Error: Uncaught [Error: Element type is invalid: expected a string (for built-in components) or a class/function (for composite components) but got: object. You likely forgot to export your component from the file it's defined in, or you might have mixed up default and named imports.
      
      Check the render method of `SectionRenderer`.]
          at Object.<anonymous> (E:\VSCode_Repo\tech-oblivion-wpHeadless\src\__tests__\components.smoke.test.tsx:32:41) {
        detail: Error: Element type is invalid: expected a string (for built-in components) or a class/function (for composite components) but got: object. You likely forgot to export your component from the file it's defined in, or you might have mixed up default and named imports.
        
        Check the render method of `SectionRenderer`.
            at createFiberFromTypeAndProps (E:\VSCode_Repo\tech-oblivion-wpHeadless\node_modules\react-dom\cjs\react-dom.development.js:28478:17)
            at createFiberFromElement (E:\VSCode_Repo\tech-oblivion-wpHeadless\node_modules\react-dom\cjs\react-dom.development.js:28504:15)
            at reconcileSingleElement (E:\VSCode_Repo\tech-oblivion-wpHeadless\node_modules\react-dom\cjs\react-dom.development.js:13986:23)
            at reconcileChildFibers (E:\VSCode_Repo\tech-oblivion-wpHeadless\node_modules\react-dom\cjs\react-dom.development.js:14044:35)
            at reconcileChildren (E:\VSCode_Repo\tech-oblivion-wpHeadless\node_modules\react-dom\cjs\react-dom.development.js:19186:28)
            at updateHostComponent (E:\VSCode_Repo\tech-oblivion-wpHeadless\node_modules\react-dom\cjs\react-dom.development.js:19953:3)
            at beginWork (E:\VSCode_Repo\tech-oblivion-wpHeadless\node_modules\react-dom\cjs\react-dom.development.js:21657:14)
            at HTMLUnknownElement.callCallback (E:\VSCode_Repo\tech-oblivion-wpHeadless\node_modules\react-dom\cjs\react-dom.development.js:4164:14)
            at HTMLUnknownElement.callTheUserObjectsOperation (E:\VSCode_Repo\tech-oblivion-wpHeadless\node_modules\jest-environment-jsdom\node_modules\jsdom\lib\jsdom\living\generated\EventListener.js:26:30)
            at innerInvokeEventListeners (E:\VSCode_Repo\tech-oblivion-wpHeadless\node_modules\jest-environment-jsdom\node_modules\jsdom\lib\jsdom\living\events\EventTarget-impl.js:350:25)
            at invokeEventListeners (E:\VSCode_Repo\tech-oblivion-wpHeadless\node_modules\jest-environment-jsdom\node_modules\jsdom\lib\jsdom\living\events\EventTarget-impl.js:286:3)
            at HTMLUnknownElementImpl._dispatch (E:\VSCode_Repo\tech-oblivion-wpHeadless\node_modules\jest-environment-jsdom\node_modules\jsdom\lib\jsdom\living\events\EventTarget-impl.js:233:9)
            at HTMLUnknownElementImpl.dispatchEvent (E:\VSCode_Repo\tech-oblivion-wpHeadless\node_modules\jest-environment-jsdom\node_modules\jsdom\lib\jsdom\living\events\EventTarget-impl.js:104:17)
            at HTMLUnknownElement.dispatchEvent (E:\VSCode_Repo\tech-oblivion-wpHeadless\node_modules\jest-environment-jsdom\node_modules\jsdom\lib\jsdom\living\generated\EventTarget.js:241:34)
            at Object.invokeGuardedCallbackDev (E:\VSCode_Repo\tech-oblivion-wpHeadless\node_modules\react-dom\cjs\react-dom.development.js:4213:16)
            at invokeGuardedCallback (E:\VSCode_Repo\tech-oblivion-wpHeadless\node_modules\react-dom\cjs\react-dom.development.js:4277:31)
            at beginWork$1 (E:\VSCode_Repo\tech-oblivion-wpHeadless\node_modules\react-dom\cjs\react-dom.development.js:27490:7)
            at performUnitOfWork (E:\VSCode_Repo\tech-oblivion-wpHeadless\node_modules\react-dom\cjs\react-dom.development.js:26599:12)
            at workLoopSync (E:\VSCode_Repo\tech-oblivion-wpHeadless\node_modules\react-dom\cjs\react-dom.development.js:26505:5)
            at renderRootSync (E:\VSCode_Repo\tech-oblivion-wpHeadless\node_modules\react-dom\cjs\react-dom.development.js:26473:7)
            at performConcurrentWorkOnRoot (E:\VSCode_Repo\tech-oblivion-wpHeadless\node_modules\react-dom\cjs\react-dom.development.js:25777:74)
            at flushActQueue (E:\VSCode_Repo\tech-oblivion-wpHeadless\node_modules\react\cjs\react.development.js:2667:24)
            at act (E:\VSCode_Repo\tech-oblivion-wpHeadless\node_modules\react\cjs\react.development.js:2582:11)
            at E:\VSCode_Repo\tech-oblivion-wpHeadless\node_modules\@testing-library\react\dist\act-compat.js:47:25
            at renderRoot (E:\VSCode_Repo\tech-oblivion-wpHeadless\node_modules\@testing-library\react\dist\pure.js:190:26)
            at render (E:\VSCode_Repo\tech-oblivion-wpHeadless\node_modules\@testing-library\react\dist\pure.js:292:10)
            at Object.<anonymous> (E:\VSCode_Repo\tech-oblivion-wpHeadless\src\__tests__\components.smoke.test.tsx:32:41),
        type: 'unhandled exception'
      }

    [0m [90m 30 |[39m       [36mif[39m ([36mtypeof[39m [33mC[39m [33m===[39m [32m'function'[39m) {
     [90m 31 |[39m         [90m// Try render with no props[39m
    [31m[1m>[22m[39m[90m 32 |[39m         [36mconst[39m { queryByTestId } [33m=[39m render(
     [90m    |[39m                                         [31m[1m^[22m[39m
     [90m 33 |[39m           [33m<[39m[33mErrorBoundary[39m[33m>[39m
     [90m 34 |[39m             {[33mReact[39m[33m.[39mcreateElement([33mC[39m [36mas[39m any)}
     [90m 35 |[39m           [33m<[39m[33m/[39m[33mErrorBoundary[39m[33m>[39m[0m

      at VirtualConsole.<anonymous> (node_modules/jest-environment-jsdom/build/index.js:63:23)
      at Object.invokeGuardedCallbackDev (node_modules/react-dom/cjs/react-dom.development.js:4213:16)
      at invokeGuardedCallback (node_modules/react-dom/cjs/react-dom.development.js:4277:31)
      at beginWork$1 (node_modules/react-dom/cjs/react-dom.development.js:27490:7)
      at performUnitOfWork (node_modules/react-dom/cjs/react-dom.development.js:26599:12)
      at workLoopSync (node_modules/react-dom/cjs/react-dom.development.js:26505:5)
      at renderRootSync (node_modules/react-dom/cjs/react-dom.development.js:26473:7)
      at performConcurrentWorkOnRoot (node_modules/react-dom/cjs/react-dom.development.js:25777:74)
      at flushActQueue (node_modules/react/cjs/react.development.js:2667:24)
      at act (node_modules/react/cjs/react.development.js:2582:11)
      at node_modules/@testing-library/react/dist/act-compat.js:47:25
      at renderRoot (node_modules/@testing-library/react/dist/pure.js:190:26)
      at render (node_modules/@testing-library/react/dist/pure.js:292:10)
      at Object.<anonymous> (src/__tests__/components.smoke.test.tsx:32:41)

    console.error
      Warning: React.jsx: type is invalid -- expected a string (for built-in components) or a class/function (for composite components) but got: object. You likely forgot to export your component from the file it's defined in, or you might have mixed up default and named imports.
      
      Check the render method of `SectionRenderer`.
          at section (E:\VSCode_Repo\tech-oblivion-wpHeadless\src\components\dashboard\SectionRenderer.tsx:15:43)
          at ErrorBoundary (E:\VSCode_Repo\tech-oblivion-wpHeadless\src\components\error-boundary.tsx:11:5)
          at children (E:\VSCode_Repo\tech-oblivion-wpHeadless\src\__tests__\TestErrorBoundary.tsx:4:45)

    [0m [90m 37 |[39m   [36mreturn[39m (
     [90m 38 |[39m     [33m<[39m[33mdiv[39m className[33m=[39m[32m"space-y-3"[39m[33m>[39m
    [31m[1m>[22m[39m[90m 39 |[39m       [33m<[39m[33mGridLayout[39m
     [90m    |[39m       [31m[1m^[22m[39m
     [90m 40 |[39m         className[33m=[39m[32m"layout"[39m
     [90m 41 |[39m         cols[33m=[39m{[35m12[39m}
     [90m 42 |[39m         rowHeight[33m=[39m{[35m48[39m}[0m

      at printWarning (node_modules/react/cjs/react-jsx-runtime.development.js:87:30)
      at error (node_modules/react/cjs/react-jsx-runtime.development.js:61:7)
      at jsxWithValidation (node_modules/react/cjs/react-jsx-runtime.development.js:1245:7)
      at jsxWithValidationDynamic (node_modules/react/cjs/react-jsx-runtime.development.js:1320:12)
      at SectionRenderer (src/components/dashboard/SectionRenderer.tsx:39:7)
      at renderWithHooks (node_modules/react-dom/cjs/react-dom.development.js:15486:18)
      at mountIndeterminateComponent (node_modules/react-dom/cjs/react-dom.development.js:20103:13)
      at beginWork (node_modules/react-dom/cjs/react-dom.development.js:21626:16)
      at beginWork$1 (node_modules/react-dom/cjs/react-dom.development.js:27465:14)
      at performUnitOfWork (node_modules/react-dom/cjs/react-dom.development.js:26599:12)
      at workLoopSync (node_modules/react-dom/cjs/react-dom.development.js:26505:5)
      at renderRootSync (node_modules/react-dom/cjs/react-dom.development.js:26473:7)
      at recoverFromConcurrentError (node_modules/react-dom/cjs/react-dom.development.js:25889:20)
      at performConcurrentWorkOnRoot (node_modules/react-dom/cjs/react-dom.development.js:25789:22)
      at flushActQueue (node_modules/react/cjs/react.development.js:2667:24)
      at act (node_modules/react/cjs/react.development.js:2582:11)
      at node_modules/@testing-library/react/dist/act-compat.js:47:25
      at renderRoot (node_modules/@testing-library/react/dist/pure.js:190:26)
      at render (node_modules/@testing-library/react/dist/pure.js:292:10)
      at Object.<anonymous> (src/__tests__/components.smoke.test.tsx:32:41)

    console.error
      Error: Uncaught [Error: Element type is invalid: expected a string (for built-in components) or a class/function (for composite components) but got: object. You likely forgot to export your component from the file it's defined in, or you might have mixed up default and named imports.
      
      Check the render method of `SectionRenderer`.]
          at Object.<anonymous> (E:\VSCode_Repo\tech-oblivion-wpHeadless\src\__tests__\components.smoke.test.tsx:32:41) {
        detail: Error: Element type is invalid: expected a string (for built-in components) or a class/function (for composite components) but got: object. You likely forgot to export your component from the file it's defined in, or you might have mixed up default and named imports.
        
        Check the render method of `SectionRenderer`.
            at createFiberFromTypeAndProps (E:\VSCode_Repo\tech-oblivion-wpHeadless\node_modules\react-dom\cjs\react-dom.development.js:28478:17)
            at createFiberFromElement (E:\VSCode_Repo\tech-oblivion-wpHeadless\node_modules\react-dom\cjs\react-dom.development.js:28504:15)
            at reconcileSingleElement (E:\VSCode_Repo\tech-oblivion-wpHeadless\node_modules\react-dom\cjs\react-dom.development.js:13986:23)
            at reconcileChildFibers (E:\VSCode_Repo\tech-oblivion-wpHeadless\node_modules\react-dom\cjs\react-dom.development.js:14044:35)
            at reconcileChildren (E:\VSCode_Repo\tech-oblivion-wpHeadless\node_modules\react-dom\cjs\react-dom.development.js:19186:28)
            at updateHostComponent (E:\VSCode_Repo\tech-oblivion-wpHeadless\node_modules\react-dom\cjs\react-dom.development.js:19953:3)
            at beginWork (E:\VSCode_Repo\tech-oblivion-wpHeadless\node_modules\react-dom\cjs\react-dom.development.js:21657:14)
            at HTMLUnknownElement.callCallback (E:\VSCode_Repo\tech-oblivion-wpHeadless\node_modules\react-dom\cjs\react-dom.development.js:4164:14)
            at HTMLUnknownElement.callTheUserObjectsOperation (E:\VSCode_Repo\tech-oblivion-wpHeadless\node_modules\jest-environment-jsdom\node_modules\jsdom\lib\jsdom\living\generated\EventListener.js:26:30)
            at innerInvokeEventListeners (E:\VSCode_Repo\tech-oblivion-wpHeadless\node_modules\jest-environment-jsdom\node_modules\jsdom\lib\jsdom\living\events\EventTarget-impl.js:350:25)
            at invokeEventListeners (E:\VSCode_Repo\tech-oblivion-wpHeadless\node_modules\jest-environment-jsdom\node_modules\jsdom\lib\jsdom\living\events\EventTarget-impl.js:286:3)
            at HTMLUnknownElementImpl._dispatch (E:\VSCode_Repo\tech-oblivion-wpHeadless\node_modules\jest-environment-jsdom\node_modules\jsdom\lib\jsdom\living\events\EventTarget-impl.js:233:9)
            at HTMLUnknownElementImpl.dispatchEvent (E:\VSCode_Repo\tech-oblivion-wpHeadless\node_modules\jest-environment-jsdom\node_modules\jsdom\lib\jsdom\living\events\EventTarget-impl.js:104:17)
            at HTMLUnknownElement.dispatchEvent (E:\VSCode_Repo\tech-oblivion-wpHeadless\node_modules\jest-environment-jsdom\node_modules\jsdom\lib\jsdom\living\generated\EventTarget.js:241:34)
            at Object.invokeGuardedCallbackDev (E:\VSCode_Repo\tech-oblivion-wpHeadless\node_modules\react-dom\cjs\react-dom.development.js:4213:16)
            at invokeGuardedCallback (E:\VSCode_Repo\tech-oblivion-wpHeadless\node_modules\react-dom\cjs\react-dom.development.js:4277:31)
            at beginWork$1 (E:\VSCode_Repo\tech-oblivion-wpHeadless\node_modules\react-dom\cjs\react-dom.development.js:27490:7)
            at performUnitOfWork (E:\VSCode_Repo\tech-oblivion-wpHeadless\node_modules\react-dom\cjs\react-dom.development.js:26599:12)
            at workLoopSync (E:\VSCode_Repo\tech-oblivion-wpHeadless\node_modules\react-dom\cjs\react-dom.development.js:26505:5)
            at renderRootSync (E:\VSCode_Repo\tech-oblivion-wpHeadless\node_modules\react-dom\cjs\react-dom.development.js:26473:7)
            at recoverFromConcurrentError (E:\VSCode_Repo\tech-oblivion-wpHeadless\node_modules\react-dom\cjs\react-dom.development.js:25889:20)
            at performConcurrentWorkOnRoot (E:\VSCode_Repo\tech-oblivion-wpHeadless\node_modules\react-dom\cjs\react-dom.development.js:25789:22)
            at flushActQueue (E:\VSCode_Repo\tech-oblivion-wpHeadless\node_modules\react\cjs\react.development.js:2667:24)
            at act (E:\VSCode_Repo\tech-oblivion-wpHeadless\node_modules\react\cjs\react.development.js:2582:11)
            at E:\VSCode_Repo\tech-oblivion-wpHeadless\node_modules\@testing-library\react\dist\act-compat.js:47:25
            at renderRoot (E:\VSCode_Repo\tech-oblivion-wpHeadless\node_modules\@testing-library\react\dist\pure.js:190:26)
            at render (E:\VSCode_Repo\tech-oblivion-wpHeadless\node_modules\@testing-library\react\dist\pure.js:292:10)
            at Object.<anonymous> (E:\VSCode_Repo\tech-oblivion-wpHeadless\src\__tests__\components.smoke.test.tsx:32:41),
        type: 'unhandled exception'
      }

    [0m [90m 30 |[39m       [36mif[39m ([36mtypeof[39m [33mC[39m [33m===[39m [32m'function'[39m) {
     [90m 31 |[39m         [90m// Try render with no props[39m
    [31m[1m>[22m[39m[90m 32 |[39m         [36mconst[39m { queryByTestId } [33m=[39m render(
     [90m    |[39m                                         [31m[1m^[22m[39m
     [90m 33 |[39m           [33m<[39m[33mErrorBoundary[39m[33m>[39m
     [90m 34 |[39m             {[33mReact[39m[33m.[39mcreateElement([33mC[39m [36mas[39m any)}
     [90m 35 |[39m           [33m<[39m[33m/[39m[33mErrorBoundary[39m[33m>[39m[0m

      at VirtualConsole.<anonymous> (node_modules/jest-environment-jsdom/build/index.js:63:23)
      at Object.invokeGuardedCallbackDev (node_modules/react-dom/cjs/react-dom.development.js:4213:16)
      at invokeGuardedCallback (node_modules/react-dom/cjs/react-dom.development.js:4277:31)
      at beginWork$1 (node_modules/react-dom/cjs/react-dom.development.js:27490:7)
      at performUnitOfWork (node_modules/react-dom/cjs/react-dom.development.js:26599:12)
      at workLoopSync (node_modules/react-dom/cjs/react-dom.development.js:26505:5)
      at renderRootSync (node_modules/react-dom/cjs/react-dom.development.js:26473:7)
      at recoverFromConcurrentError (node_modules/react-dom/cjs/react-dom.development.js:25889:20)
      at performConcurrentWorkOnRoot (node_modules/react-dom/cjs/react-dom.development.js:25789:22)
      at flushActQueue (node_modules/react/cjs/react.development.js:2667:24)
      at act (node_modules/react/cjs/react.development.js:2582:11)
      at node_modules/@testing-library/react/dist/act-compat.js:47:25
      at renderRoot (node_modules/@testing-library/react/dist/pure.js:190:26)
      at render (node_modules/@testing-library/react/dist/pure.js:292:10)
      at Object.<anonymous> (src/__tests__/components.smoke.test.tsx:32:41)

    console.error
      The above error occurred in the <div> component:
      
          at div
          at section (E:\VSCode_Repo\tech-oblivion-wpHeadless\src\components\dashboard\SectionRenderer.tsx:15:43)
          at ErrorBoundary (E:\VSCode_Repo\tech-oblivion-wpHeadless\src\components\error-boundary.tsx:11:5)
          at children (E:\VSCode_Repo\tech-oblivion-wpHeadless\src\__tests__\TestErrorBoundary.tsx:4:45)
      
      React will try to recreate this component tree from scratch using the error boundary you provided, ErrorBoundary.

    [0m [90m 30 |[39m       [36mif[39m ([36mtypeof[39m [33mC[39m [33m===[39m [32m'function'[39m) {
     [90m 31 |[39m         [90m// Try render with no props[39m
    [31m[1m>[22m[39m[90m 32 |[39m         [36mconst[39m { queryByTestId } [33m=[39m render(
     [90m    |[39m                                         [31m[1m^[22m[39m
     [90m 33 |[39m           [33m<[39m[33mErrorBoundary[39m[33m>[39m
     [90m 34 |[39m             {[33mReact[39m[33m.[39mcreateElement([33mC[39m [36mas[39m any)}
     [90m 35 |[39m           [33m<[39m[33m/[39m[33mErrorBoundary[39m[33m>[39m[0m

      at logCapturedError (node_modules/react-dom/cjs/react-dom.development.js:18704:23)
      at ErrorBoundary.callback (node_modules/react-dom/cjs/react-dom.development.js:18772:7)
      at callCallback (node_modules/react-dom/cjs/react-dom.development.js:15036:12)
      at commitUpdateQueue (node_modules/react-dom/cjs/react-dom.development.js:15057:9)
      at commitLayoutEffectOnFiber (node_modules/react-dom/cjs/react-dom.development.js:23403:13)
      at commitLayoutMountEffects_complete (node_modules/react-dom/cjs/react-dom.development.js:24727:9)
      at commitLayoutEffects_begin (node_modules/react-dom/cjs/react-dom.development.js:24713:7)
      at commitLayoutEffects (node_modules/react-dom/cjs/react-dom.development.js:24651:3)
      at commitRootImpl (node_modules/react-dom/cjs/react-dom.development.js:26862:5)
      at commitRoot (node_modules/react-dom/cjs/react-dom.development.js:26721:5)
      at finishConcurrentRender (node_modules/react-dom/cjs/react-dom.development.js:25931:9)
      at performConcurrentWorkOnRoot (node_modules/react-dom/cjs/react-dom.development.js:25848:7)
      at flushActQueue (node_modules/react/cjs/react.development.js:2667:24)
      at act (node_modules/react/cjs/react.development.js:2582:11)
      at node_modules/@testing-library/react/dist/act-compat.js:47:25
      at renderRoot (node_modules/@testing-library/react/dist/pure.js:190:26)
      at render (node_modules/@testing-library/react/dist/pure.js:292:10)
      at Object.<anonymous> (src/__tests__/components.smoke.test.tsx:32:41)

    console.error
      ErrorBoundary caught Error: Element type is invalid: expected a string (for built-in components) or a class/function (for composite components) but got: object. You likely forgot to export your component from the file it's defined in, or you might have mixed up default and named imports.
      
      Check the render method of `SectionRenderer`.
          at createFiberFromTypeAndProps (E:\VSCode_Repo\tech-oblivion-wpHeadless\node_modules\react-dom\cjs\react-dom.development.js:28478:17)
          at createFiberFromElement (E:\VSCode_Repo\tech-oblivion-wpHeadless\node_modules\react-dom\cjs\react-dom.development.js:28504:15)
          at reconcileSingleElement (E:\VSCode_Repo\tech-oblivion-wpHeadless\node_modules\react-dom\cjs\react-dom.development.js:13986:23)
          at reconcileChildFibers (E:\VSCode_Repo\tech-oblivion-wpHeadless\node_modules\react-dom\cjs\react-dom.development.js:14044:35)
          at reconcileChildren (E:\VSCode_Repo\tech-oblivion-wpHeadless\node_modules\react-dom\cjs\react-dom.development.js:19186:28)
          at updateHostComponent (E:\VSCode_Repo\tech-oblivion-wpHeadless\node_modules\react-dom\cjs\react-dom.development.js:19953:3)
          at beginWork (E:\VSCode_Repo\tech-oblivion-wpHeadless\node_modules\react-dom\cjs\react-dom.development.js:21657:14)
          at beginWork$1 (E:\VSCode_Repo\tech-oblivion-wpHeadless\node_modules\react-dom\cjs\react-dom.development.js:27465:14)
          at performUnitOfWork (E:\VSCode_Repo\tech-oblivion-wpHeadless\node_modules\react-dom\cjs\react-dom.development.js:26599:12)
          at workLoopSync (E:\VSCode_Repo\tech-oblivion-wpHeadless\node_modules\react-dom\cjs\react-dom.development.js:26505:5)
          at renderRootSync (E:\VSCode_Repo\tech-oblivion-wpHeadless\node_modules\react-dom\cjs\react-dom.development.js:26473:7)
          at recoverFromConcurrentError (E:\VSCode_Repo\tech-oblivion-wpHeadless\node_modules\react-dom\cjs\react-dom.development.js:25889:20)
          at performConcurrentWorkOnRoot (E:\VSCode_Repo\tech-oblivion-wpHeadless\node_modules\react-dom\cjs\react-dom.development.js:25789:22)
          at flushActQueue (E:\VSCode_Repo\tech-oblivion-wpHeadless\node_modules\react\cjs\react.development.js:2667:24)
          at act (E:\VSCode_Repo\tech-oblivion-wpHeadless\node_modules\react\cjs\react.development.js:2582:11)
          at E:\VSCode_Repo\tech-oblivion-wpHeadless\node_modules\@testing-library\react\dist\act-compat.js:47:25
          at renderRoot (E:\VSCode_Repo\tech-oblivion-wpHeadless\node_modules\@testing-library\react\dist\pure.js:190:26)
          at render (E:\VSCode_Repo\tech-oblivion-wpHeadless\node_modules\@testing-library\react\dist\pure.js:292:10)
          at Object.<anonymous> (E:\VSCode_Repo\tech-oblivion-wpHeadless\src\__tests__\components.smoke.test.tsx:32:41) {
        componentStack: '\n' +
          '    at div\n' +
          '    at section (E:\\VSCode_Repo\\tech-oblivion-wpHeadless\\src\\components\\dashboard\\SectionRenderer.tsx:15:43)\n' +
          '    at ErrorBoundary (E:\\VSCode_Repo\\tech-oblivion-wpHeadless\\src\\components\\error-boundary.tsx:11:5)\n' +
          '    at children (E:\\VSCode_Repo\\tech-oblivion-wpHeadless\\src\\__tests__\\TestErrorBoundary.tsx:4:45)'
      }

    [0m [90m 16 |[39m   }
     [90m 17 |[39m   componentDidCatch(error[33m:[39m [33mError[39m[33m,[39m info[33m:[39m [33mReact[39m[33m.[39m[33mErrorInfo[39m) {
    [31m[1m>[22m[39m[90m 18 |[39m     console[33m.[39merror([32m'ErrorBoundary caught'[39m[33m,[39m error[33m,[39m info)
     [90m    |[39m             [31m[1m^[22m[39m
     [90m 19 |[39m     toast({
     [90m 20 |[39m       title[33m:[39m [32m"Something went wrong"[39m[33m,[39m
     [90m 21 |[39m       description[33m:[39m [32m"An unexpected error occurred. Please try refreshing the page."[39m[33m,[39m[0m

      at ErrorBoundary.error [as componentDidCatch] (src/components/error-boundary.tsx:18:13)
      at ErrorBoundary.callback (node_modules/react-dom/cjs/react-dom.development.js:18785:12)
      at callCallback (node_modules/react-dom/cjs/react-dom.development.js:15036:12)
      at commitUpdateQueue (node_modules/react-dom/cjs/react-dom.development.js:15057:9)
      at commitLayoutEffectOnFiber (node_modules/react-dom/cjs/react-dom.development.js:23403:13)
      at commitLayoutMountEffects_complete (node_modules/react-dom/cjs/react-dom.development.js:24727:9)
      at commitLayoutEffects_begin (node_modules/react-dom/cjs/react-dom.development.js:24713:7)
      at commitLayoutEffects (node_modules/react-dom/cjs/react-dom.development.js:24651:3)
      at commitRootImpl (node_modules/react-dom/cjs/react-dom.development.js:26862:5)
      at commitRoot (node_modules/react-dom/cjs/react-dom.development.js:26721:5)
      at finishConcurrentRender (node_modules/react-dom/cjs/react-dom.development.js:25931:9)
      at performConcurrentWorkOnRoot (node_modules/react-dom/cjs/react-dom.development.js:25848:7)
      at flushActQueue (node_modules/react/cjs/react.development.js:2667:24)
      at act (node_modules/react/cjs/react.development.js:2582:11)
      at node_modules/@testing-library/react/dist/act-compat.js:47:25
      at renderRoot (node_modules/@testing-library/react/dist/pure.js:190:26)
      at render (node_modules/@testing-library/react/dist/pure.js:292:10)
      at Object.<anonymous> (src/__tests__/components.smoke.test.tsx:32:41)

    console.error
      Error: Uncaught [TypeError: Cannot destructure property 'type' of 'widget' as it is undefined.]
          at Object.<anonymous> (E:\VSCode_Repo\tech-oblivion-wpHeadless\src\__tests__\components.smoke.test.tsx:32:41) {
        detail: TypeError: Cannot destructure property 'type' of 'widget' as it is undefined.
            at type (E:\VSCode_Repo\tech-oblivion-wpHeadless\src\components\dashboard\TileRenderer.tsx:142:11)
            at renderWithHooks (E:\VSCode_Repo\tech-oblivion-wpHeadless\node_modules\react-dom\cjs\react-dom.development.js:15486:18)
            at mountIndeterminateComponent (E:\VSCode_Repo\tech-oblivion-wpHeadless\node_modules\react-dom\cjs\react-dom.development.js:20103:13)
            at beginWork (E:\VSCode_Repo\tech-oblivion-wpHeadless\node_modules\react-dom\cjs\react-dom.development.js:21626:16)
            at HTMLUnknownElement.callCallback (E:\VSCode_Repo\tech-oblivion-wpHeadless\node_modules\react-dom\cjs\react-dom.development.js:4164:14)
            at HTMLUnknownElement.callTheUserObjectsOperation (E:\VSCode_Repo\tech-oblivion-wpHeadless\node_modules\jest-environment-jsdom\node_modules\jsdom\lib\jsdom\living\generated\EventListener.js:26:30)
            at innerInvokeEventListeners (E:\VSCode_Repo\tech-oblivion-wpHeadless\node_modules\jest-environment-jsdom\node_modules\jsdom\lib\jsdom\living\events\EventTarget-impl.js:350:25)
            at invokeEventListeners (E:\VSCode_Repo\tech-oblivion-wpHeadless\node_modules\jest-environment-jsdom\node_modules\jsdom\lib\jsdom\living\events\EventTarget-impl.js:286:3)
            at HTMLUnknownElementImpl._dispatch (E:\VSCode_Repo\tech-oblivion-wpHeadless\node_modules\jest-environment-jsdom\node_modules\jsdom\lib\jsdom\living\events\EventTarget-impl.js:233:9)
            at HTMLUnknownElementImpl.dispatchEvent (E:\VSCode_Repo\tech-oblivion-wpHeadless\node_modules\jest-environment-jsdom\node_modules\jsdom\lib\jsdom\living\events\EventTarget-impl.js:104:17)
            at HTMLUnknownElement.dispatchEvent (E:\VSCode_Repo\tech-oblivion-wpHeadless\node_modules\jest-environment-jsdom\node_modules\jsdom\lib\jsdom\living\generated\EventTarget.js:241:34)
            at Object.invokeGuardedCallbackDev (E:\VSCode_Repo\tech-oblivion-wpHeadless\node_modules\react-dom\cjs\react-dom.development.js:4213:16)
            at invokeGuardedCallback (E:\VSCode_Repo\tech-oblivion-wpHeadless\node_modules\react-dom\cjs\react-dom.development.js:4277:31)
            at beginWork$1 (E:\VSCode_Repo\tech-oblivion-wpHeadless\node_modules\react-dom\cjs\react-dom.development.js:27490:7)
            at performUnitOfWork (E:\VSCode_Repo\tech-oblivion-wpHeadless\node_modules\react-dom\cjs\react-dom.development.js:26599:12)
            at workLoopSync (E:\VSCode_Repo\tech-oblivion-wpHeadless\node_modules\react-dom\cjs\react-dom.development.js:26505:5)
            at renderRootSync (E:\VSCode_Repo\tech-oblivion-wpHeadless\node_modules\react-dom\cjs\react-dom.development.js:26473:7)
            at performConcurrentWorkOnRoot (E:\VSCode_Repo\tech-oblivion-wpHeadless\node_modules\react-dom\cjs\react-dom.development.js:25777:74)
            at flushActQueue (E:\VSCode_Repo\tech-oblivion-wpHeadless\node_modules\react\cjs\react.development.js:2667:24)
            at act (E:\VSCode_Repo\tech-oblivion-wpHeadless\node_modules\react\cjs\react.development.js:2582:11)
            at E:\VSCode_Repo\tech-oblivion-wpHeadless\node_modules\@testing-library\react\dist\act-compat.js:47:25
            at renderRoot (E:\VSCode_Repo\tech-oblivion-wpHeadless\node_modules\@testing-library\react\dist\pure.js:190:26)
            at render (E:\VSCode_Repo\tech-oblivion-wpHeadless\node_modules\@testing-library\react\dist\pure.js:292:10)
            at Object.<anonymous> (E:\VSCode_Repo\tech-oblivion-wpHeadless\src\__tests__\components.smoke.test.tsx:32:41),
        type: 'unhandled exception'
      }

    [0m [90m 30 |[39m       [36mif[39m ([36mtypeof[39m [33mC[39m [33m===[39m [32m'function'[39m) {
     [90m 31 |[39m         [90m// Try render with no props[39m
    [31m[1m>[22m[39m[90m 32 |[39m         [36mconst[39m { queryByTestId } [33m=[39m render(
     [90m    |[39m                                         [31m[1m^[22m[39m
     [90m 33 |[39m           [33m<[39m[33mErrorBoundary[39m[33m>[39m
     [90m 34 |[39m             {[33mReact[39m[33m.[39mcreateElement([33mC[39m [36mas[39m any)}
     [90m 35 |[39m           [33m<[39m[33m/[39m[33mErrorBoundary[39m[33m>[39m[0m

      at VirtualConsole.<anonymous> (node_modules/jest-environment-jsdom/build/index.js:63:23)
      at Object.invokeGuardedCallbackDev (node_modules/react-dom/cjs/react-dom.development.js:4213:16)
      at invokeGuardedCallback (node_modules/react-dom/cjs/react-dom.development.js:4277:31)
      at beginWork$1 (node_modules/react-dom/cjs/react-dom.development.js:27490:7)
      at performUnitOfWork (node_modules/react-dom/cjs/react-dom.development.js:26599:12)
      at workLoopSync (node_modules/react-dom/cjs/react-dom.development.js:26505:5)
      at renderRootSync (node_modules/react-dom/cjs/react-dom.development.js:26473:7)
      at performConcurrentWorkOnRoot (node_modules/react-dom/cjs/react-dom.development.js:25777:74)
      at flushActQueue (node_modules/react/cjs/react.development.js:2667:24)
      at act (node_modules/react/cjs/react.development.js:2582:11)
      at node_modules/@testing-library/react/dist/act-compat.js:47:25
      at renderRoot (node_modules/@testing-library/react/dist/pure.js:190:26)
      at render (node_modules/@testing-library/react/dist/pure.js:292:10)
      at Object.<anonymous> (src/__tests__/components.smoke.test.tsx:32:41)

    console.error
      Error: Uncaught [TypeError: Cannot destructure property 'type' of 'widget' as it is undefined.]
          at Object.<anonymous> (E:\VSCode_Repo\tech-oblivion-wpHeadless\src\__tests__\components.smoke.test.tsx:32:41) {
        detail: TypeError: Cannot destructure property 'type' of 'widget' as it is undefined.
            at type (E:\VSCode_Repo\tech-oblivion-wpHeadless\src\components\dashboard\TileRenderer.tsx:142:11)
            at renderWithHooks (E:\VSCode_Repo\tech-oblivion-wpHeadless\node_modules\react-dom\cjs\react-dom.development.js:15486:18)
            at mountIndeterminateComponent (E:\VSCode_Repo\tech-oblivion-wpHeadless\node_modules\react-dom\cjs\react-dom.development.js:20103:13)
            at beginWork (E:\VSCode_Repo\tech-oblivion-wpHeadless\node_modules\react-dom\cjs\react-dom.development.js:21626:16)
            at HTMLUnknownElement.callCallback (E:\VSCode_Repo\tech-oblivion-wpHeadless\node_modules\react-dom\cjs\react-dom.development.js:4164:14)
            at HTMLUnknownElement.callTheUserObjectsOperation (E:\VSCode_Repo\tech-oblivion-wpHeadless\node_modules\jest-environment-jsdom\node_modules\jsdom\lib\jsdom\living\generated\EventListener.js:26:30)
            at innerInvokeEventListeners (E:\VSCode_Repo\tech-oblivion-wpHeadless\node_modules\jest-environment-jsdom\node_modules\jsdom\lib\jsdom\living\events\EventTarget-impl.js:350:25)
            at invokeEventListeners (E:\VSCode_Repo\tech-oblivion-wpHeadless\node_modules\jest-environment-jsdom\node_modules\jsdom\lib\jsdom\living\events\EventTarget-impl.js:286:3)
            at HTMLUnknownElementImpl._dispatch (E:\VSCode_Repo\tech-oblivion-wpHeadless\node_modules\jest-environment-jsdom\node_modules\jsdom\lib\jsdom\living\events\EventTarget-impl.js:233:9)
            at HTMLUnknownElementImpl.dispatchEvent (E:\VSCode_Repo\tech-oblivion-wpHeadless\node_modules\jest-environment-jsdom\node_modules\jsdom\lib\jsdom\living\events\EventTarget-impl.js:104:17)
            at HTMLUnknownElement.dispatchEvent (E:\VSCode_Repo\tech-oblivion-wpHeadless\node_modules\jest-environment-jsdom\node_modules\jsdom\lib\jsdom\living\generated\EventTarget.js:241:34)
            at Object.invokeGuardedCallbackDev (E:\VSCode_Repo\tech-oblivion-wpHeadless\node_modules\react-dom\cjs\react-dom.development.js:4213:16)
            at invokeGuardedCallback (E:\VSCode_Repo\tech-oblivion-wpHeadless\node_modules\react-dom\cjs\react-dom.development.js:4277:31)
            at beginWork$1 (E:\VSCode_Repo\tech-oblivion-wpHeadless\node_modules\react-dom\cjs\react-dom.development.js:27490:7)
            at performUnitOfWork (E:\VSCode_Repo\tech-oblivion-wpHeadless\node_modules\react-dom\cjs\react-dom.development.js:26599:12)
            at workLoopSync (E:\VSCode_Repo\tech-oblivion-wpHeadless\node_modules\react-dom\cjs\react-dom.development.js:26505:5)
            at renderRootSync (E:\VSCode_Repo\tech-oblivion-wpHeadless\node_modules\react-dom\cjs\react-dom.development.js:26473:7)
            at recoverFromConcurrentError (E:\VSCode_Repo\tech-oblivion-wpHeadless\node_modules\react-dom\cjs\react-dom.development.js:25889:20)
            at performConcurrentWorkOnRoot (E:\VSCode_Repo\tech-oblivion-wpHeadless\node_modules\react-dom\cjs\react-dom.development.js:25789:22)
            at flushActQueue (E:\VSCode_Repo\tech-oblivion-wpHeadless\node_modules\react\cjs\react.development.js:2667:24)
            at act (E:\VSCode_Repo\tech-oblivion-wpHeadless\node_modules\react\cjs\react.development.js:2582:11)
            at E:\VSCode_Repo\tech-oblivion-wpHeadless\node_modules\@testing-library\react\dist\act-compat.js:47:25
            at renderRoot (E:\VSCode_Repo\tech-oblivion-wpHeadless\node_modules\@testing-library\react\dist\pure.js:190:26)
            at render (E:\VSCode_Repo\tech-oblivion-wpHeadless\node_modules\@testing-library\react\dist\pure.js:292:10)
            at Object.<anonymous> (E:\VSCode_Repo\tech-oblivion-wpHeadless\src\__tests__\components.smoke.test.tsx:32:41),
        type: 'unhandled exception'
      }

    [0m [90m 30 |[39m       [36mif[39m ([36mtypeof[39m [33mC[39m [33m===[39m [32m'function'[39m) {
     [90m 31 |[39m         [90m// Try render with no props[39m
    [31m[1m>[22m[39m[90m 32 |[39m         [36mconst[39m { queryByTestId } [33m=[39m render(
     [90m    |[39m                                         [31m[1m^[22m[39m
     [90m 33 |[39m           [33m<[39m[33mErrorBoundary[39m[33m>[39m
     [90m 34 |[39m             {[33mReact[39m[33m.[39mcreateElement([33mC[39m [36mas[39m any)}
     [90m 35 |[39m           [33m<[39m[33m/[39m[33mErrorBoundary[39m[33m>[39m[0m

      at VirtualConsole.<anonymous> (node_modules/jest-environment-jsdom/build/index.js:63:23)
      at Object.invokeGuardedCallbackDev (node_modules/react-dom/cjs/react-dom.development.js:4213:16)
      at invokeGuardedCallback (node_modules/react-dom/cjs/react-dom.development.js:4277:31)
      at beginWork$1 (node_modules/react-dom/cjs/react-dom.development.js:27490:7)
      at performUnitOfWork (node_modules/react-dom/cjs/react-dom.development.js:26599:12)
      at workLoopSync (node_modules/react-dom/cjs/react-dom.development.js:26505:5)
      at renderRootSync (node_modules/react-dom/cjs/react-dom.development.js:26473:7)
      at recoverFromConcurrentError (node_modules/react-dom/cjs/react-dom.development.js:25889:20)
      at performConcurrentWorkOnRoot (node_modules/react-dom/cjs/react-dom.development.js:25789:22)
      at flushActQueue (node_modules/react/cjs/react.development.js:2667:24)
      at act (node_modules/react/cjs/react.development.js:2582:11)
      at node_modules/@testing-library/react/dist/act-compat.js:47:25
      at renderRoot (node_modules/@testing-library/react/dist/pure.js:190:26)
      at render (node_modules/@testing-library/react/dist/pure.js:292:10)
      at Object.<anonymous> (src/__tests__/components.smoke.test.tsx:32:41)

    console.error
      The above error occurred in the <TileRenderer> component:
      
          at widget (E:\VSCode_Repo\tech-oblivion-wpHeadless\src\components\dashboard\TileRenderer.tsx:141:40)
          at ErrorBoundary (E:\VSCode_Repo\tech-oblivion-wpHeadless\src\components\error-boundary.tsx:11:5)
          at children (E:\VSCode_Repo\tech-oblivion-wpHeadless\src\__tests__\TestErrorBoundary.tsx:4:45)
      
      React will try to recreate this component tree from scratch using the error boundary you provided, ErrorBoundary.

    [0m [90m 30 |[39m       [36mif[39m ([36mtypeof[39m [33mC[39m [33m===[39m [32m'function'[39m) {
     [90m 31 |[39m         [90m// Try render with no props[39m
    [31m[1m>[22m[39m[90m 32 |[39m         [36mconst[39m { queryByTestId } [33m=[39m render(
     [90m    |[39m                                         [31m[1m^[22m[39m
     [90m 33 |[39m           [33m<[39m[33mErrorBoundary[39m[33m>[39m
     [90m 34 |[39m             {[33mReact[39m[33m.[39mcreateElement([33mC[39m [36mas[39m any)}
     [90m 35 |[39m           [33m<[39m[33m/[39m[33mErrorBoundary[39m[33m>[39m[0m

      at logCapturedError (node_modules/react-dom/cjs/react-dom.development.js:18704:23)
      at ErrorBoundary.callback (node_modules/react-dom/cjs/react-dom.development.js:18772:7)
      at callCallback (node_modules/react-dom/cjs/react-dom.development.js:15036:12)
      at commitUpdateQueue (node_modules/react-dom/cjs/react-dom.development.js:15057:9)
      at commitLayoutEffectOnFiber (node_modules/react-dom/cjs/react-dom.development.js:23403:13)
      at commitLayoutMountEffects_complete (node_modules/react-dom/cjs/react-dom.development.js:24727:9)
      at commitLayoutEffects_begin (node_modules/react-dom/cjs/react-dom.development.js:24713:7)
      at commitLayoutEffects (node_modules/react-dom/cjs/react-dom.development.js:24651:3)
      at commitRootImpl (node_modules/react-dom/cjs/react-dom.development.js:26862:5)
      at commitRoot (node_modules/react-dom/cjs/react-dom.development.js:26721:5)
      at finishConcurrentRender (node_modules/react-dom/cjs/react-dom.development.js:25931:9)
      at performConcurrentWorkOnRoot (node_modules/react-dom/cjs/react-dom.development.js:25848:7)
      at flushActQueue (node_modules/react/cjs/react.development.js:2667:24)
      at act (node_modules/react/cjs/react.development.js:2582:11)
      at node_modules/@testing-library/react/dist/act-compat.js:47:25
      at renderRoot (node_modules/@testing-library/react/dist/pure.js:190:26)
      at render (node_modules/@testing-library/react/dist/pure.js:292:10)
      at Object.<anonymous> (src/__tests__/components.smoke.test.tsx:32:41)

    console.error
      ErrorBoundary caught TypeError: Cannot destructure property 'type' of 'widget' as it is undefined.
          at type (E:\VSCode_Repo\tech-oblivion-wpHeadless\src\components\dashboard\TileRenderer.tsx:142:11)
          at renderWithHooks (E:\VSCode_Repo\tech-oblivion-wpHeadless\node_modules\react-dom\cjs\react-dom.development.js:15486:18)
          at mountIndeterminateComponent (E:\VSCode_Repo\tech-oblivion-wpHeadless\node_modules\react-dom\cjs\react-dom.development.js:20103:13)
          at beginWork (E:\VSCode_Repo\tech-oblivion-wpHeadless\node_modules\react-dom\cjs\react-dom.development.js:21626:16)
          at beginWork$1 (E:\VSCode_Repo\tech-oblivion-wpHeadless\node_modules\react-dom\cjs\react-dom.development.js:27465:14)
          at performUnitOfWork (E:\VSCode_Repo\tech-oblivion-wpHeadless\node_modules\react-dom\cjs\react-dom.development.js:26599:12)
          at workLoopSync (E:\VSCode_Repo\tech-oblivion-wpHeadless\node_modules\react-dom\cjs\react-dom.development.js:26505:5)
          at renderRootSync (E:\VSCode_Repo\tech-oblivion-wpHeadless\node_modules\react-dom\cjs\react-dom.development.js:26473:7)
          at recoverFromConcurrentError (E:\VSCode_Repo\tech-oblivion-wpHeadless\node_modules\react-dom\cjs\react-dom.development.js:25889:20)
          at performConcurrentWorkOnRoot (E:\VSCode_Repo\tech-oblivion-wpHeadless\node_modules\react-dom\cjs\react-dom.development.js:25789:22)
          at flushActQueue (E:\VSCode_Repo\tech-oblivion-wpHeadless\node_modules\react\cjs\react.development.js:2667:24)
          at act (E:\VSCode_Repo\tech-oblivion-wpHeadless\node_modules\react\cjs\react.development.js:2582:11)
          at E:\VSCode_Repo\tech-oblivion-wpHeadless\node_modules\@testing-library\react\dist\act-compat.js:47:25
          at renderRoot (E:\VSCode_Repo\tech-oblivion-wpHeadless\node_modules\@testing-library\react\dist\pure.js:190:26)
          at render (E:\VSCode_Repo\tech-oblivion-wpHeadless\node_modules\@testing-library\react\dist\pure.js:292:10)
          at Object.<anonymous> (E:\VSCode_Repo\tech-oblivion-wpHeadless\src\__tests__\components.smoke.test.tsx:32:41) {
        componentStack: '\n' +
          '    at widget (E:\\VSCode_Repo\\tech-oblivion-wpHeadless\\src\\components\\dashboard\\TileRenderer.tsx:141:40)\n' +
          '    at ErrorBoundary (E:\\VSCode_Repo\\tech-oblivion-wpHeadless\\src\\components\\error-boundary.tsx:11:5)\n' +
          '    at children (E:\\VSCode_Repo\\tech-oblivion-wpHeadless\\src\\__tests__\\TestErrorBoundary.tsx:4:45)'
      }

    [0m [90m 16 |[39m   }
     [90m 17 |[39m   componentDidCatch(error[33m:[39m [33mError[39m[33m,[39m info[33m:[39m [33mReact[39m[33m.[39m[33mErrorInfo[39m) {
    [31m[1m>[22m[39m[90m 18 |[39m     console[33m.[39merror([32m'ErrorBoundary caught'[39m[33m,[39m error[33m,[39m info)
     [90m    |[39m             [31m[1m^[22m[39m
     [90m 19 |[39m     toast({
     [90m 20 |[39m       title[33m:[39m [32m"Something went wrong"[39m[33m,[39m
     [90m 21 |[39m       description[33m:[39m [32m"An unexpected error occurred. Please try refreshing the page."[39m[33m,[39m[0m

      at ErrorBoundary.error [as componentDidCatch] (src/components/error-boundary.tsx:18:13)
      at ErrorBoundary.callback (node_modules/react-dom/cjs/react-dom.development.js:18785:12)
      at callCallback (node_modules/react-dom/cjs/react-dom.development.js:15036:12)
      at commitUpdateQueue (node_modules/react-dom/cjs/react-dom.development.js:15057:9)
      at commitLayoutEffectOnFiber (node_modules/react-dom/cjs/react-dom.development.js:23403:13)
      at commitLayoutMountEffects_complete (node_modules/react-dom/cjs/react-dom.development.js:24727:9)
      at commitLayoutEffects_begin (node_modules/react-dom/cjs/react-dom.development.js:24713:7)
      at commitLayoutEffects (node_modules/react-dom/cjs/react-dom.development.js:24651:3)
      at commitRootImpl (node_modules/react-dom/cjs/react-dom.development.js:26862:5)
      at commitRoot (node_modules/react-dom/cjs/react-dom.development.js:26721:5)
      at finishConcurrentRender (node_modules/react-dom/cjs/react-dom.development.js:25931:9)
      at performConcurrentWorkOnRoot (node_modules/react-dom/cjs/react-dom.development.js:25848:7)
      at flushActQueue (node_modules/react/cjs/react.development.js:2667:24)
      at act (node_modules/react/cjs/react.development.js:2582:11)
      at node_modules/@testing-library/react/dist/act-compat.js:47:25
      at renderRoot (node_modules/@testing-library/react/dist/pure.js:190:26)
      at render (node_modules/@testing-library/react/dist/pure.js:292:10)
      at Object.<anonymous> (src/__tests__/components.smoke.test.tsx:32:41)

    console.error
      Error: Uncaught [TypeError: Cannot read properties of undefined (reading 'id')]
          at Object.<anonymous> (E:\VSCode_Repo\tech-oblivion-wpHeadless\src\__tests__\components.smoke.test.tsx:32:41) {
        detail: TypeError: Cannot read properties of undefined (reading 'id')
            at id (E:\VSCode_Repo\tech-oblivion-wpHeadless\src\components\post-card.tsx:81:50)
            at renderWithHooks (E:\VSCode_Repo\tech-oblivion-wpHeadless\node_modules\react-dom\cjs\react-dom.development.js:15486:18)
            at mountIndeterminateComponent (E:\VSCode_Repo\tech-oblivion-wpHeadless\node_modules\react-dom\cjs\react-dom.development.js:20103:13)
            at beginWork (E:\VSCode_Repo\tech-oblivion-wpHeadless\node_modules\react-dom\cjs\react-dom.development.js:21626:16)
            at HTMLUnknownElement.callCallback (E:\VSCode_Repo\tech-oblivion-wpHeadless\node_modules\react-dom\cjs\react-dom.development.js:4164:14)
            at HTMLUnknownElement.callTheUserObjectsOperation (E:\VSCode_Repo\tech-oblivion-wpHeadless\node_modules\jest-environment-jsdom\node_modules\jsdom\lib\jsdom\living\generated\EventListener.js:26:30)
            at innerInvokeEventListeners (E:\VSCode_Repo\tech-oblivion-wpHeadless\node_modules\jest-environment-jsdom\node_modules\jsdom\lib\jsdom\living\events\EventTarget-impl.js:350:25)
            at invokeEventListeners (E:\VSCode_Repo\tech-oblivion-wpHeadless\node_modules\jest-environment-jsdom\node_modules\jsdom\lib\jsdom\living\events\EventTarget-impl.js:286:3)
            at HTMLUnknownElementImpl._dispatch (E:\VSCode_Repo\tech-oblivion-wpHeadless\node_modules\jest-environment-jsdom\node_modules\jsdom\lib\jsdom\living\events\EventTarget-impl.js:233:9)
            at HTMLUnknownElementImpl.dispatchEvent (E:\VSCode_Repo\tech-oblivion-wpHeadless\node_modules\jest-environment-jsdom\node_modules\jsdom\lib\jsdom\living\events\EventTarget-impl.js:104:17)
            at HTMLUnknownElement.dispatchEvent (E:\VSCode_Repo\tech-oblivion-wpHeadless\node_modules\jest-environment-jsdom\node_modules\jsdom\lib\jsdom\living\generated\EventTarget.js:241:34)
            at Object.invokeGuardedCallbackDev (E:\VSCode_Repo\tech-oblivion-wpHeadless\node_modules\react-dom\cjs\react-dom.development.js:4213:16)
            at invokeGuardedCallback (E:\VSCode_Repo\tech-oblivion-wpHeadless\node_modules\react-dom\cjs\react-dom.development.js:4277:31)
            at beginWork$1 (E:\VSCode_Repo\tech-oblivion-wpHeadless\node_modules\react-dom\cjs\react-dom.development.js:27490:7)
            at performUnitOfWork (E:\VSCode_Repo\tech-oblivion-wpHeadless\node_modules\react-dom\cjs\react-dom.development.js:26599:12)
            at workLoopSync (E:\VSCode_Repo\tech-oblivion-wpHeadless\node_modules\react-dom\cjs\react-dom.development.js:26505:5)
            at renderRootSync (E:\VSCode_Repo\tech-oblivion-wpHeadless\node_modules\react-dom\cjs\react-dom.development.js:26473:7)
            at performConcurrentWorkOnRoot (E:\VSCode_Repo\tech-oblivion-wpHeadless\node_modules\react-dom\cjs\react-dom.development.js:25777:74)
            at flushActQueue (E:\VSCode_Repo\tech-oblivion-wpHeadless\node_modules\react\cjs\react.development.js:2667:24)
            at act (E:\VSCode_Repo\tech-oblivion-wpHeadless\node_modules\react\cjs\react.development.js:2582:11)
            at E:\VSCode_Repo\tech-oblivion-wpHeadless\node_modules\@testing-library\react\dist\act-compat.js:47:25
            at renderRoot (E:\VSCode_Repo\tech-oblivion-wpHeadless\node_modules\@testing-library\react\dist\pure.js:190:26)
            at render (E:\VSCode_Repo\tech-oblivion-wpHeadless\node_modules\@testing-library\react\dist\pure.js:292:10)
            at Object.<anonymous> (E:\VSCode_Repo\tech-oblivion-wpHeadless\src\__tests__\components.smoke.test.tsx:32:41),
        type: 'unhandled exception'
      }

    [0m [90m 30 |[39m       [36mif[39m ([36mtypeof[39m [33mC[39m [33m===[39m [32m'function'[39m) {
     [90m 31 |[39m         [90m// Try render with no props[39m
    [31m[1m>[22m[39m[90m 32 |[39m         [36mconst[39m { queryByTestId } [33m=[39m render(
     [90m    |[39m                                         [31m[1m^[22m[39m
     [90m 33 |[39m           [33m<[39m[33mErrorBoundary[39m[33m>[39m
     [90m 34 |[39m             {[33mReact[39m[33m.[39mcreateElement([33mC[39m [36mas[39m any)}
     [90m 35 |[39m           [33m<[39m[33m/[39m[33mErrorBoundary[39m[33m>[39m[0m

      at VirtualConsole.<anonymous> (node_modules/jest-environment-jsdom/build/index.js:63:23)
      at Object.invokeGuardedCallbackDev (node_modules/react-dom/cjs/react-dom.development.js:4213:16)
      at invokeGuardedCallback (node_modules/react-dom/cjs/react-dom.development.js:4277:31)
      at beginWork$1 (node_modules/react-dom/cjs/react-dom.development.js:27490:7)
      at performUnitOfWork (node_modules/react-dom/cjs/react-dom.development.js:26599:12)
      at workLoopSync (node_modules/react-dom/cjs/react-dom.development.js:26505:5)
      at renderRootSync (node_modules/react-dom/cjs/react-dom.development.js:26473:7)
      at performConcurrentWorkOnRoot (node_modules/react-dom/cjs/react-dom.development.js:25777:74)
      at flushActQueue (node_modules/react/cjs/react.development.js:2667:24)
      at act (node_modules/react/cjs/react.development.js:2582:11)
      at node_modules/@testing-library/react/dist/act-compat.js:47:25
      at renderRoot (node_modules/@testing-library/react/dist/pure.js:190:26)
      at render (node_modules/@testing-library/react/dist/pure.js:292:10)
      at Object.<anonymous> (src/__tests__/components.smoke.test.tsx:32:41)

    console.error
      Error: Uncaught [TypeError: Cannot read properties of undefined (reading 'id')]
          at Object.<anonymous> (E:\VSCode_Repo\tech-oblivion-wpHeadless\src\__tests__\components.smoke.test.tsx:32:41) {
        detail: TypeError: Cannot read properties of undefined (reading 'id')
            at id (E:\VSCode_Repo\tech-oblivion-wpHeadless\src\components\post-card.tsx:81:50)
            at renderWithHooks (E:\VSCode_Repo\tech-oblivion-wpHeadless\node_modules\react-dom\cjs\react-dom.development.js:15486:18)
            at mountIndeterminateComponent (E:\VSCode_Repo\tech-oblivion-wpHeadless\node_modules\react-dom\cjs\react-dom.development.js:20103:13)
            at beginWork (E:\VSCode_Repo\tech-oblivion-wpHeadless\node_modules\react-dom\cjs\react-dom.development.js:21626:16)
            at HTMLUnknownElement.callCallback (E:\VSCode_Repo\tech-oblivion-wpHeadless\node_modules\react-dom\cjs\react-dom.development.js:4164:14)
            at HTMLUnknownElement.callTheUserObjectsOperation (E:\VSCode_Repo\tech-oblivion-wpHeadless\node_modules\jest-environment-jsdom\node_modules\jsdom\lib\jsdom\living\generated\EventListener.js:26:30)
            at innerInvokeEventListeners (E:\VSCode_Repo\tech-oblivion-wpHeadless\node_modules\jest-environment-jsdom\node_modules\jsdom\lib\jsdom\living\events\EventTarget-impl.js:350:25)
            at invokeEventListeners (E:\VSCode_Repo\tech-oblivion-wpHeadless\node_modules\jest-environment-jsdom\node_modules\jsdom\lib\jsdom\living\events\EventTarget-impl.js:286:3)
            at HTMLUnknownElementImpl._dispatch (E:\VSCode_Repo\tech-oblivion-wpHeadless\node_modules\jest-environment-jsdom\node_modules\jsdom\lib\jsdom\living\events\EventTarget-impl.js:233:9)
            at HTMLUnknownElementImpl.dispatchEvent (E:\VSCode_Repo\tech-oblivion-wpHeadless\node_modules\jest-environment-jsdom\node_modules\jsdom\lib\jsdom\living\events\EventTarget-impl.js:104:17)
            at HTMLUnknownElement.dispatchEvent (E:\VSCode_Repo\tech-oblivion-wpHeadless\node_modules\jest-environment-jsdom\node_modules\jsdom\lib\jsdom\living\generated\EventTarget.js:241:34)
            at Object.invokeGuardedCallbackDev (E:\VSCode_Repo\tech-oblivion-wpHeadless\node_modules\react-dom\cjs\react-dom.development.js:4213:16)
            at invokeGuardedCallback (E:\VSCode_Repo\tech-oblivion-wpHeadless\node_modules\react-dom\cjs\react-dom.development.js:4277:31)
            at beginWork$1 (E:\VSCode_Repo\tech-oblivion-wpHeadless\node_modules\react-dom\cjs\react-dom.development.js:27490:7)
            at performUnitOfWork (E:\VSCode_Repo\tech-oblivion-wpHeadless\node_modules\react-dom\cjs\react-dom.development.js:26599:12)
            at workLoopSync (E:\VSCode_Repo\tech-oblivion-wpHeadless\node_modules\react-dom\cjs\react-dom.development.js:26505:5)
            at renderRootSync (E:\VSCode_Repo\tech-oblivion-wpHeadless\node_modules\react-dom\cjs\react-dom.development.js:26473:7)
            at recoverFromConcurrentError (E:\VSCode_Repo\tech-oblivion-wpHeadless\node_modules\react-dom\cjs\react-dom.development.js:25889:20)
            at performConcurrentWorkOnRoot (E:\VSCode_Repo\tech-oblivion-wpHeadless\node_modules\react-dom\cjs\react-dom.development.js:25789:22)
            at flushActQueue (E:\VSCode_Repo\tech-oblivion-wpHeadless\node_modules\react\cjs\react.development.js:2667:24)
            at act (E:\VSCode_Repo\tech-oblivion-wpHeadless\node_modules\react\cjs\react.development.js:2582:11)
            at E:\VSCode_Repo\tech-oblivion-wpHeadless\node_modules\@testing-library\react\dist\act-compat.js:47:25
            at renderRoot (E:\VSCode_Repo\tech-oblivion-wpHeadless\node_modules\@testing-library\react\dist\pure.js:190:26)
            at render (E:\VSCode_Repo\tech-oblivion-wpHeadless\node_modules\@testing-library\react\dist\pure.js:292:10)
            at Object.<anonymous> (E:\VSCode_Repo\tech-oblivion-wpHeadless\src\__tests__\components.smoke.test.tsx:32:41),
        type: 'unhandled exception'
      }

    [0m [90m 30 |[39m       [36mif[39m ([36mtypeof[39m [33mC[39m [33m===[39m [32m'function'[39m) {
     [90m 31 |[39m         [90m// Try render with no props[39m
    [31m[1m>[22m[39m[90m 32 |[39m         [36mconst[39m { queryByTestId } [33m=[39m render(
     [90m    |[39m                                         [31m[1m^[22m[39m
     [90m 33 |[39m           [33m<[39m[33mErrorBoundary[39m[33m>[39m
     [90m 34 |[39m             {[33mReact[39m[33m.[39mcreateElement([33mC[39m [36mas[39m any)}
     [90m 35 |[39m           [33m<[39m[33m/[39m[33mErrorBoundary[39m[33m>[39m[0m

      at VirtualConsole.<anonymous> (node_modules/jest-environment-jsdom/build/index.js:63:23)
      at Object.invokeGuardedCallbackDev (node_modules/react-dom/cjs/react-dom.development.js:4213:16)
      at invokeGuardedCallback (node_modules/react-dom/cjs/react-dom.development.js:4277:31)
      at beginWork$1 (node_modules/react-dom/cjs/react-dom.development.js:27490:7)
      at performUnitOfWork (node_modules/react-dom/cjs/react-dom.development.js:26599:12)
      at workLoopSync (node_modules/react-dom/cjs/react-dom.development.js:26505:5)
      at renderRootSync (node_modules/react-dom/cjs/react-dom.development.js:26473:7)
      at recoverFromConcurrentError (node_modules/react-dom/cjs/react-dom.development.js:25889:20)
      at performConcurrentWorkOnRoot (node_modules/react-dom/cjs/react-dom.development.js:25789:22)
      at flushActQueue (node_modules/react/cjs/react.development.js:2667:24)
      at act (node_modules/react/cjs/react.development.js:2582:11)
      at node_modules/@testing-library/react/dist/act-compat.js:47:25
      at renderRoot (node_modules/@testing-library/react/dist/pure.js:190:26)
      at render (node_modules/@testing-library/react/dist/pure.js:292:10)
      at Object.<anonymous> (src/__tests__/components.smoke.test.tsx:32:41)

    console.error
      The above error occurred in the <PostCard> component:
      
          at post (E:\VSCode_Repo\tech-oblivion-wpHeadless\src\components\post-card.tsx:31:28)
          at ErrorBoundary (E:\VSCode_Repo\tech-oblivion-wpHeadless\src\components\error-boundary.tsx:11:5)
          at children (E:\VSCode_Repo\tech-oblivion-wpHeadless\src\__tests__\TestErrorBoundary.tsx:4:45)
      
      React will try to recreate this component tree from scratch using the error boundary you provided, ErrorBoundary.

    [0m [90m 30 |[39m       [36mif[39m ([36mtypeof[39m [33mC[39m [33m===[39m [32m'function'[39m) {
     [90m 31 |[39m         [90m// Try render with no props[39m
    [31m[1m>[22m[39m[90m 32 |[39m         [36mconst[39m { queryByTestId } [33m=[39m render(
     [90m    |[39m                                         [31m[1m^[22m[39m
     [90m 33 |[39m           [33m<[39m[33mErrorBoundary[39m[33m>[39m
     [90m 34 |[39m             {[33mReact[39m[33m.[39mcreateElement([33mC[39m [36mas[39m any)}
     [90m 35 |[39m           [33m<[39m[33m/[39m[33mErrorBoundary[39m[33m>[39m[0m

      at logCapturedError (node_modules/react-dom/cjs/react-dom.development.js:18704:23)
      at ErrorBoundary.callback (node_modules/react-dom/cjs/react-dom.development.js:18772:7)
      at callCallback (node_modules/react-dom/cjs/react-dom.development.js:15036:12)
      at commitUpdateQueue (node_modules/react-dom/cjs/react-dom.development.js:15057:9)
      at commitLayoutEffectOnFiber (node_modules/react-dom/cjs/react-dom.development.js:23403:13)
      at commitLayoutMountEffects_complete (node_modules/react-dom/cjs/react-dom.development.js:24727:9)
      at commitLayoutEffects_begin (node_modules/react-dom/cjs/react-dom.development.js:24713:7)
      at commitLayoutEffects (node_modules/react-dom/cjs/react-dom.development.js:24651:3)
      at commitRootImpl (node_modules/react-dom/cjs/react-dom.development.js:26862:5)
      at commitRoot (node_modules/react-dom/cjs/react-dom.development.js:26721:5)
      at finishConcurrentRender (node_modules/react-dom/cjs/react-dom.development.js:25931:9)
      at performConcurrentWorkOnRoot (node_modules/react-dom/cjs/react-dom.development.js:25848:7)
      at flushActQueue (node_modules/react/cjs/react.development.js:2667:24)
      at act (node_modules/react/cjs/react.development.js:2582:11)
      at node_modules/@testing-library/react/dist/act-compat.js:47:25
      at renderRoot (node_modules/@testing-library/react/dist/pure.js:190:26)
      at render (node_modules/@testing-library/react/dist/pure.js:292:10)
      at Object.<anonymous> (src/__tests__/components.smoke.test.tsx:32:41)

    console.error
      ErrorBoundary caught TypeError: Cannot read properties of undefined (reading 'id')
          at id (E:\VSCode_Repo\tech-oblivion-wpHeadless\src\components\post-card.tsx:81:50)
          at renderWithHooks (E:\VSCode_Repo\tech-oblivion-wpHeadless\node_modules\react-dom\cjs\react-dom.development.js:15486:18)
          at mountIndeterminateComponent (E:\VSCode_Repo\tech-oblivion-wpHeadless\node_modules\react-dom\cjs\react-dom.development.js:20103:13)
          at beginWork (E:\VSCode_Repo\tech-oblivion-wpHeadless\node_modules\react-dom\cjs\react-dom.development.js:21626:16)
          at beginWork$1 (E:\VSCode_Repo\tech-oblivion-wpHeadless\node_modules\react-dom\cjs\react-dom.development.js:27465:14)
          at performUnitOfWork (E:\VSCode_Repo\tech-oblivion-wpHeadless\node_modules\react-dom\cjs\react-dom.development.js:26599:12)
          at workLoopSync (E:\VSCode_Repo\tech-oblivion-wpHeadless\node_modules\react-dom\cjs\react-dom.development.js:26505:5)
          at renderRootSync (E:\VSCode_Repo\tech-oblivion-wpHeadless\node_modules\react-dom\cjs\react-dom.development.js:26473:7)
          at recoverFromConcurrentError (E:\VSCode_Repo\tech-oblivion-wpHeadless\node_modules\react-dom\cjs\react-dom.development.js:25889:20)
          at performConcurrentWorkOnRoot (E:\VSCode_Repo\tech-oblivion-wpHeadless\node_modules\react-dom\cjs\react-dom.development.js:25789:22)
          at flushActQueue (E:\VSCode_Repo\tech-oblivion-wpHeadless\node_modules\react\cjs\react.development.js:2667:24)
          at act (E:\VSCode_Repo\tech-oblivion-wpHeadless\node_modules\react\cjs\react.development.js:2582:11)
          at E:\VSCode_Repo\tech-oblivion-wpHeadless\node_modules\@testing-library\react\dist\act-compat.js:47:25
          at renderRoot (E:\VSCode_Repo\tech-oblivion-wpHeadless\node_modules\@testing-library\react\dist\pure.js:190:26)
          at render (E:\VSCode_Repo\tech-oblivion-wpHeadless\node_modules\@testing-library\react\dist\pure.js:292:10)
          at Object.<anonymous> (E:\VSCode_Repo\tech-oblivion-wpHeadless\src\__tests__\components.smoke.test.tsx:32:41) {
        componentStack: '\n' +
          '    at post (E:\\VSCode_Repo\\tech-oblivion-wpHeadless\\src\\components\\post-card.tsx:31:28)\n' +
          '    at ErrorBoundary (E:\\VSCode_Repo\\tech-oblivion-wpHeadless\\src\\components\\error-boundary.tsx:11:5)\n' +
          '    at children (E:\\VSCode_Repo\\tech-oblivion-wpHeadless\\src\\__tests__\\TestErrorBoundary.tsx:4:45)'
      }

    [0m [90m 16 |[39m   }
     [90m 17 |[39m   componentDidCatch(error[33m:[39m [33mError[39m[33m,[39m info[33m:[39m [33mReact[39m[33m.[39m[33mErrorInfo[39m) {
    [31m[1m>[22m[39m[90m 18 |[39m     console[33m.[39merror([32m'ErrorBoundary caught'[39m[33m,[39m error[33m,[39m info)
     [90m    |[39m             [31m[1m^[22m[39m
     [90m 19 |[39m     toast({
     [90m 20 |[39m       title[33m:[39m [32m"Something went wrong"[39m[33m,[39m
     [90m 21 |[39m       description[33m:[39m [32m"An unexpected error occurred. Please try refreshing the page."[39m[33m,[39m[0m

      at ErrorBoundary.error [as componentDidCatch] (src/components/error-boundary.tsx:18:13)
      at ErrorBoundary.callback (node_modules/react-dom/cjs/react-dom.development.js:18785:12)
      at callCallback (node_modules/react-dom/cjs/react-dom.development.js:15036:12)
      at commitUpdateQueue (node_modules/react-dom/cjs/react-dom.development.js:15057:9)
      at commitLayoutEffectOnFiber (node_modules/react-dom/cjs/react-dom.development.js:23403:13)
      at commitLayoutMountEffects_complete (node_modules/react-dom/cjs/react-dom.development.js:24727:9)
      at commitLayoutEffects_begin (node_modules/react-dom/cjs/react-dom.development.js:24713:7)
      at commitLayoutEffects (node_modules/react-dom/cjs/react-dom.development.js:24651:3)
      at commitRootImpl (node_modules/react-dom/cjs/react-dom.development.js:26862:5)
      at commitRoot (node_modules/react-dom/cjs/react-dom.development.js:26721:5)
      at finishConcurrentRender (node_modules/react-dom/cjs/react-dom.development.js:25931:9)
      at performConcurrentWorkOnRoot (node_modules/react-dom/cjs/react-dom.development.js:25848:7)
      at flushActQueue (node_modules/react/cjs/react.development.js:2667:24)
      at act (node_modules/react/cjs/react.development.js:2582:11)
      at node_modules/@testing-library/react/dist/act-compat.js:47:25
      at renderRoot (node_modules/@testing-library/react/dist/pure.js:190:26)
      at render (node_modules/@testing-library/react/dist/pure.js:292:10)
      at Object.<anonymous> (src/__tests__/components.smoke.test.tsx:32:41)

    console.error
      Error: Uncaught [TypeError: (0 , _sanitizehtml.default) is not a function]
          at Object.<anonymous> (E:\VSCode_Repo\tech-oblivion-wpHeadless\src\__tests__\components.smoke.test.tsx:32:41) {
        detail: TypeError: (0 , _sanitizehtml.default) is not a function
            at E:\VSCode_Repo\tech-oblivion-wpHeadless\src\components\profile\PostExcerpt.tsx:13:24
            at mountMemo (E:\VSCode_Repo\tech-oblivion-wpHeadless\node_modules\react-dom\cjs\react-dom.development.js:16406:19)
            at Object.useMemo (E:\VSCode_Repo\tech-oblivion-wpHeadless\node_modules\react-dom\cjs\react-dom.development.js:16851:16)
            at useMemo (E:\VSCode_Repo\tech-oblivion-wpHeadless\node_modules\react\cjs\react.development.js:1650:21)
            at PostExcerpt (E:\VSCode_Repo\tech-oblivion-wpHeadless\src\components\profile\PostExcerpt.tsx:12:23)
            at renderWithHooks (E:\VSCode_Repo\tech-oblivion-wpHeadless\node_modules\react-dom\cjs\react-dom.development.js:15486:18)
            at mountIndeterminateComponent (E:\VSCode_Repo\tech-oblivion-wpHeadless\node_modules\react-dom\cjs\react-dom.development.js:20103:13)
            at beginWork (E:\VSCode_Repo\tech-oblivion-wpHeadless\node_modules\react-dom\cjs\react-dom.development.js:21626:16)
            at HTMLUnknownElement.callCallback (E:\VSCode_Repo\tech-oblivion-wpHeadless\node_modules\react-dom\cjs\react-dom.development.js:4164:14)
            at HTMLUnknownElement.callTheUserObjectsOperation (E:\VSCode_Repo\tech-oblivion-wpHeadless\node_modules\jest-environment-jsdom\node_modules\jsdom\lib\jsdom\living\generated\EventListener.js:26:30)
            at innerInvokeEventListeners (E:\VSCode_Repo\tech-oblivion-wpHeadless\node_modules\jest-environment-jsdom\node_modules\jsdom\lib\jsdom\living\events\EventTarget-impl.js:350:25)
            at invokeEventListeners (E:\VSCode_Repo\tech-oblivion-wpHeadless\node_modules\jest-environment-jsdom\node_modules\jsdom\lib\jsdom\living\events\EventTarget-impl.js:286:3)
            at HTMLUnknownElementImpl._dispatch (E:\VSCode_Repo\tech-oblivion-wpHeadless\node_modules\jest-environment-jsdom\node_modules\jsdom\lib\jsdom\living\events\EventTarget-impl.js:233:9)
            at HTMLUnknownElementImpl.dispatchEvent (E:\VSCode_Repo\tech-oblivion-wpHeadless\node_modules\jest-environment-jsdom\node_modules\jsdom\lib\jsdom\living\events\EventTarget-impl.js:104:17)
            at HTMLUnknownElement.dispatchEvent (E:\VSCode_Repo\tech-oblivion-wpHeadless\node_modules\jest-environment-jsdom\node_modules\jsdom\lib\jsdom\living\generated\EventTarget.js:241:34)
            at Object.invokeGuardedCallbackDev (E:\VSCode_Repo\tech-oblivion-wpHeadless\node_modules\react-dom\cjs\react-dom.development.js:4213:16)
            at invokeGuardedCallback (E:\VSCode_Repo\tech-oblivion-wpHeadless\node_modules\react-dom\cjs\react-dom.development.js:4277:31)
            at beginWork$1 (E:\VSCode_Repo\tech-oblivion-wpHeadless\node_modules\react-dom\cjs\react-dom.development.js:27490:7)
            at performUnitOfWork (E:\VSCode_Repo\tech-oblivion-wpHeadless\node_modules\react-dom\cjs\react-dom.development.js:26599:12)
            at workLoopSync (E:\VSCode_Repo\tech-oblivion-wpHeadless\node_modules\react-dom\cjs\react-dom.development.js:26505:5)
            at renderRootSync (E:\VSCode_Repo\tech-oblivion-wpHeadless\node_modules\react-dom\cjs\react-dom.development.js:26473:7)
            at performConcurrentWorkOnRoot (E:\VSCode_Repo\tech-oblivion-wpHeadless\node_modules\react-dom\cjs\react-dom.development.js:25777:74)
            at flushActQueue (E:\VSCode_Repo\tech-oblivion-wpHeadless\node_modules\react\cjs\react.development.js:2667:24)
            at act (E:\VSCode_Repo\tech-oblivion-wpHeadless\node_modules\react\cjs\react.development.js:2582:11)
            at E:\VSCode_Repo\tech-oblivion-wpHeadless\node_modules\@testing-library\react\dist\act-compat.js:47:25
            at renderRoot (E:\VSCode_Repo\tech-oblivion-wpHeadless\node_modules\@testing-library\react\dist\pure.js:190:26)
            at render (E:\VSCode_Repo\tech-oblivion-wpHeadless\node_modules\@testing-library\react\dist\pure.js:292:10)
            at Object.<anonymous> (E:\VSCode_Repo\tech-oblivion-wpHeadless\src\__tests__\components.smoke.test.tsx:32:41),
        type: 'unhandled exception'
      }

    [0m [90m 30 |[39m       [36mif[39m ([36mtypeof[39m [33mC[39m [33m===[39m [32m'function'[39m) {
     [90m 31 |[39m         [90m// Try render with no props[39m
    [31m[1m>[22m[39m[90m 32 |[39m         [36mconst[39m { queryByTestId } [33m=[39m render(
     [90m    |[39m                                         [31m[1m^[22m[39m
     [90m 33 |[39m           [33m<[39m[33mErrorBoundary[39m[33m>[39m
     [90m 34 |[39m             {[33mReact[39m[33m.[39mcreateElement([33mC[39m [36mas[39m any)}
     [90m 35 |[39m           [33m<[39m[33m/[39m[33mErrorBoundary[39m[33m>[39m[0m

      at VirtualConsole.<anonymous> (node_modules/jest-environment-jsdom/build/index.js:63:23)
      at Object.invokeGuardedCallbackDev (node_modules/react-dom/cjs/react-dom.development.js:4213:16)
      at invokeGuardedCallback (node_modules/react-dom/cjs/react-dom.development.js:4277:31)
      at beginWork$1 (node_modules/react-dom/cjs/react-dom.development.js:27490:7)
      at performUnitOfWork (node_modules/react-dom/cjs/react-dom.development.js:26599:12)
      at workLoopSync (node_modules/react-dom/cjs/react-dom.development.js:26505:5)
      at renderRootSync (node_modules/react-dom/cjs/react-dom.development.js:26473:7)
      at performConcurrentWorkOnRoot (node_modules/react-dom/cjs/react-dom.development.js:25777:74)
      at flushActQueue (node_modules/react/cjs/react.development.js:2667:24)
      at act (node_modules/react/cjs/react.development.js:2582:11)
      at node_modules/@testing-library/react/dist/act-compat.js:47:25
      at renderRoot (node_modules/@testing-library/react/dist/pure.js:190:26)
      at render (node_modules/@testing-library/react/dist/pure.js:292:10)
      at Object.<anonymous> (src/__tests__/components.smoke.test.tsx:32:41)

    console.error
      Error: Uncaught [TypeError: (0 , _sanitizehtml.default) is not a function]
          at Object.<anonymous> (E:\VSCode_Repo\tech-oblivion-wpHeadless\src\__tests__\components.smoke.test.tsx:32:41) {
        detail: TypeError: (0 , _sanitizehtml.default) is not a function
            at E:\VSCode_Repo\tech-oblivion-wpHeadless\src\components\profile\PostExcerpt.tsx:13:24
            at mountMemo (E:\VSCode_Repo\tech-oblivion-wpHeadless\node_modules\react-dom\cjs\react-dom.development.js:16406:19)
            at Object.useMemo (E:\VSCode_Repo\tech-oblivion-wpHeadless\node_modules\react-dom\cjs\react-dom.development.js:16851:16)
            at useMemo (E:\VSCode_Repo\tech-oblivion-wpHeadless\node_modules\react\cjs\react.development.js:1650:21)
            at PostExcerpt (E:\VSCode_Repo\tech-oblivion-wpHeadless\src\components\profile\PostExcerpt.tsx:12:23)
            at renderWithHooks (E:\VSCode_Repo\tech-oblivion-wpHeadless\node_modules\react-dom\cjs\react-dom.development.js:15486:18)
            at mountIndeterminateComponent (E:\VSCode_Repo\tech-oblivion-wpHeadless\node_modules\react-dom\cjs\react-dom.development.js:20103:13)
            at beginWork (E:\VSCode_Repo\tech-oblivion-wpHeadless\node_modules\react-dom\cjs\react-dom.development.js:21626:16)
            at HTMLUnknownElement.callCallback (E:\VSCode_Repo\tech-oblivion-wpHeadless\node_modules\react-dom\cjs\react-dom.development.js:4164:14)
            at HTMLUnknownElement.callTheUserObjectsOperation (E:\VSCode_Repo\tech-oblivion-wpHeadless\node_modules\jest-environment-jsdom\node_modules\jsdom\lib\jsdom\living\generated\EventListener.js:26:30)
            at innerInvokeEventListeners (E:\VSCode_Repo\tech-oblivion-wpHeadless\node_modules\jest-environment-jsdom\node_modules\jsdom\lib\jsdom\living\events\EventTarget-impl.js:350:25)
            at invokeEventListeners (E:\VSCode_Repo\tech-oblivion-wpHeadless\node_modules\jest-environment-jsdom\node_modules\jsdom\lib\jsdom\living\events\EventTarget-impl.js:286:3)
            at HTMLUnknownElementImpl._dispatch (E:\VSCode_Repo\tech-oblivion-wpHeadless\node_modules\jest-environment-jsdom\node_modules\jsdom\lib\jsdom\living\events\EventTarget-impl.js:233:9)
            at HTMLUnknownElementImpl.dispatchEvent (E:\VSCode_Repo\tech-oblivion-wpHeadless\node_modules\jest-environment-jsdom\node_modules\jsdom\lib\jsdom\living\events\EventTarget-impl.js:104:17)
            at HTMLUnknownElement.dispatchEvent (E:\VSCode_Repo\tech-oblivion-wpHeadless\node_modules\jest-environment-jsdom\node_modules\jsdom\lib\jsdom\living\generated\EventTarget.js:241:34)
            at Object.invokeGuardedCallbackDev (E:\VSCode_Repo\tech-oblivion-wpHeadless\node_modules\react-dom\cjs\react-dom.development.js:4213:16)
            at invokeGuardedCallback (E:\VSCode_Repo\tech-oblivion-wpHeadless\node_modules\react-dom\cjs\react-dom.development.js:4277:31)
            at beginWork$1 (E:\VSCode_Repo\tech-oblivion-wpHeadless\node_modules\react-dom\cjs\react-dom.development.js:27490:7)
            at performUnitOfWork (E:\VSCode_Repo\tech-oblivion-wpHeadless\node_modules\react-dom\cjs\react-dom.development.js:26599:12)
            at workLoopSync (E:\VSCode_Repo\tech-oblivion-wpHeadless\node_modules\react-dom\cjs\react-dom.development.js:26505:5)
            at renderRootSync (E:\VSCode_Repo\tech-oblivion-wpHeadless\node_modules\react-dom\cjs\react-dom.development.js:26473:7)
            at recoverFromConcurrentError (E:\VSCode_Repo\tech-oblivion-wpHeadless\node_modules\react-dom\cjs\react-dom.development.js:25889:20)
            at performConcurrentWorkOnRoot (E:\VSCode_Repo\tech-oblivion-wpHeadless\node_modules\react-dom\cjs\react-dom.development.js:25789:22)
            at flushActQueue (E:\VSCode_Repo\tech-oblivion-wpHeadless\node_modules\react\cjs\react.development.js:2667:24)
            at act (E:\VSCode_Repo\tech-oblivion-wpHeadless\node_modules\react\cjs\react.development.js:2582:11)
            at E:\VSCode_Repo\tech-oblivion-wpHeadless\node_modules\@testing-library\react\dist\act-compat.js:47:25
            at renderRoot (E:\VSCode_Repo\tech-oblivion-wpHeadless\node_modules\@testing-library\react\dist\pure.js:190:26)
            at render (E:\VSCode_Repo\tech-oblivion-wpHeadless\node_modules\@testing-library\react\dist\pure.js:292:10)
            at Object.<anonymous> (E:\VSCode_Repo\tech-oblivion-wpHeadless\src\__tests__\components.smoke.test.tsx:32:41),
        type: 'unhandled exception'
      }

    [0m [90m 30 |[39m       [36mif[39m ([36mtypeof[39m [33mC[39m [33m===[39m [32m'function'[39m) {
     [90m 31 |[39m         [90m// Try render with no props[39m
    [31m[1m>[22m[39m[90m 32 |[39m         [36mconst[39m { queryByTestId } [33m=[39m render(
     [90m    |[39m                                         [31m[1m^[22m[39m
     [90m 33 |[39m           [33m<[39m[33mErrorBoundary[39m[33m>[39m
     [90m 34 |[39m             {[33mReact[39m[33m.[39mcreateElement([33mC[39m [36mas[39m any)}
     [90m 35 |[39m           [33m<[39m[33m/[39m[33mErrorBoundary[39m[33m>[39m[0m

      at VirtualConsole.<anonymous> (node_modules/jest-environment-jsdom/build/index.js:63:23)
      at Object.invokeGuardedCallbackDev (node_modules/react-dom/cjs/react-dom.development.js:4213:16)
      at invokeGuardedCallback (node_modules/react-dom/cjs/react-dom.development.js:4277:31)
      at beginWork$1 (node_modules/react-dom/cjs/react-dom.development.js:27490:7)
      at performUnitOfWork (node_modules/react-dom/cjs/react-dom.development.js:26599:12)
      at workLoopSync (node_modules/react-dom/cjs/react-dom.development.js:26505:5)
      at renderRootSync (node_modules/react-dom/cjs/react-dom.development.js:26473:7)
      at recoverFromConcurrentError (node_modules/react-dom/cjs/react-dom.development.js:25889:20)
      at performConcurrentWorkOnRoot (node_modules/react-dom/cjs/react-dom.development.js:25789:22)
      at flushActQueue (node_modules/react/cjs/react.development.js:2667:24)
      at act (node_modules/react/cjs/react.development.js:2582:11)
      at node_modules/@testing-library/react/dist/act-compat.js:47:25
      at renderRoot (node_modules/@testing-library/react/dist/pure.js:190:26)
      at render (node_modules/@testing-library/react/dist/pure.js:292:10)
      at Object.<anonymous> (src/__tests__/components.smoke.test.tsx:32:41)

    console.error
      The above error occurred in the <PostExcerpt> component:
      
          at html (E:\VSCode_Repo\tech-oblivion-wpHeadless\src\components\profile\PostExcerpt.tsx:9:39)
          at ErrorBoundary (E:\VSCode_Repo\tech-oblivion-wpHeadless\src\components\error-boundary.tsx:11:5)
          at children (E:\VSCode_Repo\tech-oblivion-wpHeadless\src\__tests__\TestErrorBoundary.tsx:4:45)
      
      React will try to recreate this component tree from scratch using the error boundary you provided, ErrorBoundary.

    [0m [90m 30 |[39m       [36mif[39m ([36mtypeof[39m [33mC[39m [33m===[39m [32m'function'[39m) {
     [90m 31 |[39m         [90m// Try render with no props[39m
    [31m[1m>[22m[39m[90m 32 |[39m         [36mconst[39m { queryByTestId } [33m=[39m render(
     [90m    |[39m                                         [31m[1m^[22m[39m
     [90m 33 |[39m           [33m<[39m[33mErrorBoundary[39m[33m>[39m
     [90m 34 |[39m             {[33mReact[39m[33m.[39mcreateElement([33mC[39m [36mas[39m any)}
     [90m 35 |[39m           [33m<[39m[33m/[39m[33mErrorBoundary[39m[33m>[39m[0m

      at logCapturedError (node_modules/react-dom/cjs/react-dom.development.js:18704:23)
      at ErrorBoundary.callback (node_modules/react-dom/cjs/react-dom.development.js:18772:7)
      at callCallback (node_modules/react-dom/cjs/react-dom.development.js:15036:12)
      at commitUpdateQueue (node_modules/react-dom/cjs/react-dom.development.js:15057:9)
      at commitLayoutEffectOnFiber (node_modules/react-dom/cjs/react-dom.development.js:23403:13)
      at commitLayoutMountEffects_complete (node_modules/react-dom/cjs/react-dom.development.js:24727:9)
      at commitLayoutEffects_begin (node_modules/react-dom/cjs/react-dom.development.js:24713:7)
      at commitLayoutEffects (node_modules/react-dom/cjs/react-dom.development.js:24651:3)
      at commitRootImpl (node_modules/react-dom/cjs/react-dom.development.js:26862:5)
      at commitRoot (node_modules/react-dom/cjs/react-dom.development.js:26721:5)
      at finishConcurrentRender (node_modules/react-dom/cjs/react-dom.development.js:25931:9)
      at performConcurrentWorkOnRoot (node_modules/react-dom/cjs/react-dom.development.js:25848:7)
      at flushActQueue (node_modules/react/cjs/react.development.js:2667:24)
      at act (node_modules/react/cjs/react.development.js:2582:11)
      at node_modules/@testing-library/react/dist/act-compat.js:47:25
      at renderRoot (node_modules/@testing-library/react/dist/pure.js:190:26)
      at render (node_modules/@testing-library/react/dist/pure.js:292:10)
      at Object.<anonymous> (src/__tests__/components.smoke.test.tsx:32:41)

    console.error
      ErrorBoundary caught TypeError: (0 , _sanitizehtml.default) is not a function
          at E:\VSCode_Repo\tech-oblivion-wpHeadless\src\components\profile\PostExcerpt.tsx:13:24
          at mountMemo (E:\VSCode_Repo\tech-oblivion-wpHeadless\node_modules\react-dom\cjs\react-dom.development.js:16406:19)
          at Object.useMemo (E:\VSCode_Repo\tech-oblivion-wpHeadless\node_modules\react-dom\cjs\react-dom.development.js:16851:16)
          at useMemo (E:\VSCode_Repo\tech-oblivion-wpHeadless\node_modules\react\cjs\react.development.js:1650:21)
          at PostExcerpt (E:\VSCode_Repo\tech-oblivion-wpHeadless\src\components\profile\PostExcerpt.tsx:12:23)
          at renderWithHooks (E:\VSCode_Repo\tech-oblivion-wpHeadless\node_modules\react-dom\cjs\react-dom.development.js:15486:18)
          at mountIndeterminateComponent (E:\VSCode_Repo\tech-oblivion-wpHeadless\node_modules\react-dom\cjs\react-dom.development.js:20103:13)
          at beginWork (E:\VSCode_Repo\tech-oblivion-wpHeadless\node_modules\react-dom\cjs\react-dom.development.js:21626:16)
          at beginWork$1 (E:\VSCode_Repo\tech-oblivion-wpHeadless\node_modules\react-dom\cjs\react-dom.development.js:27465:14)
          at performUnitOfWork (E:\VSCode_Repo\tech-oblivion-wpHeadless\node_modules\react-dom\cjs\react-dom.development.js:26599:12)
          at workLoopSync (E:\VSCode_Repo\tech-oblivion-wpHeadless\node_modules\react-dom\cjs\react-dom.development.js:26505:5)
          at renderRootSync (E:\VSCode_Repo\tech-oblivion-wpHeadless\node_modules\react-dom\cjs\react-dom.development.js:26473:7)
          at recoverFromConcurrentError (E:\VSCode_Repo\tech-oblivion-wpHeadless\node_modules\react-dom\cjs\react-dom.development.js:25889:20)
          at performConcurrentWorkOnRoot (E:\VSCode_Repo\tech-oblivion-wpHeadless\node_modules\react-dom\cjs\react-dom.development.js:25789:22)
          at flushActQueue (E:\VSCode_Repo\tech-oblivion-wpHeadless\node_modules\react\cjs\react.development.js:2667:24)
          at act (E:\VSCode_Repo\tech-oblivion-wpHeadless\node_modules\react\cjs\react.development.js:2582:11)
          at E:\VSCode_Repo\tech-oblivion-wpHeadless\node_modules\@testing-library\react\dist\act-compat.js:47:25
          at renderRoot (E:\VSCode_Repo\tech-oblivion-wpHeadless\node_modules\@testing-library\react\dist\pure.js:190:26)
          at render (E:\VSCode_Repo\tech-oblivion-wpHeadless\node_modules\@testing-library\react\dist\pure.js:292:10)
          at Object.<anonymous> (E:\VSCode_Repo\tech-oblivion-wpHeadless\src\__tests__\components.smoke.test.tsx:32:41) {
        componentStack: '\n' +
          '    at html (E:\\VSCode_Repo\\tech-oblivion-wpHeadless\\src\\components\\profile\\PostExcerpt.tsx:9:39)\n' +
          '    at ErrorBoundary (E:\\VSCode_Repo\\tech-oblivion-wpHeadless\\src\\components\\error-boundary.tsx:11:5)\n' +
          '    at children (E:\\VSCode_Repo\\tech-oblivion-wpHeadless\\src\\__tests__\\TestErrorBoundary.tsx:4:45)'
      }

    [0m [90m 16 |[39m   }
     [90m 17 |[39m   componentDidCatch(error[33m:[39m [33mError[39m[33m,[39m info[33m:[39m [33mReact[39m[33m.[39m[33mErrorInfo[39m) {
    [31m[1m>[22m[39m[90m 18 |[39m     console[33m.[39merror([32m'ErrorBoundary caught'[39m[33m,[39m error[33m,[39m info)
     [90m    |[39m             [31m[1m^[22m[39m
     [90m 19 |[39m     toast({
     [90m 20 |[39m       title[33m:[39m [32m"Something went wrong"[39m[33m,[39m
     [90m 21 |[39m       description[33m:[39m [32m"An unexpected error occurred. Please try refreshing the page."[39m[33m,[39m[0m

      at ErrorBoundary.error [as componentDidCatch] (src/components/error-boundary.tsx:18:13)
      at ErrorBoundary.callback (node_modules/react-dom/cjs/react-dom.development.js:18785:12)
      at callCallback (node_modules/react-dom/cjs/react-dom.development.js:15036:12)
      at commitUpdateQueue (node_modules/react-dom/cjs/react-dom.development.js:15057:9)
      at commitLayoutEffectOnFiber (node_modules/react-dom/cjs/react-dom.development.js:23403:13)
      at commitLayoutMountEffects_complete (node_modules/react-dom/cjs/react-dom.development.js:24727:9)
      at commitLayoutEffects_begin (node_modules/react-dom/cjs/react-dom.development.js:24713:7)
      at commitLayoutEffects (node_modules/react-dom/cjs/react-dom.development.js:24651:3)
      at commitRootImpl (node_modules/react-dom/cjs/react-dom.development.js:26862:5)
      at commitRoot (node_modules/react-dom/cjs/react-dom.development.js:26721:5)
      at finishConcurrentRender (node_modules/react-dom/cjs/react-dom.development.js:25931:9)
      at performConcurrentWorkOnRoot (node_modules/react-dom/cjs/react-dom.development.js:25848:7)
      at flushActQueue (node_modules/react/cjs/react.development.js:2667:24)
      at act (node_modules/react/cjs/react.development.js:2582:11)
      at node_modules/@testing-library/react/dist/act-compat.js:47:25
      at renderRoot (node_modules/@testing-library/react/dist/pure.js:190:26)
      at render (node_modules/@testing-library/react/dist/pure.js:292:10)
      at Object.<anonymous> (src/__tests__/components.smoke.test.tsx:32:41)

    console.error
      Error fetching related posts: TypeError: Cannot read properties of undefined (reading 'toString')
          at toString (E:\VSCode_Repo\tech-oblivion-wpHeadless\src\components\RelatedPostsSidebar.tsx:56:48)
          at fetchRelatedPosts (E:\VSCode_Repo\tech-oblivion-wpHeadless\src\components\RelatedPostsSidebar.tsx:97:5)
          at commitHookEffectListMount (E:\VSCode_Repo\tech-oblivion-wpHeadless\node_modules\react-dom\cjs\react-dom.development.js:23189:26)
          at commitPassiveMountOnFiber (E:\VSCode_Repo\tech-oblivion-wpHeadless\node_modules\react-dom\cjs\react-dom.development.js:24970:11)
          at commitPassiveMountEffects_complete (E:\VSCode_Repo\tech-oblivion-wpHeadless\node_modules\react-dom\cjs\react-dom.development.js:24930:9)
          at commitPassiveMountEffects_begin (E:\VSCode_Repo\tech-oblivion-wpHeadless\node_modules\react-dom\cjs\react-dom.development.js:24917:7)
          at commitPassiveMountEffects (E:\VSCode_Repo\tech-oblivion-wpHeadless\node_modules\react-dom\cjs\react-dom.development.js:24905:3)
          at flushPassiveEffectsImpl (E:\VSCode_Repo\tech-oblivion-wpHeadless\node_modules\react-dom\cjs\react-dom.development.js:27078:3)
          at flushPassiveEffects (E:\VSCode_Repo\tech-oblivion-wpHeadless\node_modules\react-dom\cjs\react-dom.development.js:27023:14)
          at E:\VSCode_Repo\tech-oblivion-wpHeadless\node_modules\react-dom\cjs\react-dom.development.js:26808:9
          at flushActQueue (E:\VSCode_Repo\tech-oblivion-wpHeadless\node_modules\react\cjs\react.development.js:2667:24)
          at act (E:\VSCode_Repo\tech-oblivion-wpHeadless\node_modules\react\cjs\react.development.js:2582:11)
          at E:\VSCode_Repo\tech-oblivion-wpHeadless\node_modules\@testing-library\react\dist\act-compat.js:47:25
          at renderRoot (E:\VSCode_Repo\tech-oblivion-wpHeadless\node_modules\@testing-library\react\dist\pure.js:190:26)
          at render (E:\VSCode_Repo\tech-oblivion-wpHeadless\node_modules\@testing-library\react\dist\pure.js:292:10)
          at Object.<anonymous> (E:\VSCode_Repo\tech-oblivion-wpHeadless\src\__tests__\components.smoke.test.tsx:32:41)

    [0m [90m 88 |[39m         }
     [90m 89 |[39m       } [36mcatch[39m (err[33m:[39m unknown) {
    [31m[1m>[22m[39m[90m 90 |[39m         console[33m.[39merror([32m'Error fetching related posts:'[39m[33m,[39m err)[33m;[39m
     [90m    |[39m                 [31m[1m^[22m[39m
     [90m 91 |[39m         setError([32m'Failed to load related posts.'[39m)[33m;[39m
     [90m 92 |[39m       } [36mfinally[39m {
     [90m 93 |[39m         setLoading([36mfalse[39m)[33m;[39m[0m

      at error (src/components/RelatedPostsSidebar.tsx:90:17)
      at fetchRelatedPosts (src/components/RelatedPostsSidebar.tsx:97:5)
      at commitHookEffectListMount (node_modules/react-dom/cjs/react-dom.development.js:23189:26)
      at commitPassiveMountOnFiber (node_modules/react-dom/cjs/react-dom.development.js:24970:11)
      at commitPassiveMountEffects_complete (node_modules/react-dom/cjs/react-dom.development.js:24930:9)
      at commitPassiveMountEffects_begin (node_modules/react-dom/cjs/react-dom.development.js:24917:7)
      at commitPassiveMountEffects (node_modules/react-dom/cjs/react-dom.development.js:24905:3)
      at flushPassiveEffectsImpl (node_modules/react-dom/cjs/react-dom.development.js:27078:3)
      at flushPassiveEffects (node_modules/react-dom/cjs/react-dom.development.js:27023:14)
      at node_modules/react-dom/cjs/react-dom.development.js:26808:9
      at flushActQueue (node_modules/react/cjs/react.development.js:2667:24)
      at act (node_modules/react/cjs/react.development.js:2582:11)
      at node_modules/@testing-library/react/dist/act-compat.js:47:25
      at renderRoot (node_modules/@testing-library/react/dist/pure.js:190:26)
      at render (node_modules/@testing-library/react/dist/pure.js:292:10)
      at Object.<anonymous> (src/__tests__/components.smoke.test.tsx:32:41)

    console.error
      Error: Uncaught [TypeError: Cannot read properties of undefined (reading 'slug')]
          at Object.<anonymous> (E:\VSCode_Repo\tech-oblivion-wpHeadless\src\__tests__\components.smoke.test.tsx:32:41) {
        detail: TypeError: Cannot read properties of undefined (reading 'slug')
            at slug (E:\VSCode_Repo\tech-oblivion-wpHeadless\src\components\Tag.tsx:13:30)
            at renderWithHooks (E:\VSCode_Repo\tech-oblivion-wpHeadless\node_modules\react-dom\cjs\react-dom.development.js:15486:18)
            at mountIndeterminateComponent (E:\VSCode_Repo\tech-oblivion-wpHeadless\node_modules\react-dom\cjs\react-dom.development.js:20103:13)
            at beginWork (E:\VSCode_Repo\tech-oblivion-wpHeadless\node_modules\react-dom\cjs\react-dom.development.js:21626:16)
            at HTMLUnknownElement.callCallback (E:\VSCode_Repo\tech-oblivion-wpHeadless\node_modules\react-dom\cjs\react-dom.development.js:4164:14)
            at HTMLUnknownElement.callTheUserObjectsOperation (E:\VSCode_Repo\tech-oblivion-wpHeadless\node_modules\jest-environment-jsdom\node_modules\jsdom\lib\jsdom\living\generated\EventListener.js:26:30)
            at innerInvokeEventListeners (E:\VSCode_Repo\tech-oblivion-wpHeadless\node_modules\jest-environment-jsdom\node_modules\jsdom\lib\jsdom\living\events\EventTarget-impl.js:350:25)
            at invokeEventListeners (E:\VSCode_Repo\tech-oblivion-wpHeadless\node_modules\jest-environment-jsdom\node_modules\jsdom\lib\jsdom\living\events\EventTarget-impl.js:286:3)
            at HTMLUnknownElementImpl._dispatch (E:\VSCode_Repo\tech-oblivion-wpHeadless\node_modules\jest-environment-jsdom\node_modules\jsdom\lib\jsdom\living\events\EventTarget-impl.js:233:9)
            at HTMLUnknownElementImpl.dispatchEvent (E:\VSCode_Repo\tech-oblivion-wpHeadless\node_modules\jest-environment-jsdom\node_modules\jsdom\lib\jsdom\living\events\EventTarget-impl.js:104:17)
            at HTMLUnknownElement.dispatchEvent (E:\VSCode_Repo\tech-oblivion-wpHeadless\node_modules\jest-environment-jsdom\node_modules\jsdom\lib\jsdom\living\generated\EventTarget.js:241:34)
            at Object.invokeGuardedCallbackDev (E:\VSCode_Repo\tech-oblivion-wpHeadless\node_modules\react-dom\cjs\react-dom.development.js:4213:16)
            at invokeGuardedCallback (E:\VSCode_Repo\tech-oblivion-wpHeadless\node_modules\react-dom\cjs\react-dom.development.js:4277:31)
            at beginWork$1 (E:\VSCode_Repo\tech-oblivion-wpHeadless\node_modules\react-dom\cjs\react-dom.development.js:27490:7)
            at performUnitOfWork (E:\VSCode_Repo\tech-oblivion-wpHeadless\node_modules\react-dom\cjs\react-dom.development.js:26599:12)
            at workLoopSync (E:\VSCode_Repo\tech-oblivion-wpHeadless\node_modules\react-dom\cjs\react-dom.development.js:26505:5)
            at renderRootSync (E:\VSCode_Repo\tech-oblivion-wpHeadless\node_modules\react-dom\cjs\react-dom.development.js:26473:7)
            at performConcurrentWorkOnRoot (E:\VSCode_Repo\tech-oblivion-wpHeadless\node_modules\react-dom\cjs\react-dom.development.js:25777:74)
            at flushActQueue (E:\VSCode_Repo\tech-oblivion-wpHeadless\node_modules\react\cjs\react.development.js:2667:24)
            at act (E:\VSCode_Repo\tech-oblivion-wpHeadless\node_modules\react\cjs\react.development.js:2582:11)
            at E:\VSCode_Repo\tech-oblivion-wpHeadless\node_modules\@testing-library\react\dist\act-compat.js:47:25
            at renderRoot (E:\VSCode_Repo\tech-oblivion-wpHeadless\node_modules\@testing-library\react\dist\pure.js:190:26)
            at render (E:\VSCode_Repo\tech-oblivion-wpHeadless\node_modules\@testing-library\react\dist\pure.js:292:10)
            at Object.<anonymous> (E:\VSCode_Repo\tech-oblivion-wpHeadless\src\__tests__\components.smoke.test.tsx:32:41),
        type: 'unhandled exception'
      }

    [0m [90m 30 |[39m       [36mif[39m ([36mtypeof[39m [33mC[39m [33m===[39m [32m'function'[39m) {
     [90m 31 |[39m         [90m// Try render with no props[39m
    [31m[1m>[22m[39m[90m 32 |[39m         [36mconst[39m { queryByTestId } [33m=[39m render(
     [90m    |[39m                                         [31m[1m^[22m[39m
     [90m 33 |[39m           [33m<[39m[33mErrorBoundary[39m[33m>[39m
     [90m 34 |[39m             {[33mReact[39m[33m.[39mcreateElement([33mC[39m [36mas[39m any)}
     [90m 35 |[39m           [33m<[39m[33m/[39m[33mErrorBoundary[39m[33m>[39m[0m

      at VirtualConsole.<anonymous> (node_modules/jest-environment-jsdom/build/index.js:63:23)
      at Object.invokeGuardedCallbackDev (node_modules/react-dom/cjs/react-dom.development.js:4213:16)
      at invokeGuardedCallback (node_modules/react-dom/cjs/react-dom.development.js:4277:31)
      at beginWork$1 (node_modules/react-dom/cjs/react-dom.development.js:27490:7)
      at performUnitOfWork (node_modules/react-dom/cjs/react-dom.development.js:26599:12)
      at workLoopSync (node_modules/react-dom/cjs/react-dom.development.js:26505:5)
      at renderRootSync (node_modules/react-dom/cjs/react-dom.development.js:26473:7)
      at performConcurrentWorkOnRoot (node_modules/react-dom/cjs/react-dom.development.js:25777:74)
      at flushActQueue (node_modules/react/cjs/react.development.js:2667:24)
      at act (node_modules/react/cjs/react.development.js:2582:11)
      at node_modules/@testing-library/react/dist/act-compat.js:47:25
      at renderRoot (node_modules/@testing-library/react/dist/pure.js:190:26)
      at render (node_modules/@testing-library/react/dist/pure.js:292:10)
      at Object.<anonymous> (src/__tests__/components.smoke.test.tsx:32:41)

    console.error
      Error: Uncaught [TypeError: Cannot read properties of undefined (reading 'slug')]
          at Object.<anonymous> (E:\VSCode_Repo\tech-oblivion-wpHeadless\src\__tests__\components.smoke.test.tsx:32:41) {
        detail: TypeError: Cannot read properties of undefined (reading 'slug')
            at slug (E:\VSCode_Repo\tech-oblivion-wpHeadless\src\components\Tag.tsx:13:30)
            at renderWithHooks (E:\VSCode_Repo\tech-oblivion-wpHeadless\node_modules\react-dom\cjs\react-dom.development.js:15486:18)
            at mountIndeterminateComponent (E:\VSCode_Repo\tech-oblivion-wpHeadless\node_modules\react-dom\cjs\react-dom.development.js:20103:13)
            at beginWork (E:\VSCode_Repo\tech-oblivion-wpHeadless\node_modules\react-dom\cjs\react-dom.development.js:21626:16)
            at HTMLUnknownElement.callCallback (E:\VSCode_Repo\tech-oblivion-wpHeadless\node_modules\react-dom\cjs\react-dom.development.js:4164:14)
            at HTMLUnknownElement.callTheUserObjectsOperation (E:\VSCode_Repo\tech-oblivion-wpHeadless\node_modules\jest-environment-jsdom\node_modules\jsdom\lib\jsdom\living\generated\EventListener.js:26:30)
            at innerInvokeEventListeners (E:\VSCode_Repo\tech-oblivion-wpHeadless\node_modules\jest-environment-jsdom\node_modules\jsdom\lib\jsdom\living\events\EventTarget-impl.js:350:25)
            at invokeEventListeners (E:\VSCode_Repo\tech-oblivion-wpHeadless\node_modules\jest-environment-jsdom\node_modules\jsdom\lib\jsdom\living\events\EventTarget-impl.js:286:3)
            at HTMLUnknownElementImpl._dispatch (E:\VSCode_Repo\tech-oblivion-wpHeadless\node_modules\jest-environment-jsdom\node_modules\jsdom\lib\jsdom\living\events\EventTarget-impl.js:233:9)
            at HTMLUnknownElementImpl.dispatchEvent (E:\VSCode_Repo\tech-oblivion-wpHeadless\node_modules\jest-environment-jsdom\node_modules\jsdom\lib\jsdom\living\events\EventTarget-impl.js:104:17)
            at HTMLUnknownElement.dispatchEvent (E:\VSCode_Repo\tech-oblivion-wpHeadless\node_modules\jest-environment-jsdom\node_modules\jsdom\lib\jsdom\living\generated\EventTarget.js:241:34)
            at Object.invokeGuardedCallbackDev (E:\VSCode_Repo\tech-oblivion-wpHeadless\node_modules\react-dom\cjs\react-dom.development.js:4213:16)
            at invokeGuardedCallback (E:\VSCode_Repo\tech-oblivion-wpHeadless\node_modules\react-dom\cjs\react-dom.development.js:4277:31)
            at beginWork$1 (E:\VSCode_Repo\tech-oblivion-wpHeadless\node_modules\react-dom\cjs\react-dom.development.js:27490:7)
            at performUnitOfWork (E:\VSCode_Repo\tech-oblivion-wpHeadless\node_modules\react-dom\cjs\react-dom.development.js:26599:12)
            at workLoopSync (E:\VSCode_Repo\tech-oblivion-wpHeadless\node_modules\react-dom\cjs\react-dom.development.js:26505:5)
            at renderRootSync (E:\VSCode_Repo\tech-oblivion-wpHeadless\node_modules\react-dom\cjs\react-dom.development.js:26473:7)
            at recoverFromConcurrentError (E:\VSCode_Repo\tech-oblivion-wpHeadless\node_modules\react-dom\cjs\react-dom.development.js:25889:20)
            at performConcurrentWorkOnRoot (E:\VSCode_Repo\tech-oblivion-wpHeadless\node_modules\react-dom\cjs\react-dom.development.js:25789:22)
            at flushActQueue (E:\VSCode_Repo\tech-oblivion-wpHeadless\node_modules\react\cjs\react.development.js:2667:24)
            at act (E:\VSCode_Repo\tech-oblivion-wpHeadless\node_modules\react\cjs\react.development.js:2582:11)
            at E:\VSCode_Repo\tech-oblivion-wpHeadless\node_modules\@testing-library\react\dist\act-compat.js:47:25
            at renderRoot (E:\VSCode_Repo\tech-oblivion-wpHeadless\node_modules\@testing-library\react\dist\pure.js:190:26)
            at render (E:\VSCode_Repo\tech-oblivion-wpHeadless\node_modules\@testing-library\react\dist\pure.js:292:10)
            at Object.<anonymous> (E:\VSCode_Repo\tech-oblivion-wpHeadless\src\__tests__\components.smoke.test.tsx:32:41),
        type: 'unhandled exception'
      }

    [0m [90m 30 |[39m       [36mif[39m ([36mtypeof[39m [33mC[39m [33m===[39m [32m'function'[39m) {
     [90m 31 |[39m         [90m// Try render with no props[39m
    [31m[1m>[22m[39m[90m 32 |[39m         [36mconst[39m { queryByTestId } [33m=[39m render(
     [90m    |[39m                                         [31m[1m^[22m[39m
     [90m 33 |[39m           [33m<[39m[33mErrorBoundary[39m[33m>[39m
     [90m 34 |[39m             {[33mReact[39m[33m.[39mcreateElement([33mC[39m [36mas[39m any)}
     [90m 35 |[39m           [33m<[39m[33m/[39m[33mErrorBoundary[39m[33m>[39m[0m

      at VirtualConsole.<anonymous> (node_modules/jest-environment-jsdom/build/index.js:63:23)
      at Object.invokeGuardedCallbackDev (node_modules/react-dom/cjs/react-dom.development.js:4213:16)
      at invokeGuardedCallback (node_modules/react-dom/cjs/react-dom.development.js:4277:31)
      at beginWork$1 (node_modules/react-dom/cjs/react-dom.development.js:27490:7)
      at performUnitOfWork (node_modules/react-dom/cjs/react-dom.development.js:26599:12)
      at workLoopSync (node_modules/react-dom/cjs/react-dom.development.js:26505:5)
      at renderRootSync (node_modules/react-dom/cjs/react-dom.development.js:26473:7)
      at recoverFromConcurrentError (node_modules/react-dom/cjs/react-dom.development.js:25889:20)
      at performConcurrentWorkOnRoot (node_modules/react-dom/cjs/react-dom.development.js:25789:22)
      at flushActQueue (node_modules/react/cjs/react.development.js:2667:24)
      at act (node_modules/react/cjs/react.development.js:2582:11)
      at node_modules/@testing-library/react/dist/act-compat.js:47:25
      at renderRoot (node_modules/@testing-library/react/dist/pure.js:190:26)
      at render (node_modules/@testing-library/react/dist/pure.js:292:10)
      at Object.<anonymous> (src/__tests__/components.smoke.test.tsx:32:41)

    console.error
      The above error occurred in the <Tag> component:
      
          at tag (E:\VSCode_Repo\tech-oblivion-wpHeadless\src\components\Tag.tsx:11:36)
          at ErrorBoundary (E:\VSCode_Repo\tech-oblivion-wpHeadless\src\components\error-boundary.tsx:11:5)
          at children (E:\VSCode_Repo\tech-oblivion-wpHeadless\src\__tests__\TestErrorBoundary.tsx:4:45)
      
      React will try to recreate this component tree from scratch using the error boundary you provided, ErrorBoundary.

    [0m [90m 30 |[39m       [36mif[39m ([36mtypeof[39m [33mC[39m [33m===[39m [32m'function'[39m) {
     [90m 31 |[39m         [90m// Try render with no props[39m
    [31m[1m>[22m[39m[90m 32 |[39m         [36mconst[39m { queryByTestId } [33m=[39m render(
     [90m    |[39m                                         [31m[1m^[22m[39m
     [90m 33 |[39m           [33m<[39m[33mErrorBoundary[39m[33m>[39m
     [90m 34 |[39m             {[33mReact[39m[33m.[39mcreateElement([33mC[39m [36mas[39m any)}
     [90m 35 |[39m           [33m<[39m[33m/[39m[33mErrorBoundary[39m[33m>[39m[0m

      at logCapturedError (node_modules/react-dom/cjs/react-dom.development.js:18704:23)
      at ErrorBoundary.callback (node_modules/react-dom/cjs/react-dom.development.js:18772:7)
      at callCallback (node_modules/react-dom/cjs/react-dom.development.js:15036:12)
      at commitUpdateQueue (node_modules/react-dom/cjs/react-dom.development.js:15057:9)
      at commitLayoutEffectOnFiber (node_modules/react-dom/cjs/react-dom.development.js:23403:13)
      at commitLayoutMountEffects_complete (node_modules/react-dom/cjs/react-dom.development.js:24727:9)
      at commitLayoutEffects_begin (node_modules/react-dom/cjs/react-dom.development.js:24713:7)
      at commitLayoutEffects (node_modules/react-dom/cjs/react-dom.development.js:24651:3)
      at commitRootImpl (node_modules/react-dom/cjs/react-dom.development.js:26862:5)
      at commitRoot (node_modules/react-dom/cjs/react-dom.development.js:26721:5)
      at finishConcurrentRender (node_modules/react-dom/cjs/react-dom.development.js:25931:9)
      at performConcurrentWorkOnRoot (node_modules/react-dom/cjs/react-dom.development.js:25848:7)
      at flushActQueue (node_modules/react/cjs/react.development.js:2667:24)
      at act (node_modules/react/cjs/react.development.js:2582:11)
      at node_modules/@testing-library/react/dist/act-compat.js:47:25
      at renderRoot (node_modules/@testing-library/react/dist/pure.js:190:26)
      at render (node_modules/@testing-library/react/dist/pure.js:292:10)
      at Object.<anonymous> (src/__tests__/components.smoke.test.tsx:32:41)

    console.error
      ErrorBoundary caught TypeError: Cannot read properties of undefined (reading 'slug')
          at slug (E:\VSCode_Repo\tech-oblivion-wpHeadless\src\components\Tag.tsx:13:30)
          at renderWithHooks (E:\VSCode_Repo\tech-oblivion-wpHeadless\node_modules\react-dom\cjs\react-dom.development.js:15486:18)
          at mountIndeterminateComponent (E:\VSCode_Repo\tech-oblivion-wpHeadless\node_modules\react-dom\cjs\react-dom.development.js:20103:13)
          at beginWork (E:\VSCode_Repo\tech-oblivion-wpHeadless\node_modules\react-dom\cjs\react-dom.development.js:21626:16)
          at beginWork$1 (E:\VSCode_Repo\tech-oblivion-wpHeadless\node_modules\react-dom\cjs\react-dom.development.js:27465:14)
          at performUnitOfWork (E:\VSCode_Repo\tech-oblivion-wpHeadless\node_modules\react-dom\cjs\react-dom.development.js:26599:12)
          at workLoopSync (E:\VSCode_Repo\tech-oblivion-wpHeadless\node_modules\react-dom\cjs\react-dom.development.js:26505:5)
          at renderRootSync (E:\VSCode_Repo\tech-oblivion-wpHeadless\node_modules\react-dom\cjs\react-dom.development.js:26473:7)
          at recoverFromConcurrentError (E:\VSCode_Repo\tech-oblivion-wpHeadless\node_modules\react-dom\cjs\react-dom.development.js:25889:20)
          at performConcurrentWorkOnRoot (E:\VSCode_Repo\tech-oblivion-wpHeadless\node_modules\react-dom\cjs\react-dom.development.js:25789:22)
          at flushActQueue (E:\VSCode_Repo\tech-oblivion-wpHeadless\node_modules\react\cjs\react.development.js:2667:24)
          at act (E:\VSCode_Repo\tech-oblivion-wpHeadless\node_modules\react\cjs\react.development.js:2582:11)
          at E:\VSCode_Repo\tech-oblivion-wpHeadless\node_modules\@testing-library\react\dist\act-compat.js:47:25
          at renderRoot (E:\VSCode_Repo\tech-oblivion-wpHeadless\node_modules\@testing-library\react\dist\pure.js:190:26)
          at render (E:\VSCode_Repo\tech-oblivion-wpHeadless\node_modules\@testing-library\react\dist\pure.js:292:10)
          at Object.<anonymous> (E:\VSCode_Repo\tech-oblivion-wpHeadless\src\__tests__\components.smoke.test.tsx:32:41) {
        componentStack: '\n' +
          '    at tag (E:\\VSCode_Repo\\tech-oblivion-wpHeadless\\src\\components\\Tag.tsx:11:36)\n' +
          '    at ErrorBoundary (E:\\VSCode_Repo\\tech-oblivion-wpHeadless\\src\\components\\error-boundary.tsx:11:5)\n' +
          '    at children (E:\\VSCode_Repo\\tech-oblivion-wpHeadless\\src\\__tests__\\TestErrorBoundary.tsx:4:45)'
      }

    [0m [90m 16 |[39m   }
     [90m 17 |[39m   componentDidCatch(error[33m:[39m [33mError[39m[33m,[39m info[33m:[39m [33mReact[39m[33m.[39m[33mErrorInfo[39m) {
    [31m[1m>[22m[39m[90m 18 |[39m     console[33m.[39merror([32m'ErrorBoundary caught'[39m[33m,[39m error[33m,[39m info)
     [90m    |[39m             [31m[1m^[22m[39m
     [90m 19 |[39m     toast({
     [90m 20 |[39m       title[33m:[39m [32m"Something went wrong"[39m[33m,[39m
     [90m 21 |[39m       description[33m:[39m [32m"An unexpected error occurred. Please try refreshing the page."[39m[33m,[39m[0m

      at ErrorBoundary.error [as componentDidCatch] (src/components/error-boundary.tsx:18:13)
      at ErrorBoundary.callback (node_modules/react-dom/cjs/react-dom.development.js:18785:12)
      at callCallback (node_modules/react-dom/cjs/react-dom.development.js:15036:12)
      at commitUpdateQueue (node_modules/react-dom/cjs/react-dom.development.js:15057:9)
      at commitLayoutEffectOnFiber (node_modules/react-dom/cjs/react-dom.development.js:23403:13)
      at commitLayoutMountEffects_complete (node_modules/react-dom/cjs/react-dom.development.js:24727:9)
      at commitLayoutEffects_begin (node_modules/react-dom/cjs/react-dom.development.js:24713:7)
      at commitLayoutEffects (node_modules/react-dom/cjs/react-dom.development.js:24651:3)
      at commitRootImpl (node_modules/react-dom/cjs/react-dom.development.js:26862:5)
      at commitRoot (node_modules/react-dom/cjs/react-dom.development.js:26721:5)
      at finishConcurrentRender (node_modules/react-dom/cjs/react-dom.development.js:25931:9)
      at performConcurrentWorkOnRoot (node_modules/react-dom/cjs/react-dom.development.js:25848:7)
      at flushActQueue (node_modules/react/cjs/react.development.js:2667:24)
      at act (node_modules/react/cjs/react.development.js:2582:11)
      at node_modules/@testing-library/react/dist/act-compat.js:47:25
      at renderRoot (node_modules/@testing-library/react/dist/pure.js:190:26)
      at render (node_modules/@testing-library/react/dist/pure.js:292:10)
      at Object.<anonymous> (src/__tests__/components.smoke.test.tsx:32:41)

    console.error
      Error: Uncaught [TypeError: window.matchMedia is not a function]
          at Object.<anonymous> (E:\VSCode_Repo\tech-oblivion-wpHeadless\src\__tests__\components.smoke.test.tsx:32:41) {
        detail: TypeError: window.matchMedia is not a function
            at E:\VSCode_Repo\tech-oblivion-wpHeadless\node_modules\next-themes\dist\index.js:1:1858
            at commitHookEffectListMount (E:\VSCode_Repo\tech-oblivion-wpHeadless\node_modules\react-dom\cjs\react-dom.development.js:23189:26)
            at commitPassiveMountOnFiber (E:\VSCode_Repo\tech-oblivion-wpHeadless\node_modules\react-dom\cjs\react-dom.development.js:24970:11)
            at commitPassiveMountEffects_complete (E:\VSCode_Repo\tech-oblivion-wpHeadless\node_modules\react-dom\cjs\react-dom.development.js:24930:9)
            at commitPassiveMountEffects_begin (E:\VSCode_Repo\tech-oblivion-wpHeadless\node_modules\react-dom\cjs\react-dom.development.js:24917:7)
            at commitPassiveMountEffects (E:\VSCode_Repo\tech-oblivion-wpHeadless\node_modules\react-dom\cjs\react-dom.development.js:24905:3)
            at flushPassiveEffectsImpl (E:\VSCode_Repo\tech-oblivion-wpHeadless\node_modules\react-dom\cjs\react-dom.development.js:27078:3)
            at flushPassiveEffects (E:\VSCode_Repo\tech-oblivion-wpHeadless\node_modules\react-dom\cjs\react-dom.development.js:27023:14)
            at E:\VSCode_Repo\tech-oblivion-wpHeadless\node_modules\react-dom\cjs\react-dom.development.js:26808:9
            at flushActQueue (E:\VSCode_Repo\tech-oblivion-wpHeadless\node_modules\react\cjs\react.development.js:2667:24)
            at act (E:\VSCode_Repo\tech-oblivion-wpHeadless\node_modules\react\cjs\react.development.js:2582:11)
            at E:\VSCode_Repo\tech-oblivion-wpHeadless\node_modules\@testing-library\react\dist\act-compat.js:47:25
            at renderRoot (E:\VSCode_Repo\tech-oblivion-wpHeadless\node_modules\@testing-library\react\dist\pure.js:190:26)
            at render (E:\VSCode_Repo\tech-oblivion-wpHeadless\node_modules\@testing-library\react\dist\pure.js:292:10)
            at Object.<anonymous> (E:\VSCode_Repo\tech-oblivion-wpHeadless\src\__tests__\components.smoke.test.tsx:32:41),
        type: 'unhandled exception'
      }

    [0m [90m 30 |[39m       [36mif[39m ([36mtypeof[39m [33mC[39m [33m===[39m [32m'function'[39m) {
     [90m 31 |[39m         [90m// Try render with no props[39m
    [31m[1m>[22m[39m[90m 32 |[39m         [36mconst[39m { queryByTestId } [33m=[39m render(
     [90m    |[39m                                         [31m[1m^[22m[39m
     [90m 33 |[39m           [33m<[39m[33mErrorBoundary[39m[33m>[39m
     [90m 34 |[39m             {[33mReact[39m[33m.[39mcreateElement([33mC[39m [36mas[39m any)}
     [90m 35 |[39m           [33m<[39m[33m/[39m[33mErrorBoundary[39m[33m>[39m[0m

      at VirtualConsole.<anonymous> (node_modules/jest-environment-jsdom/build/index.js:63:23)
      at Object.invokeGuardedCallbackDev (node_modules/react-dom/cjs/react-dom.development.js:4213:16)
      at invokeGuardedCallback (node_modules/react-dom/cjs/react-dom.development.js:4277:31)
      at reportUncaughtErrorInDEV (node_modules/react-dom/cjs/react-dom.development.js:22877:5)
      at captureCommitPhaseError (node_modules/react-dom/cjs/react-dom.development.js:27165:5)
      at commitPassiveMountEffects_complete (node_modules/react-dom/cjs/react-dom.development.js:24932:9)
      at commitPassiveMountEffects_begin (node_modules/react-dom/cjs/react-dom.development.js:24917:7)
      at commitPassiveMountEffects (node_modules/react-dom/cjs/react-dom.development.js:24905:3)
      at flushPassiveEffectsImpl (node_modules/react-dom/cjs/react-dom.development.js:27078:3)
      at flushPassiveEffects (node_modules/react-dom/cjs/react-dom.development.js:27023:14)
      at node_modules/react-dom/cjs/react-dom.development.js:26808:9
      at flushActQueue (node_modules/react/cjs/react.development.js:2667:24)
      at act (node_modules/react/cjs/react.development.js:2582:11)
      at node_modules/@testing-library/react/dist/act-compat.js:47:25
      at renderRoot (node_modules/@testing-library/react/dist/pure.js:190:26)
      at render (node_modules/@testing-library/react/dist/pure.js:292:10)
      at Object.<anonymous> (src/__tests__/components.smoke.test.tsx:32:41)

    console.error
      The above error occurred in the <G> component:
      
          at G (E:\VSCode_Repo\tech-oblivion-wpHeadless\node_modules\next-themes\dist\index.js:1:1049)
          at B (E:\VSCode_Repo\tech-oblivion-wpHeadless\node_modules\next-themes\dist\index.js:1:963)
          at children (E:\VSCode_Repo\tech-oblivion-wpHeadless\src\components\theme-provider.tsx:7:33)
          at ErrorBoundary (E:\VSCode_Repo\tech-oblivion-wpHeadless\src\components\error-boundary.tsx:11:5)
          at children (E:\VSCode_Repo\tech-oblivion-wpHeadless\src\__tests__\TestErrorBoundary.tsx:4:45)
      
      React will try to recreate this component tree from scratch using the error boundary you provided, ErrorBoundary.

    [0m [90m 30 |[39m       [36mif[39m ([36mtypeof[39m [33mC[39m [33m===[39m [32m'function'[39m) {
     [90m 31 |[39m         [90m// Try render with no props[39m
    [31m[1m>[22m[39m[90m 32 |[39m         [36mconst[39m { queryByTestId } [33m=[39m render(
     [90m    |[39m                                         [31m[1m^[22m[39m
     [90m 33 |[39m           [33m<[39m[33mErrorBoundary[39m[33m>[39m
     [90m 34 |[39m             {[33mReact[39m[33m.[39mcreateElement([33mC[39m [36mas[39m any)}
     [90m 35 |[39m           [33m<[39m[33m/[39m[33mErrorBoundary[39m[33m>[39m[0m

      at logCapturedError (node_modules/react-dom/cjs/react-dom.development.js:18704:23)
      at ErrorBoundary.callback (node_modules/react-dom/cjs/react-dom.development.js:18772:7)
      at callCallback (node_modules/react-dom/cjs/react-dom.development.js:15036:12)
      at commitUpdateQueue (node_modules/react-dom/cjs/react-dom.development.js:15057:9)
      at commitLayoutEffectOnFiber (node_modules/react-dom/cjs/react-dom.development.js:23403:13)
      at commitLayoutMountEffects_complete (node_modules/react-dom/cjs/react-dom.development.js:24727:9)
      at commitLayoutEffects_begin (node_modules/react-dom/cjs/react-dom.development.js:24713:7)
      at commitLayoutEffects (node_modules/react-dom/cjs/react-dom.development.js:24651:3)
      at commitRootImpl (node_modules/react-dom/cjs/react-dom.development.js:26862:5)
      at commitRoot (node_modules/react-dom/cjs/react-dom.development.js:26721:5)
      at performSyncWorkOnRoot (node_modules/react-dom/cjs/react-dom.development.js:26156:3)
      at flushSyncCallbacks (node_modules/react-dom/cjs/react-dom.development.js:12042:22)
      at flushPassiveEffectsImpl (node_modules/react-dom/cjs/react-dom.development.js:27099:3)
      at flushPassiveEffects (node_modules/react-dom/cjs/react-dom.development.js:27023:14)
      at node_modules/react-dom/cjs/react-dom.development.js:26808:9
      at flushActQueue (node_modules/react/cjs/react.development.js:2667:24)
      at act (node_modules/react/cjs/react.development.js:2582:11)
      at node_modules/@testing-library/react/dist/act-compat.js:47:25
      at renderRoot (node_modules/@testing-library/react/dist/pure.js:190:26)
      at render (node_modules/@testing-library/react/dist/pure.js:292:10)
      at Object.<anonymous> (src/__tests__/components.smoke.test.tsx:32:41)

    console.error
      ErrorBoundary caught TypeError: window.matchMedia is not a function
          at E:\VSCode_Repo\tech-oblivion-wpHeadless\node_modules\next-themes\dist\index.js:1:1858
          at commitHookEffectListMount (E:\VSCode_Repo\tech-oblivion-wpHeadless\node_modules\react-dom\cjs\react-dom.development.js:23189:26)
          at commitPassiveMountOnFiber (E:\VSCode_Repo\tech-oblivion-wpHeadless\node_modules\react-dom\cjs\react-dom.development.js:24970:11)
          at commitPassiveMountEffects_complete (E:\VSCode_Repo\tech-oblivion-wpHeadless\node_modules\react-dom\cjs\react-dom.development.js:24930:9)
          at commitPassiveMountEffects_begin (E:\VSCode_Repo\tech-oblivion-wpHeadless\node_modules\react-dom\cjs\react-dom.development.js:24917:7)
          at commitPassiveMountEffects (E:\VSCode_Repo\tech-oblivion-wpHeadless\node_modules\react-dom\cjs\react-dom.development.js:24905:3)
          at flushPassiveEffectsImpl (E:\VSCode_Repo\tech-oblivion-wpHeadless\node_modules\react-dom\cjs\react-dom.development.js:27078:3)
          at flushPassiveEffects (E:\VSCode_Repo\tech-oblivion-wpHeadless\node_modules\react-dom\cjs\react-dom.development.js:27023:14)
          at E:\VSCode_Repo\tech-oblivion-wpHeadless\node_modules\react-dom\cjs\react-dom.development.js:26808:9
          at flushActQueue (E:\VSCode_Repo\tech-oblivion-wpHeadless\node_modules\react\cjs\react.development.js:2667:24)
          at act (E:\VSCode_Repo\tech-oblivion-wpHeadless\node_modules\react\cjs\react.development.js:2582:11)
          at E:\VSCode_Repo\tech-oblivion-wpHeadless\node_modules\@testing-library\react\dist\act-compat.js:47:25
          at renderRoot (E:\VSCode_Repo\tech-oblivion-wpHeadless\node_modules\@testing-library\react\dist\pure.js:190:26)
          at render (E:\VSCode_Repo\tech-oblivion-wpHeadless\node_modules\@testing-library\react\dist\pure.js:292:10)
          at Object.<anonymous> (E:\VSCode_Repo\tech-oblivion-wpHeadless\src\__tests__\components.smoke.test.tsx:32:41) {
        componentStack: '\n' +
          '    at G (E:\\VSCode_Repo\\tech-oblivion-wpHeadless\\node_modules\\next-themes\\dist\\index.js:1:1049)\n' +
          '    at B (E:\\VSCode_Repo\\tech-oblivion-wpHeadless\\node_modules\\next-themes\\dist\\index.js:1:963)\n' +
          '    at children (E:\\VSCode_Repo\\tech-oblivion-wpHeadless\\src\\components\\theme-provider.tsx:7:33)\n' +
          '    at ErrorBoundary (E:\\VSCode_Repo\\tech-oblivion-wpHeadless\\src\\components\\error-boundary.tsx:11:5)\n' +
          '    at children (E:\\VSCode_Repo\\tech-oblivion-wpHeadless\\src\\__tests__\\TestErrorBoundary.tsx:4:45)'
      }

    [0m [90m 16 |[39m   }
     [90m 17 |[39m   componentDidCatch(error[33m:[39m [33mError[39m[33m,[39m info[33m:[39m [33mReact[39m[33m.[39m[33mErrorInfo[39m) {
    [31m[1m>[22m[39m[90m 18 |[39m     console[33m.[39merror([32m'ErrorBoundary caught'[39m[33m,[39m error[33m,[39m info)
     [90m    |[39m             [31m[1m^[22m[39m
     [90m 19 |[39m     toast({
     [90m 20 |[39m       title[33m:[39m [32m"Something went wrong"[39m[33m,[39m
     [90m 21 |[39m       description[33m:[39m [32m"An unexpected error occurred. Please try refreshing the page."[39m[33m,[39m[0m

      at ErrorBoundary.error [as componentDidCatch] (src/components/error-boundary.tsx:18:13)
      at ErrorBoundary.callback (node_modules/react-dom/cjs/react-dom.development.js:18785:12)
      at callCallback (node_modules/react-dom/cjs/react-dom.development.js:15036:12)
      at commitUpdateQueue (node_modules/react-dom/cjs/react-dom.development.js:15057:9)
      at commitLayoutEffectOnFiber (node_modules/react-dom/cjs/react-dom.development.js:23403:13)
      at commitLayoutMountEffects_complete (node_modules/react-dom/cjs/react-dom.development.js:24727:9)
      at commitLayoutEffects_begin (node_modules/react-dom/cjs/react-dom.development.js:24713:7)
      at commitLayoutEffects (node_modules/react-dom/cjs/react-dom.development.js:24651:3)
      at commitRootImpl (node_modules/react-dom/cjs/react-dom.development.js:26862:5)
      at commitRoot (node_modules/react-dom/cjs/react-dom.development.js:26721:5)
      at performSyncWorkOnRoot (node_modules/react-dom/cjs/react-dom.development.js:26156:3)
      at flushSyncCallbacks (node_modules/react-dom/cjs/react-dom.development.js:12042:22)
      at flushPassiveEffectsImpl (node_modules/react-dom/cjs/react-dom.development.js:27099:3)
      at flushPassiveEffects (node_modules/react-dom/cjs/react-dom.development.js:27023:14)
      at node_modules/react-dom/cjs/react-dom.development.js:26808:9
      at flushActQueue (node_modules/react/cjs/react.development.js:2667:24)
      at act (node_modules/react/cjs/react.development.js:2582:11)
      at node_modules/@testing-library/react/dist/act-compat.js:47:25
      at renderRoot (node_modules/@testing-library/react/dist/pure.js:190:26)
      at render (node_modules/@testing-library/react/dist/pure.js:292:10)
      at Object.<anonymous> (src/__tests__/components.smoke.test.tsx:32:41)

    console.error
      Error: Uncaught [TypeError: Cannot read properties of undefined (reading 'length')]
          at Object.<anonymous> (E:\VSCode_Repo\tech-oblivion-wpHeadless\src\__tests__\components.smoke.test.tsx:32:41) {
        detail: TypeError: Cannot read properties of undefined (reading 'length')
            at length (E:\VSCode_Repo\tech-oblivion-wpHeadless\src\components\toc\TableOfContents.tsx:31:59)
            at renderWithHooks (E:\VSCode_Repo\tech-oblivion-wpHeadless\node_modules\react-dom\cjs\react-dom.development.js:15486:18)
            at mountIndeterminateComponent (E:\VSCode_Repo\tech-oblivion-wpHeadless\node_modules\react-dom\cjs\react-dom.development.js:20103:13)
            at beginWork (E:\VSCode_Repo\tech-oblivion-wpHeadless\node_modules\react-dom\cjs\react-dom.development.js:21626:16)
            at HTMLUnknownElement.callCallback (E:\VSCode_Repo\tech-oblivion-wpHeadless\node_modules\react-dom\cjs\react-dom.development.js:4164:14)
            at HTMLUnknownElement.callTheUserObjectsOperation (E:\VSCode_Repo\tech-oblivion-wpHeadless\node_modules\jest-environment-jsdom\node_modules\jsdom\lib\jsdom\living\generated\EventListener.js:26:30)
            at innerInvokeEventListeners (E:\VSCode_Repo\tech-oblivion-wpHeadless\node_modules\jest-environment-jsdom\node_modules\jsdom\lib\jsdom\living\events\EventTarget-impl.js:350:25)
            at invokeEventListeners (E:\VSCode_Repo\tech-oblivion-wpHeadless\node_modules\jest-environment-jsdom\node_modules\jsdom\lib\jsdom\living\events\EventTarget-impl.js:286:3)
            at HTMLUnknownElementImpl._dispatch (E:\VSCode_Repo\tech-oblivion-wpHeadless\node_modules\jest-environment-jsdom\node_modules\jsdom\lib\jsdom\living\events\EventTarget-impl.js:233:9)
            at HTMLUnknownElementImpl.dispatchEvent (E:\VSCode_Repo\tech-oblivion-wpHeadless\node_modules\jest-environment-jsdom\node_modules\jsdom\lib\jsdom\living\events\EventTarget-impl.js:104:17)
            at HTMLUnknownElement.dispatchEvent (E:\VSCode_Repo\tech-oblivion-wpHeadless\node_modules\jest-environment-jsdom\node_modules\jsdom\lib\jsdom\living\generated\EventTarget.js:241:34)
            at Object.invokeGuardedCallbackDev (E:\VSCode_Repo\tech-oblivion-wpHeadless\node_modules\react-dom\cjs\react-dom.development.js:4213:16)
            at invokeGuardedCallback (E:\VSCode_Repo\tech-oblivion-wpHeadless\node_modules\react-dom\cjs\react-dom.development.js:4277:31)
            at beginWork$1 (E:\VSCode_Repo\tech-oblivion-wpHeadless\node_modules\react-dom\cjs\react-dom.development.js:27490:7)
            at performUnitOfWork (E:\VSCode_Repo\tech-oblivion-wpHeadless\node_modules\react-dom\cjs\react-dom.development.js:26599:12)
            at workLoopSync (E:\VSCode_Repo\tech-oblivion-wpHeadless\node_modules\react-dom\cjs\react-dom.development.js:26505:5)
            at renderRootSync (E:\VSCode_Repo\tech-oblivion-wpHeadless\node_modules\react-dom\cjs\react-dom.development.js:26473:7)
            at performConcurrentWorkOnRoot (E:\VSCode_Repo\tech-oblivion-wpHeadless\node_modules\react-dom\cjs\react-dom.development.js:25777:74)
            at flushActQueue (E:\VSCode_Repo\tech-oblivion-wpHeadless\node_modules\react\cjs\react.development.js:2667:24)
            at act (E:\VSCode_Repo\tech-oblivion-wpHeadless\node_modules\react\cjs\react.development.js:2582:11)
            at E:\VSCode_Repo\tech-oblivion-wpHeadless\node_modules\@testing-library\react\dist\act-compat.js:47:25
            at renderRoot (E:\VSCode_Repo\tech-oblivion-wpHeadless\node_modules\@testing-library\react\dist\pure.js:190:26)
            at render (E:\VSCode_Repo\tech-oblivion-wpHeadless\node_modules\@testing-library\react\dist\pure.js:292:10)
            at Object.<anonymous> (E:\VSCode_Repo\tech-oblivion-wpHeadless\src\__tests__\components.smoke.test.tsx:32:41),
        type: 'unhandled exception'
      }

    [0m [90m 30 |[39m       [36mif[39m ([36mtypeof[39m [33mC[39m [33m===[39m [32m'function'[39m) {
     [90m 31 |[39m         [90m// Try render with no props[39m
    [31m[1m>[22m[39m[90m 32 |[39m         [36mconst[39m { queryByTestId } [33m=[39m render(
     [90m    |[39m                                         [31m[1m^[22m[39m
     [90m 33 |[39m           [33m<[39m[33mErrorBoundary[39m[33m>[39m
     [90m 34 |[39m             {[33mReact[39m[33m.[39mcreateElement([33mC[39m [36mas[39m any)}
     [90m 35 |[39m           [33m<[39m[33m/[39m[33mErrorBoundary[39m[33m>[39m[0m

      at VirtualConsole.<anonymous> (node_modules/jest-environment-jsdom/build/index.js:63:23)
      at Object.invokeGuardedCallbackDev (node_modules/react-dom/cjs/react-dom.development.js:4213:16)
      at invokeGuardedCallback (node_modules/react-dom/cjs/react-dom.development.js:4277:31)
      at beginWork$1 (node_modules/react-dom/cjs/react-dom.development.js:27490:7)
      at performUnitOfWork (node_modules/react-dom/cjs/react-dom.development.js:26599:12)
      at workLoopSync (node_modules/react-dom/cjs/react-dom.development.js:26505:5)
      at renderRootSync (node_modules/react-dom/cjs/react-dom.development.js:26473:7)
      at performConcurrentWorkOnRoot (node_modules/react-dom/cjs/react-dom.development.js:25777:74)
      at flushActQueue (node_modules/react/cjs/react.development.js:2667:24)
      at act (node_modules/react/cjs/react.development.js:2582:11)
      at node_modules/@testing-library/react/dist/act-compat.js:47:25
      at renderRoot (node_modules/@testing-library/react/dist/pure.js:190:26)
      at render (node_modules/@testing-library/react/dist/pure.js:292:10)
      at Object.<anonymous> (src/__tests__/components.smoke.test.tsx:32:41)

    console.error
      Error: Uncaught [TypeError: Cannot read properties of undefined (reading 'length')]
          at Object.<anonymous> (E:\VSCode_Repo\tech-oblivion-wpHeadless\src\__tests__\components.smoke.test.tsx:32:41) {
        detail: TypeError: Cannot read properties of undefined (reading 'length')
            at length (E:\VSCode_Repo\tech-oblivion-wpHeadless\src\components\toc\TableOfContents.tsx:31:59)
            at renderWithHooks (E:\VSCode_Repo\tech-oblivion-wpHeadless\node_modules\react-dom\cjs\react-dom.development.js:15486:18)
            at mountIndeterminateComponent (E:\VSCode_Repo\tech-oblivion-wpHeadless\node_modules\react-dom\cjs\react-dom.development.js:20103:13)
            at beginWork (E:\VSCode_Repo\tech-oblivion-wpHeadless\node_modules\react-dom\cjs\react-dom.development.js:21626:16)
            at HTMLUnknownElement.callCallback (E:\VSCode_Repo\tech-oblivion-wpHeadless\node_modules\react-dom\cjs\react-dom.development.js:4164:14)
            at HTMLUnknownElement.callTheUserObjectsOperation (E:\VSCode_Repo\tech-oblivion-wpHeadless\node_modules\jest-environment-jsdom\node_modules\jsdom\lib\jsdom\living\generated\EventListener.js:26:30)
            at innerInvokeEventListeners (E:\VSCode_Repo\tech-oblivion-wpHeadless\node_modules\jest-environment-jsdom\node_modules\jsdom\lib\jsdom\living\events\EventTarget-impl.js:350:25)
            at invokeEventListeners (E:\VSCode_Repo\tech-oblivion-wpHeadless\node_modules\jest-environment-jsdom\node_modules\jsdom\lib\jsdom\living\events\EventTarget-impl.js:286:3)
            at HTMLUnknownElementImpl._dispatch (E:\VSCode_Repo\tech-oblivion-wpHeadless\node_modules\jest-environment-jsdom\node_modules\jsdom\lib\jsdom\living\events\EventTarget-impl.js:233:9)
            at HTMLUnknownElementImpl.dispatchEvent (E:\VSCode_Repo\tech-oblivion-wpHeadless\node_modules\jest-environment-jsdom\node_modules\jsdom\lib\jsdom\living\events\EventTarget-impl.js:104:17)
            at HTMLUnknownElement.dispatchEvent (E:\VSCode_Repo\tech-oblivion-wpHeadless\node_modules\jest-environment-jsdom\node_modules\jsdom\lib\jsdom\living\generated\EventTarget.js:241:34)
            at Object.invokeGuardedCallbackDev (E:\VSCode_Repo\tech-oblivion-wpHeadless\node_modules\react-dom\cjs\react-dom.development.js:4213:16)
            at invokeGuardedCallback (E:\VSCode_Repo\tech-oblivion-wpHeadless\node_modules\react-dom\cjs\react-dom.development.js:4277:31)
            at beginWork$1 (E:\VSCode_Repo\tech-oblivion-wpHeadless\node_modules\react-dom\cjs\react-dom.development.js:27490:7)
            at performUnitOfWork (E:\VSCode_Repo\tech-oblivion-wpHeadless\node_modules\react-dom\cjs\react-dom.development.js:26599:12)
            at workLoopSync (E:\VSCode_Repo\tech-oblivion-wpHeadless\node_modules\react-dom\cjs\react-dom.development.js:26505:5)
            at renderRootSync (E:\VSCode_Repo\tech-oblivion-wpHeadless\node_modules\react-dom\cjs\react-dom.development.js:26473:7)
            at recoverFromConcurrentError (E:\VSCode_Repo\tech-oblivion-wpHeadless\node_modules\react-dom\cjs\react-dom.development.js:25889:20)
            at performConcurrentWorkOnRoot (E:\VSCode_Repo\tech-oblivion-wpHeadless\node_modules\react-dom\cjs\react-dom.development.js:25789:22)
            at flushActQueue (E:\VSCode_Repo\tech-oblivion-wpHeadless\node_modules\react\cjs\react.development.js:2667:24)
            at act (E:\VSCode_Repo\tech-oblivion-wpHeadless\node_modules\react\cjs\react.development.js:2582:11)
            at E:\VSCode_Repo\tech-oblivion-wpHeadless\node_modules\@testing-library\react\dist\act-compat.js:47:25
            at renderRoot (E:\VSCode_Repo\tech-oblivion-wpHeadless\node_modules\@testing-library\react\dist\pure.js:190:26)
            at render (E:\VSCode_Repo\tech-oblivion-wpHeadless\node_modules\@testing-library\react\dist\pure.js:292:10)
            at Object.<anonymous> (E:\VSCode_Repo\tech-oblivion-wpHeadless\src\__tests__\components.smoke.test.tsx:32:41),
        type: 'unhandled exception'
      }

    [0m [90m 30 |[39m       [36mif[39m ([36mtypeof[39m [33mC[39m [33m===[39m [32m'function'[39m) {
     [90m 31 |[39m         [90m// Try render with no props[39m
    [31m[1m>[22m[39m[90m 32 |[39m         [36mconst[39m { queryByTestId } [33m=[39m render(
     [90m    |[39m                                         [31m[1m^[22m[39m
     [90m 33 |[39m           [33m<[39m[33mErrorBoundary[39m[33m>[39m
     [90m 34 |[39m             {[33mReact[39m[33m.[39mcreateElement([33mC[39m [36mas[39m any)}
     [90m 35 |[39m           [33m<[39m[33m/[39m[33mErrorBoundary[39m[33m>[39m[0m

      at VirtualConsole.<anonymous> (node_modules/jest-environment-jsdom/build/index.js:63:23)
      at Object.invokeGuardedCallbackDev (node_modules/react-dom/cjs/react-dom.development.js:4213:16)
      at invokeGuardedCallback (node_modules/react-dom/cjs/react-dom.development.js:4277:31)
      at beginWork$1 (node_modules/react-dom/cjs/react-dom.development.js:27490:7)
      at performUnitOfWork (node_modules/react-dom/cjs/react-dom.development.js:26599:12)
      at workLoopSync (node_modules/react-dom/cjs/react-dom.development.js:26505:5)
      at renderRootSync (node_modules/react-dom/cjs/react-dom.development.js:26473:7)
      at recoverFromConcurrentError (node_modules/react-dom/cjs/react-dom.development.js:25889:20)
      at performConcurrentWorkOnRoot (node_modules/react-dom/cjs/react-dom.development.js:25789:22)
      at flushActQueue (node_modules/react/cjs/react.development.js:2667:24)
      at act (node_modules/react/cjs/react.development.js:2582:11)
      at node_modules/@testing-library/react/dist/act-compat.js:47:25
      at renderRoot (node_modules/@testing-library/react/dist/pure.js:190:26)
      at render (node_modules/@testing-library/react/dist/pure.js:292:10)
      at Object.<anonymous> (src/__tests__/components.smoke.test.tsx:32:41)

    console.error
      The above error occurred in the <TableOfContents> component:
      
          at items (E:\VSCode_Repo\tech-oblivion-wpHeadless\src\components\toc\TableOfContents.tsx:29:43)
          at ErrorBoundary (E:\VSCode_Repo\tech-oblivion-wpHeadless\src\components\error-boundary.tsx:11:5)
          at children (E:\VSCode_Repo\tech-oblivion-wpHeadless\src\__tests__\TestErrorBoundary.tsx:4:45)
      
      React will try to recreate this component tree from scratch using the error boundary you provided, ErrorBoundary.

    [0m [90m 30 |[39m       [36mif[39m ([36mtypeof[39m [33mC[39m [33m===[39m [32m'function'[39m) {
     [90m 31 |[39m         [90m// Try render with no props[39m
    [31m[1m>[22m[39m[90m 32 |[39m         [36mconst[39m { queryByTestId } [33m=[39m render(
     [90m    |[39m                                         [31m[1m^[22m[39m
     [90m 33 |[39m           [33m<[39m[33mErrorBoundary[39m[33m>[39m
     [90m 34 |[39m             {[33mReact[39m[33m.[39mcreateElement([33mC[39m [36mas[39m any)}
     [90m 35 |[39m           [33m<[39m[33m/[39m[33mErrorBoundary[39m[33m>[39m[0m

      at logCapturedError (node_modules/react-dom/cjs/react-dom.development.js:18704:23)
      at ErrorBoundary.callback (node_modules/react-dom/cjs/react-dom.development.js:18772:7)
      at callCallback (node_modules/react-dom/cjs/react-dom.development.js:15036:12)
      at commitUpdateQueue (node_modules/react-dom/cjs/react-dom.development.js:15057:9)
      at commitLayoutEffectOnFiber (node_modules/react-dom/cjs/react-dom.development.js:23403:13)
      at commitLayoutMountEffects_complete (node_modules/react-dom/cjs/react-dom.development.js:24727:9)
      at commitLayoutEffects_begin (node_modules/react-dom/cjs/react-dom.development.js:24713:7)
      at commitLayoutEffects (node_modules/react-dom/cjs/react-dom.development.js:24651:3)
      at commitRootImpl (node_modules/react-dom/cjs/react-dom.development.js:26862:5)
      at commitRoot (node_modules/react-dom/cjs/react-dom.development.js:26721:5)
      at finishConcurrentRender (node_modules/react-dom/cjs/react-dom.development.js:25931:9)
      at performConcurrentWorkOnRoot (node_modules/react-dom/cjs/react-dom.development.js:25848:7)
      at flushActQueue (node_modules/react/cjs/react.development.js:2667:24)
      at act (node_modules/react/cjs/react.development.js:2582:11)
      at node_modules/@testing-library/react/dist/act-compat.js:47:25
      at renderRoot (node_modules/@testing-library/react/dist/pure.js:190:26)
      at render (node_modules/@testing-library/react/dist/pure.js:292:10)
      at Object.<anonymous> (src/__tests__/components.smoke.test.tsx:32:41)

    console.error
      ErrorBoundary caught TypeError: Cannot read properties of undefined (reading 'length')
          at length (E:\VSCode_Repo\tech-oblivion-wpHeadless\src\components\toc\TableOfContents.tsx:31:59)
          at renderWithHooks (E:\VSCode_Repo\tech-oblivion-wpHeadless\node_modules\react-dom\cjs\react-dom.development.js:15486:18)
          at mountIndeterminateComponent (E:\VSCode_Repo\tech-oblivion-wpHeadless\node_modules\react-dom\cjs\react-dom.development.js:20103:13)
          at beginWork (E:\VSCode_Repo\tech-oblivion-wpHeadless\node_modules\react-dom\cjs\react-dom.development.js:21626:16)
          at beginWork$1 (E:\VSCode_Repo\tech-oblivion-wpHeadless\node_modules\react-dom\cjs\react-dom.development.js:27465:14)
          at performUnitOfWork (E:\VSCode_Repo\tech-oblivion-wpHeadless\node_modules\react-dom\cjs\react-dom.development.js:26599:12)
          at workLoopSync (E:\VSCode_Repo\tech-oblivion-wpHeadless\node_modules\react-dom\cjs\react-dom.development.js:26505:5)
          at renderRootSync (E:\VSCode_Repo\tech-oblivion-wpHeadless\node_modules\react-dom\cjs\react-dom.development.js:26473:7)
          at recoverFromConcurrentError (E:\VSCode_Repo\tech-oblivion-wpHeadless\node_modules\react-dom\cjs\react-dom.development.js:25889:20)
          at performConcurrentWorkOnRoot (E:\VSCode_Repo\tech-oblivion-wpHeadless\node_modules\react-dom\cjs\react-dom.development.js:25789:22)
          at flushActQueue (E:\VSCode_Repo\tech-oblivion-wpHeadless\node_modules\react\cjs\react.development.js:2667:24)
          at act (E:\VSCode_Repo\tech-oblivion-wpHeadless\node_modules\react\cjs\react.development.js:2582:11)
          at E:\VSCode_Repo\tech-oblivion-wpHeadless\node_modules\@testing-library\react\dist\act-compat.js:47:25
          at renderRoot (E:\VSCode_Repo\tech-oblivion-wpHeadless\node_modules\@testing-library\react\dist\pure.js:190:26)
          at render (E:\VSCode_Repo\tech-oblivion-wpHeadless\node_modules\@testing-library\react\dist\pure.js:292:10)
          at Object.<anonymous> (E:\VSCode_Repo\tech-oblivion-wpHeadless\src\__tests__\components.smoke.test.tsx:32:41) {
        componentStack: '\n' +
          '    at items (E:\\VSCode_Repo\\tech-oblivion-wpHeadless\\src\\components\\toc\\TableOfContents.tsx:29:43)\n' +
          '    at ErrorBoundary (E:\\VSCode_Repo\\tech-oblivion-wpHeadless\\src\\components\\error-boundary.tsx:11:5)\n' +
          '    at children (E:\\VSCode_Repo\\tech-oblivion-wpHeadless\\src\\__tests__\\TestErrorBoundary.tsx:4:45)'
      }

    [0m [90m 16 |[39m   }
     [90m 17 |[39m   componentDidCatch(error[33m:[39m [33mError[39m[33m,[39m info[33m:[39m [33mReact[39m[33m.[39m[33mErrorInfo[39m) {
    [31m[1m>[22m[39m[90m 18 |[39m     console[33m.[39merror([32m'ErrorBoundary caught'[39m[33m,[39m error[33m,[39m info)
     [90m    |[39m             [31m[1m^[22m[39m
     [90m 19 |[39m     toast({
     [90m 20 |[39m       title[33m:[39m [32m"Something went wrong"[39m[33m,[39m
     [90m 21 |[39m       description[33m:[39m [32m"An unexpected error occurred. Please try refreshing the page."[39m[33m,[39m[0m

      at ErrorBoundary.error [as componentDidCatch] (src/components/error-boundary.tsx:18:13)
      at ErrorBoundary.callback (node_modules/react-dom/cjs/react-dom.development.js:18785:12)
      at callCallback (node_modules/react-dom/cjs/react-dom.development.js:15036:12)
      at commitUpdateQueue (node_modules/react-dom/cjs/react-dom.development.js:15057:9)
      at commitLayoutEffectOnFiber (node_modules/react-dom/cjs/react-dom.development.js:23403:13)
      at commitLayoutMountEffects_complete (node_modules/react-dom/cjs/react-dom.development.js:24727:9)
      at commitLayoutEffects_begin (node_modules/react-dom/cjs/react-dom.development.js:24713:7)
      at commitLayoutEffects (node_modules/react-dom/cjs/react-dom.development.js:24651:3)
      at commitRootImpl (node_modules/react-dom/cjs/react-dom.development.js:26862:5)
      at commitRoot (node_modules/react-dom/cjs/react-dom.development.js:26721:5)
      at finishConcurrentRender (node_modules/react-dom/cjs/react-dom.development.js:25931:9)
      at performConcurrentWorkOnRoot (node_modules/react-dom/cjs/react-dom.development.js:25848:7)
      at flushActQueue (node_modules/react/cjs/react.development.js:2667:24)
      at act (node_modules/react/cjs/react.development.js:2582:11)
      at node_modules/@testing-library/react/dist/act-compat.js:47:25
      at renderRoot (node_modules/@testing-library/react/dist/pure.js:190:26)
      at render (node_modules/@testing-library/react/dist/pure.js:292:10)
      at Object.<anonymous> (src/__tests__/components.smoke.test.tsx:32:41)

    console.error
      Warning: `NaN` is an invalid value for the `paddingLeft` css style property.
          at a
          at hrefProp (E:\VSCode_Repo\tech-oblivion-wpHeadless\node_modules\next\src\client\link.tsx:299:13)
          at div
          at MotionDOMComponent (E:\VSCode_Repo\tech-oblivion-wpHeadless\node_modules\framer-motion\dist\cjs\feature-bundle-PNQ-8QDo.js:4255:22)
          at id (E:\VSCode_Repo\tech-oblivion-wpHeadless\src\components\toc\TOCItem.tsx:7:35)
          at ErrorBoundary (E:\VSCode_Repo\tech-oblivion-wpHeadless\src\components\error-boundary.tsx:11:5)
          at children (E:\VSCode_Repo\tech-oblivion-wpHeadless\src\__tests__\TestErrorBoundary.tsx:4:45)

    [0m [90m 30 |[39m       [36mif[39m ([36mtypeof[39m [33mC[39m [33m===[39m [32m'function'[39m) {
     [90m 31 |[39m         [90m// Try render with no props[39m
    [31m[1m>[22m[39m[90m 32 |[39m         [36mconst[39m { queryByTestId } [33m=[39m render(
     [90m    |[39m                                         [31m[1m^[22m[39m
     [90m 33 |[39m           [33m<[39m[33mErrorBoundary[39m[33m>[39m
     [90m 34 |[39m             {[33mReact[39m[33m.[39mcreateElement([33mC[39m [36mas[39m any)}
     [90m 35 |[39m           [33m<[39m[33m/[39m[33mErrorBoundary[39m[33m>[39m[0m

      at printWarning (node_modules/react-dom/cjs/react-dom.development.js:86:30)
      at error (node_modules/react-dom/cjs/react-dom.development.js:60:7)
      at warnStyleValueIsNaN (node_modules/react-dom/cjs/react-dom.development.js:2728:5)
      at warnValidStyle (node_modules/react-dom/cjs/react-dom.development.js:2752:9)
      at setValueForStyles (node_modules/react-dom/cjs/react-dom.development.js:2816:9)
      at setInitialDOMProperties (node_modules/react-dom/cjs/react-dom.development.js:9688:7)
      at setInitialProperties (node_modules/react-dom/cjs/react-dom.development.js:9921:3)
      at finalizeInitialChildren (node_modules/react-dom/cjs/react-dom.development.js:10950:3)
      at completeWork (node_modules/react-dom/cjs/react-dom.development.js:22232:17)
      at completeUnitOfWork (node_modules/react-dom/cjs/react-dom.development.js:26632:16)
      at performUnitOfWork (node_modules/react-dom/cjs/react-dom.development.js:26607:5)
      at workLoopSync (node_modules/react-dom/cjs/react-dom.development.js:26505:5)
      at renderRootSync (node_modules/react-dom/cjs/react-dom.development.js:26473:7)
      at performConcurrentWorkOnRoot (node_modules/react-dom/cjs/react-dom.development.js:25777:74)
      at flushActQueue (node_modules/react/cjs/react.development.js:2667:24)
      at act (node_modules/react/cjs/react.development.js:2582:11)
      at node_modules/@testing-library/react/dist/act-compat.js:47:25
      at renderRoot (node_modules/@testing-library/react/dist/pure.js:190:26)
      at render (node_modules/@testing-library/react/dist/pure.js:292:10)
      at Object.<anonymous> (src/__tests__/components.smoke.test.tsx:32:41)

    console.error
      Error: Uncaught [TypeError: Cannot read properties of undefined (reading 'map')]
          at Object.<anonymous> (E:\VSCode_Repo\tech-oblivion-wpHeadless\src\__tests__\components.smoke.test.tsx:32:41) {
        detail: TypeError: Cannot read properties of undefined (reading 'map')
            at map (E:\VSCode_Repo\tech-oblivion-wpHeadless\src\components\toc-list.tsx:43:14)
            at renderWithHooks (E:\VSCode_Repo\tech-oblivion-wpHeadless\node_modules\react-dom\cjs\react-dom.development.js:15486:18)
            at mountIndeterminateComponent (E:\VSCode_Repo\tech-oblivion-wpHeadless\node_modules\react-dom\cjs\react-dom.development.js:20103:13)
            at beginWork (E:\VSCode_Repo\tech-oblivion-wpHeadless\node_modules\react-dom\cjs\react-dom.development.js:21626:16)
            at HTMLUnknownElement.callCallback (E:\VSCode_Repo\tech-oblivion-wpHeadless\node_modules\react-dom\cjs\react-dom.development.js:4164:14)
            at HTMLUnknownElement.callTheUserObjectsOperation (E:\VSCode_Repo\tech-oblivion-wpHeadless\node_modules\jest-environment-jsdom\node_modules\jsdom\lib\jsdom\living\generated\EventListener.js:26:30)
            at innerInvokeEventListeners (E:\VSCode_Repo\tech-oblivion-wpHeadless\node_modules\jest-environment-jsdom\node_modules\jsdom\lib\jsdom\living\events\EventTarget-impl.js:350:25)
            at invokeEventListeners (E:\VSCode_Repo\tech-oblivion-wpHeadless\node_modules\jest-environment-jsdom\node_modules\jsdom\lib\jsdom\living\events\EventTarget-impl.js:286:3)
            at HTMLUnknownElementImpl._dispatch (E:\VSCode_Repo\tech-oblivion-wpHeadless\node_modules\jest-environment-jsdom\node_modules\jsdom\lib\jsdom\living\events\EventTarget-impl.js:233:9)
            at HTMLUnknownElementImpl.dispatchEvent (E:\VSCode_Repo\tech-oblivion-wpHeadless\node_modules\jest-environment-jsdom\node_modules\jsdom\lib\jsdom\living\events\EventTarget-impl.js:104:17)
            at HTMLUnknownElement.dispatchEvent (E:\VSCode_Repo\tech-oblivion-wpHeadless\node_modules\jest-environment-jsdom\node_modules\jsdom\lib\jsdom\living\generated\EventTarget.js:241:34)
            at Object.invokeGuardedCallbackDev (E:\VSCode_Repo\tech-oblivion-wpHeadless\node_modules\react-dom\cjs\react-dom.development.js:4213:16)
            at invokeGuardedCallback (E:\VSCode_Repo\tech-oblivion-wpHeadless\node_modules\react-dom\cjs\react-dom.development.js:4277:31)
            at beginWork$1 (E:\VSCode_Repo\tech-oblivion-wpHeadless\node_modules\react-dom\cjs\react-dom.development.js:27490:7)
            at performUnitOfWork (E:\VSCode_Repo\tech-oblivion-wpHeadless\node_modules\react-dom\cjs\react-dom.development.js:26599:12)
            at workLoopSync (E:\VSCode_Repo\tech-oblivion-wpHeadless\node_modules\react-dom\cjs\react-dom.development.js:26505:5)
            at renderRootSync (E:\VSCode_Repo\tech-oblivion-wpHeadless\node_modules\react-dom\cjs\react-dom.development.js:26473:7)
            at performConcurrentWorkOnRoot (E:\VSCode_Repo\tech-oblivion-wpHeadless\node_modules\react-dom\cjs\react-dom.development.js:25777:74)
            at flushActQueue (E:\VSCode_Repo\tech-oblivion-wpHeadless\node_modules\react\cjs\react.development.js:2667:24)
            at act (E:\VSCode_Repo\tech-oblivion-wpHeadless\node_modules\react\cjs\react.development.js:2582:11)
            at E:\VSCode_Repo\tech-oblivion-wpHeadless\node_modules\@testing-library\react\dist\act-compat.js:47:25
            at renderRoot (E:\VSCode_Repo\tech-oblivion-wpHeadless\node_modules\@testing-library\react\dist\pure.js:190:26)
            at render (E:\VSCode_Repo\tech-oblivion-wpHeadless\node_modules\@testing-library\react\dist\pure.js:292:10)
            at Object.<anonymous> (E:\VSCode_Repo\tech-oblivion-wpHeadless\src\__tests__\components.smoke.test.tsx:32:41),
        type: 'unhandled exception'
      }

    [0m [90m 30 |[39m       [36mif[39m ([36mtypeof[39m [33mC[39m [33m===[39m [32m'function'[39m) {
     [90m 31 |[39m         [90m// Try render with no props[39m
    [31m[1m>[22m[39m[90m 32 |[39m         [36mconst[39m { queryByTestId } [33m=[39m render(
     [90m    |[39m                                         [31m[1m^[22m[39m
     [90m 33 |[39m           [33m<[39m[33mErrorBoundary[39m[33m>[39m
     [90m 34 |[39m             {[33mReact[39m[33m.[39mcreateElement([33mC[39m [36mas[39m any)}
     [90m 35 |[39m           [33m<[39m[33m/[39m[33mErrorBoundary[39m[33m>[39m[0m

      at VirtualConsole.<anonymous> (node_modules/jest-environment-jsdom/build/index.js:63:23)
      at Object.invokeGuardedCallbackDev (node_modules/react-dom/cjs/react-dom.development.js:4213:16)
      at invokeGuardedCallback (node_modules/react-dom/cjs/react-dom.development.js:4277:31)
      at beginWork$1 (node_modules/react-dom/cjs/react-dom.development.js:27490:7)
      at performUnitOfWork (node_modules/react-dom/cjs/react-dom.development.js:26599:12)
      at workLoopSync (node_modules/react-dom/cjs/react-dom.development.js:26505:5)
      at renderRootSync (node_modules/react-dom/cjs/react-dom.development.js:26473:7)
      at performConcurrentWorkOnRoot (node_modules/react-dom/cjs/react-dom.development.js:25777:74)
      at flushActQueue (node_modules/react/cjs/react.development.js:2667:24)
      at act (node_modules/react/cjs/react.development.js:2582:11)
      at node_modules/@testing-library/react/dist/act-compat.js:47:25
      at renderRoot (node_modules/@testing-library/react/dist/pure.js:190:26)
      at render (node_modules/@testing-library/react/dist/pure.js:292:10)
      at Object.<anonymous> (src/__tests__/components.smoke.test.tsx:32:41)

    console.error
      Error: Uncaught [TypeError: Cannot read properties of undefined (reading 'map')]
          at Object.<anonymous> (E:\VSCode_Repo\tech-oblivion-wpHeadless\src\__tests__\components.smoke.test.tsx:32:41) {
        detail: TypeError: Cannot read properties of undefined (reading 'map')
            at map (E:\VSCode_Repo\tech-oblivion-wpHeadless\src\components\toc-list.tsx:43:14)
            at renderWithHooks (E:\VSCode_Repo\tech-oblivion-wpHeadless\node_modules\react-dom\cjs\react-dom.development.js:15486:18)
            at mountIndeterminateComponent (E:\VSCode_Repo\tech-oblivion-wpHeadless\node_modules\react-dom\cjs\react-dom.development.js:20103:13)
            at beginWork (E:\VSCode_Repo\tech-oblivion-wpHeadless\node_modules\react-dom\cjs\react-dom.development.js:21626:16)
            at HTMLUnknownElement.callCallback (E:\VSCode_Repo\tech-oblivion-wpHeadless\node_modules\react-dom\cjs\react-dom.development.js:4164:14)
            at HTMLUnknownElement.callTheUserObjectsOperation (E:\VSCode_Repo\tech-oblivion-wpHeadless\node_modules\jest-environment-jsdom\node_modules\jsdom\lib\jsdom\living\generated\EventListener.js:26:30)
            at innerInvokeEventListeners (E:\VSCode_Repo\tech-oblivion-wpHeadless\node_modules\jest-environment-jsdom\node_modules\jsdom\lib\jsdom\living\events\EventTarget-impl.js:350:25)
            at invokeEventListeners (E:\VSCode_Repo\tech-oblivion-wpHeadless\node_modules\jest-environment-jsdom\node_modules\jsdom\lib\jsdom\living\events\EventTarget-impl.js:286:3)
            at HTMLUnknownElementImpl._dispatch (E:\VSCode_Repo\tech-oblivion-wpHeadless\node_modules\jest-environment-jsdom\node_modules\jsdom\lib\jsdom\living\events\EventTarget-impl.js:233:9)
            at HTMLUnknownElementImpl.dispatchEvent (E:\VSCode_Repo\tech-oblivion-wpHeadless\node_modules\jest-environment-jsdom\node_modules\jsdom\lib\jsdom\living\events\EventTarget-impl.js:104:17)
            at HTMLUnknownElement.dispatchEvent (E:\VSCode_Repo\tech-oblivion-wpHeadless\node_modules\jest-environment-jsdom\node_modules\jsdom\lib\jsdom\living\generated\EventTarget.js:241:34)
            at Object.invokeGuardedCallbackDev (E:\VSCode_Repo\tech-oblivion-wpHeadless\node_modules\react-dom\cjs\react-dom.development.js:4213:16)
            at invokeGuardedCallback (E:\VSCode_Repo\tech-oblivion-wpHeadless\node_modules\react-dom\cjs\react-dom.development.js:4277:31)
            at beginWork$1 (E:\VSCode_Repo\tech-oblivion-wpHeadless\node_modules\react-dom\cjs\react-dom.development.js:27490:7)
            at performUnitOfWork (E:\VSCode_Repo\tech-oblivion-wpHeadless\node_modules\react-dom\cjs\react-dom.development.js:26599:12)
            at workLoopSync (E:\VSCode_Repo\tech-oblivion-wpHeadless\node_modules\react-dom\cjs\react-dom.development.js:26505:5)
            at renderRootSync (E:\VSCode_Repo\tech-oblivion-wpHeadless\node_modules\react-dom\cjs\react-dom.development.js:26473:7)
            at recoverFromConcurrentError (E:\VSCode_Repo\tech-oblivion-wpHeadless\node_modules\react-dom\cjs\react-dom.development.js:25889:20)
            at performConcurrentWorkOnRoot (E:\VSCode_Repo\tech-oblivion-wpHeadless\node_modules\react-dom\cjs\react-dom.development.js:25789:22)
            at flushActQueue (E:\VSCode_Repo\tech-oblivion-wpHeadless\node_modules\react\cjs\react.development.js:2667:24)
            at act (E:\VSCode_Repo\tech-oblivion-wpHeadless\node_modules\react\cjs\react.development.js:2582:11)
            at E:\VSCode_Repo\tech-oblivion-wpHeadless\node_modules\@testing-library\react\dist\act-compat.js:47:25
            at renderRoot (E:\VSCode_Repo\tech-oblivion-wpHeadless\node_modules\@testing-library\react\dist\pure.js:190:26)
            at render (E:\VSCode_Repo\tech-oblivion-wpHeadless\node_modules\@testing-library\react\dist\pure.js:292:10)
            at Object.<anonymous> (E:\VSCode_Repo\tech-oblivion-wpHeadless\src\__tests__\components.smoke.test.tsx:32:41),
        type: 'unhandled exception'
      }

    [0m [90m 30 |[39m       [36mif[39m ([36mtypeof[39m [33mC[39m [33m===[39m [32m'function'[39m) {
     [90m 31 |[39m         [90m// Try render with no props[39m
    [31m[1m>[22m[39m[90m 32 |[39m         [36mconst[39m { queryByTestId } [33m=[39m render(
     [90m    |[39m                                         [31m[1m^[22m[39m
     [90m 33 |[39m           [33m<[39m[33mErrorBoundary[39m[33m>[39m
     [90m 34 |[39m             {[33mReact[39m[33m.[39mcreateElement([33mC[39m [36mas[39m any)}
     [90m 35 |[39m           [33m<[39m[33m/[39m[33mErrorBoundary[39m[33m>[39m[0m

      at VirtualConsole.<anonymous> (node_modules/jest-environment-jsdom/build/index.js:63:23)
      at Object.invokeGuardedCallbackDev (node_modules/react-dom/cjs/react-dom.development.js:4213:16)
      at invokeGuardedCallback (node_modules/react-dom/cjs/react-dom.development.js:4277:31)
      at beginWork$1 (node_modules/react-dom/cjs/react-dom.development.js:27490:7)
      at performUnitOfWork (node_modules/react-dom/cjs/react-dom.development.js:26599:12)
      at workLoopSync (node_modules/react-dom/cjs/react-dom.development.js:26505:5)
      at renderRootSync (node_modules/react-dom/cjs/react-dom.development.js:26473:7)
      at recoverFromConcurrentError (node_modules/react-dom/cjs/react-dom.development.js:25889:20)
      at performConcurrentWorkOnRoot (node_modules/react-dom/cjs/react-dom.development.js:25789:22)
      at flushActQueue (node_modules/react/cjs/react.development.js:2667:24)
      at act (node_modules/react/cjs/react.development.js:2582:11)
      at node_modules/@testing-library/react/dist/act-compat.js:47:25
      at renderRoot (node_modules/@testing-library/react/dist/pure.js:190:26)
      at render (node_modules/@testing-library/react/dist/pure.js:292:10)
      at Object.<anonymous> (src/__tests__/components.smoke.test.tsx:32:41)

    console.error
      The above error occurred in the <TocList> component:
      
          at items (E:\VSCode_Repo\tech-oblivion-wpHeadless\src\components\toc-list.tsx:8:35)
          at ErrorBoundary (E:\VSCode_Repo\tech-oblivion-wpHeadless\src\components\error-boundary.tsx:11:5)
          at children (E:\VSCode_Repo\tech-oblivion-wpHeadless\src\__tests__\TestErrorBoundary.tsx:4:45)
      
      React will try to recreate this component tree from scratch using the error boundary you provided, ErrorBoundary.

    [0m [90m 30 |[39m       [36mif[39m ([36mtypeof[39m [33mC[39m [33m===[39m [32m'function'[39m) {
     [90m 31 |[39m         [90m// Try render with no props[39m
    [31m[1m>[22m[39m[90m 32 |[39m         [36mconst[39m { queryByTestId } [33m=[39m render(
     [90m    |[39m                                         [31m[1m^[22m[39m
     [90m 33 |[39m           [33m<[39m[33mErrorBoundary[39m[33m>[39m
     [90m 34 |[39m             {[33mReact[39m[33m.[39mcreateElement([33mC[39m [36mas[39m any)}
     [90m 35 |[39m           [33m<[39m[33m/[39m[33mErrorBoundary[39m[33m>[39m[0m

      at logCapturedError (node_modules/react-dom/cjs/react-dom.development.js:18704:23)
      at ErrorBoundary.callback (node_modules/react-dom/cjs/react-dom.development.js:18772:7)
      at callCallback (node_modules/react-dom/cjs/react-dom.development.js:15036:12)
      at commitUpdateQueue (node_modules/react-dom/cjs/react-dom.development.js:15057:9)
      at commitLayoutEffectOnFiber (node_modules/react-dom/cjs/react-dom.development.js:23403:13)
      at commitLayoutMountEffects_complete (node_modules/react-dom/cjs/react-dom.development.js:24727:9)
      at commitLayoutEffects_begin (node_modules/react-dom/cjs/react-dom.development.js:24713:7)
      at commitLayoutEffects (node_modules/react-dom/cjs/react-dom.development.js:24651:3)
      at commitRootImpl (node_modules/react-dom/cjs/react-dom.development.js:26862:5)
      at commitRoot (node_modules/react-dom/cjs/react-dom.development.js:26721:5)
      at finishConcurrentRender (node_modules/react-dom/cjs/react-dom.development.js:25931:9)
      at performConcurrentWorkOnRoot (node_modules/react-dom/cjs/react-dom.development.js:25848:7)
      at flushActQueue (node_modules/react/cjs/react.development.js:2667:24)
      at act (node_modules/react/cjs/react.development.js:2582:11)
      at node_modules/@testing-library/react/dist/act-compat.js:47:25
      at renderRoot (node_modules/@testing-library/react/dist/pure.js:190:26)
      at render (node_modules/@testing-library/react/dist/pure.js:292:10)
      at Object.<anonymous> (src/__tests__/components.smoke.test.tsx:32:41)

    console.error
      ErrorBoundary caught TypeError: Cannot read properties of undefined (reading 'map')
          at map (E:\VSCode_Repo\tech-oblivion-wpHeadless\src\components\toc-list.tsx:43:14)
          at renderWithHooks (E:\VSCode_Repo\tech-oblivion-wpHeadless\node_modules\react-dom\cjs\react-dom.development.js:15486:18)
          at mountIndeterminateComponent (E:\VSCode_Repo\tech-oblivion-wpHeadless\node_modules\react-dom\cjs\react-dom.development.js:20103:13)
          at beginWork (E:\VSCode_Repo\tech-oblivion-wpHeadless\node_modules\react-dom\cjs\react-dom.development.js:21626:16)
          at beginWork$1 (E:\VSCode_Repo\tech-oblivion-wpHeadless\node_modules\react-dom\cjs\react-dom.development.js:27465:14)
          at performUnitOfWork (E:\VSCode_Repo\tech-oblivion-wpHeadless\node_modules\react-dom\cjs\react-dom.development.js:26599:12)
          at workLoopSync (E:\VSCode_Repo\tech-oblivion-wpHeadless\node_modules\react-dom\cjs\react-dom.development.js:26505:5)
          at renderRootSync (E:\VSCode_Repo\tech-oblivion-wpHeadless\node_modules\react-dom\cjs\react-dom.development.js:26473:7)
          at recoverFromConcurrentError (E:\VSCode_Repo\tech-oblivion-wpHeadless\node_modules\react-dom\cjs\react-dom.development.js:25889:20)
          at performConcurrentWorkOnRoot (E:\VSCode_Repo\tech-oblivion-wpHeadless\node_modules\react-dom\cjs\react-dom.development.js:25789:22)
          at flushActQueue (E:\VSCode_Repo\tech-oblivion-wpHeadless\node_modules\react\cjs\react.development.js:2667:24)
          at act (E:\VSCode_Repo\tech-oblivion-wpHeadless\node_modules\react\cjs\react.development.js:2582:11)
          at E:\VSCode_Repo\tech-oblivion-wpHeadless\node_modules\@testing-library\react\dist\act-compat.js:47:25
          at renderRoot (E:\VSCode_Repo\tech-oblivion-wpHeadless\node_modules\@testing-library\react\dist\pure.js:190:26)
          at render (E:\VSCode_Repo\tech-oblivion-wpHeadless\node_modules\@testing-library\react\dist\pure.js:292:10)
          at Object.<anonymous> (E:\VSCode_Repo\tech-oblivion-wpHeadless\src\__tests__\components.smoke.test.tsx:32:41) {
        componentStack: '\n' +
          '    at items (E:\\VSCode_Repo\\tech-oblivion-wpHeadless\\src\\components\\toc-list.tsx:8:35)\n' +
          '    at ErrorBoundary (E:\\VSCode_Repo\\tech-oblivion-wpHeadless\\src\\components\\error-boundary.tsx:11:5)\n' +
          '    at children (E:\\VSCode_Repo\\tech-oblivion-wpHeadless\\src\\__tests__\\TestErrorBoundary.tsx:4:45)'
      }

    [0m [90m 16 |[39m   }
     [90m 17 |[39m   componentDidCatch(error[33m:[39m [33mError[39m[33m,[39m info[33m:[39m [33mReact[39m[33m.[39m[33mErrorInfo[39m) {
    [31m[1m>[22m[39m[90m 18 |[39m     console[33m.[39merror([32m'ErrorBoundary caught'[39m[33m,[39m error[33m,[39m info)
     [90m    |[39m             [31m[1m^[22m[39m
     [90m 19 |[39m     toast({
     [90m 20 |[39m       title[33m:[39m [32m"Something went wrong"[39m[33m,[39m
     [90m 21 |[39m       description[33m:[39m [32m"An unexpected error occurred. Please try refreshing the page."[39m[33m,[39m[0m

      at ErrorBoundary.error [as componentDidCatch] (src/components/error-boundary.tsx:18:13)
      at ErrorBoundary.callback (node_modules/react-dom/cjs/react-dom.development.js:18785:12)
      at callCallback (node_modules/react-dom/cjs/react-dom.development.js:15036:12)
      at commitUpdateQueue (node_modules/react-dom/cjs/react-dom.development.js:15057:9)
      at commitLayoutEffectOnFiber (node_modules/react-dom/cjs/react-dom.development.js:23403:13)
      at commitLayoutMountEffects_complete (node_modules/react-dom/cjs/react-dom.development.js:24727:9)
      at commitLayoutEffects_begin (node_modules/react-dom/cjs/react-dom.development.js:24713:7)
      at commitLayoutEffects (node_modules/react-dom/cjs/react-dom.development.js:24651:3)
      at commitRootImpl (node_modules/react-dom/cjs/react-dom.development.js:26862:5)
      at commitRoot (node_modules/react-dom/cjs/react-dom.development.js:26721:5)
      at finishConcurrentRender (node_modules/react-dom/cjs/react-dom.development.js:25931:9)
      at performConcurrentWorkOnRoot (node_modules/react-dom/cjs/react-dom.development.js:25848:7)
      at flushActQueue (node_modules/react/cjs/react.development.js:2667:24)
      at act (node_modules/react/cjs/react.development.js:2582:11)
      at node_modules/@testing-library/react/dist/act-compat.js:47:25
      at renderRoot (node_modules/@testing-library/react/dist/pure.js:190:26)
      at render (node_modules/@testing-library/react/dist/pure.js:292:10)
      at Object.<anonymous> (src/__tests__/components.smoke.test.tsx:32:41)

    console.error
      Warning: React does not recognize the `blurDataURL` prop on a DOM element. If you intentionally want it to appear in the DOM as a custom attribute, spell it as lowercase `blurdataurl` instead. If you accidentally passed it from a parent component, remove it from the DOM element.
          at img
          at src (E:\VSCode_Repo\tech-oblivion-wpHeadless\src\__tests__\nextImageMock.js:3:21)
          at fallbackSrc (E:\VSCode_Repo\tech-oblivion-wpHeadless\src\components\ui\client-image.tsx:12:39)
          at ErrorBoundary (E:\VSCode_Repo\tech-oblivion-wpHeadless\src\components\error-boundary.tsx:11:5)
          at children (E:\VSCode_Repo\tech-oblivion-wpHeadless\src\__tests__\TestErrorBoundary.tsx:4:45)

    [0m [90m 30 |[39m       [36mif[39m ([36mtypeof[39m [33mC[39m [33m===[39m [32m'function'[39m) {
     [90m 31 |[39m         [90m// Try render with no props[39m
    [31m[1m>[22m[39m[90m 32 |[39m         [36mconst[39m { queryByTestId } [33m=[39m render(
     [90m    |[39m                                         [31m[1m^[22m[39m
     [90m 33 |[39m           [33m<[39m[33mErrorBoundary[39m[33m>[39m
     [90m 34 |[39m             {[33mReact[39m[33m.[39mcreateElement([33mC[39m [36mas[39m any)}
     [90m 35 |[39m           [33m<[39m[33m/[39m[33mErrorBoundary[39m[33m>[39m[0m

      at printWarning (node_modules/react-dom/cjs/react-dom.development.js:86:30)
      at error (node_modules/react-dom/cjs/react-dom.development.js:60:7)
      at validateProperty$1 (node_modules/react-dom/cjs/react-dom.development.js:3757:7)
      at warnUnknownProperties (node_modules/react-dom/cjs/react-dom.development.js:3803:21)
      at validateProperties$2 (node_modules/react-dom/cjs/react-dom.development.js:3827:3)
      at validatePropertiesInDevelopment (node_modules/react-dom/cjs/react-dom.development.js:9541:5)
      at setInitialProperties (node_modules/react-dom/cjs/react-dom.development.js:9830:5)
      at finalizeInitialChildren (node_modules/react-dom/cjs/react-dom.development.js:10950:3)
      at completeWork (node_modules/react-dom/cjs/react-dom.development.js:22232:17)
      at completeUnitOfWork (node_modules/react-dom/cjs/react-dom.development.js:26632:16)
      at performUnitOfWork (node_modules/react-dom/cjs/react-dom.development.js:26607:5)
      at workLoopSync (node_modules/react-dom/cjs/react-dom.development.js:26505:5)
      at renderRootSync (node_modules/react-dom/cjs/react-dom.development.js:26473:7)
      at performConcurrentWorkOnRoot (node_modules/react-dom/cjs/react-dom.development.js:25777:74)
      at flushActQueue (node_modules/react/cjs/react.development.js:2667:24)
      at act (node_modules/react/cjs/react.development.js:2582:11)
      at node_modules/@testing-library/react/dist/act-compat.js:47:25
      at renderRoot (node_modules/@testing-library/react/dist/pure.js:190:26)
      at render (node_modules/@testing-library/react/dist/pure.js:292:10)
      at Object.<anonymous> (src/__tests__/components.smoke.test.tsx:32:41)

    console.error
      Error: Uncaught [Error: `Tooltip` must be used within `TooltipProvider`]
          at Object.<anonymous> (E:\VSCode_Repo\tech-oblivion-wpHeadless\src\__tests__\components.smoke.test.tsx:32:41) {
        detail: Error: `Tooltip` must be used within `TooltipProvider`
            at useContext2 (E:\VSCode_Repo\tech-oblivion-wpHeadless\node_modules\@radix-ui\react-context\src\createContext.tsx:75:13)
            at Tooltip (E:\VSCode_Repo\tech-oblivion-wpHeadless\node_modules\@radix-ui\react-tooltip\src\tooltip.tsx:162:27)
            at renderWithHooks (E:\VSCode_Repo\tech-oblivion-wpHeadless\node_modules\react-dom\cjs\react-dom.development.js:15486:18)
            at mountIndeterminateComponent (E:\VSCode_Repo\tech-oblivion-wpHeadless\node_modules\react-dom\cjs\react-dom.development.js:20103:13)
            at beginWork (E:\VSCode_Repo\tech-oblivion-wpHeadless\node_modules\react-dom\cjs\react-dom.development.js:21626:16)
            at HTMLUnknownElement.callCallback (E:\VSCode_Repo\tech-oblivion-wpHeadless\node_modules\react-dom\cjs\react-dom.development.js:4164:14)
            at HTMLUnknownElement.callTheUserObjectsOperation (E:\VSCode_Repo\tech-oblivion-wpHeadless\node_modules\jest-environment-jsdom\node_modules\jsdom\lib\jsdom\living\generated\EventListener.js:26:30)
            at innerInvokeEventListeners (E:\VSCode_Repo\tech-oblivion-wpHeadless\node_modules\jest-environment-jsdom\node_modules\jsdom\lib\jsdom\living\events\EventTarget-impl.js:350:25)
            at invokeEventListeners (E:\VSCode_Repo\tech-oblivion-wpHeadless\node_modules\jest-environment-jsdom\node_modules\jsdom\lib\jsdom\living\events\EventTarget-impl.js:286:3)
            at HTMLUnknownElementImpl._dispatch (E:\VSCode_Repo\tech-oblivion-wpHeadless\node_modules\jest-environment-jsdom\node_modules\jsdom\lib\jsdom\living\events\EventTarget-impl.js:233:9)
            at HTMLUnknownElementImpl.dispatchEvent (E:\VSCode_Repo\tech-oblivion-wpHeadless\node_modules\jest-environment-jsdom\node_modules\jsdom\lib\jsdom\living\events\EventTarget-impl.js:104:17)
            at HTMLUnknownElement.dispatchEvent (E:\VSCode_Repo\tech-oblivion-wpHeadless\node_modules\jest-environment-jsdom\node_modules\jsdom\lib\jsdom\living\generated\EventTarget.js:241:34)
            at Object.invokeGuardedCallbackDev (E:\VSCode_Repo\tech-oblivion-wpHeadless\node_modules\react-dom\cjs\react-dom.development.js:4213:16)
            at invokeGuardedCallback (E:\VSCode_Repo\tech-oblivion-wpHeadless\node_modules\react-dom\cjs\react-dom.development.js:4277:31)
            at beginWork$1 (E:\VSCode_Repo\tech-oblivion-wpHeadless\node_modules\react-dom\cjs\react-dom.development.js:27490:7)
            at performUnitOfWork (E:\VSCode_Repo\tech-oblivion-wpHeadless\node_modules\react-dom\cjs\react-dom.development.js:26599:12)
            at workLoopSync (E:\VSCode_Repo\tech-oblivion-wpHeadless\node_modules\react-dom\cjs\react-dom.development.js:26505:5)
            at renderRootSync (E:\VSCode_Repo\tech-oblivion-wpHeadless\node_modules\react-dom\cjs\react-dom.development.js:26473:7)
            at performConcurrentWorkOnRoot (E:\VSCode_Repo\tech-oblivion-wpHeadless\node_modules\react-dom\cjs\react-dom.development.js:25777:74)
            at flushActQueue (E:\VSCode_Repo\tech-oblivion-wpHeadless\node_modules\react\cjs\react.development.js:2667:24)
            at act (E:\VSCode_Repo\tech-oblivion-wpHeadless\node_modules\react\cjs\react.development.js:2582:11)
            at E:\VSCode_Repo\tech-oblivion-wpHeadless\node_modules\@testing-library\react\dist\act-compat.js:47:25
            at renderRoot (E:\VSCode_Repo\tech-oblivion-wpHeadless\node_modules\@testing-library\react\dist\pure.js:190:26)
            at render (E:\VSCode_Repo\tech-oblivion-wpHeadless\node_modules\@testing-library\react\dist\pure.js:292:10)
            at Object.<anonymous> (E:\VSCode_Repo\tech-oblivion-wpHeadless\src\__tests__\components.smoke.test.tsx:32:41),
        type: 'unhandled exception'
      }

    [0m [90m 30 |[39m       [36mif[39m ([36mtypeof[39m [33mC[39m [33m===[39m [32m'function'[39m) {
     [90m 31 |[39m         [90m// Try render with no props[39m
    [31m[1m>[22m[39m[90m 32 |[39m         [36mconst[39m { queryByTestId } [33m=[39m render(
     [90m    |[39m                                         [31m[1m^[22m[39m
     [90m 33 |[39m           [33m<[39m[33mErrorBoundary[39m[33m>[39m
     [90m 34 |[39m             {[33mReact[39m[33m.[39mcreateElement([33mC[39m [36mas[39m any)}
     [90m 35 |[39m           [33m<[39m[33m/[39m[33mErrorBoundary[39m[33m>[39m[0m

      at VirtualConsole.<anonymous> (node_modules/jest-environment-jsdom/build/index.js:63:23)
      at Object.invokeGuardedCallbackDev (node_modules/react-dom/cjs/react-dom.development.js:4213:16)
      at invokeGuardedCallback (node_modules/react-dom/cjs/react-dom.development.js:4277:31)
      at beginWork$1 (node_modules/react-dom/cjs/react-dom.development.js:27490:7)
      at performUnitOfWork (node_modules/react-dom/cjs/react-dom.development.js:26599:12)
      at workLoopSync (node_modules/react-dom/cjs/react-dom.development.js:26505:5)
      at renderRootSync (node_modules/react-dom/cjs/react-dom.development.js:26473:7)
      at performConcurrentWorkOnRoot (node_modules/react-dom/cjs/react-dom.development.js:25777:74)
      at flushActQueue (node_modules/react/cjs/react.development.js:2667:24)
      at act (node_modules/react/cjs/react.development.js:2582:11)
      at node_modules/@testing-library/react/dist/act-compat.js:47:25
      at renderRoot (node_modules/@testing-library/react/dist/pure.js:190:26)
      at render (node_modules/@testing-library/react/dist/pure.js:292:10)
      at Object.<anonymous> (src/__tests__/components.smoke.test.tsx:32:41)

    console.error
      Error: Uncaught [Error: `Tooltip` must be used within `TooltipProvider`]
          at Object.<anonymous> (E:\VSCode_Repo\tech-oblivion-wpHeadless\src\__tests__\components.smoke.test.tsx:32:41) {
        detail: Error: `Tooltip` must be used within `TooltipProvider`
            at useContext2 (E:\VSCode_Repo\tech-oblivion-wpHeadless\node_modules\@radix-ui\react-context\src\createContext.tsx:75:13)
            at Tooltip (E:\VSCode_Repo\tech-oblivion-wpHeadless\node_modules\@radix-ui\react-tooltip\src\tooltip.tsx:162:27)
            at renderWithHooks (E:\VSCode_Repo\tech-oblivion-wpHeadless\node_modules\react-dom\cjs\react-dom.development.js:15486:18)
            at mountIndeterminateComponent (E:\VSCode_Repo\tech-oblivion-wpHeadless\node_modules\react-dom\cjs\react-dom.development.js:20103:13)
            at beginWork (E:\VSCode_Repo\tech-oblivion-wpHeadless\node_modules\react-dom\cjs\react-dom.development.js:21626:16)
            at HTMLUnknownElement.callCallback (E:\VSCode_Repo\tech-oblivion-wpHeadless\node_modules\react-dom\cjs\react-dom.development.js:4164:14)
            at HTMLUnknownElement.callTheUserObjectsOperation (E:\VSCode_Repo\tech-oblivion-wpHeadless\node_modules\jest-environment-jsdom\node_modules\jsdom\lib\jsdom\living\generated\EventListener.js:26:30)
            at innerInvokeEventListeners (E:\VSCode_Repo\tech-oblivion-wpHeadless\node_modules\jest-environment-jsdom\node_modules\jsdom\lib\jsdom\living\events\EventTarget-impl.js:350:25)
            at invokeEventListeners (E:\VSCode_Repo\tech-oblivion-wpHeadless\node_modules\jest-environment-jsdom\node_modules\jsdom\lib\jsdom\living\events\EventTarget-impl.js:286:3)
            at HTMLUnknownElementImpl._dispatch (E:\VSCode_Repo\tech-oblivion-wpHeadless\node_modules\jest-environment-jsdom\node_modules\jsdom\lib\jsdom\living\events\EventTarget-impl.js:233:9)
            at HTMLUnknownElementImpl.dispatchEvent (E:\VSCode_Repo\tech-oblivion-wpHeadless\node_modules\jest-environment-jsdom\node_modules\jsdom\lib\jsdom\living\events\EventTarget-impl.js:104:17)
            at HTMLUnknownElement.dispatchEvent (E:\VSCode_Repo\tech-oblivion-wpHeadless\node_modules\jest-environment-jsdom\node_modules\jsdom\lib\jsdom\living\generated\EventTarget.js:241:34)
            at Object.invokeGuardedCallbackDev (E:\VSCode_Repo\tech-oblivion-wpHeadless\node_modules\react-dom\cjs\react-dom.development.js:4213:16)
            at invokeGuardedCallback (E:\VSCode_Repo\tech-oblivion-wpHeadless\node_modules\react-dom\cjs\react-dom.development.js:4277:31)
            at beginWork$1 (E:\VSCode_Repo\tech-oblivion-wpHeadless\node_modules\react-dom\cjs\react-dom.development.js:27490:7)
            at performUnitOfWork (E:\VSCode_Repo\tech-oblivion-wpHeadless\node_modules\react-dom\cjs\react-dom.development.js:26599:12)
            at workLoopSync (E:\VSCode_Repo\tech-oblivion-wpHeadless\node_modules\react-dom\cjs\react-dom.development.js:26505:5)
            at renderRootSync (E:\VSCode_Repo\tech-oblivion-wpHeadless\node_modules\react-dom\cjs\react-dom.development.js:26473:7)
            at recoverFromConcurrentError (E:\VSCode_Repo\tech-oblivion-wpHeadless\node_modules\react-dom\cjs\react-dom.development.js:25889:20)
            at performConcurrentWorkOnRoot (E:\VSCode_Repo\tech-oblivion-wpHeadless\node_modules\react-dom\cjs\react-dom.development.js:25789:22)
            at flushActQueue (E:\VSCode_Repo\tech-oblivion-wpHeadless\node_modules\react\cjs\react.development.js:2667:24)
            at act (E:\VSCode_Repo\tech-oblivion-wpHeadless\node_modules\react\cjs\react.development.js:2582:11)
            at E:\VSCode_Repo\tech-oblivion-wpHeadless\node_modules\@testing-library\react\dist\act-compat.js:47:25
            at renderRoot (E:\VSCode_Repo\tech-oblivion-wpHeadless\node_modules\@testing-library\react\dist\pure.js:190:26)
            at render (E:\VSCode_Repo\tech-oblivion-wpHeadless\node_modules\@testing-library\react\dist\pure.js:292:10)
            at Object.<anonymous> (E:\VSCode_Repo\tech-oblivion-wpHeadless\src\__tests__\components.smoke.test.tsx:32:41),
        type: 'unhandled exception'
      }

    [0m [90m 30 |[39m       [36mif[39m ([36mtypeof[39m [33mC[39m [33m===[39m [32m'function'[39m) {
     [90m 31 |[39m         [90m// Try render with no props[39m
    [31m[1m>[22m[39m[90m 32 |[39m         [36mconst[39m { queryByTestId } [33m=[39m render(
     [90m    |[39m                                         [31m[1m^[22m[39m
     [90m 33 |[39m           [33m<[39m[33mErrorBoundary[39m[33m>[39m
     [90m 34 |[39m             {[33mReact[39m[33m.[39mcreateElement([33mC[39m [36mas[39m any)}
     [90m 35 |[39m           [33m<[39m[33m/[39m[33mErrorBoundary[39m[33m>[39m[0m

      at VirtualConsole.<anonymous> (node_modules/jest-environment-jsdom/build/index.js:63:23)
      at Object.invokeGuardedCallbackDev (node_modules/react-dom/cjs/react-dom.development.js:4213:16)
      at invokeGuardedCallback (node_modules/react-dom/cjs/react-dom.development.js:4277:31)
      at beginWork$1 (node_modules/react-dom/cjs/react-dom.development.js:27490:7)
      at performUnitOfWork (node_modules/react-dom/cjs/react-dom.development.js:26599:12)
      at workLoopSync (node_modules/react-dom/cjs/react-dom.development.js:26505:5)
      at renderRootSync (node_modules/react-dom/cjs/react-dom.development.js:26473:7)
      at recoverFromConcurrentError (node_modules/react-dom/cjs/react-dom.development.js:25889:20)
      at performConcurrentWorkOnRoot (node_modules/react-dom/cjs/react-dom.development.js:25789:22)
      at flushActQueue (node_modules/react/cjs/react.development.js:2667:24)
      at act (node_modules/react/cjs/react.development.js:2582:11)
      at node_modules/@testing-library/react/dist/act-compat.js:47:25
      at renderRoot (node_modules/@testing-library/react/dist/pure.js:190:26)
      at render (node_modules/@testing-library/react/dist/pure.js:292:10)
      at Object.<anonymous> (src/__tests__/components.smoke.test.tsx:32:41)

    console.error
      The above error occurred in the <Tooltip> component:
      
          at Tooltip (E:\VSCode_Repo\tech-oblivion-wpHeadless\node_modules\@radix-ui\react-tooltip\src\tooltip.tsx:154:5)
          at ErrorBoundary (E:\VSCode_Repo\tech-oblivion-wpHeadless\src\components\error-boundary.tsx:11:5)
          at children (E:\VSCode_Repo\tech-oblivion-wpHeadless\src\__tests__\TestErrorBoundary.tsx:4:45)
      
      React will try to recreate this component tree from scratch using the error boundary you provided, ErrorBoundary.

    [0m [90m 30 |[39m       [36mif[39m ([36mtypeof[39m [33mC[39m [33m===[39m [32m'function'[39m) {
     [90m 31 |[39m         [90m// Try render with no props[39m
    [31m[1m>[22m[39m[90m 32 |[39m         [36mconst[39m { queryByTestId } [33m=[39m render(
     [90m    |[39m                                         [31m[1m^[22m[39m
     [90m 33 |[39m           [33m<[39m[33mErrorBoundary[39m[33m>[39m
     [90m 34 |[39m             {[33mReact[39m[33m.[39mcreateElement([33mC[39m [36mas[39m any)}
     [90m 35 |[39m           [33m<[39m[33m/[39m[33mErrorBoundary[39m[33m>[39m[0m

      at logCapturedError (node_modules/react-dom/cjs/react-dom.development.js:18704:23)
      at ErrorBoundary.callback (node_modules/react-dom/cjs/react-dom.development.js:18772:7)
      at callCallback (node_modules/react-dom/cjs/react-dom.development.js:15036:12)
      at commitUpdateQueue (node_modules/react-dom/cjs/react-dom.development.js:15057:9)
      at commitLayoutEffectOnFiber (node_modules/react-dom/cjs/react-dom.development.js:23403:13)
      at commitLayoutMountEffects_complete (node_modules/react-dom/cjs/react-dom.development.js:24727:9)
      at commitLayoutEffects_begin (node_modules/react-dom/cjs/react-dom.development.js:24713:7)
      at commitLayoutEffects (node_modules/react-dom/cjs/react-dom.development.js:24651:3)
      at commitRootImpl (node_modules/react-dom/cjs/react-dom.development.js:26862:5)
      at commitRoot (node_modules/react-dom/cjs/react-dom.development.js:26721:5)
      at finishConcurrentRender (node_modules/react-dom/cjs/react-dom.development.js:25931:9)
      at performConcurrentWorkOnRoot (node_modules/react-dom/cjs/react-dom.development.js:25848:7)
      at flushActQueue (node_modules/react/cjs/react.development.js:2667:24)
      at act (node_modules/react/cjs/react.development.js:2582:11)
      at node_modules/@testing-library/react/dist/act-compat.js:47:25
      at renderRoot (node_modules/@testing-library/react/dist/pure.js:190:26)
      at render (node_modules/@testing-library/react/dist/pure.js:292:10)
      at Object.<anonymous> (src/__tests__/components.smoke.test.tsx:32:41)

    console.error
      ErrorBoundary caught Error: `Tooltip` must be used within `TooltipProvider`
          at useContext2 (E:\VSCode_Repo\tech-oblivion-wpHeadless\node_modules\@radix-ui\react-context\src\createContext.tsx:75:13)
          at Tooltip (E:\VSCode_Repo\tech-oblivion-wpHeadless\node_modules\@radix-ui\react-tooltip\src\tooltip.tsx:162:27)
          at renderWithHooks (E:\VSCode_Repo\tech-oblivion-wpHeadless\node_modules\react-dom\cjs\react-dom.development.js:15486:18)
          at mountIndeterminateComponent (E:\VSCode_Repo\tech-oblivion-wpHeadless\node_modules\react-dom\cjs\react-dom.development.js:20103:13)
          at beginWork (E:\VSCode_Repo\tech-oblivion-wpHeadless\node_modules\react-dom\cjs\react-dom.development.js:21626:16)
          at beginWork$1 (E:\VSCode_Repo\tech-oblivion-wpHeadless\node_modules\react-dom\cjs\react-dom.development.js:27465:14)
          at performUnitOfWork (E:\VSCode_Repo\tech-oblivion-wpHeadless\node_modules\react-dom\cjs\react-dom.development.js:26599:12)
          at workLoopSync (E:\VSCode_Repo\tech-oblivion-wpHeadless\node_modules\react-dom\cjs\react-dom.development.js:26505:5)
          at renderRootSync (E:\VSCode_Repo\tech-oblivion-wpHeadless\node_modules\react-dom\cjs\react-dom.development.js:26473:7)
          at recoverFromConcurrentError (E:\VSCode_Repo\tech-oblivion-wpHeadless\node_modules\react-dom\cjs\react-dom.development.js:25889:20)
          at performConcurrentWorkOnRoot (E:\VSCode_Repo\tech-oblivion-wpHeadless\node_modules\react-dom\cjs\react-dom.development.js:25789:22)
          at flushActQueue (E:\VSCode_Repo\tech-oblivion-wpHeadless\node_modules\react\cjs\react.development.js:2667:24)
          at act (E:\VSCode_Repo\tech-oblivion-wpHeadless\node_modules\react\cjs\react.development.js:2582:11)
          at E:\VSCode_Repo\tech-oblivion-wpHeadless\node_modules\@testing-library\react\dist\act-compat.js:47:25
          at renderRoot (E:\VSCode_Repo\tech-oblivion-wpHeadless\node_modules\@testing-library\react\dist\pure.js:190:26)
          at render (E:\VSCode_Repo\tech-oblivion-wpHeadless\node_modules\@testing-library\react\dist\pure.js:292:10)
          at Object.<anonymous> (E:\VSCode_Repo\tech-oblivion-wpHeadless\src\__tests__\components.smoke.test.tsx:32:41) {
        componentStack: '\n' +
          '    at Tooltip (E:\\VSCode_Repo\\tech-oblivion-wpHeadless\\node_modules\\@radix-ui\\react-tooltip\\src\\tooltip.tsx:154:5)\n' +
          '    at ErrorBoundary (E:\\VSCode_Repo\\tech-oblivion-wpHeadless\\src\\components\\error-boundary.tsx:11:5)\n' +
          '    at children (E:\\VSCode_Repo\\tech-oblivion-wpHeadless\\src\\__tests__\\TestErrorBoundary.tsx:4:45)'
      }

    [0m [90m 16 |[39m   }
     [90m 17 |[39m   componentDidCatch(error[33m:[39m [33mError[39m[33m,[39m info[33m:[39m [33mReact[39m[33m.[39m[33mErrorInfo[39m) {
    [31m[1m>[22m[39m[90m 18 |[39m     console[33m.[39merror([32m'ErrorBoundary caught'[39m[33m,[39m error[33m,[39m info)
     [90m    |[39m             [31m[1m^[22m[39m
     [90m 19 |[39m     toast({
     [90m 20 |[39m       title[33m:[39m [32m"Something went wrong"[39m[33m,[39m
     [90m 21 |[39m       description[33m:[39m [32m"An unexpected error occurred. Please try refreshing the page."[39m[33m,[39m[0m

      at ErrorBoundary.error [as componentDidCatch] (src/components/error-boundary.tsx:18:13)
      at ErrorBoundary.callback (node_modules/react-dom/cjs/react-dom.development.js:18785:12)
      at callCallback (node_modules/react-dom/cjs/react-dom.development.js:15036:12)
      at commitUpdateQueue (node_modules/react-dom/cjs/react-dom.development.js:15057:9)
      at commitLayoutEffectOnFiber (node_modules/react-dom/cjs/react-dom.development.js:23403:13)
      at commitLayoutMountEffects_complete (node_modules/react-dom/cjs/react-dom.development.js:24727:9)
      at commitLayoutEffects_begin (node_modules/react-dom/cjs/react-dom.development.js:24713:7)
      at commitLayoutEffects (node_modules/react-dom/cjs/react-dom.development.js:24651:3)
      at commitRootImpl (node_modules/react-dom/cjs/react-dom.development.js:26862:5)
      at commitRoot (node_modules/react-dom/cjs/react-dom.development.js:26721:5)
      at finishConcurrentRender (node_modules/react-dom/cjs/react-dom.development.js:25931:9)
      at performConcurrentWorkOnRoot (node_modules/react-dom/cjs/react-dom.development.js:25848:7)
      at flushActQueue (node_modules/react/cjs/react.development.js:2667:24)
      at act (node_modules/react/cjs/react.development.js:2582:11)
      at node_modules/@testing-library/react/dist/act-compat.js:47:25
      at renderRoot (node_modules/@testing-library/react/dist/pure.js:190:26)
      at render (node_modules/@testing-library/react/dist/pure.js:292:10)
      at Object.<anonymous> (src/__tests__/components.smoke.test.tsx:32:41)

  ● components smoke › src/components/admin/AdminDashboard.tsx imports and renders (if component)

    expect(received).toBeNull()

    Received: <div data-testid="error">Tile failed</div>

    [0m [90m 35 |[39m           [33m<[39m[33m/[39m[33mErrorBoundary[39m[33m>[39m
     [90m 36 |[39m         )
    [31m[1m>[22m[39m[90m 37 |[39m         expect(queryByTestId([32m'error'[39m))[33m.[39mtoBeNull()
     [90m    |[39m                                        [31m[1m^[22m[39m
     [90m 38 |[39m       } [36melse[39m {
     [90m 39 |[39m         expect(mod)[33m.[39mtoBeTruthy()
     [90m 40 |[39m       }[0m

      at Object.toBeNull (src/__tests__/components.smoke.test.tsx:37:40)

  ● components smoke › src/components/admin/BulkActionsBar.tsx imports and renders (if component)

    Jest encountered an unexpected token

    Jest failed to parse a file. This happens e.g. when your code or its dependencies use non-standard JavaScript syntax, or when Jest is not configured to support such syntax.

    Out of the box Jest supports Babel, which will be used to transform your files into valid JS based on your Babel configuration.

    By default "node_modules" folder is ignored by transformers.

    Here's what you can do:
     • If you are trying to use ECMAScript Modules, see https://jestjs.io/docs/ecmascript-modules for how to enable it.
     • If you are trying to use TypeScript, see https://jestjs.io/docs/getting-started#using-typescript
     • To have some of your "node_modules" files transformed, you can specify a custom "transformIgnorePatterns" in your config.
     • If you need a custom transformation specify a "transform" option in your config.
     • If you simply want to mock your non-JS modules (e.g. binary assets) you can stub them out with the "moduleNameMapper" config option.

    You'll find more details and examples of these config options in the docs:
    https://jestjs.io/docs/configuration
    For information about custom transformations, see:
    https://jestjs.io/docs/code-transformation

    Details:

    E:\VSCode_Repo\tech-oblivion-wpHeadless\node_modules\lucide-react\dist\esm\lucide-react.js:8
    import * as index from './icons/index.js';
    ^^^^^^

    SyntaxError: Cannot use import statement outside a module

    [0m [90m 12 |[39m   disabled[33m?[39m[33m:[39m boolean
     [90m 13 |[39m }
    [31m[1m>[22m[39m[90m 14 |[39m
     [90m    |[39m [31m[1m^[22m[39m
     [90m 15 |[39m [36mexport[39m [36mdefault[39m [36mfunction[39m [33mBulkActionsBar[39m({ onAction[33m,[39m disabled }[33m:[39m [33mProps[39m) {
     [90m 16 |[39m   [36mconst[39m [pending[33m,[39m setPending] [33m=[39m useState[33m<[39m[33mBulkAction[39m [33m|[39m [36mnull[39m[33m>[39m([36mnull[39m)
     [90m 17 |[39m   [36mconst[39m run [33m=[39m [36masync[39m (action[33m:[39m [33mBulkAction[39m) [33m=>[39m {[0m

      at Runtime.createScriptFromCode (node_modules/jest-runtime/build/index.js:1505:14)
      at Object.<anonymous> (src/components/admin/BulkActionsBar.tsx:14:22)
      at src/__tests__/components.smoke.test.tsx:28:25
      at Object.<anonymous> (src/__tests__/components.smoke.test.tsx:28:19)

  ● components smoke › src/components/admin/LogsPanel.tsx imports and renders (if component)

    Jest encountered an unexpected token

    Jest failed to parse a file. This happens e.g. when your code or its dependencies use non-standard JavaScript syntax, or when Jest is not configured to support such syntax.

    Out of the box Jest supports Babel, which will be used to transform your files into valid JS based on your Babel configuration.

    By default "node_modules" folder is ignored by transformers.

    Here's what you can do:
     • If you are trying to use ECMAScript Modules, see https://jestjs.io/docs/ecmascript-modules for how to enable it.
     • If you are trying to use TypeScript, see https://jestjs.io/docs/getting-started#using-typescript
     • To have some of your "node_modules" files transformed, you can specify a custom "transformIgnorePatterns" in your config.
     • If you need a custom transformation specify a "transform" option in your config.
     • If you simply want to mock your non-JS modules (e.g. binary assets) you can stub them out with the "moduleNameMapper" config option.

    You'll find more details and examples of these config options in the docs:
    https://jestjs.io/docs/configuration
    For information about custom transformations, see:
    https://jestjs.io/docs/code-transformation

    Details:

    E:\VSCode_Repo\tech-oblivion-wpHeadless\node_modules\lucide-react\dist\esm\lucide-react.js:8
    import * as index from './icons/index.js';
    ^^^^^^

    SyntaxError: Cannot use import statement outside a module

    [0m [90m 12 |[39m   level[33m:[39m string
     [90m 13 |[39m   context[33m:[39m string
    [31m[1m>[22m[39m[90m 14 |[39m   data[33m:[39m {
     [90m    |[39m                    [31m[1m^[22m[39m
     [90m 15 |[39m     userId[33m:[39m string [33m|[39m number
     [90m 16 |[39m     role[33m:[39m string
     [90m 17 |[39m     action[33m:[39m string[0m

      at Runtime.createScriptFromCode (node_modules/jest-runtime/build/index.js:1505:14)
      at Object.<anonymous> (src/components/admin/LogsPanel.tsx:14:22)
      at src/__tests__/components.smoke.test.tsx:28:25
      at Object.<anonymous> (src/__tests__/components.smoke.test.tsx:28:19)

  ● components smoke › src/components/admin/moderation/ModerationPanel.tsx imports and renders (if component)

    Jest encountered an unexpected token

    Jest failed to parse a file. This happens e.g. when your code or its dependencies use non-standard JavaScript syntax, or when Jest is not configured to support such syntax.

    Out of the box Jest supports Babel, which will be used to transform your files into valid JS based on your Babel configuration.

    By default "node_modules" folder is ignored by transformers.

    Here's what you can do:
     • If you are trying to use ECMAScript Modules, see https://jestjs.io/docs/ecmascript-modules for how to enable it.
     • If you are trying to use TypeScript, see https://jestjs.io/docs/getting-started#using-typescript
     • To have some of your "node_modules" files transformed, you can specify a custom "transformIgnorePatterns" in your config.
     • If you need a custom transformation specify a "transform" option in your config.
     • If you simply want to mock your non-JS modules (e.g. binary assets) you can stub them out with the "moduleNameMapper" config option.

    You'll find more details and examples of these config options in the docs:
    https://jestjs.io/docs/configuration
    For information about custom transformations, see:
    https://jestjs.io/docs/code-transformation

    Details:

    E:\VSCode_Repo\tech-oblivion-wpHeadless\node_modules\lucide-react\dist\esm\lucide-react.js:8
    import * as index from './icons/index.js';
    ^^^^^^

    SyntaxError: Cannot use import statement outside a module

    [0m [90m 27 |[39m   [33m<[39m[33mAccordionPrimitive[39m[33m.[39m[33mHeader[39m className[33m=[39m[32m"flex"[39m[33m>[39m
     [90m 28 |[39m     [33m<[39m[33mAccordionPrimitive[39m[33m.[39m[33mTrigger[39m
    [31m[1m>[22m[39m[90m 29 |[39m       ref[33m=[39m{ref}
     [90m    |[39m                      [31m[1m^[22m[39m
     [90m 30 |[39m       className[33m=[39m{cn(
     [90m 31 |[39m         [32m"flex flex-1 items-center justify-between py-4 font-medium transition-all hover:underline [&[data-state=open]>svg]:rotate-180"[39m[33m,[39m
     [90m 32 |[39m         className[0m

      at Runtime.createScriptFromCode (node_modules/jest-runtime/build/index.js:1505:14)
      at Object.<anonymous> (src/components/ui/accordion.tsx:29:22)
      at Object.<anonymous> (src/components/admin/moderation/ModerationPanel.tsx:16:20)
      at src/__tests__/components.smoke.test.tsx:28:25
      at Object.<anonymous> (src/__tests__/components.smoke.test.tsx:28:19)

  ● components smoke › src/components/admin/PageHeader.tsx imports and renders (if component)

    Cannot nest a describe inside a test. Describe block "nextNavigationMock" cannot run because it is nested within "src/components/admin/PageHeader.tsx imports and renders (if component)".

    [0m [90m  8 |[39m
     [90m  9 |[39m [90m// Dummy test[39m
    [31m[1m>[22m[39m[90m 10 |[39m describe([32m'nextNavigationMock'[39m[33m,[39m () [33m=>[39m {
     [90m    |[39m [31m[1m^[22m[39m
     [90m 11 |[39m   it([32m'is a mock'[39m[33m,[39m () [33m=>[39m {
     [90m 12 |[39m     expect([36mtrue[39m)[33m.[39mtoBe([36mtrue[39m)
     [90m 13 |[39m   })[0m

      at eventHandler (node_modules/jest-circus/build/eventHandler.js:35:11)
      at Object.describe (src/__tests__/nextNavigationMock.js:10:1)
      at Object.<anonymous> (src/components/admin/PageHeader.tsx:14:21)
      at src/__tests__/components.smoke.test.tsx:28:25
      at Object.<anonymous> (src/__tests__/components.smoke.test.tsx:28:19)

  ● components smoke › src/components/admin/PageHeader.tsx imports and renders (if component)

    Tests cannot be nested. Test "is a mock" cannot run because it is nested within "src/components/admin/PageHeader.tsx imports and renders (if component)".

    [0m [90m  9 |[39m [90m// Dummy test[39m
     [90m 10 |[39m describe([32m'nextNavigationMock'[39m[33m,[39m () [33m=>[39m {
    [31m[1m>[22m[39m[90m 11 |[39m   it([32m'is a mock'[39m[33m,[39m () [33m=>[39m {
     [90m    |[39m   [31m[1m^[22m[39m
     [90m 12 |[39m     expect([36mtrue[39m)[33m.[39mtoBe([36mtrue[39m)
     [90m 13 |[39m   })
     [90m 14 |[39m })[0m

      at eventHandler (node_modules/jest-circus/build/eventHandler.js:134:11)
      at it (src/__tests__/nextNavigationMock.js:11:3)
      at Object.describe (src/__tests__/nextNavigationMock.js:10:1)
      at Object.<anonymous> (src/components/admin/PageHeader.tsx:14:21)
      at src/__tests__/components.smoke.test.tsx:28:25
      at Object.<anonymous> (src/__tests__/components.smoke.test.tsx:28:19)

  ● components smoke › src/components/admin/SelectableTable.tsx imports and renders (if component)

    Jest encountered an unexpected token

    Jest failed to parse a file. This happens e.g. when your code or its dependencies use non-standard JavaScript syntax, or when Jest is not configured to support such syntax.

    Out of the box Jest supports Babel, which will be used to transform your files into valid JS based on your Babel configuration.

    By default "node_modules" folder is ignored by transformers.

    Here's what you can do:
     • If you are trying to use ECMAScript Modules, see https://jestjs.io/docs/ecmascript-modules for how to enable it.
     • If you are trying to use TypeScript, see https://jestjs.io/docs/getting-started#using-typescript
     • To have some of your "node_modules" files transformed, you can specify a custom "transformIgnorePatterns" in your config.
     • If you need a custom transformation specify a "transform" option in your config.
     • If you simply want to mock your non-JS modules (e.g. binary assets) you can stub them out with the "moduleNameMapper" config option.

    You'll find more details and examples of these config options in the docs:
    https://jestjs.io/docs/configuration
    For information about custom transformations, see:
    https://jestjs.io/docs/code-transformation

    Details:

    E:\VSCode_Repo\tech-oblivion-wpHeadless\node_modules\lucide-react\dist\esm\lucide-react.js:8
    import * as index from './icons/index.js';
    ^^^^^^

    SyntaxError: Cannot use import statement outside a module

    [0m [90m 13 |[39m   [33m<[39m[33mCheckboxPrimitive[39m[33m.[39m[33mRoot[39m
     [90m 14 |[39m     ref[33m=[39m{ref}
    [31m[1m>[22m[39m[90m 15 |[39m     className[33m=[39m{cn(
     [90m    |[39m                      [31m[1m^[22m[39m
     [90m 16 |[39m       [32m"peer h-4 w-4 shrink-0 rounded-sm border border-primary ring-offset-background focus-visible:outline-none focus-visible:ring-2 focus-visible:ring-ring focus-visible:ring-offset-2 disabled:cursor-not-allowed disabled:opacity-50 data-[state=checked]:bg-primary data-[state=checked]:text-primary-foreground"[39m[33m,[39m
     [90m 17 |[39m       className
     [90m 18 |[39m     )}[0m

      at Runtime.createScriptFromCode (node_modules/jest-runtime/build/index.js:1505:14)
      at Object.<anonymous> (src/components/ui/checkbox.tsx:15:22)
      at Object.<anonymous> (src/components/admin/SelectableTable.tsx:15:19)
      at src/__tests__/components.smoke.test.tsx:28:25
      at Object.<anonymous> (src/__tests__/components.smoke.test.tsx:28:19)

  ● components smoke › src/components/admin/UnifiedAdmin.tsx imports and renders (if component)

    Jest encountered an unexpected token

    Jest failed to parse a file. This happens e.g. when your code or its dependencies use non-standard JavaScript syntax, or when Jest is not configured to support such syntax.

    Out of the box Jest supports Babel, which will be used to transform your files into valid JS based on your Babel configuration.

    By default "node_modules" folder is ignored by transformers.

    Here's what you can do:
     • If you are trying to use ECMAScript Modules, see https://jestjs.io/docs/ecmascript-modules for how to enable it.
     • If you are trying to use TypeScript, see https://jestjs.io/docs/getting-started#using-typescript
     • To have some of your "node_modules" files transformed, you can specify a custom "transformIgnorePatterns" in your config.
     • If you need a custom transformation specify a "transform" option in your config.
     • If you simply want to mock your non-JS modules (e.g. binary assets) you can stub them out with the "moduleNameMapper" config option.

    You'll find more details and examples of these config options in the docs:
    https://jestjs.io/docs/configuration
    For information about custom transformations, see:
    https://jestjs.io/docs/code-transformation

    Details:

    E:\VSCode_Repo\tech-oblivion-wpHeadless\node_modules\lucide-react\dist\esm\lucide-react.js:8
    import * as index from './icons/index.js';
    ^^^^^^

    SyntaxError: Cannot use import statement outside a module

    [0m [90m 45 |[39m     {[33m...[39mprops}
     [90m 46 |[39m   [33m>[39m
    [31m[1m>[22m[39m[90m 47 |[39m     [33m<[39m[33mChevronUp[39m className[33m=[39m[32m"h-4 w-4"[39m [33m/[39m[33m>[39m
     [90m    |[39m                      [31m[1m^[22m[39m
     [90m 48 |[39m   [33m<[39m[33m/[39m[33mSelectPrimitive[39m[33m.[39m[33mScrollUpButton[39m[33m>[39m
     [90m 49 |[39m ))
     [90m 50 |[39m [33mSelectScrollUpButton[39m[33m.[39mdisplayName [33m=[39m [33mSelectPrimitive[39m[33m.[39m[33mScrollUpButton[39m[33m.[39mdisplayName[0m

      at Runtime.createScriptFromCode (node_modules/jest-runtime/build/index.js:1505:14)
      at Object.<anonymous> (src/components/ui/select.tsx:47:22)
      at Object.<anonymous> (src/components/analytics/AnalyticsHeader.tsx:15:17)
      at Object.<anonymous> (src/components/analytics/AnalyticsDashboard.tsx:17:65)
      at Object.<anonymous> (src/components/admin/UnifiedAdmin.tsx:16:68)
      at src/__tests__/components.smoke.test.tsx:28:25
      at Object.<anonymous> (src/__tests__/components.smoke.test.tsx:28:19)

  ● components smoke › src/components/analytics/AnalyticsCharts.tsx imports and renders (if component)

    expect(received).toBeNull()

    Received: <div data-testid="error">Tile failed</div>

    [0m [90m 35 |[39m           [33m<[39m[33m/[39m[33mErrorBoundary[39m[33m>[39m
     [90m 36 |[39m         )
    [31m[1m>[22m[39m[90m 37 |[39m         expect(queryByTestId([32m'error'[39m))[33m.[39mtoBeNull()
     [90m    |[39m                                        [31m[1m^[22m[39m
     [90m 38 |[39m       } [36melse[39m {
     [90m 39 |[39m         expect(mod)[33m.[39mtoBeTruthy()
     [90m 40 |[39m       }[0m

      at Object.toBeNull (src/__tests__/components.smoke.test.tsx:37:40)

  ● components smoke › src/components/analytics/AnalyticsDashboard.tsx imports and renders (if component)

    Jest encountered an unexpected token

    Jest failed to parse a file. This happens e.g. when your code or its dependencies use non-standard JavaScript syntax, or when Jest is not configured to support such syntax.

    Out of the box Jest supports Babel, which will be used to transform your files into valid JS based on your Babel configuration.

    By default "node_modules" folder is ignored by transformers.

    Here's what you can do:
     • If you are trying to use ECMAScript Modules, see https://jestjs.io/docs/ecmascript-modules for how to enable it.
     • If you are trying to use TypeScript, see https://jestjs.io/docs/getting-started#using-typescript
     • To have some of your "node_modules" files transformed, you can specify a custom "transformIgnorePatterns" in your config.
     • If you need a custom transformation specify a "transform" option in your config.
     • If you simply want to mock your non-JS modules (e.g. binary assets) you can stub them out with the "moduleNameMapper" config option.

    You'll find more details and examples of these config options in the docs:
    https://jestjs.io/docs/configuration
    For information about custom transformations, see:
    https://jestjs.io/docs/code-transformation

    Details:

    E:\VSCode_Repo\tech-oblivion-wpHeadless\node_modules\lucide-react\dist\esm\lucide-react.js:8
    import * as index from './icons/index.js';
    ^^^^^^

    SyntaxError: Cannot use import statement outside a module

    [0m [90m 45 |[39m     {[33m...[39mprops}
     [90m 46 |[39m   [33m>[39m
    [31m[1m>[22m[39m[90m 47 |[39m     [33m<[39m[33mChevronUp[39m className[33m=[39m[32m"h-4 w-4"[39m [33m/[39m[33m>[39m
     [90m    |[39m                      [31m[1m^[22m[39m
     [90m 48 |[39m   [33m<[39m[33m/[39m[33mSelectPrimitive[39m[33m.[39m[33mScrollUpButton[39m[33m>[39m
     [90m 49 |[39m ))
     [90m 50 |[39m [33mSelectScrollUpButton[39m[33m.[39mdisplayName [33m=[39m [33mSelectPrimitive[39m[33m.[39m[33mScrollUpButton[39m[33m.[39mdisplayName[0m

      at Runtime.createScriptFromCode (node_modules/jest-runtime/build/index.js:1505:14)
      at Object.<anonymous> (src/components/ui/select.tsx:47:22)
      at Object.<anonymous> (src/components/analytics/AnalyticsHeader.tsx:15:17)
      at Object.<anonymous> (src/components/analytics/AnalyticsDashboard.tsx:17:65)
      at src/__tests__/components.smoke.test.tsx:28:25
      at Object.<anonymous> (src/__tests__/components.smoke.test.tsx:28:19)

  ● components smoke › src/components/analytics/AnalyticsHeader.tsx imports and renders (if component)

    Jest encountered an unexpected token

    Jest failed to parse a file. This happens e.g. when your code or its dependencies use non-standard JavaScript syntax, or when Jest is not configured to support such syntax.

    Out of the box Jest supports Babel, which will be used to transform your files into valid JS based on your Babel configuration.

    By default "node_modules" folder is ignored by transformers.

    Here's what you can do:
     • If you are trying to use ECMAScript Modules, see https://jestjs.io/docs/ecmascript-modules for how to enable it.
     • If you are trying to use TypeScript, see https://jestjs.io/docs/getting-started#using-typescript
     • To have some of your "node_modules" files transformed, you can specify a custom "transformIgnorePatterns" in your config.
     • If you need a custom transformation specify a "transform" option in your config.
     • If you simply want to mock your non-JS modules (e.g. binary assets) you can stub them out with the "moduleNameMapper" config option.

    You'll find more details and examples of these config options in the docs:
    https://jestjs.io/docs/configuration
    For information about custom transformations, see:
    https://jestjs.io/docs/code-transformation

    Details:

    E:\VSCode_Repo\tech-oblivion-wpHeadless\node_modules\lucide-react\dist\esm\lucide-react.js:8
    import * as index from './icons/index.js';
    ^^^^^^

    SyntaxError: Cannot use import statement outside a module

    [0m [90m 45 |[39m     {[33m...[39mprops}
     [90m 46 |[39m   [33m>[39m
    [31m[1m>[22m[39m[90m 47 |[39m     [33m<[39m[33mChevronUp[39m className[33m=[39m[32m"h-4 w-4"[39m [33m/[39m[33m>[39m
     [90m    |[39m                      [31m[1m^[22m[39m
     [90m 48 |[39m   [33m<[39m[33m/[39m[33mSelectPrimitive[39m[33m.[39m[33mScrollUpButton[39m[33m>[39m
     [90m 49 |[39m ))
     [90m 50 |[39m [33mSelectScrollUpButton[39m[33m.[39mdisplayName [33m=[39m [33mSelectPrimitive[39m[33m.[39m[33mScrollUpButton[39m[33m.[39mdisplayName[0m

      at Runtime.createScriptFromCode (node_modules/jest-runtime/build/index.js:1505:14)
      at Object.<anonymous> (src/components/ui/select.tsx:47:22)
      at Object.<anonymous> (src/components/analytics/AnalyticsHeader.tsx:15:17)
      at src/__tests__/components.smoke.test.tsx:28:25
      at Object.<anonymous> (src/__tests__/components.smoke.test.tsx:28:19)

  ● components smoke › src/components/analytics/AnalyticsSidebar.tsx imports and renders (if component)

    expect(received).toBeNull()

    Received: <div data-testid="error">Tile failed</div>

    [0m [90m 35 |[39m           [33m<[39m[33m/[39m[33mErrorBoundary[39m[33m>[39m
     [90m 36 |[39m         )
    [31m[1m>[22m[39m[90m 37 |[39m         expect(queryByTestId([32m'error'[39m))[33m.[39mtoBeNull()
     [90m    |[39m                                        [31m[1m^[22m[39m
     [90m 38 |[39m       } [36melse[39m {
     [90m 39 |[39m         expect(mod)[33m.[39mtoBeTruthy()
     [90m 40 |[39m       }[0m

      at Object.toBeNull (src/__tests__/components.smoke.test.tsx:37:40)

  ● components smoke › src/components/analytics/AnalyticsTable.tsx imports and renders (if component)

    expect(received).toBeNull()

    Received: <div data-testid="error">Tile failed</div>

    [0m [90m 35 |[39m           [33m<[39m[33m/[39m[33mErrorBoundary[39m[33m>[39m
     [90m 36 |[39m         )
    [31m[1m>[22m[39m[90m 37 |[39m         expect(queryByTestId([32m'error'[39m))[33m.[39mtoBeNull()
     [90m    |[39m                                        [31m[1m^[22m[39m
     [90m 38 |[39m       } [36melse[39m {
     [90m 39 |[39m         expect(mod)[33m.[39mtoBeTruthy()
     [90m 40 |[39m       }[0m

      at Object.toBeNull (src/__tests__/components.smoke.test.tsx:37:40)

  ● components smoke › src/components/analytics/AnalyticsWorldMap.tsx imports and renders (if component)

    Jest encountered an unexpected token

    Jest failed to parse a file. This happens e.g. when your code or its dependencies use non-standard JavaScript syntax, or when Jest is not configured to support such syntax.

    Out of the box Jest supports Babel, which will be used to transform your files into valid JS based on your Babel configuration.

    By default "node_modules" folder is ignored by transformers.

    Here's what you can do:
     • If you are trying to use ECMAScript Modules, see https://jestjs.io/docs/ecmascript-modules for how to enable it.
     • If you are trying to use TypeScript, see https://jestjs.io/docs/getting-started#using-typescript
     • To have some of your "node_modules" files transformed, you can specify a custom "transformIgnorePatterns" in your config.
     • If you need a custom transformation specify a "transform" option in your config.
     • If you simply want to mock your non-JS modules (e.g. binary assets) you can stub them out with the "moduleNameMapper" config option.

    You'll find more details and examples of these config options in the docs:
    https://jestjs.io/docs/configuration
    For information about custom transformations, see:
    https://jestjs.io/docs/code-transformation

    Details:

    E:\VSCode_Repo\tech-oblivion-wpHeadless\node_modules\d3-scale\src\index.js:1
    ({"Object.<anonymous>":function(module,exports,require,__dirname,__filename,jest){export {
                                                                                      ^^^^^^

    SyntaxError: Unexpected token 'export'

    [0m [90m 13 |[39m
     [90m 14 |[39m [36mimport[39m type { [33mPeriod[39m[33m,[39m [33mCountryBreakdown[39m } [36mfrom[39m [32m'../../../types/analytics'[39m
    [31m[1m>[22m[39m[90m 15 |[39m
     [90m    |[39m [31m[1m^[22m[39m
     [90m 16 |[39m [90m// Register English locale for country mappings if needed[39m
     [90m 17 |[39m [36mtry[39m {
     [90m 18 |[39m   isoCountries[33m.[39mregisterLocale(enCountries [36mas[39m unknown [36mas[39m [33mLocaleData[39m)[0m

      at Runtime.createScriptFromCode (node_modules/jest-runtime/build/index.js:1505:14)
      at Object.<anonymous> (src/components/analytics/AnalyticsWorldMap.tsx:15:18)
      at src/__tests__/components.smoke.test.tsx:28:25
      at Object.<anonymous> (src/__tests__/components.smoke.test.tsx:28:19)

  ● components smoke › src/components/analytics/SessionsChart.tsx imports and renders (if component)

    expect(received).toBeNull()

    Received: <div data-testid="error">Tile failed</div>

    [0m [90m 35 |[39m           [33m<[39m[33m/[39m[33mErrorBoundary[39m[33m>[39m
     [90m 36 |[39m         )
    [31m[1m>[22m[39m[90m 37 |[39m         expect(queryByTestId([32m'error'[39m))[33m.[39mtoBeNull()
     [90m    |[39m                                        [31m[1m^[22m[39m
     [90m 38 |[39m       } [36melse[39m {
     [90m 39 |[39m         expect(mod)[33m.[39mtoBeTruthy()
     [90m 40 |[39m       }[0m

      at Object.toBeNull (src/__tests__/components.smoke.test.tsx:37:40)

  ● components smoke › src/components/auth/UserMenu.tsx imports and renders (if component)

    expect(received).toBeNull()

    Received: <div data-testid="error">Tile failed</div>

    [0m [90m 35 |[39m           [33m<[39m[33m/[39m[33mErrorBoundary[39m[33m>[39m
     [90m 36 |[39m         )
    [31m[1m>[22m[39m[90m 37 |[39m         expect(queryByTestId([32m'error'[39m))[33m.[39mtoBeNull()
     [90m    |[39m                                        [31m[1m^[22m[39m
     [90m 38 |[39m       } [36melse[39m {
     [90m 39 |[39m         expect(mod)[33m.[39mtoBeTruthy()
     [90m 40 |[39m       }[0m

      at Object.toBeNull (src/__tests__/components.smoke.test.tsx:37:40)

  ● components smoke › src/components/author-activity.tsx imports and renders (if component)

    Jest encountered an unexpected token

    Jest failed to parse a file. This happens e.g. when your code or its dependencies use non-standard JavaScript syntax, or when Jest is not configured to support such syntax.

    Out of the box Jest supports Babel, which will be used to transform your files into valid JS based on your Babel configuration.

    By default "node_modules" folder is ignored by transformers.

    Here's what you can do:
     • If you are trying to use ECMAScript Modules, see https://jestjs.io/docs/ecmascript-modules for how to enable it.
     • If you are trying to use TypeScript, see https://jestjs.io/docs/getting-started#using-typescript
     • To have some of your "node_modules" files transformed, you can specify a custom "transformIgnorePatterns" in your config.
     • If you need a custom transformation specify a "transform" option in your config.
     • If you simply want to mock your non-JS modules (e.g. binary assets) you can stub them out with the "moduleNameMapper" config option.

    You'll find more details and examples of these config options in the docs:
    https://jestjs.io/docs/configuration
    For information about custom transformations, see:
    https://jestjs.io/docs/code-transformation

    Details:

    E:\VSCode_Repo\tech-oblivion-wpHeadless\node_modules\lucide-react\dist\esm\lucide-react.js:8
    import * as index from './icons/index.js';
    ^^^^^^

    SyntaxError: Cannot use import statement outside a module

    [0m [90m 13 |[39m
     [90m 14 |[39m [36mexport[39m [36mdefault[39m [36mfunction[39m [33mAuthorActivity[39m({ authorId }[33m:[39m { authorId[33m:[39m number }) {
    [31m[1m>[22m[39m[90m 15 |[39m   [36mconst[39m [posts[33m,[39m setPosts] [33m=[39m useState[33m<[39m[33mWPPost[39m[][33m>[39m([])
     [90m    |[39m                      [31m[1m^[22m[39m
     [90m 16 |[39m   [36mconst[39m [comments[33m,[39m setComments] [33m=[39m useState[33m<[39m[33mWPComment[39m[][33m>[39m([])
     [90m 17 |[39m   [36mconst[39m [postIndex[33m,[39m setPostIndex] [33m=[39m useState[33m<[39m[33mRecord[39m[33m<[39m[33mnumber[39m[33m,[39m { slug[33m?[39m[33m:[39m string[33m;[39m title[33m?[39m[33m:[39m string }[33m>>[39m({})
     [90m 18 |[39m   [36mconst[39m [loading[33m,[39m setLoading] [33m=[39m useState([36mtrue[39m)[0m

      at Runtime.createScriptFromCode (node_modules/jest-runtime/build/index.js:1505:14)
      at Object.<anonymous> (src/components/author-activity.tsx:15:22)
      at src/__tests__/components.smoke.test.tsx:28:25
      at Object.<anonymous> (src/__tests__/components.smoke.test.tsx:28:19)

  ● components smoke › src/components/AuthorsList.tsx imports and renders (if component)

    Cannot nest a describe inside a test. Describe block "nextImageMock" cannot run because it is nested within "src/components/AuthorsList.tsx imports and renders (if component)".

    [0m [90m 4 |[39m
     [90m 5 |[39m [90m// Dummy test[39m
    [31m[1m>[22m[39m[90m 6 |[39m describe([32m'nextImageMock'[39m[33m,[39m () [33m=>[39m {
     [90m   |[39m [31m[1m^[22m[39m
     [90m 7 |[39m   it([32m'is a mock'[39m[33m,[39m () [33m=>[39m {
     [90m 8 |[39m     expect([36mtrue[39m)[33m.[39mtoBe([36mtrue[39m)
     [90m 9 |[39m   })[0m

      at eventHandler (node_modules/jest-circus/build/eventHandler.js:35:11)
      at Object.describe (src/__tests__/nextImageMock.js:6:1)
      at Object.<anonymous> (src/components/AuthorsList.tsx:15:55)
      at src/__tests__/components.smoke.test.tsx:28:25
      at Object.<anonymous> (src/__tests__/components.smoke.test.tsx:28:19)

  ● components smoke › src/components/AuthorsList.tsx imports and renders (if component)

    Tests cannot be nested. Test "is a mock" cannot run because it is nested within "src/components/AuthorsList.tsx imports and renders (if component)".

    [0m [90m  5 |[39m [90m// Dummy test[39m
     [90m  6 |[39m describe([32m'nextImageMock'[39m[33m,[39m () [33m=>[39m {
    [31m[1m>[22m[39m[90m  7 |[39m   it([32m'is a mock'[39m[33m,[39m () [33m=>[39m {
     [90m    |[39m   [31m[1m^[22m[39m
     [90m  8 |[39m     expect([36mtrue[39m)[33m.[39mtoBe([36mtrue[39m)
     [90m  9 |[39m   })
     [90m 10 |[39m })[0m

      at eventHandler (node_modules/jest-circus/build/eventHandler.js:134:11)
      at it (src/__tests__/nextImageMock.js:7:3)
      at Object.describe (src/__tests__/nextImageMock.js:6:1)
      at Object.<anonymous> (src/components/AuthorsList.tsx:15:55)
      at src/__tests__/components.smoke.test.tsx:28:25
      at Object.<anonymous> (src/__tests__/components.smoke.test.tsx:28:19)

  ● components smoke › src/components/back-to-top-center.tsx imports and renders (if component)

    Jest encountered an unexpected token

    Jest failed to parse a file. This happens e.g. when your code or its dependencies use non-standard JavaScript syntax, or when Jest is not configured to support such syntax.

    Out of the box Jest supports Babel, which will be used to transform your files into valid JS based on your Babel configuration.

    By default "node_modules" folder is ignored by transformers.

    Here's what you can do:
     • If you are trying to use ECMAScript Modules, see https://jestjs.io/docs/ecmascript-modules for how to enable it.
     • If you are trying to use TypeScript, see https://jestjs.io/docs/getting-started#using-typescript
     • To have some of your "node_modules" files transformed, you can specify a custom "transformIgnorePatterns" in your config.
     • If you need a custom transformation specify a "transform" option in your config.
     • If you simply want to mock your non-JS modules (e.g. binary assets) you can stub them out with the "moduleNameMapper" config option.

    You'll find more details and examples of these config options in the docs:
    https://jestjs.io/docs/configuration
    For information about custom transformations, see:
    https://jestjs.io/docs/code-transformation

    Details:

    E:\VSCode_Repo\tech-oblivion-wpHeadless\node_modules\lucide-react\dist\esm\lucide-react.js:8
    import * as index from './icons/index.js';
    ^^^^^^

    SyntaxError: Cannot use import statement outside a module

    [0m [90m 12 |[39m     [36mreturn[39m () [33m=>[39m window[33m.[39mremoveEventListener([32m'scroll'[39m[33m,[39m onScroll)
     [90m 13 |[39m   }[33m,[39m [threshold])
    [31m[1m>[22m[39m[90m 14 |[39m
     [90m    |[39m [31m[1m^[22m[39m
     [90m 15 |[39m   [36mif[39m ([33m![39mvisible) [36mreturn[39m [36mnull[39m
     [90m 16 |[39m
     [90m 17 |[39m   [36mreturn[39m ([0m

      at Runtime.createScriptFromCode (node_modules/jest-runtime/build/index.js:1505:14)
      at Object.<anonymous> (src/components/back-to-top-center.tsx:14:22)
      at src/__tests__/components.smoke.test.tsx:28:25
      at Object.<anonymous> (src/__tests__/components.smoke.test.tsx:28:19)

  ● components smoke › src/components/Category.tsx imports and renders (if component)

    expect(received).toBeNull()

    Received: <div data-testid="error">Tile failed</div>

    [0m [90m 35 |[39m           [33m<[39m[33m/[39m[33mErrorBoundary[39m[33m>[39m
     [90m 36 |[39m         )
    [31m[1m>[22m[39m[90m 37 |[39m         expect(queryByTestId([32m'error'[39m))[33m.[39mtoBeNull()
     [90m    |[39m                                        [31m[1m^[22m[39m
     [90m 38 |[39m       } [36melse[39m {
     [90m 39 |[39m         expect(mod)[33m.[39mtoBeTruthy()
     [90m 40 |[39m       }[0m

      at Object.toBeNull (src/__tests__/components.smoke.test.tsx:37:40)

  ● components smoke › src/components/Comment.tsx imports and renders (if component)

    expect(received).toBeNull()

    Received: <div data-testid="error">Tile failed</div>

    [0m [90m 35 |[39m           [33m<[39m[33m/[39m[33mErrorBoundary[39m[33m>[39m
     [90m 36 |[39m         )
    [31m[1m>[22m[39m[90m 37 |[39m         expect(queryByTestId([32m'error'[39m))[33m.[39mtoBeNull()
     [90m    |[39m                                        [31m[1m^[22m[39m
     [90m 38 |[39m       } [36melse[39m {
     [90m 39 |[39m         expect(mod)[33m.[39mtoBeTruthy()
     [90m 40 |[39m       }[0m

      at Object.toBeNull (src/__tests__/components.smoke.test.tsx:37:40)

  ● components smoke › src/components/comments-section.tsx imports and renders (if component)

    Jest encountered an unexpected token

    Jest failed to parse a file. This happens e.g. when your code or its dependencies use non-standard JavaScript syntax, or when Jest is not configured to support such syntax.

    Out of the box Jest supports Babel, which will be used to transform your files into valid JS based on your Babel configuration.

    By default "node_modules" folder is ignored by transformers.

    Here's what you can do:
     • If you are trying to use ECMAScript Modules, see https://jestjs.io/docs/ecmascript-modules for how to enable it.
     • If you are trying to use TypeScript, see https://jestjs.io/docs/getting-started#using-typescript
     • To have some of your "node_modules" files transformed, you can specify a custom "transformIgnorePatterns" in your config.
     • If you need a custom transformation specify a "transform" option in your config.
     • If you simply want to mock your non-JS modules (e.g. binary assets) you can stub them out with the "moduleNameMapper" config option.

    You'll find more details and examples of these config options in the docs:
    https://jestjs.io/docs/configuration
    For information about custom transformations, see:
    https://jestjs.io/docs/code-transformation

    Details:

    E:\VSCode_Repo\tech-oblivion-wpHeadless\node_modules\lucide-react\dist\esm\lucide-react.js:8
    import * as index from './icons/index.js';
    ^^^^^^

    SyntaxError: Cannot use import statement outside a module

    [0m [90m 45 |[39m     {[33m...[39mprops}
     [90m 46 |[39m   [33m>[39m
    [31m[1m>[22m[39m[90m 47 |[39m     [33m<[39m[33mChevronUp[39m className[33m=[39m[32m"h-4 w-4"[39m [33m/[39m[33m>[39m
     [90m    |[39m                      [31m[1m^[22m[39m
     [90m 48 |[39m   [33m<[39m[33m/[39m[33mSelectPrimitive[39m[33m.[39m[33mScrollUpButton[39m[33m>[39m
     [90m 49 |[39m ))
     [90m 50 |[39m [33mSelectScrollUpButton[39m[33m.[39mdisplayName [33m=[39m [33mSelectPrimitive[39m[33m.[39m[33mScrollUpButton[39m[33m.[39mdisplayName[0m

      at Runtime.createScriptFromCode (node_modules/jest-runtime/build/index.js:1505:14)
      at Object.<anonymous> (src/components/ui/select.tsx:47:22)
      at Object.<anonymous> (src/components/comments-section.tsx:21:17)
      at src/__tests__/components.smoke.test.tsx:28:25
      at Object.<anonymous> (src/__tests__/components.smoke.test.tsx:28:19)

  ● components smoke › src/components/dashboard/FullDashboard.tsx imports and renders (if component)

    expect(received).toBeNull()

    Received: <div data-testid="error">Tile failed</div>

    [0m [90m 35 |[39m           [33m<[39m[33m/[39m[33mErrorBoundary[39m[33m>[39m
     [90m 36 |[39m         )
    [31m[1m>[22m[39m[90m 37 |[39m         expect(queryByTestId([32m'error'[39m))[33m.[39mtoBeNull()
     [90m    |[39m                                        [31m[1m^[22m[39m
     [90m 38 |[39m       } [36melse[39m {
     [90m 39 |[39m         expect(mod)[33m.[39mtoBeTruthy()
     [90m 40 |[39m       }[0m

      at Object.toBeNull (src/__tests__/components.smoke.test.tsx:37:40)

  ● components smoke › src/components/dashboard/SectionRenderer.tsx imports and renders (if component)

    expect(received).toBeNull()

    Received: <div data-testid="error">Tile failed</div>

    [0m [90m 35 |[39m           [33m<[39m[33m/[39m[33mErrorBoundary[39m[33m>[39m
     [90m 36 |[39m         )
    [31m[1m>[22m[39m[90m 37 |[39m         expect(queryByTestId([32m'error'[39m))[33m.[39mtoBeNull()
     [90m    |[39m                                        [31m[1m^[22m[39m
     [90m 38 |[39m       } [36melse[39m {
     [90m 39 |[39m         expect(mod)[33m.[39mtoBeTruthy()
     [90m 40 |[39m       }[0m

      at Object.toBeNull (src/__tests__/components.smoke.test.tsx:37:40)

  ● components smoke › src/components/dashboard/TileRenderer.tsx imports and renders (if component)

    expect(received).toBeNull()

    Received: <div data-testid="error">Tile failed</div>

    [0m [90m 35 |[39m           [33m<[39m[33m/[39m[33mErrorBoundary[39m[33m>[39m
     [90m 36 |[39m         )
    [31m[1m>[22m[39m[90m 37 |[39m         expect(queryByTestId([32m'error'[39m))[33m.[39mtoBeNull()
     [90m    |[39m                                        [31m[1m^[22m[39m
     [90m 38 |[39m       } [36melse[39m {
     [90m 39 |[39m         expect(mod)[33m.[39mtoBeTruthy()
     [90m 40 |[39m       }[0m

      at Object.toBeNull (src/__tests__/components.smoke.test.tsx:37:40)

  ● components smoke › src/components/feed.tsx imports and renders (if component)

    Jest encountered an unexpected token

    Jest failed to parse a file. This happens e.g. when your code or its dependencies use non-standard JavaScript syntax, or when Jest is not configured to support such syntax.

    Out of the box Jest supports Babel, which will be used to transform your files into valid JS based on your Babel configuration.

    By default "node_modules" folder is ignored by transformers.

    Here's what you can do:
     • If you are trying to use ECMAScript Modules, see https://jestjs.io/docs/ecmascript-modules for how to enable it.
     • If you are trying to use TypeScript, see https://jestjs.io/docs/getting-started#using-typescript
     • To have some of your "node_modules" files transformed, you can specify a custom "transformIgnorePatterns" in your config.
     • If you need a custom transformation specify a "transform" option in your config.
     • If you simply want to mock your non-JS modules (e.g. binary assets) you can stub them out with the "moduleNameMapper" config option.

    You'll find more details and examples of these config options in the docs:
    https://jestjs.io/docs/configuration
    For information about custom transformations, see:
    https://jestjs.io/docs/code-transformation

    Details:

    E:\VSCode_Repo\tech-oblivion-wpHeadless\node_modules\lucide-react\dist\esm\lucide-react.js:8
    import * as index from './icons/index.js';
    ^^^^^^

    SyntaxError: Cannot use import statement outside a module

    [0m [90m 10 |[39m type [33mFeedProps[39m [33m=[39m {
     [90m 11 |[39m   layout[33m?[39m[33m:[39m [32m'grid'[39m [33m|[39m [32m'list'[39m[33m;[39m
    [31m[1m>[22m[39m[90m 12 |[39m   postCount[33m?[39m[33m:[39m number[33m;[39m
     [90m    |[39m                      [31m[1m^[22m[39m
     [90m 13 |[39m }[33m;[39m
     [90m 14 |[39m
     [90m 15 |[39m [36mexport[39m [36mdefault[39m [36masync[39m [36mfunction[39m [33mFeed[39m({ layout [33m=[39m [32m'grid'[39m[33m,[39m postCount [33m=[39m [35m6[39m }[33m:[39m [33mFeedProps[39m) {[0m

      at Runtime.createScriptFromCode (node_modules/jest-runtime/build/index.js:1505:14)
      at Object.<anonymous> (src/components/feed.tsx:12:22)
      at src/__tests__/components.smoke.test.tsx:28:25
      at Object.<anonymous> (src/__tests__/components.smoke.test.tsx:28:19)

  ● components smoke › src/components/floating-actions.tsx imports and renders (if component)

    Jest encountered an unexpected token

    Jest failed to parse a file. This happens e.g. when your code or its dependencies use non-standard JavaScript syntax, or when Jest is not configured to support such syntax.

    Out of the box Jest supports Babel, which will be used to transform your files into valid JS based on your Babel configuration.

    By default "node_modules" folder is ignored by transformers.

    Here's what you can do:
     • If you are trying to use ECMAScript Modules, see https://jestjs.io/docs/ecmascript-modules for how to enable it.
     • If you are trying to use TypeScript, see https://jestjs.io/docs/getting-started#using-typescript
     • To have some of your "node_modules" files transformed, you can specify a custom "transformIgnorePatterns" in your config.
     • If you need a custom transformation specify a "transform" option in your config.
     • If you simply want to mock your non-JS modules (e.g. binary assets) you can stub them out with the "moduleNameMapper" config option.

    You'll find more details and examples of these config options in the docs:
    https://jestjs.io/docs/configuration
    For information about custom transformations, see:
    https://jestjs.io/docs/code-transformation

    Details:

    E:\VSCode_Repo\tech-oblivion-wpHeadless\node_modules\lucide-react\dist\esm\lucide-react.js:8
    import * as index from './icons/index.js';
    ^^^^^^

    SyntaxError: Cannot use import statement outside a module

    [0m [90m 12 |[39m   [36mconst[39m { toast } [33m=[39m useToast()
     [90m 13 |[39m   [36mconst[39m [bookmarkState[33m,[39m setBookmarkState] [33m=[39m useState[33m<[39m{ bookmarked[33m:[39m boolean[33m;[39m count[33m:[39m number } [33m|[39m [36mnull[39m[33m>[39m([36mnull[39m)
    [31m[1m>[22m[39m[90m 14 |[39m   [36mconst[39m [busy[33m,[39m setBusy] [33m=[39m useState([36mfalse[39m)
     [90m    |[39m                      [31m[1m^[22m[39m
     [90m 15 |[39m   [36masync[39m [36mfunction[39m share() {
     [90m 16 |[39m     [36mtry[39m {
     [90m 17 |[39m       [36mif[39m (navigator[33m.[39mshare) {[0m

      at Runtime.createScriptFromCode (node_modules/jest-runtime/build/index.js:1505:14)
      at Object.<anonymous> (src/components/floating-actions.tsx:14:22)
      at src/__tests__/components.smoke.test.tsx:28:25
      at Object.<anonymous> (src/__tests__/components.smoke.test.tsx:28:19)

  ● components smoke › src/components/Footer.tsx imports and renders (if component)

    Jest encountered an unexpected token

    Jest failed to parse a file. This happens e.g. when your code or its dependencies use non-standard JavaScript syntax, or when Jest is not configured to support such syntax.

    Out of the box Jest supports Babel, which will be used to transform your files into valid JS based on your Babel configuration.

    By default "node_modules" folder is ignored by transformers.

    Here's what you can do:
     • If you are trying to use ECMAScript Modules, see https://jestjs.io/docs/ecmascript-modules for how to enable it.
     • If you are trying to use TypeScript, see https://jestjs.io/docs/getting-started#using-typescript
     • To have some of your "node_modules" files transformed, you can specify a custom "transformIgnorePatterns" in your config.
     • If you need a custom transformation specify a "transform" option in your config.
     • If you simply want to mock your non-JS modules (e.g. binary assets) you can stub them out with the "moduleNameMapper" config option.

    You'll find more details and examples of these config options in the docs:
    https://jestjs.io/docs/configuration
    For information about custom transformations, see:
    https://jestjs.io/docs/code-transformation

    Details:

    E:\VSCode_Repo\tech-oblivion-wpHeadless\node_modules\lucide-react\dist\esm\lucide-react.js:8
    import * as index from './icons/index.js';
    ^^^^^^

    SyntaxError: Cannot use import statement outside a module

    [0m [90m 12 |[39m           [33m<[39m[33mdiv[39m[33m>[39m
     [90m 13 |[39m             [33m<[39m[33mh3[39m className[33m=[39m[32m"font-bold text-lg mb-4"[39m[33m>[39mtech[33m.[39moblivion[33m<[39m[33m/[39m[33mh3[39m[33m>[39m
    [31m[1m>[22m[39m[90m 14 |[39m             [33m<[39m[33mp[39m className[33m=[39m[32m"text-muted-foreground"[39m[33m>[39m[33mTechnology[39m [36mwith[39m purpose[33m.[39m [33mExploring[39m the future [36mof[39m web development and [33mAI[39m[33m.[39m[33m<[39m[33m/[39m[33mp[39m[33m>[39m
     [90m    |[39m                      [31m[1m^[22m[39m
     [90m 15 |[39m           [33m<[39m[33m/[39m[33mdiv[39m[33m>[39m
     [90m 16 |[39m           [33m<[39m[33mdiv[39m[33m>[39m
     [90m 17 |[39m             [33m<[39m[33mh3[39m className[33m=[39m[32m"font-semibold mb-4"[39m[33m>[39m[33mQuick[39m [33mLinks[39m[33m<[39m[33m/[39m[33mh3[39m[33m>[39m[0m

      at Runtime.createScriptFromCode (node_modules/jest-runtime/build/index.js:1505:14)
      at Object.<anonymous> (src/components/Footer.tsx:14:22)
      at src/__tests__/components.smoke.test.tsx:28:25
      at Object.<anonymous> (src/__tests__/components.smoke.test.tsx:28:19)

  ● components smoke › src/components/header.tsx imports and renders (if component)

    Jest encountered an unexpected token

    Jest failed to parse a file. This happens e.g. when your code or its dependencies use non-standard JavaScript syntax, or when Jest is not configured to support such syntax.

    Out of the box Jest supports Babel, which will be used to transform your files into valid JS based on your Babel configuration.

    By default "node_modules" folder is ignored by transformers.

    Here's what you can do:
     • If you are trying to use ECMAScript Modules, see https://jestjs.io/docs/ecmascript-modules for how to enable it.
     • If you are trying to use TypeScript, see https://jestjs.io/docs/getting-started#using-typescript
     • To have some of your "node_modules" files transformed, you can specify a custom "transformIgnorePatterns" in your config.
     • If you need a custom transformation specify a "transform" option in your config.
     • If you simply want to mock your non-JS modules (e.g. binary assets) you can stub them out with the "moduleNameMapper" config option.

    You'll find more details and examples of these config options in the docs:
    https://jestjs.io/docs/configuration
    For information about custom transformations, see:
    https://jestjs.io/docs/code-transformation

    Details:

    E:\VSCode_Repo\tech-oblivion-wpHeadless\node_modules\lucide-react\dist\esm\lucide-react.js:8
    import * as index from './icons/index.js';
    ^^^^^^

    SyntaxError: Cannot use import statement outside a module

    [0m [90m 14 |[39m [36mimport[39m { [33mDropdownMenu[39m[33m,[39m [33mDropdownMenuTrigger[39m[33m,[39m [33mDropdownMenuContent[39m[33m,[39m [33mDropdownMenuItem[39m[33m,[39m [33mDropdownMenuSub[39m[33m,[39m [33mDropdownMenuSubTrigger[39m[33m,[39m [33mDropdownMenuSubContent[39m[33m,[39m [33mDropdownMenuPortal[39m } [36mfrom[39m [32m"./ui/dropdown-menu"[39m[33m;[39m
     [90m 15 |[39m
    [31m[1m>[22m[39m[90m 16 |[39m [36mconst[39m navLinks [33m=[39m [
     [90m    |[39m                      [31m[1m^[22m[39m
     [90m 17 |[39m   { href[33m:[39m [32m"/"[39m[33m,[39m label[33m:[39m [32m"Home"[39m }[33m,[39m
     [90m 18 |[39m   { href[33m:[39m [32m"/blog"[39m[33m,[39m label[33m:[39m [32m"Articles"[39m }[33m,[39m
     [90m 19 |[39m   { href[33m:[39m [32m"/about"[39m[33m,[39m label[33m:[39m [32m"About"[39m }[33m,[39m[0m

      at Runtime.createScriptFromCode (node_modules/jest-runtime/build/index.js:1505:14)
      at Object.<anonymous> (src/components/header.tsx:16:22)
      at src/__tests__/components.smoke.test.tsx:28:25
      at Object.<anonymous> (src/__tests__/components.smoke.test.tsx:28:19)

  ● components smoke › src/components/markdown/MarkdownRenderer.tsx imports and renders (if component)

    Jest encountered an unexpected token

    Jest failed to parse a file. This happens e.g. when your code or its dependencies use non-standard JavaScript syntax, or when Jest is not configured to support such syntax.

    Out of the box Jest supports Babel, which will be used to transform your files into valid JS based on your Babel configuration.

    By default "node_modules" folder is ignored by transformers.

    Here's what you can do:
     • If you are trying to use ECMAScript Modules, see https://jestjs.io/docs/ecmascript-modules for how to enable it.
     • If you are trying to use TypeScript, see https://jestjs.io/docs/getting-started#using-typescript
     • To have some of your "node_modules" files transformed, you can specify a custom "transformIgnorePatterns" in your config.
     • If you need a custom transformation specify a "transform" option in your config.
     • If you simply want to mock your non-JS modules (e.g. binary assets) you can stub them out with the "moduleNameMapper" config option.

    You'll find more details and examples of these config options in the docs:
    https://jestjs.io/docs/configuration
    For information about custom transformations, see:
    https://jestjs.io/docs/code-transformation

    Details:

    E:\VSCode_Repo\tech-oblivion-wpHeadless\node_modules\react-markdown\index.js:10
    export {
    ^^^^^^

    SyntaxError: Unexpected token 'export'

    [0m [90m 13 |[39m
     [90m 14 |[39m type [33mProps[39m [33m=[39m {
    [31m[1m>[22m[39m[90m 15 |[39m   markdown[33m:[39m string
     [90m    |[39m                             [31m[1m^[22m[39m
     [90m 16 |[39m   className[33m?[39m[33m:[39m string
     [90m 17 |[39m }
     [90m 18 |[39m[0m

      at Runtime.createScriptFromCode (node_modules/jest-runtime/build/index.js:1505:14)
      at Object.<anonymous> (src/components/markdown/MarkdownRenderer.tsx:15:63)
      at src/__tests__/components.smoke.test.tsx:28:25
      at Object.<anonymous> (src/__tests__/components.smoke.test.tsx:28:19)

  ● components smoke › src/components/post-actions.tsx imports and renders (if component)

    Jest encountered an unexpected token

    Jest failed to parse a file. This happens e.g. when your code or its dependencies use non-standard JavaScript syntax, or when Jest is not configured to support such syntax.

    Out of the box Jest supports Babel, which will be used to transform your files into valid JS based on your Babel configuration.

    By default "node_modules" folder is ignored by transformers.

    Here's what you can do:
     • If you are trying to use ECMAScript Modules, see https://jestjs.io/docs/ecmascript-modules for how to enable it.
     • If you are trying to use TypeScript, see https://jestjs.io/docs/getting-started#using-typescript
     • To have some of your "node_modules" files transformed, you can specify a custom "transformIgnorePatterns" in your config.
     • If you need a custom transformation specify a "transform" option in your config.
     • If you simply want to mock your non-JS modules (e.g. binary assets) you can stub them out with the "moduleNameMapper" config option.

    You'll find more details and examples of these config options in the docs:
    https://jestjs.io/docs/configuration
    For information about custom transformations, see:
    https://jestjs.io/docs/code-transformation

    Details:

    E:\VSCode_Repo\tech-oblivion-wpHeadless\node_modules\lucide-react\dist\esm\lucide-react.js:8
    import * as index from './icons/index.js';
    ^^^^^^

    SyntaxError: Cannot use import statement outside a module

    [0m [90m 12 |[39m   slug[33m:[39m string
     [90m 13 |[39m   title[33m:[39m string
    [31m[1m>[22m[39m[90m 14 |[39m }
     [90m    |[39m  [31m[1m^[22m[39m
     [90m 15 |[39m
     [90m 16 |[39m [36mexport[39m [36mdefault[39m [36mfunction[39m [33mPostActions[39m({ postId[33m,[39m slug[33m,[39m title }[33m:[39m [33mProps[39m) {
     [90m 17 |[39m   [36mconst[39m { toast } [33m=[39m useToast()[0m

      at Runtime.createScriptFromCode (node_modules/jest-runtime/build/index.js:1505:14)
      at Object.<anonymous> (src/components/post-actions.tsx:14:22)
      at src/__tests__/components.smoke.test.tsx:28:25
      at Object.<anonymous> (src/__tests__/components.smoke.test.tsx:28:19)

  ● components smoke › src/components/post-author.tsx imports and renders (if component)

    Jest encountered an unexpected token

    Jest failed to parse a file. This happens e.g. when your code or its dependencies use non-standard JavaScript syntax, or when Jest is not configured to support such syntax.

    Out of the box Jest supports Babel, which will be used to transform your files into valid JS based on your Babel configuration.

    By default "node_modules" folder is ignored by transformers.

    Here's what you can do:
     • If you are trying to use ECMAScript Modules, see https://jestjs.io/docs/ecmascript-modules for how to enable it.
     • If you are trying to use TypeScript, see https://jestjs.io/docs/getting-started#using-typescript
     • To have some of your "node_modules" files transformed, you can specify a custom "transformIgnorePatterns" in your config.
     • If you need a custom transformation specify a "transform" option in your config.
     • If you simply want to mock your non-JS modules (e.g. binary assets) you can stub them out with the "moduleNameMapper" config option.

    You'll find more details and examples of these config options in the docs:
    https://jestjs.io/docs/configuration
    For information about custom transformations, see:
    https://jestjs.io/docs/code-transformation

    Details:

    E:\VSCode_Repo\tech-oblivion-wpHeadless\node_modules\lucide-react\dist\esm\lucide-react.js:8
    import * as index from './icons/index.js';
    ^^^^^^

    SyntaxError: Cannot use import statement outside a module

    [0m [90m 12 |[39m   profileSlug[33m?[39m[33m:[39m string [33m|[39m [36mnull[39m
     [90m 13 |[39m   twitterUrl[33m?[39m[33m:[39m string [33m|[39m [36mnull[39m
    [31m[1m>[22m[39m[90m 14 |[39m   linkedinUrl[33m?[39m[33m:[39m string [33m|[39m [36mnull[39m
     [90m    |[39m                      [31m[1m^[22m[39m
     [90m 15 |[39m   githubUrl[33m?[39m[33m:[39m string [33m|[39m [36mnull[39m
     [90m 16 |[39m }
     [90m 17 |[39m[0m

      at Runtime.createScriptFromCode (node_modules/jest-runtime/build/index.js:1505:14)
      at Object.<anonymous> (src/components/post-author.tsx:14:22)
      at src/__tests__/components.smoke.test.tsx:28:25
      at Object.<anonymous> (src/__tests__/components.smoke.test.tsx:28:19)

  ● components smoke › src/components/post-card.tsx imports and renders (if component)

    expect(received).toBeNull()

    Received: <div data-testid="error">Tile failed</div>

    [0m [90m 35 |[39m           [33m<[39m[33m/[39m[33mErrorBoundary[39m[33m>[39m
     [90m 36 |[39m         )
    [31m[1m>[22m[39m[90m 37 |[39m         expect(queryByTestId([32m'error'[39m))[33m.[39mtoBeNull()
     [90m    |[39m                                        [31m[1m^[22m[39m
     [90m 38 |[39m       } [36melse[39m {
     [90m 39 |[39m         expect(mod)[33m.[39mtoBeTruthy()
     [90m 40 |[39m       }[0m

      at Object.toBeNull (src/__tests__/components.smoke.test.tsx:37:40)

  ● components smoke › src/components/profile/PostExcerpt.tsx imports and renders (if component)

    expect(received).toBeNull()

    Received: <div data-testid="error">Tile failed</div>

    [0m [90m 35 |[39m           [33m<[39m[33m/[39m[33mErrorBoundary[39m[33m>[39m
     [90m 36 |[39m         )
    [31m[1m>[22m[39m[90m 37 |[39m         expect(queryByTestId([32m'error'[39m))[33m.[39mtoBeNull()
     [90m    |[39m                                        [31m[1m^[22m[39m
     [90m 38 |[39m       } [36melse[39m {
     [90m 39 |[39m         expect(mod)[33m.[39mtoBeTruthy()
     [90m 40 |[39m       }[0m

      at Object.toBeNull (src/__tests__/components.smoke.test.tsx:37:40)

  ● components smoke › src/components/profile/ProfilePage.tsx imports and renders (if component)

    Jest encountered an unexpected token

    Jest failed to parse a file. This happens e.g. when your code or its dependencies use non-standard JavaScript syntax, or when Jest is not configured to support such syntax.

    Out of the box Jest supports Babel, which will be used to transform your files into valid JS based on your Babel configuration.

    By default "node_modules" folder is ignored by transformers.

    Here's what you can do:
     • If you are trying to use ECMAScript Modules, see https://jestjs.io/docs/ecmascript-modules for how to enable it.
     • If you are trying to use TypeScript, see https://jestjs.io/docs/getting-started#using-typescript
     • To have some of your "node_modules" files transformed, you can specify a custom "transformIgnorePatterns" in your config.
     • If you need a custom transformation specify a "transform" option in your config.
     • If you simply want to mock your non-JS modules (e.g. binary assets) you can stub them out with the "moduleNameMapper" config option.

    You'll find more details and examples of these config options in the docs:
    https://jestjs.io/docs/configuration
    For information about custom transformations, see:
    https://jestjs.io/docs/code-transformation

    Details:

    E:\VSCode_Repo\tech-oblivion-wpHeadless\node_modules\lucide-react\dist\esm\lucide-react.js:8
    import * as index from './icons/index.js';
    ^^^^^^

    SyntaxError: Cannot use import statement outside a module

    [0m [90m 16 |[39m [36mconst[39m [33mCommentsTabClient[39m [33m=[39m dynamic(() [33m=>[39m [36mimport[39m([32m'./CommentsTabClient'[39m))
     [90m 17 |[39m
    [31m[1m>[22m[39m[90m 18 |[39m [36mexport[39m type [33mPublicUserProfile[39m [33m=[39m {
     [90m    |[39m                      [31m[1m^[22m[39m
     [90m 19 |[39m   id[33m:[39m number
     [90m 20 |[39m   name[33m:[39m string
     [90m 21 |[39m   slug[33m:[39m string[0m

      at Runtime.createScriptFromCode (node_modules/jest-runtime/build/index.js:1505:14)
      at Object.<anonymous> (src/components/profile/ProfilePage.tsx:18:22)
      at src/__tests__/components.smoke.test.tsx:28:25
      at Object.<anonymous> (src/__tests__/components.smoke.test.tsx:28:19)

  ● components smoke › src/components/reader-toolbar-portal.tsx imports and renders (if component)

    Jest encountered an unexpected token

    Jest failed to parse a file. This happens e.g. when your code or its dependencies use non-standard JavaScript syntax, or when Jest is not configured to support such syntax.

    Out of the box Jest supports Babel, which will be used to transform your files into valid JS based on your Babel configuration.

    By default "node_modules" folder is ignored by transformers.

    Here's what you can do:
     • If you are trying to use ECMAScript Modules, see https://jestjs.io/docs/ecmascript-modules for how to enable it.
     • If you are trying to use TypeScript, see https://jestjs.io/docs/getting-started#using-typescript
     • To have some of your "node_modules" files transformed, you can specify a custom "transformIgnorePatterns" in your config.
     • If you need a custom transformation specify a "transform" option in your config.
     • If you simply want to mock your non-JS modules (e.g. binary assets) you can stub them out with the "moduleNameMapper" config option.

    You'll find more details and examples of these config options in the docs:
    https://jestjs.io/docs/configuration
    For information about custom transformations, see:
    https://jestjs.io/docs/code-transformation

    Details:

    E:\VSCode_Repo\tech-oblivion-wpHeadless\node_modules\lucide-react\dist\esm\lucide-react.js:8
    import * as index from './icons/index.js';
    ^^^^^^

    SyntaxError: Cannot use import statement outside a module

    [0m [90m 11 |[39m   [36mconst[39m lastClickRef [33m=[39m useRef[33m<[39m[33mnumber[39m[33m>[39m([35m0[39m)
     [90m 12 |[39m
    [31m[1m>[22m[39m[90m 13 |[39m   useEffect(() [33m=>[39m {
     [90m    |[39m                      [31m[1m^[22m[39m
     [90m 14 |[39m     [36mconst[39m s [33m=[39m [33mNumber[39m(localStorage[33m.[39mgetItem([32m'reader:scale'[39m) [33m||[39m [32m'100'[39m)
     [90m 15 |[39m     setScale(isNaN(s) [33m?[39m [35m100[39m [33m:[39m s)
     [90m 16 |[39m     setDraft([33mString[39m(isNaN(s) [33m?[39m [35m100[39m [33m:[39m s))[0m

      at Runtime.createScriptFromCode (node_modules/jest-runtime/build/index.js:1505:14)
      at Object.<anonymous> (src/components/reader-toolbar.tsx:13:22)
      at Object.<anonymous> (src/components/reader-toolbar-portal.tsx:14:63)
      at src/__tests__/components.smoke.test.tsx:28:25
      at Object.<anonymous> (src/__tests__/components.smoke.test.tsx:28:19)

  ● components smoke › src/components/reader-toolbar.tsx imports and renders (if component)

    Jest encountered an unexpected token

    Jest failed to parse a file. This happens e.g. when your code or its dependencies use non-standard JavaScript syntax, or when Jest is not configured to support such syntax.

    Out of the box Jest supports Babel, which will be used to transform your files into valid JS based on your Babel configuration.

    By default "node_modules" folder is ignored by transformers.

    Here's what you can do:
     • If you are trying to use ECMAScript Modules, see https://jestjs.io/docs/ecmascript-modules for how to enable it.
     • If you are trying to use TypeScript, see https://jestjs.io/docs/getting-started#using-typescript
     • To have some of your "node_modules" files transformed, you can specify a custom "transformIgnorePatterns" in your config.
     • If you need a custom transformation specify a "transform" option in your config.
     • If you simply want to mock your non-JS modules (e.g. binary assets) you can stub them out with the "moduleNameMapper" config option.

    You'll find more details and examples of these config options in the docs:
    https://jestjs.io/docs/configuration
    For information about custom transformations, see:
    https://jestjs.io/docs/code-transformation

    Details:

    E:\VSCode_Repo\tech-oblivion-wpHeadless\node_modules\lucide-react\dist\esm\lucide-react.js:8
    import * as index from './icons/index.js';
    ^^^^^^

    SyntaxError: Cannot use import statement outside a module

    [0m [90m 11 |[39m   [36mconst[39m lastClickRef [33m=[39m useRef[33m<[39m[33mnumber[39m[33m>[39m([35m0[39m)
     [90m 12 |[39m
    [31m[1m>[22m[39m[90m 13 |[39m   useEffect(() [33m=>[39m {
     [90m    |[39m                      [31m[1m^[22m[39m
     [90m 14 |[39m     [36mconst[39m s [33m=[39m [33mNumber[39m(localStorage[33m.[39mgetItem([32m'reader:scale'[39m) [33m||[39m [32m'100'[39m)
     [90m 15 |[39m     setScale(isNaN(s) [33m?[39m [35m100[39m [33m:[39m s)
     [90m 16 |[39m     setDraft([33mString[39m(isNaN(s) [33m?[39m [35m100[39m [33m:[39m s))[0m

      at Runtime.createScriptFromCode (node_modules/jest-runtime/build/index.js:1505:14)
      at Object.<anonymous> (src/components/reader-toolbar.tsx:13:22)
      at src/__tests__/components.smoke.test.tsx:28:25
      at Object.<anonymous> (src/__tests__/components.smoke.test.tsx:28:19)

  ● components smoke › src/components/Tag.tsx imports and renders (if component)

    expect(received).toBeNull()

    Received: <div data-testid="error">Tile failed</div>

    [0m [90m 35 |[39m           [33m<[39m[33m/[39m[33mErrorBoundary[39m[33m>[39m
     [90m 36 |[39m         )
    [31m[1m>[22m[39m[90m 37 |[39m         expect(queryByTestId([32m'error'[39m))[33m.[39mtoBeNull()
     [90m    |[39m                                        [31m[1m^[22m[39m
     [90m 38 |[39m       } [36melse[39m {
     [90m 39 |[39m         expect(mod)[33m.[39mtoBeTruthy()
     [90m 40 |[39m       }[0m

      at Object.toBeNull (src/__tests__/components.smoke.test.tsx:37:40)

  ● components smoke › src/components/theme-provider.tsx imports and renders (if component)

    expect(received).toBeNull()

    Received: <div data-testid="error">Tile failed</div>

    [0m [90m 35 |[39m           [33m<[39m[33m/[39m[33mErrorBoundary[39m[33m>[39m
     [90m 36 |[39m         )
    [31m[1m>[22m[39m[90m 37 |[39m         expect(queryByTestId([32m'error'[39m))[33m.[39mtoBeNull()
     [90m    |[39m                                        [31m[1m^[22m[39m
     [90m 38 |[39m       } [36melse[39m {
     [90m 39 |[39m         expect(mod)[33m.[39mtoBeTruthy()
     [90m 40 |[39m       }[0m

      at Object.toBeNull (src/__tests__/components.smoke.test.tsx:37:40)

  ● components smoke › src/components/theme-toggle.tsx imports and renders (if component)

    Jest encountered an unexpected token

    Jest failed to parse a file. This happens e.g. when your code or its dependencies use non-standard JavaScript syntax, or when Jest is not configured to support such syntax.

    Out of the box Jest supports Babel, which will be used to transform your files into valid JS based on your Babel configuration.

    By default "node_modules" folder is ignored by transformers.

    Here's what you can do:
     • If you are trying to use ECMAScript Modules, see https://jestjs.io/docs/ecmascript-modules for how to enable it.
     • If you are trying to use TypeScript, see https://jestjs.io/docs/getting-started#using-typescript
     • To have some of your "node_modules" files transformed, you can specify a custom "transformIgnorePatterns" in your config.
     • If you need a custom transformation specify a "transform" option in your config.
     • If you simply want to mock your non-JS modules (e.g. binary assets) you can stub them out with the "moduleNameMapper" config option.

    You'll find more details and examples of these config options in the docs:
    https://jestjs.io/docs/configuration
    For information about custom transformations, see:
    https://jestjs.io/docs/code-transformation

    Details:

    E:\VSCode_Repo\tech-oblivion-wpHeadless\node_modules\lucide-react\dist\esm\lucide-react.js:8
    import * as index from './icons/index.js';
    ^^^^^^

    SyntaxError: Cannot use import statement outside a module

    [0m [90m 12 |[39m   [36mconst[39m toggleTheme [33m=[39m () [33m=>[39m {
     [90m 13 |[39m     setTheme(theme [33m===[39m [32m'dark'[39m [33m?[39m [32m'light'[39m [33m:[39m [32m'dark'[39m)
    [31m[1m>[22m[39m[90m 14 |[39m   }
     [90m    |[39m    [31m[1m^[22m[39m
     [90m 15 |[39m
     [90m 16 |[39m   [36mreturn[39m (
     [90m 17 |[39m     [33m<[39m[33mButton[39m variant[33m=[39m[32m"ghost"[39m size[33m=[39m[32m"icon"[39m aria[33m-[39mlabel[33m=[39m[32m"Toggle theme"[39m onClick[33m=[39m{toggleTheme}[33m>[39m[0m

      at Runtime.createScriptFromCode (node_modules/jest-runtime/build/index.js:1505:14)
      at Object.<anonymous> (src/components/theme-toggle.tsx:14:22)
      at src/__tests__/components.smoke.test.tsx:28:25
      at Object.<anonymous> (src/__tests__/components.smoke.test.tsx:28:19)

  ● components smoke › src/components/toc/TableOfContents.tsx imports and renders (if component)

    expect(received).toBeNull()

    Received: <div data-testid="error">Tile failed</div>

    [0m [90m 35 |[39m           [33m<[39m[33m/[39m[33mErrorBoundary[39m[33m>[39m
     [90m 36 |[39m         )
    [31m[1m>[22m[39m[90m 37 |[39m         expect(queryByTestId([32m'error'[39m))[33m.[39mtoBeNull()
     [90m    |[39m                                        [31m[1m^[22m[39m
     [90m 38 |[39m       } [36melse[39m {
     [90m 39 |[39m         expect(mod)[33m.[39mtoBeTruthy()
     [90m 40 |[39m       }[0m

      at Object.toBeNull (src/__tests__/components.smoke.test.tsx:37:40)

  ● components smoke › src/components/toc/TOCControls.tsx imports and renders (if component)

    Jest encountered an unexpected token

    Jest failed to parse a file. This happens e.g. when your code or its dependencies use non-standard JavaScript syntax, or when Jest is not configured to support such syntax.

    Out of the box Jest supports Babel, which will be used to transform your files into valid JS based on your Babel configuration.

    By default "node_modules" folder is ignored by transformers.

    Here's what you can do:
     • If you are trying to use ECMAScript Modules, see https://jestjs.io/docs/ecmascript-modules for how to enable it.
     • If you are trying to use TypeScript, see https://jestjs.io/docs/getting-started#using-typescript
     • To have some of your "node_modules" files transformed, you can specify a custom "transformIgnorePatterns" in your config.
     • If you need a custom transformation specify a "transform" option in your config.
     • If you simply want to mock your non-JS modules (e.g. binary assets) you can stub them out with the "moduleNameMapper" config option.

    You'll find more details and examples of these config options in the docs:
    https://jestjs.io/docs/configuration
    For information about custom transformations, see:
    https://jestjs.io/docs/code-transformation

    Details:

    E:\VSCode_Repo\tech-oblivion-wpHeadless\node_modules\lucide-react\dist\esm\lucide-react.js:8
    import * as index from './icons/index.js';
    ^^^^^^

    SyntaxError: Cannot use import statement outside a module

    [0m [90m 11 |[39m         className[33m=[39m{[32m`p-1 rounded ${effectiveTheme==='light' ? 'text-primary bg-primary/10' : 'hover:text-primary'}`[39m}
     [90m 12 |[39m         aria[33m-[39mlabel[33m=[39m[32m"Light"[39m
    [31m[1m>[22m[39m[90m 13 |[39m         aria[33m-[39mpressed[33m=[39m{effectiveTheme[33m===[39m[32m'light'[39m}
     [90m    |[39m                      [31m[1m^[22m[39m
     [90m 14 |[39m         onClick[33m=[39m{()[33m=>[39msetTheme([32m'light'[39m)}
     [90m 15 |[39m       [33m>[39m
     [90m 16 |[39m         [33m<[39m[33mSun[39m className[33m=[39m[32m"h-4 w-4"[39m[33m/[39m[33m>[39m[0m

      at Runtime.createScriptFromCode (node_modules/jest-runtime/build/index.js:1505:14)
      at Object.<anonymous> (src/components/toc/TOCControls.tsx:13:22)
      at src/__tests__/components.smoke.test.tsx:28:25
      at Object.<anonymous> (src/__tests__/components.smoke.test.tsx:28:19)

  ● components smoke › src/components/toc-list.tsx imports and renders (if component)

    expect(received).toBeNull()

    Received: <div data-testid="error">Tile failed</div>

    [0m [90m 35 |[39m           [33m<[39m[33m/[39m[33mErrorBoundary[39m[33m>[39m
     [90m 36 |[39m         )
    [31m[1m>[22m[39m[90m 37 |[39m         expect(queryByTestId([32m'error'[39m))[33m.[39mtoBeNull()
     [90m    |[39m                                        [31m[1m^[22m[39m
     [90m 38 |[39m       } [36melse[39m {
     [90m 39 |[39m         expect(mod)[33m.[39mtoBeTruthy()
     [90m 40 |[39m       }[0m

      at Object.toBeNull (src/__tests__/components.smoke.test.tsx:37:40)

  ● components smoke › src/components/ui/accordion.tsx imports and renders (if component)

    Jest encountered an unexpected token

    Jest failed to parse a file. This happens e.g. when your code or its dependencies use non-standard JavaScript syntax, or when Jest is not configured to support such syntax.

    Out of the box Jest supports Babel, which will be used to transform your files into valid JS based on your Babel configuration.

    By default "node_modules" folder is ignored by transformers.

    Here's what you can do:
     • If you are trying to use ECMAScript Modules, see https://jestjs.io/docs/ecmascript-modules for how to enable it.
     • If you are trying to use TypeScript, see https://jestjs.io/docs/getting-started#using-typescript
     • To have some of your "node_modules" files transformed, you can specify a custom "transformIgnorePatterns" in your config.
     • If you need a custom transformation specify a "transform" option in your config.
     • If you simply want to mock your non-JS modules (e.g. binary assets) you can stub them out with the "moduleNameMapper" config option.

    You'll find more details and examples of these config options in the docs:
    https://jestjs.io/docs/configuration
    For information about custom transformations, see:
    https://jestjs.io/docs/code-transformation

    Details:

    E:\VSCode_Repo\tech-oblivion-wpHeadless\node_modules\lucide-react\dist\esm\lucide-react.js:8
    import * as index from './icons/index.js';
    ^^^^^^

    SyntaxError: Cannot use import statement outside a module

    [0m [90m 27 |[39m   [33m<[39m[33mAccordionPrimitive[39m[33m.[39m[33mHeader[39m className[33m=[39m[32m"flex"[39m[33m>[39m
     [90m 28 |[39m     [33m<[39m[33mAccordionPrimitive[39m[33m.[39m[33mTrigger[39m
    [31m[1m>[22m[39m[90m 29 |[39m       ref[33m=[39m{ref}
     [90m    |[39m                      [31m[1m^[22m[39m
     [90m 30 |[39m       className[33m=[39m{cn(
     [90m 31 |[39m         [32m"flex flex-1 items-center justify-between py-4 font-medium transition-all hover:underline [&[data-state=open]>svg]:rotate-180"[39m[33m,[39m
     [90m 32 |[39m         className[0m

      at Runtime.createScriptFromCode (node_modules/jest-runtime/build/index.js:1505:14)
      at Object.<anonymous> (src/components/ui/accordion.tsx:29:22)
      at src/__tests__/components.smoke.test.tsx:28:25
      at Object.<anonymous> (src/__tests__/components.smoke.test.tsx:28:19)

  ● components smoke › src/components/ui/calendar.tsx imports and renders (if component)

    Jest encountered an unexpected token

    Jest failed to parse a file. This happens e.g. when your code or its dependencies use non-standard JavaScript syntax, or when Jest is not configured to support such syntax.

    Out of the box Jest supports Babel, which will be used to transform your files into valid JS based on your Babel configuration.

    By default "node_modules" folder is ignored by transformers.

    Here's what you can do:
     • If you are trying to use ECMAScript Modules, see https://jestjs.io/docs/ecmascript-modules for how to enable it.
     • If you are trying to use TypeScript, see https://jestjs.io/docs/getting-started#using-typescript
     • To have some of your "node_modules" files transformed, you can specify a custom "transformIgnorePatterns" in your config.
     • If you need a custom transformation specify a "transform" option in your config.
     • If you simply want to mock your non-JS modules (e.g. binary assets) you can stub them out with the "moduleNameMapper" config option.

    You'll find more details and examples of these config options in the docs:
    https://jestjs.io/docs/configuration
    For information about custom transformations, see:
    https://jestjs.io/docs/code-transformation

    Details:

    E:\VSCode_Repo\tech-oblivion-wpHeadless\node_modules\lucide-react\dist\esm\lucide-react.js:8
    import * as index from './icons/index.js';
    ^^^^^^

    SyntaxError: Cannot use import statement outside a module

    [0m [90m 12 |[39m [36mfunction[39m [33mCalendar[39m({
     [90m 13 |[39m   className[33m,[39m
    [31m[1m>[22m[39m[90m 14 |[39m   classNames[33m,[39m
     [90m    |[39m                      [31m[1m^[22m[39m
     [90m 15 |[39m   showOutsideDays [33m=[39m [36mtrue[39m[33m,[39m
     [90m 16 |[39m   [33m...[39mprops
     [90m 17 |[39m }[33m:[39m [33mCalendarProps[39m) {[0m

      at Runtime.createScriptFromCode (node_modules/jest-runtime/build/index.js:1505:14)
      at Object.<anonymous> (src/components/ui/calendar.tsx:14:22)
      at src/__tests__/components.smoke.test.tsx:28:25
      at Object.<anonymous> (src/__tests__/components.smoke.test.tsx:28:19)

  ● components smoke › src/components/ui/carousel.tsx imports and renders (if component)

    Jest encountered an unexpected token

    Jest failed to parse a file. This happens e.g. when your code or its dependencies use non-standard JavaScript syntax, or when Jest is not configured to support such syntax.

    Out of the box Jest supports Babel, which will be used to transform your files into valid JS based on your Babel configuration.

    By default "node_modules" folder is ignored by transformers.

    Here's what you can do:
     • If you are trying to use ECMAScript Modules, see https://jestjs.io/docs/ecmascript-modules for how to enable it.
     • If you are trying to use TypeScript, see https://jestjs.io/docs/getting-started#using-typescript
     • To have some of your "node_modules" files transformed, you can specify a custom "transformIgnorePatterns" in your config.
     • If you need a custom transformation specify a "transform" option in your config.
     • If you simply want to mock your non-JS modules (e.g. binary assets) you can stub them out with the "moduleNameMapper" config option.

    You'll find more details and examples of these config options in the docs:
    https://jestjs.io/docs/configuration
    For information about custom transformations, see:
    https://jestjs.io/docs/code-transformation

    Details:

    E:\VSCode_Repo\tech-oblivion-wpHeadless\node_modules\lucide-react\dist\esm\lucide-react.js:8
    import * as index from './icons/index.js';
    ^^^^^^

    SyntaxError: Cannot use import statement outside a module

    [0m [90m 30 |[39m   canScrollNext[33m:[39m boolean
     [90m 31 |[39m } [33m&[39m [33mCarouselProps[39m
    [31m[1m>[22m[39m[90m 32 |[39m
     [90m    |[39m [31m[1m^[22m[39m
     [90m 33 |[39m [36mconst[39m [33mCarouselContext[39m [33m=[39m [33mReact[39m[33m.[39mcreateContext[33m<[39m[33mCarouselContextProps[39m [33m|[39m [36mnull[39m[33m>[39m([36mnull[39m)
     [90m 34 |[39m
     [90m 35 |[39m [36mfunction[39m useCarousel() {[0m

      at Runtime.createScriptFromCode (node_modules/jest-runtime/build/index.js:1505:14)
      at Object.<anonymous> (src/components/ui/carousel.tsx:32:22)
      at src/__tests__/components.smoke.test.tsx:28:25
      at Object.<anonymous> (src/__tests__/components.smoke.test.tsx:28:19)

  ● components smoke › src/components/ui/checkbox.tsx imports and renders (if component)

    Jest encountered an unexpected token

    Jest failed to parse a file. This happens e.g. when your code or its dependencies use non-standard JavaScript syntax, or when Jest is not configured to support such syntax.

    Out of the box Jest supports Babel, which will be used to transform your files into valid JS based on your Babel configuration.

    By default "node_modules" folder is ignored by transformers.

    Here's what you can do:
     • If you are trying to use ECMAScript Modules, see https://jestjs.io/docs/ecmascript-modules for how to enable it.
     • If you are trying to use TypeScript, see https://jestjs.io/docs/getting-started#using-typescript
     • To have some of your "node_modules" files transformed, you can specify a custom "transformIgnorePatterns" in your config.
     • If you need a custom transformation specify a "transform" option in your config.
     • If you simply want to mock your non-JS modules (e.g. binary assets) you can stub them out with the "moduleNameMapper" config option.

    You'll find more details and examples of these config options in the docs:
    https://jestjs.io/docs/configuration
    For information about custom transformations, see:
    https://jestjs.io/docs/code-transformation

    Details:

    E:\VSCode_Repo\tech-oblivion-wpHeadless\node_modules\lucide-react\dist\esm\lucide-react.js:8
    import * as index from './icons/index.js';
    ^^^^^^

    SyntaxError: Cannot use import statement outside a module

    [0m [90m 13 |[39m   [33m<[39m[33mCheckboxPrimitive[39m[33m.[39m[33mRoot[39m
     [90m 14 |[39m     ref[33m=[39m{ref}
    [31m[1m>[22m[39m[90m 15 |[39m     className[33m=[39m{cn(
     [90m    |[39m                      [31m[1m^[22m[39m
     [90m 16 |[39m       [32m"peer h-4 w-4 shrink-0 rounded-sm border border-primary ring-offset-background focus-visible:outline-none focus-visible:ring-2 focus-visible:ring-ring focus-visible:ring-offset-2 disabled:cursor-not-allowed disabled:opacity-50 data-[state=checked]:bg-primary data-[state=checked]:text-primary-foreground"[39m[33m,[39m
     [90m 17 |[39m       className
     [90m 18 |[39m     )}[0m

      at Runtime.createScriptFromCode (node_modules/jest-runtime/build/index.js:1505:14)
      at Object.<anonymous> (src/components/ui/checkbox.tsx:15:22)
      at src/__tests__/components.smoke.test.tsx:28:25
      at Object.<anonymous> (src/__tests__/components.smoke.test.tsx:28:19)

  ● components smoke › src/components/ui/command.tsx imports and renders (if component)

    Jest encountered an unexpected token

    Jest failed to parse a file. This happens e.g. when your code or its dependencies use non-standard JavaScript syntax, or when Jest is not configured to support such syntax.

    Out of the box Jest supports Babel, which will be used to transform your files into valid JS based on your Babel configuration.

    By default "node_modules" folder is ignored by transformers.

    Here's what you can do:
     • If you are trying to use ECMAScript Modules, see https://jestjs.io/docs/ecmascript-modules for how to enable it.
     • If you are trying to use TypeScript, see https://jestjs.io/docs/getting-started#using-typescript
     • To have some of your "node_modules" files transformed, you can specify a custom "transformIgnorePatterns" in your config.
     • If you need a custom transformation specify a "transform" option in your config.
     • If you simply want to mock your non-JS modules (e.g. binary assets) you can stub them out with the "moduleNameMapper" config option.

    You'll find more details and examples of these config options in the docs:
    https://jestjs.io/docs/configuration
    For information about custom transformations, see:
    https://jestjs.io/docs/code-transformation

    Details:

    E:\VSCode_Repo\tech-oblivion-wpHeadless\node_modules\lucide-react\dist\esm\lucide-react.js:8
    import * as index from './icons/index.js';
    ^^^^^^

    SyntaxError: Cannot use import statement outside a module

    [0m [90m 45 |[39m     [33m>[39m
     [90m 46 |[39m       {children}
    [31m[1m>[22m[39m[90m 47 |[39m       [33m<[39m[33mDialogPrimitive[39m[33m.[39m[33mClose[39m className[33m=[39m[32m"absolute right-4 top-4 rounded-sm opacity-70 ring-offset-background transition-opacity hover:opacity-100 focus:outline-none focus:ring-2 focus:ring-ring focus:ring-offset-2 disabled:pointer-events-none data-[state=open]:bg-accent data-[state=open]:text-muted-foreground"[39m[33m>[39m
     [90m    |[39m                      [31m[1m^[22m[39m
     [90m 48 |[39m         [33m<[39m[33mX[39m className[33m=[39m[32m"h-4 w-4"[39m [33m/[39m[33m>[39m
     [90m 49 |[39m         [33m<[39m[33mspan[39m className[33m=[39m[32m"sr-only"[39m[33m>[39m[33mClose[39m[33m<[39m[33m/[39m[33mspan[39m[33m>[39m
     [90m 50 |[39m       [33m<[39m[33m/[39m[33mDialogPrimitive[39m[33m.[39m[33mClose[39m[33m>[39m[0m

      at Runtime.createScriptFromCode (node_modules/jest-runtime/build/index.js:1505:14)
      at Object.<anonymous> (src/components/ui/dialog.tsx:47:22)
      at Object.<anonymous> (src/components/ui/command.tsx:45:17)
      at src/__tests__/components.smoke.test.tsx:28:25
      at Object.<anonymous> (src/__tests__/components.smoke.test.tsx:28:19)

  ● components smoke › src/components/ui/dialog.tsx imports and renders (if component)

    Jest encountered an unexpected token

    Jest failed to parse a file. This happens e.g. when your code or its dependencies use non-standard JavaScript syntax, or when Jest is not configured to support such syntax.

    Out of the box Jest supports Babel, which will be used to transform your files into valid JS based on your Babel configuration.

    By default "node_modules" folder is ignored by transformers.

    Here's what you can do:
     • If you are trying to use ECMAScript Modules, see https://jestjs.io/docs/ecmascript-modules for how to enable it.
     • If you are trying to use TypeScript, see https://jestjs.io/docs/getting-started#using-typescript
     • To have some of your "node_modules" files transformed, you can specify a custom "transformIgnorePatterns" in your config.
     • If you need a custom transformation specify a "transform" option in your config.
     • If you simply want to mock your non-JS modules (e.g. binary assets) you can stub them out with the "moduleNameMapper" config option.

    You'll find more details and examples of these config options in the docs:
    https://jestjs.io/docs/configuration
    For information about custom transformations, see:
    https://jestjs.io/docs/code-transformation

    Details:

    E:\VSCode_Repo\tech-oblivion-wpHeadless\node_modules\lucide-react\dist\esm\lucide-react.js:8
    import * as index from './icons/index.js';
    ^^^^^^

    SyntaxError: Cannot use import statement outside a module

    [0m [90m 45 |[39m     [33m>[39m
     [90m 46 |[39m       {children}
    [31m[1m>[22m[39m[90m 47 |[39m       [33m<[39m[33mDialogPrimitive[39m[33m.[39m[33mClose[39m className[33m=[39m[32m"absolute right-4 top-4 rounded-sm opacity-70 ring-offset-background transition-opacity hover:opacity-100 focus:outline-none focus:ring-2 focus:ring-ring focus:ring-offset-2 disabled:pointer-events-none data-[state=open]:bg-accent data-[state=open]:text-muted-foreground"[39m[33m>[39m
     [90m    |[39m                      [31m[1m^[22m[39m
     [90m 48 |[39m         [33m<[39m[33mX[39m className[33m=[39m[32m"h-4 w-4"[39m [33m/[39m[33m>[39m
     [90m 49 |[39m         [33m<[39m[33mspan[39m className[33m=[39m[32m"sr-only"[39m[33m>[39m[33mClose[39m[33m<[39m[33m/[39m[33mspan[39m[33m>[39m
     [90m 50 |[39m       [33m<[39m[33m/[39m[33mDialogPrimitive[39m[33m.[39m[33mClose[39m[33m>[39m[0m

      at Runtime.createScriptFromCode (node_modules/jest-runtime/build/index.js:1505:14)
      at Object.<anonymous> (src/components/ui/dialog.tsx:47:22)
      at src/__tests__/components.smoke.test.tsx:28:25
      at Object.<anonymous> (src/__tests__/components.smoke.test.tsx:28:19)

  ● components smoke › src/components/ui/dropdown-menu.tsx imports and renders (if component)

    Jest encountered an unexpected token

    Jest failed to parse a file. This happens e.g. when your code or its dependencies use non-standard JavaScript syntax, or when Jest is not configured to support such syntax.

    Out of the box Jest supports Babel, which will be used to transform your files into valid JS based on your Babel configuration.

    By default "node_modules" folder is ignored by transformers.

    Here's what you can do:
     • If you are trying to use ECMAScript Modules, see https://jestjs.io/docs/ecmascript-modules for how to enable it.
     • If you are trying to use TypeScript, see https://jestjs.io/docs/getting-started#using-typescript
     • To have some of your "node_modules" files transformed, you can specify a custom "transformIgnorePatterns" in your config.
     • If you need a custom transformation specify a "transform" option in your config.
     • If you simply want to mock your non-JS modules (e.g. binary assets) you can stub them out with the "moduleNameMapper" config option.

    You'll find more details and examples of these config options in the docs:
    https://jestjs.io/docs/configuration
    For information about custom transformations, see:
    https://jestjs.io/docs/code-transformation

    Details:

    E:\VSCode_Repo\tech-oblivion-wpHeadless\node_modules\lucide-react\dist\esm\lucide-react.js:8
    import * as index from './icons/index.js';
    ^^^^^^

    SyntaxError: Cannot use import statement outside a module

    [0m [90m 60 |[39m   [33mReact[39m[33m.[39m[33mElementRef[39m[33m<[39m[36mtypeof[39m [33mDropdownMenuPrimitive[39m[33m.[39m[33mContent[39m[33m>[39m[33m,[39m
     [90m 61 |[39m   [33mReact[39m[33m.[39m[33mComponentPropsWithoutRef[39m[33m<[39m[36mtypeof[39m [33mDropdownMenuPrimitive[39m[33m.[39m[33mContent[39m[33m>[39m
    [31m[1m>[22m[39m[90m 62 |[39m [33m>[39m(({ className[33m,[39m sideOffset [33m=[39m [35m4[39m[33m,[39m [33m...[39mprops }[33m,[39m ref) [33m=>[39m (
     [90m    |[39m                      [31m[1m^[22m[39m
     [90m 63 |[39m   [33m<[39m[33mDropdownMenuPrimitive[39m[33m.[39m[33mPortal[39m[33m>[39m
     [90m 64 |[39m     [33m<[39m[33mDropdownMenuPrimitive[39m[33m.[39m[33mContent[39m
     [90m 65 |[39m       ref[33m=[39m{ref}[0m

      at Runtime.createScriptFromCode (node_modules/jest-runtime/build/index.js:1505:14)
      at Object.<anonymous> (src/components/ui/dropdown-menu.tsx:62:22)
      at src/__tests__/components.smoke.test.tsx:28:25
      at Object.<anonymous> (src/__tests__/components.smoke.test.tsx:28:19)

  ● components smoke › src/components/ui/menubar.tsx imports and renders (if component)

    Jest encountered an unexpected token

    Jest failed to parse a file. This happens e.g. when your code or its dependencies use non-standard JavaScript syntax, or when Jest is not configured to support such syntax.

    Out of the box Jest supports Babel, which will be used to transform your files into valid JS based on your Babel configuration.

    By default "node_modules" folder is ignored by transformers.

    Here's what you can do:
     • If you are trying to use ECMAScript Modules, see https://jestjs.io/docs/ecmascript-modules for how to enable it.
     • If you are trying to use TypeScript, see https://jestjs.io/docs/getting-started#using-typescript
     • To have some of your "node_modules" files transformed, you can specify a custom "transformIgnorePatterns" in your config.
     • If you need a custom transformation specify a "transform" option in your config.
     • If you simply want to mock your non-JS modules (e.g. binary assets) you can stub them out with the "moduleNameMapper" config option.

    You'll find more details and examples of these config options in the docs:
    https://jestjs.io/docs/configuration
    For information about custom transformations, see:
    https://jestjs.io/docs/code-transformation

    Details:

    E:\VSCode_Repo\tech-oblivion-wpHeadless\node_modules\lucide-react\dist\esm\lucide-react.js:8
    import * as index from './icons/index.js';
    ^^^^^^

    SyntaxError: Cannot use import statement outside a module

    [0m [90m 63 |[39m     )}
     [90m 64 |[39m     {[33m...[39mprops}
    [31m[1m>[22m[39m[90m 65 |[39m   [33m/[39m[33m>[39m
     [90m    |[39m                      [31m[1m^[22m[39m
     [90m 66 |[39m ))
     [90m 67 |[39m [33mMenubarTrigger[39m[33m.[39mdisplayName [33m=[39m [33mMenubarPrimitive[39m[33m.[39m[33mTrigger[39m[33m.[39mdisplayName
     [90m 68 |[39m[0m

      at Runtime.createScriptFromCode (node_modules/jest-runtime/build/index.js:1505:14)
      at Object.<anonymous> (src/components/ui/menubar.tsx:65:22)
      at src/__tests__/components.smoke.test.tsx:28:25
      at Object.<anonymous> (src/__tests__/components.smoke.test.tsx:28:19)

  ● components smoke › src/components/ui/radio-group.tsx imports and renders (if component)

    Jest encountered an unexpected token

    Jest failed to parse a file. This happens e.g. when your code or its dependencies use non-standard JavaScript syntax, or when Jest is not configured to support such syntax.

    Out of the box Jest supports Babel, which will be used to transform your files into valid JS based on your Babel configuration.

    By default "node_modules" folder is ignored by transformers.

    Here's what you can do:
     • If you are trying to use ECMAScript Modules, see https://jestjs.io/docs/ecmascript-modules for how to enable it.
     • If you are trying to use TypeScript, see https://jestjs.io/docs/getting-started#using-typescript
     • To have some of your "node_modules" files transformed, you can specify a custom "transformIgnorePatterns" in your config.
     • If you need a custom transformation specify a "transform" option in your config.
     • If you simply want to mock your non-JS modules (e.g. binary assets) you can stub them out with the "moduleNameMapper" config option.

    You'll find more details and examples of these config options in the docs:
    https://jestjs.io/docs/configuration
    For information about custom transformations, see:
    https://jestjs.io/docs/code-transformation

    Details:

    E:\VSCode_Repo\tech-oblivion-wpHeadless\node_modules\lucide-react\dist\esm\lucide-react.js:8
    import * as index from './icons/index.js';
    ^^^^^^

    SyntaxError: Cannot use import statement outside a module

    [0m [90m 21 |[39m [33mRadioGroup[39m[33m.[39mdisplayName [33m=[39m [33mRadioGroupPrimitive[39m[33m.[39m[33mRoot[39m[33m.[39mdisplayName
     [90m 22 |[39m
    [31m[1m>[22m[39m[90m 23 |[39m [36mconst[39m [33mRadioGroupItem[39m [33m=[39m [33mReact[39m[33m.[39mforwardRef[33m<[39m
     [90m    |[39m                      [31m[1m^[22m[39m
     [90m 24 |[39m   [33mReact[39m[33m.[39m[33mElementRef[39m[33m<[39m[36mtypeof[39m [33mRadioGroupPrimitive[39m[33m.[39m[33mItem[39m[33m>[39m[33m,[39m
     [90m 25 |[39m   [33mReact[39m[33m.[39m[33mComponentPropsWithoutRef[39m[33m<[39m[36mtypeof[39m [33mRadioGroupPrimitive[39m[33m.[39m[33mItem[39m[33m>[39m
     [90m 26 |[39m [33m>[39m(({ className[33m,[39m [33m...[39mprops }[33m,[39m ref) [33m=>[39m {[0m

      at Runtime.createScriptFromCode (node_modules/jest-runtime/build/index.js:1505:14)
      at Object.<anonymous> (src/components/ui/radio-group.tsx:23:22)
      at src/__tests__/components.smoke.test.tsx:28:25
      at Object.<anonymous> (src/__tests__/components.smoke.test.tsx:28:19)

  ● components smoke › src/components/ui/select.tsx imports and renders (if component)

    Jest encountered an unexpected token

    Jest failed to parse a file. This happens e.g. when your code or its dependencies use non-standard JavaScript syntax, or when Jest is not configured to support such syntax.

    Out of the box Jest supports Babel, which will be used to transform your files into valid JS based on your Babel configuration.

    By default "node_modules" folder is ignored by transformers.

    Here's what you can do:
     • If you are trying to use ECMAScript Modules, see https://jestjs.io/docs/ecmascript-modules for how to enable it.
     • If you are trying to use TypeScript, see https://jestjs.io/docs/getting-started#using-typescript
     • To have some of your "node_modules" files transformed, you can specify a custom "transformIgnorePatterns" in your config.
     • If you need a custom transformation specify a "transform" option in your config.
     • If you simply want to mock your non-JS modules (e.g. binary assets) you can stub them out with the "moduleNameMapper" config option.

    You'll find more details and examples of these config options in the docs:
    https://jestjs.io/docs/configuration
    For information about custom transformations, see:
    https://jestjs.io/docs/code-transformation

    Details:

    E:\VSCode_Repo\tech-oblivion-wpHeadless\node_modules\lucide-react\dist\esm\lucide-react.js:8
    import * as index from './icons/index.js';
    ^^^^^^

    SyntaxError: Cannot use import statement outside a module

    [0m [90m 45 |[39m     {[33m...[39mprops}
     [90m 46 |[39m   [33m>[39m
    [31m[1m>[22m[39m[90m 47 |[39m     [33m<[39m[33mChevronUp[39m className[33m=[39m[32m"h-4 w-4"[39m [33m/[39m[33m>[39m
     [90m    |[39m                      [31m[1m^[22m[39m
     [90m 48 |[39m   [33m<[39m[33m/[39m[33mSelectPrimitive[39m[33m.[39m[33mScrollUpButton[39m[33m>[39m
     [90m 49 |[39m ))
     [90m 50 |[39m [33mSelectScrollUpButton[39m[33m.[39mdisplayName [33m=[39m [33mSelectPrimitive[39m[33m.[39m[33mScrollUpButton[39m[33m.[39mdisplayName[0m

      at Runtime.createScriptFromCode (node_modules/jest-runtime/build/index.js:1505:14)
      at Object.<anonymous> (src/components/ui/select.tsx:47:22)
      at src/__tests__/components.smoke.test.tsx:28:25
      at Object.<anonymous> (src/__tests__/components.smoke.test.tsx:28:19)

  ● components smoke › src/components/ui/sheet.tsx imports and renders (if component)

    Jest encountered an unexpected token

    Jest failed to parse a file. This happens e.g. when your code or its dependencies use non-standard JavaScript syntax, or when Jest is not configured to support such syntax.

    Out of the box Jest supports Babel, which will be used to transform your files into valid JS based on your Babel configuration.

    By default "node_modules" folder is ignored by transformers.

    Here's what you can do:
     • If you are trying to use ECMAScript Modules, see https://jestjs.io/docs/ecmascript-modules for how to enable it.
     • If you are trying to use TypeScript, see https://jestjs.io/docs/getting-started#using-typescript
     • To have some of your "node_modules" files transformed, you can specify a custom "transformIgnorePatterns" in your config.
     • If you need a custom transformation specify a "transform" option in your config.
     • If you simply want to mock your non-JS modules (e.g. binary assets) you can stub them out with the "moduleNameMapper" config option.

    You'll find more details and examples of these config options in the docs:
    https://jestjs.io/docs/configuration
    For information about custom transformations, see:
    https://jestjs.io/docs/code-transformation

    Details:

    E:\VSCode_Repo\tech-oblivion-wpHeadless\node_modules\lucide-react\dist\esm\lucide-react.js:8
    import * as index from './icons/index.js';
    ^^^^^^

    SyntaxError: Cannot use import statement outside a module

    [0m [90m 46 |[39m     defaultVariants[33m:[39m {
     [90m 47 |[39m       side[33m:[39m [32m"right"[39m[33m,[39m
    [31m[1m>[22m[39m[90m 48 |[39m     }[33m,[39m
     [90m    |[39m                 [31m[1m^[22m[39m
     [90m 49 |[39m   }
     [90m 50 |[39m )
     [90m 51 |[39m[0m

      at Runtime.createScriptFromCode (node_modules/jest-runtime/build/index.js:1505:14)
      at Object.<anonymous> (src/components/ui/sheet.tsx:48:22)
      at src/__tests__/components.smoke.test.tsx:28:25
      at Object.<anonymous> (src/__tests__/components.smoke.test.tsx:28:19)

  ● components smoke › src/components/ui/sidebar.tsx imports and renders (if component)

    Jest encountered an unexpected token

    Jest failed to parse a file. This happens e.g. when your code or its dependencies use non-standard JavaScript syntax, or when Jest is not configured to support such syntax.

    Out of the box Jest supports Babel, which will be used to transform your files into valid JS based on your Babel configuration.

    By default "node_modules" folder is ignored by transformers.

    Here's what you can do:
     • If you are trying to use ECMAScript Modules, see https://jestjs.io/docs/ecmascript-modules for how to enable it.
     • If you are trying to use TypeScript, see https://jestjs.io/docs/getting-started#using-typescript
     • To have some of your "node_modules" files transformed, you can specify a custom "transformIgnorePatterns" in your config.
     • If you need a custom transformation specify a "transform" option in your config.
     • If you simply want to mock your non-JS modules (e.g. binary assets) you can stub them out with the "moduleNameMapper" config option.

    You'll find more details and examples of these config options in the docs:
    https://jestjs.io/docs/configuration
    For information about custom transformations, see:
    https://jestjs.io/docs/code-transformation

    Details:

    E:\VSCode_Repo\tech-oblivion-wpHeadless\node_modules\lucide-react\dist\esm\lucide-react.js:8
    import * as index from './icons/index.js';
    ^^^^^^

    SyntaxError: Cannot use import statement outside a module

    [0m [90m 88 |[39m       }[33m,[39m
     [90m 89 |[39m       [setOpenProp[33m,[39m open]
    [31m[1m>[22m[39m[90m 90 |[39m     )
     [90m    |[39m      [31m[1m^[22m[39m
     [90m 91 |[39m
     [90m 92 |[39m     [90m// Helper to toggle the sidebar.[39m
     [90m 93 |[39m     [36mconst[39m toggleSidebar [33m=[39m [33mReact[39m[33m.[39museCallback(() [33m=>[39m {[0m

      at Runtime.createScriptFromCode (node_modules/jest-runtime/build/index.js:1505:14)
      at Object.<anonymous> (src/components/ui/sidebar.tsx:90:22)
      at src/__tests__/components.smoke.test.tsx:28:25
      at Object.<anonymous> (src/__tests__/components.smoke.test.tsx:28:19)

  ● components smoke › src/components/ui/toast.tsx imports and renders (if component)

    Jest encountered an unexpected token

    Jest failed to parse a file. This happens e.g. when your code or its dependencies use non-standard JavaScript syntax, or when Jest is not configured to support such syntax.

    Out of the box Jest supports Babel, which will be used to transform your files into valid JS based on your Babel configuration.

    By default "node_modules" folder is ignored by transformers.

    Here's what you can do:
     • If you are trying to use ECMAScript Modules, see https://jestjs.io/docs/ecmascript-modules for how to enable it.
     • If you are trying to use TypeScript, see https://jestjs.io/docs/getting-started#using-typescript
     • To have some of your "node_modules" files transformed, you can specify a custom "transformIgnorePatterns" in your config.
     • If you need a custom transformation specify a "transform" option in your config.
     • If you simply want to mock your non-JS modules (e.g. binary assets) you can stub them out with the "moduleNameMapper" config option.

    You'll find more details and examples of these config options in the docs:
    https://jestjs.io/docs/configuration
    For information about custom transformations, see:
    https://jestjs.io/docs/code-transformation

    Details:

    E:\VSCode_Repo\tech-oblivion-wpHeadless\node_modules\lucide-react\dist\esm\lucide-react.js:8
    import * as index from './icons/index.js';
    ^^^^^^

    SyntaxError: Cannot use import statement outside a module

    [0m [90m 37 |[39m     defaultVariants[33m:[39m {
     [90m 38 |[39m       variant[33m:[39m [32m"default"[39m[33m,[39m
    [31m[1m>[22m[39m[90m 39 |[39m     }[33m,[39m
     [90m    |[39m                 [31m[1m^[22m[39m
     [90m 40 |[39m   }
     [90m 41 |[39m )
     [90m 42 |[39m[0m

      at Runtime.createScriptFromCode (node_modules/jest-runtime/build/index.js:1505:14)
      at Object.<anonymous> (src/components/ui/toast.tsx:39:22)
      at src/__tests__/components.smoke.test.tsx:28:25
      at Object.<anonymous> (src/__tests__/components.smoke.test.tsx:28:19)

  ● components smoke › src/components/ui/toaster.tsx imports and renders (if component)

    Jest encountered an unexpected token

    Jest failed to parse a file. This happens e.g. when your code or its dependencies use non-standard JavaScript syntax, or when Jest is not configured to support such syntax.

    Out of the box Jest supports Babel, which will be used to transform your files into valid JS based on your Babel configuration.

    By default "node_modules" folder is ignored by transformers.

    Here's what you can do:
     • If you are trying to use ECMAScript Modules, see https://jestjs.io/docs/ecmascript-modules for how to enable it.
     • If you are trying to use TypeScript, see https://jestjs.io/docs/getting-started#using-typescript
     • To have some of your "node_modules" files transformed, you can specify a custom "transformIgnorePatterns" in your config.
     • If you need a custom transformation specify a "transform" option in your config.
     • If you simply want to mock your non-JS modules (e.g. binary assets) you can stub them out with the "moduleNameMapper" config option.

    You'll find more details and examples of these config options in the docs:
    https://jestjs.io/docs/configuration
    For information about custom transformations, see:
    https://jestjs.io/docs/code-transformation

    Details:

    E:\VSCode_Repo\tech-oblivion-wpHeadless\node_modules\lucide-react\dist\esm\lucide-react.js:8
    import * as index from './icons/index.js';
    ^^^^^^

    SyntaxError: Cannot use import statement outside a module

    [0m [90m 37 |[39m     defaultVariants[33m:[39m {
     [90m 38 |[39m       variant[33m:[39m [32m"default"[39m[33m,[39m
    [31m[1m>[22m[39m[90m 39 |[39m     }[33m,[39m
     [90m    |[39m                 [31m[1m^[22m[39m
     [90m 40 |[39m   }
     [90m 41 |[39m )
     [90m 42 |[39m[0m

      at Runtime.createScriptFromCode (node_modules/jest-runtime/build/index.js:1505:14)
      at Object.<anonymous> (src/components/ui/toast.tsx:39:22)
      at Object.<anonymous> (src/components/ui/toaster.tsx:14:16)
      at src/__tests__/components.smoke.test.tsx:28:25
      at Object.<anonymous> (src/__tests__/components.smoke.test.tsx:28:19)

  ● components smoke › src/components/ui/tooltip.tsx imports and renders (if component)

    expect(received).toBeNull()

    Received: <div data-testid="error">Tile failed</div>

    [0m [90m 35 |[39m           [33m<[39m[33m/[39m[33mErrorBoundary[39m[33m>[39m
     [90m 36 |[39m         )
    [31m[1m>[22m[39m[90m 37 |[39m         expect(queryByTestId([32m'error'[39m))[33m.[39mtoBeNull()
     [90m    |[39m                                        [31m[1m^[22m[39m
     [90m 38 |[39m       } [36melse[39m {
     [90m 39 |[39m         expect(mod)[33m.[39mtoBeTruthy()
     [90m 40 |[39m       }[0m

      at Object.toBeNull (src/__tests__/components.smoke.test.tsx:37:40)

FAIL src/__tests__/pages.smoke.test.ts
  ● pages smoke › app/account/avatar/page.tsx exports a component

    Cannot nest a describe inside a test. Describe block "nextNavigationMock" cannot run because it is nested within "app/account/avatar/page.tsx exports a component".

    [0m [90m  8 |[39m
     [90m  9 |[39m [90m// Dummy test[39m
    [31m[1m>[22m[39m[90m 10 |[39m describe([32m'nextNavigationMock'[39m[33m,[39m () [33m=>[39m {
     [90m    |[39m [31m[1m^[22m[39m
     [90m 11 |[39m   it([32m'is a mock'[39m[33m,[39m () [33m=>[39m {
     [90m 12 |[39m     expect([36mtrue[39m)[33m.[39mtoBe([36mtrue[39m)
     [90m 13 |[39m   })[0m

      at eventHandler (node_modules/jest-circus/build/eventHandler.js:35:11)
      at Object.describe (src/__tests__/nextNavigationMock.js:10:1)
      at Object.<anonymous> (app/account/avatar/page.tsx:12:21)
      at src/__tests__/pages.smoke.test.ts:24:25
      at Object.<anonymous> (src/__tests__/pages.smoke.test.ts:24:19)

  ● pages smoke › app/account/avatar/page.tsx exports a component

    Tests cannot be nested. Test "is a mock" cannot run because it is nested within "app/account/avatar/page.tsx exports a component".

    [0m [90m  9 |[39m [90m// Dummy test[39m
     [90m 10 |[39m describe([32m'nextNavigationMock'[39m[33m,[39m () [33m=>[39m {
    [31m[1m>[22m[39m[90m 11 |[39m   it([32m'is a mock'[39m[33m,[39m () [33m=>[39m {
     [90m    |[39m   [31m[1m^[22m[39m
     [90m 12 |[39m     expect([36mtrue[39m)[33m.[39mtoBe([36mtrue[39m)
     [90m 13 |[39m   })
     [90m 14 |[39m })[0m

      at eventHandler (node_modules/jest-circus/build/eventHandler.js:134:11)
      at it (src/__tests__/nextNavigationMock.js:11:3)
      at Object.describe (src/__tests__/nextNavigationMock.js:10:1)
      at Object.<anonymous> (app/account/avatar/page.tsx:12:21)
      at src/__tests__/pages.smoke.test.ts:24:25
      at Object.<anonymous> (src/__tests__/pages.smoke.test.ts:24:19)

  ● pages smoke › app/account/avatar/page.tsx exports a component

    Cannot nest a describe inside a test. Describe block "nextServerMock" cannot run because it is nested within "app/account/avatar/page.tsx exports a component".

    [0m [90m 12 |[39m
     [90m 13 |[39m [90m// Dummy test[39m
    [31m[1m>[22m[39m[90m 14 |[39m describe([32m'nextServerMock'[39m[33m,[39m () [33m=>[39m {
     [90m    |[39m [31m[1m^[22m[39m
     [90m 15 |[39m   it([32m'is a mock'[39m[33m,[39m () [33m=>[39m {
     [90m 16 |[39m     expect([36mtrue[39m)[33m.[39mtoBe([36mtrue[39m)
     [90m 17 |[39m   })[0m

      at eventHandler (node_modules/jest-circus/build/eventHandler.js:35:11)
      at Object.describe (src/__tests__/nextServerMock.js:14:1)
      at Object.<anonymous> (app/api/logs/route.ts:27:17)
      at Object.<anonymous> (src/lib/auth.ts:23:16)
      at Object.<anonymous> (app/account/avatar/page.tsx:13:15)
      at src/__tests__/pages.smoke.test.ts:24:25
      at Object.<anonymous> (src/__tests__/pages.smoke.test.ts:24:19)

  ● pages smoke › app/account/avatar/page.tsx exports a component

    Tests cannot be nested. Test "is a mock" cannot run because it is nested within "app/account/avatar/page.tsx exports a component".

    [0m [90m 13 |[39m [90m// Dummy test[39m
     [90m 14 |[39m describe([32m'nextServerMock'[39m[33m,[39m () [33m=>[39m {
    [31m[1m>[22m[39m[90m 15 |[39m   it([32m'is a mock'[39m[33m,[39m () [33m=>[39m {
     [90m    |[39m   [31m[1m^[22m[39m
     [90m 16 |[39m     expect([36mtrue[39m)[33m.[39mtoBe([36mtrue[39m)
     [90m 17 |[39m   })
     [90m 18 |[39m })[0m

      at eventHandler (node_modules/jest-circus/build/eventHandler.js:134:11)
      at it (src/__tests__/nextServerMock.js:15:3)
      at Object.describe (src/__tests__/nextServerMock.js:14:1)
      at Object.<anonymous> (app/api/logs/route.ts:27:17)
      at Object.<anonymous> (src/lib/auth.ts:23:16)
      at Object.<anonymous> (app/account/avatar/page.tsx:13:15)
      at src/__tests__/pages.smoke.test.ts:24:25
      at Object.<anonymous> (src/__tests__/pages.smoke.test.ts:24:19)

  ● pages smoke › app/account/avatar/page.tsx exports a component

    Jest encountered an unexpected token

    Jest failed to parse a file. This happens e.g. when your code or its dependencies use non-standard JavaScript syntax, or when Jest is not configured to support such syntax.

    Out of the box Jest supports Babel, which will be used to transform your files into valid JS based on your Babel configuration.

    By default "node_modules" folder is ignored by transformers.

    Here's what you can do:
     • If you are trying to use ECMAScript Modules, see https://jestjs.io/docs/ecmascript-modules for how to enable it.
     • If you are trying to use TypeScript, see https://jestjs.io/docs/getting-started#using-typescript
     • To have some of your "node_modules" files transformed, you can specify a custom "transformIgnorePatterns" in your config.
     • If you need a custom transformation specify a "transform" option in your config.
     • If you simply want to mock your non-JS modules (e.g. binary assets) you can stub them out with the "moduleNameMapper" config option.

    You'll find more details and examples of these config options in the docs:
    https://jestjs.io/docs/configuration
    For information about custom transformations, see:
    https://jestjs.io/docs/code-transformation

    Details:

    E:\VSCode_Repo\tech-oblivion-wpHeadless\node_modules\jose\dist\webapi\index.js:1
    ({"Object.<anonymous>":function(module,exports,require,__dirname,__filename,jest){export { compactDecrypt } from './jwe/compact/decrypt.js';
                                                                                      ^^^^^^

    SyntaxError: Unexpected token 'export'

    [0m [90m 17 |[39m
     [90m 18 |[39m [36mexport[39m [36masync[39m [36mfunction[39m signSession(claims[33m:[39m [33mSessionClaims[39m[33m,[39m maxAgeSec [33m=[39m [35m60[39m [33m*[39m [35m60[39m [33m*[39m [35m24[39m [33m*[39m [35m7[39m) {
    [31m[1m>[22m[39m[90m 19 |[39m   [90m// eslint-disable-next-line @typescript-eslint/no-explicit-any[39m
     [90m    |[39m               [31m[1m^[22m[39m
     [90m 20 |[39m   [36mreturn[39m [36mawait[39m [36mnew[39m [33mSignJWT[39m(claims [36mas[39m any)
     [90m 21 |[39m     [33m.[39msetProtectedHeader({ alg[33m:[39m [32m'HS256'[39m })
     [90m 22 |[39m     [33m.[39msetIssuedAt()[0m

      at Runtime.createScriptFromCode (node_modules/jest-runtime/build/index.js:1505:14)
      at Object.<anonymous> (src/lib/jwt.ts:19:15)
      at Object.<anonymous> (app/api/logs/route.ts:29:14)
      at Object.<anonymous> (src/lib/auth.ts:23:16)
      at Object.<anonymous> (app/account/avatar/page.tsx:13:15)
      at src/__tests__/pages.smoke.test.ts:24:25
      at Object.<anonymous> (src/__tests__/pages.smoke.test.ts:24:19)

  ● pages smoke › app/account/page.tsx exports a component

    Jest encountered an unexpected token

    Jest failed to parse a file. This happens e.g. when your code or its dependencies use non-standard JavaScript syntax, or when Jest is not configured to support such syntax.

    Out of the box Jest supports Babel, which will be used to transform your files into valid JS based on your Babel configuration.

    By default "node_modules" folder is ignored by transformers.

    Here's what you can do:
     • If you are trying to use ECMAScript Modules, see https://jestjs.io/docs/ecmascript-modules for how to enable it.
     • If you are trying to use TypeScript, see https://jestjs.io/docs/getting-started#using-typescript
     • To have some of your "node_modules" files transformed, you can specify a custom "transformIgnorePatterns" in your config.
     • If you need a custom transformation specify a "transform" option in your config.
     • If you simply want to mock your non-JS modules (e.g. binary assets) you can stub them out with the "moduleNameMapper" config option.

    You'll find more details and examples of these config options in the docs:
    https://jestjs.io/docs/configuration
    For information about custom transformations, see:
    https://jestjs.io/docs/code-transformation

    Details:

    E:\VSCode_Repo\tech-oblivion-wpHeadless\node_modules\jose\dist\webapi\index.js:1
    ({"Object.<anonymous>":function(module,exports,require,__dirname,__filename,jest){export { compactDecrypt } from './jwe/compact/decrypt.js';
                                                                                      ^^^^^^

    SyntaxError: Unexpected token 'export'

    [0m [90m 17 |[39m
     [90m 18 |[39m [36mexport[39m [36masync[39m [36mfunction[39m signSession(claims[33m:[39m [33mSessionClaims[39m[33m,[39m maxAgeSec [33m=[39m [35m60[39m [33m*[39m [35m60[39m [33m*[39m [35m24[39m [33m*[39m [35m7[39m) {
    [31m[1m>[22m[39m[90m 19 |[39m   [90m// eslint-disable-next-line @typescript-eslint/no-explicit-any[39m
     [90m    |[39m               [31m[1m^[22m[39m
     [90m 20 |[39m   [36mreturn[39m [36mawait[39m [36mnew[39m [33mSignJWT[39m(claims [36mas[39m any)
     [90m 21 |[39m     [33m.[39msetProtectedHeader({ alg[33m:[39m [32m'HS256'[39m })
     [90m 22 |[39m     [33m.[39msetIssuedAt()[0m

      at Runtime.createScriptFromCode (node_modules/jest-runtime/build/index.js:1505:14)
      at Object.<anonymous> (src/lib/jwt.ts:19:15)
      at Object.<anonymous> (app/api/logs/route.ts:29:14)
      at Object.<anonymous> (src/lib/auth.ts:23:16)
      at Object.<anonymous> (app/account/page.tsx:13:15)
      at src/__tests__/pages.smoke.test.ts:24:25
      at Object.<anonymous> (src/__tests__/pages.smoke.test.ts:24:19)

  ● pages smoke › app/account/profile/page.tsx exports a component

    Jest encountered an unexpected token

    Jest failed to parse a file. This happens e.g. when your code or its dependencies use non-standard JavaScript syntax, or when Jest is not configured to support such syntax.

    Out of the box Jest supports Babel, which will be used to transform your files into valid JS based on your Babel configuration.

    By default "node_modules" folder is ignored by transformers.

    Here's what you can do:
     • If you are trying to use ECMAScript Modules, see https://jestjs.io/docs/ecmascript-modules for how to enable it.
     • If you are trying to use TypeScript, see https://jestjs.io/docs/getting-started#using-typescript
     • To have some of your "node_modules" files transformed, you can specify a custom "transformIgnorePatterns" in your config.
     • If you need a custom transformation specify a "transform" option in your config.
     • If you simply want to mock your non-JS modules (e.g. binary assets) you can stub them out with the "moduleNameMapper" config option.

    You'll find more details and examples of these config options in the docs:
    https://jestjs.io/docs/configuration
    For information about custom transformations, see:
    https://jestjs.io/docs/code-transformation

    Details:

    E:\VSCode_Repo\tech-oblivion-wpHeadless\node_modules\jose\dist\webapi\index.js:1
    ({"Object.<anonymous>":function(module,exports,require,__dirname,__filename,jest){export { compactDecrypt } from './jwe/compact/decrypt.js';
                                                                                      ^^^^^^

    SyntaxError: Unexpected token 'export'

    [0m [90m 17 |[39m
     [90m 18 |[39m [36mexport[39m [36masync[39m [36mfunction[39m signSession(claims[33m:[39m [33mSessionClaims[39m[33m,[39m maxAgeSec [33m=[39m [35m60[39m [33m*[39m [35m60[39m [33m*[39m [35m24[39m [33m*[39m [35m7[39m) {
    [31m[1m>[22m[39m[90m 19 |[39m   [90m// eslint-disable-next-line @typescript-eslint/no-explicit-any[39m
     [90m    |[39m               [31m[1m^[22m[39m
     [90m 20 |[39m   [36mreturn[39m [36mawait[39m [36mnew[39m [33mSignJWT[39m(claims [36mas[39m any)
     [90m 21 |[39m     [33m.[39msetProtectedHeader({ alg[33m:[39m [32m'HS256'[39m })
     [90m 22 |[39m     [33m.[39msetIssuedAt()[0m

      at Runtime.createScriptFromCode (node_modules/jest-runtime/build/index.js:1505:14)
      at Object.<anonymous> (src/lib/jwt.ts:19:15)
      at Object.<anonymous> (app/api/logs/route.ts:29:14)
      at Object.<anonymous> (src/lib/auth.ts:23:16)
      at Object.<anonymous> (app/account/profile/page.tsx:13:15)
      at src/__tests__/pages.smoke.test.ts:24:25
      at Object.<anonymous> (src/__tests__/pages.smoke.test.ts:24:19)

  ● pages smoke › app/admin/logs/page.tsx exports a component

    Jest encountered an unexpected token

    Jest failed to parse a file. This happens e.g. when your code or its dependencies use non-standard JavaScript syntax, or when Jest is not configured to support such syntax.

    Out of the box Jest supports Babel, which will be used to transform your files into valid JS based on your Babel configuration.

    By default "node_modules" folder is ignored by transformers.

    Here's what you can do:
     • If you are trying to use ECMAScript Modules, see https://jestjs.io/docs/ecmascript-modules for how to enable it.
     • If you are trying to use TypeScript, see https://jestjs.io/docs/getting-started#using-typescript
     • To have some of your "node_modules" files transformed, you can specify a custom "transformIgnorePatterns" in your config.
     • If you need a custom transformation specify a "transform" option in your config.
     • If you simply want to mock your non-JS modules (e.g. binary assets) you can stub them out with the "moduleNameMapper" config option.

    You'll find more details and examples of these config options in the docs:
    https://jestjs.io/docs/configuration
    For information about custom transformations, see:
    https://jestjs.io/docs/code-transformation

    Details:

    E:\VSCode_Repo\tech-oblivion-wpHeadless\node_modules\lucide-react\dist\esm\lucide-react.js:8
    import * as index from './icons/index.js';
    ^^^^^^

    SyntaxError: Cannot use import statement outside a module

    [0m [90m 12 |[39m   ts[33m:[39m string
     [90m 13 |[39m   level[33m:[39m string
    [31m[1m>[22m[39m[90m 14 |[39m   context[33m:[39m string
     [90m    |[39m                      [31m[1m^[22m[39m
     [90m 15 |[39m   data[33m:[39m {
     [90m 16 |[39m     userId[33m:[39m string [33m|[39m number
     [90m 17 |[39m     role[33m:[39m string[0m

      at Runtime.createScriptFromCode (node_modules/jest-runtime/build/index.js:1505:14)
      at Object.<anonymous> (app/admin/logs/page.tsx:14:22)
      at src/__tests__/pages.smoke.test.ts:24:25
      at Object.<anonymous> (src/__tests__/pages.smoke.test.ts:24:19)

  ● pages smoke › app/blog/page.tsx exports a component

    Jest encountered an unexpected token

    Jest failed to parse a file. This happens e.g. when your code or its dependencies use non-standard JavaScript syntax, or when Jest is not configured to support such syntax.

    Out of the box Jest supports Babel, which will be used to transform your files into valid JS based on your Babel configuration.

    By default "node_modules" folder is ignored by transformers.

    Here's what you can do:
     • If you are trying to use ECMAScript Modules, see https://jestjs.io/docs/ecmascript-modules for how to enable it.
     • If you are trying to use TypeScript, see https://jestjs.io/docs/getting-started#using-typescript
     • To have some of your "node_modules" files transformed, you can specify a custom "transformIgnorePatterns" in your config.
     • If you need a custom transformation specify a "transform" option in your config.
     • If you simply want to mock your non-JS modules (e.g. binary assets) you can stub them out with the "moduleNameMapper" config option.

    You'll find more details and examples of these config options in the docs:
    https://jestjs.io/docs/configuration
    For information about custom transformations, see:
    https://jestjs.io/docs/code-transformation

    Details:

    E:\VSCode_Repo\tech-oblivion-wpHeadless\node_modules\lucide-react\dist\esm\lucide-react.js:8
    import * as index from './icons/index.js';
    ^^^^^^

    SyntaxError: Cannot use import statement outside a module

    [0m [90m 19 |[39m         [33m<[39m[33m/[39m[33mp[39m[33m>[39m
     [90m 20 |[39m       [33m<[39m[33m/[39m[33mdiv[39m[33m>[39m
    [31m[1m>[22m[39m[90m 21 |[39m
     [90m    |[39m [31m[1m^[22m[39m
     [90m 22 |[39m       {[90m/* Sticky search + filters */[39m}
     [90m 23 |[39m       [33m<[39m[33mdiv[39m className[33m=[39m[32m"sticky top-16 z-30 mb-8 border-y bg-background/80 backdrop-blur supports-[backdrop-filter]:bg-background/60"[39m[33m>[39m
     [90m 24 |[39m         [33m<[39m[33mdiv[39m className[33m=[39m[32m"py-3"[39m[33m>[39m[0m

      at Runtime.createScriptFromCode (node_modules/jest-runtime/build/index.js:1505:14)
      at Object.<anonymous> (app/blog/page.tsx:21:22)
      at src/__tests__/pages.smoke.test.ts:24:25
      at Object.<anonymous> (src/__tests__/pages.smoke.test.ts:24:19)

  ● pages smoke › app/blog/[slug]/page.tsx exports a component

    Cannot nest a describe inside a test. Describe block "nextImageMock" cannot run because it is nested within "app/blog/[slug]/page.tsx exports a component".

    [0m [90m 4 |[39m
     [90m 5 |[39m [90m// Dummy test[39m
    [31m[1m>[22m[39m[90m 6 |[39m describe([32m'nextImageMock'[39m[33m,[39m () [33m=>[39m {
     [90m   |[39m [31m[1m^[22m[39m
     [90m 7 |[39m   it([32m'is a mock'[39m[33m,[39m () [33m=>[39m {
     [90m 8 |[39m     expect([36mtrue[39m)[33m.[39mtoBe([36mtrue[39m)
     [90m 9 |[39m   })[0m

      at eventHandler (node_modules/jest-circus/build/eventHandler.js:35:11)
      at Object.describe (src/__tests__/nextImageMock.js:6:1)
      at Object.<anonymous> (app/blog/[slug]/page.tsx:22:55)
      at src/__tests__/pages.smoke.test.ts:24:25
      at Object.<anonymous> (src/__tests__/pages.smoke.test.ts:24:19)

  ● pages smoke › app/blog/[slug]/page.tsx exports a component

    Tests cannot be nested. Test "is a mock" cannot run because it is nested within "app/blog/[slug]/page.tsx exports a component".

    [0m [90m  5 |[39m [90m// Dummy test[39m
     [90m  6 |[39m describe([32m'nextImageMock'[39m[33m,[39m () [33m=>[39m {
    [31m[1m>[22m[39m[90m  7 |[39m   it([32m'is a mock'[39m[33m,[39m () [33m=>[39m {
     [90m    |[39m   [31m[1m^[22m[39m
     [90m  8 |[39m     expect([36mtrue[39m)[33m.[39mtoBe([36mtrue[39m)
     [90m  9 |[39m   })
     [90m 10 |[39m })[0m

      at eventHandler (node_modules/jest-circus/build/eventHandler.js:134:11)
      at it (src/__tests__/nextImageMock.js:7:3)
      at Object.describe (src/__tests__/nextImageMock.js:6:1)
      at Object.<anonymous> (app/blog/[slug]/page.tsx:22:55)
      at src/__tests__/pages.smoke.test.ts:24:25
      at Object.<anonymous> (src/__tests__/pages.smoke.test.ts:24:19)

  ● pages smoke › app/blog/[slug]/page.tsx exports a component

    Jest encountered an unexpected token

    Jest failed to parse a file. This happens e.g. when your code or its dependencies use non-standard JavaScript syntax, or when Jest is not configured to support such syntax.

    Out of the box Jest supports Babel, which will be used to transform your files into valid JS based on your Babel configuration.

    By default "node_modules" folder is ignored by transformers.

    Here's what you can do:
     • If you are trying to use ECMAScript Modules, see https://jestjs.io/docs/ecmascript-modules for how to enable it.
     • If you are trying to use TypeScript, see https://jestjs.io/docs/getting-started#using-typescript
     • To have some of your "node_modules" files transformed, you can specify a custom "transformIgnorePatterns" in your config.
     • If you need a custom transformation specify a "transform" option in your config.
     • If you simply want to mock your non-JS modules (e.g. binary assets) you can stub them out with the "moduleNameMapper" config option.

    You'll find more details and examples of these config options in the docs:
    https://jestjs.io/docs/configuration
    For information about custom transformations, see:
    https://jestjs.io/docs/code-transformation

    Details:

    E:\VSCode_Repo\tech-oblivion-wpHeadless\node_modules\lucide-react\dist\esm\lucide-react.js:8
    import * as index from './icons/index.js';
    ^^^^^^

    SyntaxError: Cannot use import statement outside a module

    [0m [90m 24 |[39m [36mimport[39m [33mPostActions[39m [36mfrom[39m [32m'@/components/post-actions'[39m
     [90m 25 |[39m [36mimport[39m [33mCommentsSection[39m [36mfrom[39m [32m'@/components/comments-section'[39m
    [31m[1m>[22m[39m[90m 26 |[39m [36mimport[39m [33mReadingProgress[39m [36mfrom[39m [32m'@/components/reading-progress'[39m
     [90m    |[39m                      [31m[1m^[22m[39m
     [90m 27 |[39m [36mimport[39m [33mFloatingActions[39m [36mfrom[39m [32m'@/components/floating-actions'[39m
     [90m 28 |[39m [36mimport[39m [33mContentDecorators[39m [36mfrom[39m [32m'@/components/content-decorators'[39m
     [90m 29 |[39m [36mimport[39m [33mReaderToolbarPortal[39m [36mfrom[39m [32m'@/components/reader-toolbar-portal'[39m[0m

      at Runtime.createScriptFromCode (node_modules/jest-runtime/build/index.js:1505:14)
      at Object.<anonymous> (app/blog/[slug]/page.tsx:26:22)
      at src/__tests__/pages.smoke.test.ts:24:25
      at Object.<anonymous> (src/__tests__/pages.smoke.test.ts:24:19)

  ● pages smoke › app/categories/[slug]/page.tsx exports a component

    Jest encountered an unexpected token

    Jest failed to parse a file. This happens e.g. when your code or its dependencies use non-standard JavaScript syntax, or when Jest is not configured to support such syntax.

    Out of the box Jest supports Babel, which will be used to transform your files into valid JS based on your Babel configuration.

    By default "node_modules" folder is ignored by transformers.

    Here's what you can do:
     • If you are trying to use ECMAScript Modules, see https://jestjs.io/docs/ecmascript-modules for how to enable it.
     • If you are trying to use TypeScript, see https://jestjs.io/docs/getting-started#using-typescript
     • To have some of your "node_modules" files transformed, you can specify a custom "transformIgnorePatterns" in your config.
     • If you need a custom transformation specify a "transform" option in your config.
     • If you simply want to mock your non-JS modules (e.g. binary assets) you can stub them out with the "moduleNameMapper" config option.

    You'll find more details and examples of these config options in the docs:
    https://jestjs.io/docs/configuration
    For information about custom transformations, see:
    https://jestjs.io/docs/code-transformation

    Details:

    E:\VSCode_Repo\tech-oblivion-wpHeadless\node_modules\lucide-react\dist\esm\lucide-react.js:8
    import * as index from './icons/index.js';
    ^^^^^^

    SyntaxError: Cannot use import statement outside a module

    [0m [90m 11 |[39m   [36mconst[39m { slug } [33m=[39m params
     [90m 12 |[39m   
    [31m[1m>[22m[39m[90m 13 |[39m   [36mreturn[39m (
     [90m    |[39m                     [31m[1m^[22m[39m
     [90m 14 |[39m     [33m<[39m[33mdiv[39m className[33m=[39m[32m"container mx-auto px-4 py-12"[39m[33m>[39m
     [90m 15 |[39m       [33m<[39m[33mdiv[39m className[33m=[39m[32m"text-center mb-12"[39m[33m>[39m
     [90m 16 |[39m         [33m<[39m[33mh1[39m className[33m=[39m[32m"text-4xl font-bold tracking-tight"[39m[33m>[39m[33mCategory[39m[33m:[39m [33m<[39m[33mspan[39m className[33m=[39m[32m"capitalize"[39m[33m>[39m{slug[33m.[39mreplace([35m/-/g[39m[33m,[39m [32m' '[39m)}[33m<[39m[33m/[39m[33mspan[39m[33m>[39m[33m<[39m[33m/[39m[33mh1[39m[33m>[39m[0m

      at Runtime.createScriptFromCode (node_modules/jest-runtime/build/index.js:1505:14)
      at Object.<anonymous> (app/categories/[slug]/page.tsx:13:22)
      at src/__tests__/pages.smoke.test.ts:24:25
      at Object.<anonymous> (src/__tests__/pages.smoke.test.ts:24:19)

  ● pages smoke › app/dashboard/posts/page.tsx exports a component

    Jest encountered an unexpected token

    Jest failed to parse a file. This happens e.g. when your code or its dependencies use non-standard JavaScript syntax, or when Jest is not configured to support such syntax.

    Out of the box Jest supports Babel, which will be used to transform your files into valid JS based on your Babel configuration.

    By default "node_modules" folder is ignored by transformers.

    Here's what you can do:
     • If you are trying to use ECMAScript Modules, see https://jestjs.io/docs/ecmascript-modules for how to enable it.
     • If you are trying to use TypeScript, see https://jestjs.io/docs/getting-started#using-typescript
     • To have some of your "node_modules" files transformed, you can specify a custom "transformIgnorePatterns" in your config.
     • If you need a custom transformation specify a "transform" option in your config.
     • If you simply want to mock your non-JS modules (e.g. binary assets) you can stub them out with the "moduleNameMapper" config option.

    You'll find more details and examples of these config options in the docs:
    https://jestjs.io/docs/configuration
    For information about custom transformations, see:
    https://jestjs.io/docs/code-transformation

    Details:

    E:\VSCode_Repo\tech-oblivion-wpHeadless\node_modules\lucide-react\dist\esm\lucide-react.js:8
    import * as index from './icons/index.js';
    ^^^^^^

    SyntaxError: Cannot use import statement outside a module

    [0m [90m 11 |[39m   [36mreturn[39m (
     [90m 12 |[39m     [33m<[39m[33mdiv[39m className[33m=[39m[32m"container mx-auto px-4 py-12"[39m[33m>[39m
    [31m[1m>[22m[39m[90m 13 |[39m       [33m<[39m[33mdiv[39m className[33m=[39m[32m"flex justify-between items-center mb-8"[39m[33m>[39m
     [90m    |[39m                      [31m[1m^[22m[39m
     [90m 14 |[39m         [33m<[39m[33mdiv[39m[33m>[39m
     [90m 15 |[39m           [33m<[39m[33mh1[39m className[33m=[39m[32m"text-3xl font-bold"[39m[33m>[39m[33mYour[39m [33mPosts[39m[33m<[39m[33m/[39m[33mh1[39m[33m>[39m
     [90m 16 |[39m           [33m<[39m[33mp[39m className[33m=[39m[32m"text-muted-foreground"[39m[33m>[39m[33mManage[39m your articles and drafts[33m.[39m[33m<[39m[33m/[39m[33mp[39m[33m>[39m[0m

      at Runtime.createScriptFromCode (node_modules/jest-runtime/build/index.js:1505:14)
      at Object.<anonymous> (app/dashboard/posts/page.tsx:13:22)
      at src/__tests__/pages.smoke.test.ts:24:25
      at Object.<anonymous> (src/__tests__/pages.smoke.test.ts:24:19)

  ● pages smoke › app/editor/new/page.tsx exports a component

    Jest encountered an unexpected token

    Jest failed to parse a file. This happens e.g. when your code or its dependencies use non-standard JavaScript syntax, or when Jest is not configured to support such syntax.

    Out of the box Jest supports Babel, which will be used to transform your files into valid JS based on your Babel configuration.

    By default "node_modules" folder is ignored by transformers.

    Here's what you can do:
     • If you are trying to use ECMAScript Modules, see https://jestjs.io/docs/ecmascript-modules for how to enable it.
     • If you are trying to use TypeScript, see https://jestjs.io/docs/getting-started#using-typescript
     • To have some of your "node_modules" files transformed, you can specify a custom "transformIgnorePatterns" in your config.
     • If you need a custom transformation specify a "transform" option in your config.
     • If you simply want to mock your non-JS modules (e.g. binary assets) you can stub them out with the "moduleNameMapper" config option.

    You'll find more details and examples of these config options in the docs:
    https://jestjs.io/docs/configuration
    For information about custom transformations, see:
    https://jestjs.io/docs/code-transformation

    Details:

    E:\VSCode_Repo\tech-oblivion-wpHeadless\node_modules\lucide-react\dist\esm\lucide-react.js:8
    import * as index from './icons/index.js';
    ^^^^^^

    SyntaxError: Cannot use import statement outside a module

    [0m [90m 11 |[39m [36mimport[39m { [33mSelect[39m[33m,[39m [33mSelectContent[39m[33m,[39m [33mSelectItem[39m[33m,[39m [33mSelectTrigger[39m[33m,[39m [33mSelectValue[39m } [36mfrom[39m [32m"@/components/ui/select"[39m[33m;[39m
     [90m 12 |[39m [36mimport[39m { [33mTooltip[39m[33m,[39m [33mTooltipContent[39m[33m,[39m [33mTooltipProvider[39m[33m,[39m [33mTooltipTrigger[39m } [36mfrom[39m [32m"@/components/ui/tooltip"[39m[33m;[39m
    [31m[1m>[22m[39m[90m 13 |[39m [36mimport[39m { [33mSeparator[39m } [36mfrom[39m [32m"@/components/ui/separator"[39m[33m;[39m
     [90m    |[39m                      [31m[1m^[22m[39m
     [90m 14 |[39m [36mimport[39m { [33mAlert[39m[33m,[39m [33mAlertDescription[39m[33m,[39m [33mAlertTitle[39m } [36mfrom[39m [32m"@/components/ui/alert"[39m[33m;[39m
     [90m 15 |[39m [36mimport[39m { [33mAccordion[39m[33m,[39m [33mAccordionContent[39m[33m,[39m [33mAccordionItem[39m[33m,[39m [33mAccordionTrigger[39m } [36mfrom[39m [32m"@/components/ui/accordion"[39m[33m;[39m
     [90m 16 |[39m [36mimport[39m { [33mRoleGate[39m } [36mfrom[39m [32m"@/hooks/useRoleGate"[39m[33m;[39m[0m

      at Runtime.createScriptFromCode (node_modules/jest-runtime/build/index.js:1505:14)
      at Object.<anonymous> (src/app/editor/new/page.tsx:13:22)
      at Object.<anonymous> (app/editor/new/page.tsx:11:67)
      at src/__tests__/pages.smoke.test.ts:24:25
      at Object.<anonymous> (src/__tests__/pages.smoke.test.ts:24:19)

  ● pages smoke › app/editor/[id]/page.tsx exports a component

    Jest encountered an unexpected token

    Jest failed to parse a file. This happens e.g. when your code or its dependencies use non-standard JavaScript syntax, or when Jest is not configured to support such syntax.

    Out of the box Jest supports Babel, which will be used to transform your files into valid JS based on your Babel configuration.

    By default "node_modules" folder is ignored by transformers.

    Here's what you can do:
     • If you are trying to use ECMAScript Modules, see https://jestjs.io/docs/ecmascript-modules for how to enable it.
     • If you are trying to use TypeScript, see https://jestjs.io/docs/getting-started#using-typescript
     • To have some of your "node_modules" files transformed, you can specify a custom "transformIgnorePatterns" in your config.
     • If you need a custom transformation specify a "transform" option in your config.
     • If you simply want to mock your non-JS modules (e.g. binary assets) you can stub them out with the "moduleNameMapper" config option.

    You'll find more details and examples of these config options in the docs:
    https://jestjs.io/docs/configuration
    For information about custom transformations, see:
    https://jestjs.io/docs/code-transformation

    Details:

    E:\VSCode_Repo\tech-oblivion-wpHeadless\node_modules\lucide-react\dist\esm\lucide-react.js:8
    import * as index from './icons/index.js';
    ^^^^^^

    SyntaxError: Cannot use import statement outside a module

    [0m [90m 11 |[39m [36mimport[39m { [33mCard[39m[33m,[39m [33mCardContent[39m[33m,[39m [33mCardFooter[39m } [36mfrom[39m [32m"@/components/ui/card"[39m[33m;[39m
     [90m 12 |[39m [36mimport[39m { [33mSelect[39m[33m,[39m [33mSelectContent[39m[33m,[39m [33mSelectItem[39m[33m,[39m [33mSelectTrigger[39m[33m,[39m [33mSelectValue[39m } [36mfrom[39m [32m"@/components/ui/select"[39m[33m;[39m
    [31m[1m>[22m[39m[90m 13 |[39m [36mimport[39m { [33mBadge[39m } [36mfrom[39m [32m"@/components/ui/badge"[39m[33m;[39m
     [90m    |[39m                      [31m[1m^[22m[39m
     [90m 14 |[39m [36mimport[39m { [33mTooltip[39m[33m,[39m [33mTooltipContent[39m[33m,[39m [33mTooltipProvider[39m[33m,[39m [33mTooltipTrigger[39m } [36mfrom[39m [32m"@/components/ui/tooltip"[39m[33m;[39m
     [90m 15 |[39m [36mimport[39m { [33mSeparator[39m } [36mfrom[39m [32m"@/components/ui/separator"[39m[33m;[39m
     [90m 16 |[39m [36mimport[39m { [33mAlert[39m[33m,[39m [33mAlertDescription[39m[33m,[39m [33mAlertTitle[39m } [36mfrom[39m [32m"@/components/ui/alert"[39m[33m;[39m[0m

      at Runtime.createScriptFromCode (node_modules/jest-runtime/build/index.js:1505:14)
      at Object.<anonymous> (src/app/editor/[id]/page.tsx:13:22)
      at Object.<anonymous> (app/editor/[id]/page.tsx:11:67)
      at src/__tests__/pages.smoke.test.ts:24:25
      at Object.<anonymous> (src/__tests__/pages.smoke.test.ts:24:19)

  ● pages smoke › app/page.tsx exports a component

    Jest encountered an unexpected token

    Jest failed to parse a file. This happens e.g. when your code or its dependencies use non-standard JavaScript syntax, or when Jest is not configured to support such syntax.

    Out of the box Jest supports Babel, which will be used to transform your files into valid JS based on your Babel configuration.

    By default "node_modules" folder is ignored by transformers.

    Here's what you can do:
     • If you are trying to use ECMAScript Modules, see https://jestjs.io/docs/ecmascript-modules for how to enable it.
     • If you are trying to use TypeScript, see https://jestjs.io/docs/getting-started#using-typescript
     • To have some of your "node_modules" files transformed, you can specify a custom "transformIgnorePatterns" in your config.
     • If you need a custom transformation specify a "transform" option in your config.
     • If you simply want to mock your non-JS modules (e.g. binary assets) you can stub them out with the "moduleNameMapper" config option.

    You'll find more details and examples of these config options in the docs:
    https://jestjs.io/docs/configuration
    For information about custom transformations, see:
    https://jestjs.io/docs/code-transformation

    Details:

    E:\VSCode_Repo\tech-oblivion-wpHeadless\node_modules\lucide-react\dist\esm\lucide-react.js:8
    import * as index from './icons/index.js';
    ^^^^^^

    SyntaxError: Cannot use import statement outside a module

    [0m [90m 12 |[39m   [36mconst[39m _summary [33m=[39m [32m'Latest updates from our blog.'[39m
     [90m 13 |[39m   [90m// Example FAQ data; replace with real data if available[39m
    [31m[1m>[22m[39m[90m 14 |[39m   [36mconst[39m faqs [33m=[39m [
     [90m    |[39m                      [31m[1m^[22m[39m
     [90m 15 |[39m     { question[33m:[39m [32m"What is Tech.Oblivion?"[39m[33m,[39m answer[33m:[39m [32m"A modern tech blog and community for web, AI, and engineering."[39m }[33m,[39m
     [90m 16 |[39m     { question[33m:[39m [32m"How can I contribute?"[39m[33m,[39m answer[33m:[39m [32m"Join as an author or participate in the community Discord."[39m }
     [90m 17 |[39m   ][0m

      at Runtime.createScriptFromCode (node_modules/jest-runtime/build/index.js:1505:14)
      at Object.<anonymous> (src/app/page.tsx:14:22)
      at Object.<anonymous> (app/page.tsx:11:67)
      at src/__tests__/pages.smoke.test.ts:24:25
      at Object.<anonymous> (src/__tests__/pages.smoke.test.ts:24:19)

  ● pages smoke › app/profile/page.tsx exports a component

    Jest encountered an unexpected token

    Jest failed to parse a file. This happens e.g. when your code or its dependencies use non-standard JavaScript syntax, or when Jest is not configured to support such syntax.

    Out of the box Jest supports Babel, which will be used to transform your files into valid JS based on your Babel configuration.

    By default "node_modules" folder is ignored by transformers.

    Here's what you can do:
     • If you are trying to use ECMAScript Modules, see https://jestjs.io/docs/ecmascript-modules for how to enable it.
     • If you are trying to use TypeScript, see https://jestjs.io/docs/getting-started#using-typescript
     • To have some of your "node_modules" files transformed, you can specify a custom "transformIgnorePatterns" in your config.
     • If you need a custom transformation specify a "transform" option in your config.
     • If you simply want to mock your non-JS modules (e.g. binary assets) you can stub them out with the "moduleNameMapper" config option.

    You'll find more details and examples of these config options in the docs:
    https://jestjs.io/docs/configuration
    For information about custom transformations, see:
    https://jestjs.io/docs/code-transformation

    Details:

    E:\VSCode_Repo\tech-oblivion-wpHeadless\node_modules\lucide-react\dist\esm\lucide-react.js:8
    import * as index from './icons/index.js';
    ^^^^^^

    SyntaxError: Cannot use import statement outside a module

    [0m [90m 10 |[39m   [36mconst[39m user [33m=[39m {
     [90m 11 |[39m     name[33m:[39m [32m"Jane Doe"[39m[33m,[39m
    [31m[1m>[22m[39m[90m 12 |[39m     username[33m:[39m [32m"janedoe"[39m[33m,[39m
     [90m    |[39m                      [31m[1m^[22m[39m
     [90m 13 |[39m     avatar[33m:[39m [32m"https://i.pravatar.cc/150?u=a042581f4e29026704d"[39m[33m,[39m
     [90m 14 |[39m     bio[33m:[39m [32m"Senior software engineer specializing in frontend technologies and AI integration. Passionate about building beautiful, performant user interfaces."[39m[33m,[39m
     [90m 15 |[39m     followers[33m:[39m [35m120[39m[33m,[39m[0m

      at Runtime.createScriptFromCode (node_modules/jest-runtime/build/index.js:1505:14)
      at Object.<anonymous> (app/profile/page.tsx:12:22)
      at src/__tests__/pages.smoke.test.ts:24:25
      at Object.<anonymous> (src/__tests__/pages.smoke.test.ts:24:19)

  ● pages smoke › app/profile/[username]/page.tsx exports a component

    Jest encountered an unexpected token

    Jest failed to parse a file. This happens e.g. when your code or its dependencies use non-standard JavaScript syntax, or when Jest is not configured to support such syntax.

    Out of the box Jest supports Babel, which will be used to transform your files into valid JS based on your Babel configuration.

    By default "node_modules" folder is ignored by transformers.

    Here's what you can do:
     • If you are trying to use ECMAScript Modules, see https://jestjs.io/docs/ecmascript-modules for how to enable it.
     • If you are trying to use TypeScript, see https://jestjs.io/docs/getting-started#using-typescript
     • To have some of your "node_modules" files transformed, you can specify a custom "transformIgnorePatterns" in your config.
     • If you need a custom transformation specify a "transform" option in your config.
     • If you simply want to mock your non-JS modules (e.g. binary assets) you can stub them out with the "moduleNameMapper" config option.

    You'll find more details and examples of these config options in the docs:
    https://jestjs.io/docs/configuration
    For information about custom transformations, see:
    https://jestjs.io/docs/code-transformation

    Details:

    E:\VSCode_Repo\tech-oblivion-wpHeadless\node_modules\lucide-react\dist\esm\lucide-react.js:8
    import * as index from './icons/index.js';
    ^^^^^^

    SyntaxError: Cannot use import statement outside a module

    [0m [90m 10 |[39m [36mimport[39m { getSessionUser } [36mfrom[39m [32m"@/lib/auth"[39m[33m;[39m
     [90m 11 |[39m [36mimport[39m { getUserBySlug } [36mfrom[39m [32m"@/lib/wp-public"[39m[33m;[39m
    [31m[1m>[22m[39m[90m 12 |[39m
     [90m    |[39m [31m[1m^[22m[39m
     [90m 13 |[39m [36mexport[39m [36mdefault[39m [36masync[39m [36mfunction[39m [33mPublicProfilePage[39m(props[33m:[39m { params[33m:[39m [33mPromise[39m[33m<[39m{ username[33m:[39m string }[33m>[39m }) {
     [90m 14 |[39m   [36mconst[39m { username } [33m=[39m [36mawait[39m props[33m.[39mparams
     [90m 15 |[39m   [36mconst[39m viewingUser [33m=[39m [36mawait[39m getSessionUser()[33m.[39m[36mcatch[39m(() [33m=>[39m [36mnull[39m)[0m

      at Runtime.createScriptFromCode (node_modules/jest-runtime/build/index.js:1505:14)
      at Object.<anonymous> (app/profile/[username]/page.tsx:12:22)
      at src/__tests__/pages.smoke.test.ts:24:25
      at Object.<anonymous> (src/__tests__/pages.smoke.test.ts:24:19)

  ● pages smoke › app/tags/[slug]/page.tsx exports a component

    Jest encountered an unexpected token

    Jest failed to parse a file. This happens e.g. when your code or its dependencies use non-standard JavaScript syntax, or when Jest is not configured to support such syntax.

    Out of the box Jest supports Babel, which will be used to transform your files into valid JS based on your Babel configuration.

    By default "node_modules" folder is ignored by transformers.

    Here's what you can do:
     • If you are trying to use ECMAScript Modules, see https://jestjs.io/docs/ecmascript-modules for how to enable it.
     • If you are trying to use TypeScript, see https://jestjs.io/docs/getting-started#using-typescript
     • To have some of your "node_modules" files transformed, you can specify a custom "transformIgnorePatterns" in your config.
     • If you need a custom transformation specify a "transform" option in your config.
     • If you simply want to mock your non-JS modules (e.g. binary assets) you can stub them out with the "moduleNameMapper" config option.

    You'll find more details and examples of these config options in the docs:
    https://jestjs.io/docs/configuration
    For information about custom transformations, see:
    https://jestjs.io/docs/code-transformation

    Details:

    E:\VSCode_Repo\tech-oblivion-wpHeadless\node_modules\lucide-react\dist\esm\lucide-react.js:8
    import * as index from './icons/index.js';
    ^^^^^^

    SyntaxError: Cannot use import statement outside a module

    [0m [90m 11 |[39m   [36mconst[39m { slug } [33m=[39m params
     [90m 12 |[39m   
    [31m[1m>[22m[39m[90m 13 |[39m   [36mreturn[39m (
     [90m    |[39m                     [31m[1m^[22m[39m
     [90m 14 |[39m     [33m<[39m[33mdiv[39m className[33m=[39m[32m"container mx-auto px-4 py-12"[39m[33m>[39m
     [90m 15 |[39m       [33m<[39m[33mdiv[39m className[33m=[39m[32m"text-center mb-12"[39m[33m>[39m
     [90m 16 |[39m         [33m<[39m[33mh1[39m className[33m=[39m[32m"text-4xl font-bold tracking-tight"[39m[33m>[39m[33mTag[39m[33m:[39m [33m<[39m[33mspan[39m className[33m=[39m[32m"capitalize"[39m[33m>[39m{slug[33m.[39mreplace([35m/-/g[39m[33m,[39m [32m' '[39m)}[33m<[39m[33m/[39m[33mspan[39m[33m>[39m[33m<[39m[33m/[39m[33mh1[39m[33m>[39m[0m

      at Runtime.createScriptFromCode (node_modules/jest-runtime/build/index.js:1505:14)
      at Object.<anonymous> (app/tags/[slug]/page.tsx:13:22)
      at src/__tests__/pages.smoke.test.ts:24:25
      at Object.<anonymous> (src/__tests__/pages.smoke.test.ts:24:19)

  ● pages smoke › app/user/[slug]/page.tsx exports a component

    Jest encountered an unexpected token

    Jest failed to parse a file. This happens e.g. when your code or its dependencies use non-standard JavaScript syntax, or when Jest is not configured to support such syntax.

    Out of the box Jest supports Babel, which will be used to transform your files into valid JS based on your Babel configuration.

    By default "node_modules" folder is ignored by transformers.

    Here's what you can do:
     • If you are trying to use ECMAScript Modules, see https://jestjs.io/docs/ecmascript-modules for how to enable it.
     • If you are trying to use TypeScript, see https://jestjs.io/docs/getting-started#using-typescript
     • To have some of your "node_modules" files transformed, you can specify a custom "transformIgnorePatterns" in your config.
     • If you need a custom transformation specify a "transform" option in your config.
     • If you simply want to mock your non-JS modules (e.g. binary assets) you can stub them out with the "moduleNameMapper" config option.

    You'll find more details and examples of these config options in the docs:
    https://jestjs.io/docs/configuration
    For information about custom transformations, see:
    https://jestjs.io/docs/code-transformation

    Details:

    E:\VSCode_Repo\tech-oblivion-wpHeadless\node_modules\lucide-react\dist\esm\lucide-react.js:8
    import * as index from './icons/index.js';
    ^^^^^^

    SyntaxError: Cannot use import statement outside a module

    [0m [90m 16 |[39m [36mconst[39m [33mCommentsTabClient[39m [33m=[39m dynamic(() [33m=>[39m [36mimport[39m([32m'./CommentsTabClient'[39m))
     [90m 17 |[39m
    [31m[1m>[22m[39m[90m 18 |[39m [36mexport[39m type [33mPublicUserProfile[39m [33m=[39m {
     [90m    |[39m                      [31m[1m^[22m[39m
     [90m 19 |[39m   id[33m:[39m number
     [90m 20 |[39m   name[33m:[39m string
     [90m 21 |[39m   slug[33m:[39m string[0m

      at Runtime.createScriptFromCode (node_modules/jest-runtime/build/index.js:1505:14)
      at Object.<anonymous> (src/components/profile/ProfilePage.tsx:18:22)
      at Object.<anonymous> (app/user/[slug]/page.tsx:27:61)
      at src/__tests__/pages.smoke.test.ts:24:25
      at Object.<anonymous> (src/__tests__/pages.smoke.test.ts:24:19)

  ● pages smoke › app/wp/users/[slug]/page.tsx exports a component

    Jest encountered an unexpected token

    Jest failed to parse a file. This happens e.g. when your code or its dependencies use non-standard JavaScript syntax, or when Jest is not configured to support such syntax.

    Out of the box Jest supports Babel, which will be used to transform your files into valid JS based on your Babel configuration.

    By default "node_modules" folder is ignored by transformers.

    Here's what you can do:
     • If you are trying to use ECMAScript Modules, see https://jestjs.io/docs/ecmascript-modules for how to enable it.
     • If you are trying to use TypeScript, see https://jestjs.io/docs/getting-started#using-typescript
     • To have some of your "node_modules" files transformed, you can specify a custom "transformIgnorePatterns" in your config.
     • If you need a custom transformation specify a "transform" option in your config.
     • If you simply want to mock your non-JS modules (e.g. binary assets) you can stub them out with the "moduleNameMapper" config option.

    You'll find more details and examples of these config options in the docs:
    https://jestjs.io/docs/configuration
    For information about custom transformations, see:
    https://jestjs.io/docs/code-transformation

    Details:

    E:\VSCode_Repo\tech-oblivion-wpHeadless\node_modules\jose\dist\webapi\index.js:1
    ({"Object.<anonymous>":function(module,exports,require,__dirname,__filename,jest){export { compactDecrypt } from './jwe/compact/decrypt.js';
                                                                                      ^^^^^^

    SyntaxError: Unexpected token 'export'

    [0m [90m 17 |[39m
     [90m 18 |[39m [36mexport[39m [36masync[39m [36mfunction[39m signSession(claims[33m:[39m [33mSessionClaims[39m[33m,[39m maxAgeSec [33m=[39m [35m60[39m [33m*[39m [35m60[39m [33m*[39m [35m24[39m [33m*[39m [35m7[39m) {
    [31m[1m>[22m[39m[90m 19 |[39m   [90m// eslint-disable-next-line @typescript-eslint/no-explicit-any[39m
     [90m    |[39m               [31m[1m^[22m[39m
     [90m 20 |[39m   [36mreturn[39m [36mawait[39m [36mnew[39m [33mSignJWT[39m(claims [36mas[39m any)
     [90m 21 |[39m     [33m.[39msetProtectedHeader({ alg[33m:[39m [32m'HS256'[39m })
     [90m 22 |[39m     [33m.[39msetIssuedAt()[0m

      at Runtime.createScriptFromCode (node_modules/jest-runtime/build/index.js:1505:14)
      at Object.<anonymous> (src/lib/jwt.ts:19:15)
      at Object.<anonymous> (app/api/logs/route.ts:29:14)
      at Object.<anonymous> (src/lib/auth.ts:23:16)
      at Object.<anonymous> (app/wp/users/[slug]/page.tsx:24:15)
      at src/__tests__/pages.smoke.test.ts:24:25
      at Object.<anonymous> (src/__tests__/pages.smoke.test.ts:24:19)

FAIL src/__tests__/api.smoke.test.ts
  ● api routes smoke › app/api/admin/route.ts exports handlers

    Cannot nest a describe inside a test. Describe block "nextServerMock" cannot run because it is nested within "app/api/admin/route.ts exports handlers".

    [0m [90m 12 |[39m
     [90m 13 |[39m [90m// Dummy test[39m
    [31m[1m>[22m[39m[90m 14 |[39m describe([32m'nextServerMock'[39m[33m,[39m () [33m=>[39m {
     [90m    |[39m [31m[1m^[22m[39m
     [90m 15 |[39m   it([32m'is a mock'[39m[33m,[39m () [33m=>[39m {
     [90m 16 |[39m     expect([36mtrue[39m)[33m.[39mtoBe([36mtrue[39m)
     [90m 17 |[39m   })[0m

      at eventHandler (node_modules/jest-circus/build/eventHandler.js:35:11)
      at Object.describe (src/__tests__/nextServerMock.js:14:1)
      at Object.<anonymous> (app/api/admin/route.ts:11:17)
      at src/__tests__/api.smoke.test.ts:25:25
      at Object.<anonymous> (src/__tests__/api.smoke.test.ts:25:19)

  ● api routes smoke › app/api/admin/route.ts exports handlers

    Tests cannot be nested. Test "is a mock" cannot run because it is nested within "app/api/admin/route.ts exports handlers".

    [0m [90m 13 |[39m [90m// Dummy test[39m
     [90m 14 |[39m describe([32m'nextServerMock'[39m[33m,[39m () [33m=>[39m {
    [31m[1m>[22m[39m[90m 15 |[39m   it([32m'is a mock'[39m[33m,[39m () [33m=>[39m {
     [90m    |[39m   [31m[1m^[22m[39m
     [90m 16 |[39m     expect([36mtrue[39m)[33m.[39mtoBe([36mtrue[39m)
     [90m 17 |[39m   })
     [90m 18 |[39m })[0m

      at eventHandler (node_modules/jest-circus/build/eventHandler.js:134:11)
      at it (src/__tests__/nextServerMock.js:15:3)
      at Object.describe (src/__tests__/nextServerMock.js:14:1)
      at Object.<anonymous> (app/api/admin/route.ts:11:17)
      at src/__tests__/api.smoke.test.ts:25:25
      at Object.<anonymous> (src/__tests__/api.smoke.test.ts:25:19)

  ● api routes smoke › app/api/admin/route.ts exports handlers

    Cannot nest a describe inside a test. Describe block "nextNavigationMock" cannot run because it is nested within "app/api/admin/route.ts exports handlers".

    [0m [90m  8 |[39m
     [90m  9 |[39m [90m// Dummy test[39m
    [31m[1m>[22m[39m[90m 10 |[39m describe([32m'nextNavigationMock'[39m[33m,[39m () [33m=>[39m {
     [90m    |[39m [31m[1m^[22m[39m
     [90m 11 |[39m   it([32m'is a mock'[39m[33m,[39m () [33m=>[39m {
     [90m 12 |[39m     expect([36mtrue[39m)[33m.[39mtoBe([36mtrue[39m)
     [90m 13 |[39m   })[0m

      at eventHandler (node_modules/jest-circus/build/eventHandler.js:35:11)
      at Object.describe (src/__tests__/nextNavigationMock.js:10:1)
      at Object.<anonymous> (src/lib/auth.ts:22:18)
      at Object.<anonymous> (app/api/admin/route.ts:12:15)
      at src/__tests__/api.smoke.test.ts:25:25
      at Object.<anonymous> (src/__tests__/api.smoke.test.ts:25:19)

  ● api routes smoke › app/api/admin/route.ts exports handlers

    Tests cannot be nested. Test "is a mock" cannot run because it is nested within "app/api/admin/route.ts exports handlers".

    [0m [90m  9 |[39m [90m// Dummy test[39m
     [90m 10 |[39m describe([32m'nextNavigationMock'[39m[33m,[39m () [33m=>[39m {
    [31m[1m>[22m[39m[90m 11 |[39m   it([32m'is a mock'[39m[33m,[39m () [33m=>[39m {
     [90m    |[39m   [31m[1m^[22m[39m
     [90m 12 |[39m     expect([36mtrue[39m)[33m.[39mtoBe([36mtrue[39m)
     [90m 13 |[39m   })
     [90m 14 |[39m })[0m

      at eventHandler (node_modules/jest-circus/build/eventHandler.js:134:11)
      at it (src/__tests__/nextNavigationMock.js:11:3)
      at Object.describe (src/__tests__/nextNavigationMock.js:10:1)
      at Object.<anonymous> (src/lib/auth.ts:22:18)
      at Object.<anonymous> (app/api/admin/route.ts:12:15)
      at src/__tests__/api.smoke.test.ts:25:25
      at Object.<anonymous> (src/__tests__/api.smoke.test.ts:25:19)

  ● api routes smoke › app/api/admin/route.ts exports handlers

    Jest encountered an unexpected token

    Jest failed to parse a file. This happens e.g. when your code or its dependencies use non-standard JavaScript syntax, or when Jest is not configured to support such syntax.

    Out of the box Jest supports Babel, which will be used to transform your files into valid JS based on your Babel configuration.

    By default "node_modules" folder is ignored by transformers.

    Here's what you can do:
     • If you are trying to use ECMAScript Modules, see https://jestjs.io/docs/ecmascript-modules for how to enable it.
     • If you are trying to use TypeScript, see https://jestjs.io/docs/getting-started#using-typescript
     • To have some of your "node_modules" files transformed, you can specify a custom "transformIgnorePatterns" in your config.
     • If you need a custom transformation specify a "transform" option in your config.
     • If you simply want to mock your non-JS modules (e.g. binary assets) you can stub them out with the "moduleNameMapper" config option.

    You'll find more details and examples of these config options in the docs:
    https://jestjs.io/docs/configuration
    For information about custom transformations, see:
    https://jestjs.io/docs/code-transformation

    Details:

    E:\VSCode_Repo\tech-oblivion-wpHeadless\node_modules\jose\dist\webapi\index.js:1
    ({"Object.<anonymous>":function(module,exports,require,__dirname,__filename,jest){export { compactDecrypt } from './jwe/compact/decrypt.js';
                                                                                      ^^^^^^

    SyntaxError: Unexpected token 'export'

    [0m [90m 17 |[39m
     [90m 18 |[39m [36mexport[39m [36masync[39m [36mfunction[39m signSession(claims[33m:[39m [33mSessionClaims[39m[33m,[39m maxAgeSec [33m=[39m [35m60[39m [33m*[39m [35m60[39m [33m*[39m [35m24[39m [33m*[39m [35m7[39m) {
    [31m[1m>[22m[39m[90m 19 |[39m   [90m// eslint-disable-next-line @typescript-eslint/no-explicit-any[39m
     [90m    |[39m               [31m[1m^[22m[39m
     [90m 20 |[39m   [36mreturn[39m [36mawait[39m [36mnew[39m [33mSignJWT[39m(claims [36mas[39m any)
     [90m 21 |[39m     [33m.[39msetProtectedHeader({ alg[33m:[39m [32m'HS256'[39m })
     [90m 22 |[39m     [33m.[39msetIssuedAt()[0m

      at Runtime.createScriptFromCode (node_modules/jest-runtime/build/index.js:1505:14)
      at Object.<anonymous> (src/lib/jwt.ts:19:15)
      at Object.<anonymous> (app/api/logs/route.ts:29:14)
      at Object.<anonymous> (src/lib/auth.ts:23:16)
      at Object.<anonymous> (app/api/admin/route.ts:12:15)
      at src/__tests__/api.smoke.test.ts:25:25
      at Object.<anonymous> (src/__tests__/api.smoke.test.ts:25:19)

  ● api routes smoke › app/api/analytics/check/route.ts exports handlers

    Jest encountered an unexpected token

    Jest failed to parse a file. This happens e.g. when your code or its dependencies use non-standard JavaScript syntax, or when Jest is not configured to support such syntax.

    Out of the box Jest supports Babel, which will be used to transform your files into valid JS based on your Babel configuration.

    By default "node_modules" folder is ignored by transformers.

    Here's what you can do:
     • If you are trying to use ECMAScript Modules, see https://jestjs.io/docs/ecmascript-modules for how to enable it.
     • If you are trying to use TypeScript, see https://jestjs.io/docs/getting-started#using-typescript
     • To have some of your "node_modules" files transformed, you can specify a custom "transformIgnorePatterns" in your config.
     • If you need a custom transformation specify a "transform" option in your config.
     • If you simply want to mock your non-JS modules (e.g. binary assets) you can stub them out with the "moduleNameMapper" config option.

    You'll find more details and examples of these config options in the docs:
    https://jestjs.io/docs/configuration
    For information about custom transformations, see:
    https://jestjs.io/docs/code-transformation

    Details:

    E:\VSCode_Repo\tech-oblivion-wpHeadless\node_modules\jose\dist\webapi\index.js:1
    ({"Object.<anonymous>":function(module,exports,require,__dirname,__filename,jest){export { compactDecrypt } from './jwe/compact/decrypt.js';
                                                                                      ^^^^^^

    SyntaxError: Unexpected token 'export'

    [0m [90m 17 |[39m
     [90m 18 |[39m [36mexport[39m [36masync[39m [36mfunction[39m signSession(claims[33m:[39m [33mSessionClaims[39m[33m,[39m maxAgeSec [33m=[39m [35m60[39m [33m*[39m [35m60[39m [33m*[39m [35m24[39m [33m*[39m [35m7[39m) {
    [31m[1m>[22m[39m[90m 19 |[39m   [90m// eslint-disable-next-line @typescript-eslint/no-explicit-any[39m
     [90m    |[39m               [31m[1m^[22m[39m
     [90m 20 |[39m   [36mreturn[39m [36mawait[39m [36mnew[39m [33mSignJWT[39m(claims [36mas[39m any)
     [90m 21 |[39m     [33m.[39msetProtectedHeader({ alg[33m:[39m [32m'HS256'[39m })
     [90m 22 |[39m     [33m.[39msetIssuedAt()[0m

      at Runtime.createScriptFromCode (node_modules/jest-runtime/build/index.js:1505:14)
      at Object.<anonymous> (src/lib/jwt.ts:19:15)
      at Object.<anonymous> (src/lib/fetchWithAuth.ts:22:14)
      at Object.<anonymous> (app/api/analytics/check/route.ts:23:24)
      at src/__tests__/api.smoke.test.ts:25:25
      at Object.<anonymous> (src/__tests__/api.smoke.test.ts:25:19)

  ● api routes smoke › app/api/analytics/countries/route.ts exports handlers

    Jest encountered an unexpected token

    Jest failed to parse a file. This happens e.g. when your code or its dependencies use non-standard JavaScript syntax, or when Jest is not configured to support such syntax.

    Out of the box Jest supports Babel, which will be used to transform your files into valid JS based on your Babel configuration.

    By default "node_modules" folder is ignored by transformers.

    Here's what you can do:
     • If you are trying to use ECMAScript Modules, see https://jestjs.io/docs/ecmascript-modules for how to enable it.
     • If you are trying to use TypeScript, see https://jestjs.io/docs/getting-started#using-typescript
     • To have some of your "node_modules" files transformed, you can specify a custom "transformIgnorePatterns" in your config.
     • If you need a custom transformation specify a "transform" option in your config.
     • If you simply want to mock your non-JS modules (e.g. binary assets) you can stub them out with the "moduleNameMapper" config option.

    You'll find more details and examples of these config options in the docs:
    https://jestjs.io/docs/configuration
    For information about custom transformations, see:
    https://jestjs.io/docs/code-transformation

    Details:

    E:\VSCode_Repo\tech-oblivion-wpHeadless\node_modules\jose\dist\webapi\index.js:1
    ({"Object.<anonymous>":function(module,exports,require,__dirname,__filename,jest){export { compactDecrypt } from './jwe/compact/decrypt.js';
                                                                                      ^^^^^^

    SyntaxError: Unexpected token 'export'

    [0m [90m 17 |[39m
     [90m 18 |[39m [36mexport[39m [36masync[39m [36mfunction[39m signSession(claims[33m:[39m [33mSessionClaims[39m[33m,[39m maxAgeSec [33m=[39m [35m60[39m [33m*[39m [35m60[39m [33m*[39m [35m24[39m [33m*[39m [35m7[39m) {
    [31m[1m>[22m[39m[90m 19 |[39m   [90m// eslint-disable-next-line @typescript-eslint/no-explicit-any[39m
     [90m    |[39m               [31m[1m^[22m[39m
     [90m 20 |[39m   [36mreturn[39m [36mawait[39m [36mnew[39m [33mSignJWT[39m(claims [36mas[39m any)
     [90m 21 |[39m     [33m.[39msetProtectedHeader({ alg[33m:[39m [32m'HS256'[39m })
     [90m 22 |[39m     [33m.[39msetIssuedAt()[0m

      at Runtime.createScriptFromCode (node_modules/jest-runtime/build/index.js:1505:14)
      at Object.<anonymous> (src/lib/jwt.ts:19:15)
      at Object.<anonymous> (src/lib/fetchWithAuth.ts:22:14)
      at Object.<anonymous> (app/api/analytics/countries/route.ts:23:24)
      at src/__tests__/api.smoke.test.ts:25:25
      at Object.<anonymous> (src/__tests__/api.smoke.test.ts:25:19)

  ● api routes smoke › app/api/analytics/devices/route.ts exports handlers

    Jest encountered an unexpected token

    Jest failed to parse a file. This happens e.g. when your code or its dependencies use non-standard JavaScript syntax, or when Jest is not configured to support such syntax.

    Out of the box Jest supports Babel, which will be used to transform your files into valid JS based on your Babel configuration.

    By default "node_modules" folder is ignored by transformers.

    Here's what you can do:
     • If you are trying to use ECMAScript Modules, see https://jestjs.io/docs/ecmascript-modules for how to enable it.
     • If you are trying to use TypeScript, see https://jestjs.io/docs/getting-started#using-typescript
     • To have some of your "node_modules" files transformed, you can specify a custom "transformIgnorePatterns" in your config.
     • If you need a custom transformation specify a "transform" option in your config.
     • If you simply want to mock your non-JS modules (e.g. binary assets) you can stub them out with the "moduleNameMapper" config option.

    You'll find more details and examples of these config options in the docs:
    https://jestjs.io/docs/configuration
    For information about custom transformations, see:
    https://jestjs.io/docs/code-transformation

    Details:

    E:\VSCode_Repo\tech-oblivion-wpHeadless\node_modules\jose\dist\webapi\index.js:1
    ({"Object.<anonymous>":function(module,exports,require,__dirname,__filename,jest){export { compactDecrypt } from './jwe/compact/decrypt.js';
                                                                                      ^^^^^^

    SyntaxError: Unexpected token 'export'

    [0m [90m 17 |[39m
     [90m 18 |[39m [36mexport[39m [36masync[39m [36mfunction[39m signSession(claims[33m:[39m [33mSessionClaims[39m[33m,[39m maxAgeSec [33m=[39m [35m60[39m [33m*[39m [35m60[39m [33m*[39m [35m24[39m [33m*[39m [35m7[39m) {
    [31m[1m>[22m[39m[90m 19 |[39m   [90m// eslint-disable-next-line @typescript-eslint/no-explicit-any[39m
     [90m    |[39m               [31m[1m^[22m[39m
     [90m 20 |[39m   [36mreturn[39m [36mawait[39m [36mnew[39m [33mSignJWT[39m(claims [36mas[39m any)
     [90m 21 |[39m     [33m.[39msetProtectedHeader({ alg[33m:[39m [32m'HS256'[39m })
     [90m 22 |[39m     [33m.[39msetIssuedAt()[0m

      at Runtime.createScriptFromCode (node_modules/jest-runtime/build/index.js:1505:14)
      at Object.<anonymous> (src/lib/jwt.ts:19:15)
      at Object.<anonymous> (src/lib/fetchWithAuth.ts:22:14)
      at Object.<anonymous> (app/api/analytics/devices/route.ts:23:24)
      at src/__tests__/api.smoke.test.ts:25:25
      at Object.<anonymous> (src/__tests__/api.smoke.test.ts:25:19)

  ● api routes smoke › app/api/analytics/referers/route.ts exports handlers

    Jest encountered an unexpected token

    Jest failed to parse a file. This happens e.g. when your code or its dependencies use non-standard JavaScript syntax, or when Jest is not configured to support such syntax.

    Out of the box Jest supports Babel, which will be used to transform your files into valid JS based on your Babel configuration.

    By default "node_modules" folder is ignored by transformers.

    Here's what you can do:
     • If you are trying to use ECMAScript Modules, see https://jestjs.io/docs/ecmascript-modules for how to enable it.
     • If you are trying to use TypeScript, see https://jestjs.io/docs/getting-started#using-typescript
     • To have some of your "node_modules" files transformed, you can specify a custom "transformIgnorePatterns" in your config.
     • If you need a custom transformation specify a "transform" option in your config.
     • If you simply want to mock your non-JS modules (e.g. binary assets) you can stub them out with the "moduleNameMapper" config option.

    You'll find more details and examples of these config options in the docs:
    https://jestjs.io/docs/configuration
    For information about custom transformations, see:
    https://jestjs.io/docs/code-transformation

    Details:

    E:\VSCode_Repo\tech-oblivion-wpHeadless\node_modules\jose\dist\webapi\index.js:1
    ({"Object.<anonymous>":function(module,exports,require,__dirname,__filename,jest){export { compactDecrypt } from './jwe/compact/decrypt.js';
                                                                                      ^^^^^^

    SyntaxError: Unexpected token 'export'

    [0m [90m 17 |[39m
     [90m 18 |[39m [36mexport[39m [36masync[39m [36mfunction[39m signSession(claims[33m:[39m [33mSessionClaims[39m[33m,[39m maxAgeSec [33m=[39m [35m60[39m [33m*[39m [35m60[39m [33m*[39m [35m24[39m [33m*[39m [35m7[39m) {
    [31m[1m>[22m[39m[90m 19 |[39m   [90m// eslint-disable-next-line @typescript-eslint/no-explicit-any[39m
     [90m    |[39m               [31m[1m^[22m[39m
     [90m 20 |[39m   [36mreturn[39m [36mawait[39m [36mnew[39m [33mSignJWT[39m(claims [36mas[39m any)
     [90m 21 |[39m     [33m.[39msetProtectedHeader({ alg[33m:[39m [32m'HS256'[39m })
     [90m 22 |[39m     [33m.[39msetIssuedAt()[0m

      at Runtime.createScriptFromCode (node_modules/jest-runtime/build/index.js:1505:14)
      at Object.<anonymous> (src/lib/jwt.ts:19:15)
      at Object.<anonymous> (src/lib/fetchWithAuth.ts:22:14)
      at Object.<anonymous> (app/api/analytics/referers/route.ts:23:24)
      at src/__tests__/api.smoke.test.ts:25:25
      at Object.<anonymous> (src/__tests__/api.smoke.test.ts:25:19)

  ● api routes smoke › app/api/analytics/sessions/route.ts exports handlers

    Jest encountered an unexpected token

    Jest failed to parse a file. This happens e.g. when your code or its dependencies use non-standard JavaScript syntax, or when Jest is not configured to support such syntax.

    Out of the box Jest supports Babel, which will be used to transform your files into valid JS based on your Babel configuration.

    By default "node_modules" folder is ignored by transformers.

    Here's what you can do:
     • If you are trying to use ECMAScript Modules, see https://jestjs.io/docs/ecmascript-modules for how to enable it.
     • If you are trying to use TypeScript, see https://jestjs.io/docs/getting-started#using-typescript
     • To have some of your "node_modules" files transformed, you can specify a custom "transformIgnorePatterns" in your config.
     • If you need a custom transformation specify a "transform" option in your config.
     • If you simply want to mock your non-JS modules (e.g. binary assets) you can stub them out with the "moduleNameMapper" config option.

    You'll find more details and examples of these config options in the docs:
    https://jestjs.io/docs/configuration
    For information about custom transformations, see:
    https://jestjs.io/docs/code-transformation

    Details:

    E:\VSCode_Repo\tech-oblivion-wpHeadless\node_modules\jose\dist\webapi\index.js:1
    ({"Object.<anonymous>":function(module,exports,require,__dirname,__filename,jest){export { compactDecrypt } from './jwe/compact/decrypt.js';
                                                                                      ^^^^^^

    SyntaxError: Unexpected token 'export'

    [0m [90m 17 |[39m
     [90m 18 |[39m [36mexport[39m [36masync[39m [36mfunction[39m signSession(claims[33m:[39m [33mSessionClaims[39m[33m,[39m maxAgeSec [33m=[39m [35m60[39m [33m*[39m [35m60[39m [33m*[39m [35m24[39m [33m*[39m [35m7[39m) {
    [31m[1m>[22m[39m[90m 19 |[39m   [90m// eslint-disable-next-line @typescript-eslint/no-explicit-any[39m
     [90m    |[39m               [31m[1m^[22m[39m
     [90m 20 |[39m   [36mreturn[39m [36mawait[39m [36mnew[39m [33mSignJWT[39m(claims [36mas[39m any)
     [90m 21 |[39m     [33m.[39msetProtectedHeader({ alg[33m:[39m [32m'HS256'[39m })
     [90m 22 |[39m     [33m.[39msetIssuedAt()[0m

      at Runtime.createScriptFromCode (node_modules/jest-runtime/build/index.js:1505:14)
      at Object.<anonymous> (src/lib/jwt.ts:19:15)
      at Object.<anonymous> (src/lib/fetchWithAuth.ts:22:14)
      at Object.<anonymous> (app/api/analytics/sessions/route.ts:23:24)
      at src/__tests__/api.smoke.test.ts:25:25
      at Object.<anonymous> (src/__tests__/api.smoke.test.ts:25:19)

  ● api routes smoke › app/api/analytics/sessions/summary/route.ts exports handlers

    Jest encountered an unexpected token

    Jest failed to parse a file. This happens e.g. when your code or its dependencies use non-standard JavaScript syntax, or when Jest is not configured to support such syntax.

    Out of the box Jest supports Babel, which will be used to transform your files into valid JS based on your Babel configuration.

    By default "node_modules" folder is ignored by transformers.

    Here's what you can do:
     • If you are trying to use ECMAScript Modules, see https://jestjs.io/docs/ecmascript-modules for how to enable it.
     • If you are trying to use TypeScript, see https://jestjs.io/docs/getting-started#using-typescript
     • To have some of your "node_modules" files transformed, you can specify a custom "transformIgnorePatterns" in your config.
     • If you need a custom transformation specify a "transform" option in your config.
     • If you simply want to mock your non-JS modules (e.g. binary assets) you can stub them out with the "moduleNameMapper" config option.

    You'll find more details and examples of these config options in the docs:
    https://jestjs.io/docs/configuration
    For information about custom transformations, see:
    https://jestjs.io/docs/code-transformation

    Details:

    E:\VSCode_Repo\tech-oblivion-wpHeadless\node_modules\jose\dist\webapi\index.js:1
    ({"Object.<anonymous>":function(module,exports,require,__dirname,__filename,jest){export { compactDecrypt } from './jwe/compact/decrypt.js';
                                                                                      ^^^^^^

    SyntaxError: Unexpected token 'export'

    [0m [90m 17 |[39m
     [90m 18 |[39m [36mexport[39m [36masync[39m [36mfunction[39m signSession(claims[33m:[39m [33mSessionClaims[39m[33m,[39m maxAgeSec [33m=[39m [35m60[39m [33m*[39m [35m60[39m [33m*[39m [35m24[39m [33m*[39m [35m7[39m) {
    [31m[1m>[22m[39m[90m 19 |[39m   [90m// eslint-disable-next-line @typescript-eslint/no-explicit-any[39m
     [90m    |[39m               [31m[1m^[22m[39m
     [90m 20 |[39m   [36mreturn[39m [36mawait[39m [36mnew[39m [33mSignJWT[39m(claims [36mas[39m any)
     [90m 21 |[39m     [33m.[39msetProtectedHeader({ alg[33m:[39m [32m'HS256'[39m })
     [90m 22 |[39m     [33m.[39msetIssuedAt()[0m

      at Runtime.createScriptFromCode (node_modules/jest-runtime/build/index.js:1505:14)
      at Object.<anonymous> (src/lib/jwt.ts:19:15)
      at Object.<anonymous> (src/lib/fetchWithAuth.ts:22:14)
      at Object.<anonymous> (app/api/analytics/sessions/summary/route.ts:22:24)
      at src/__tests__/api.smoke.test.ts:25:25
      at Object.<anonymous> (src/__tests__/api.smoke.test.ts:25:19)

  ● api routes smoke › app/api/analytics/sessions/timeseries/route.ts exports handlers

    Jest encountered an unexpected token

    Jest failed to parse a file. This happens e.g. when your code or its dependencies use non-standard JavaScript syntax, or when Jest is not configured to support such syntax.

    Out of the box Jest supports Babel, which will be used to transform your files into valid JS based on your Babel configuration.

    By default "node_modules" folder is ignored by transformers.

    Here's what you can do:
     • If you are trying to use ECMAScript Modules, see https://jestjs.io/docs/ecmascript-modules for how to enable it.
     • If you are trying to use TypeScript, see https://jestjs.io/docs/getting-started#using-typescript
     • To have some of your "node_modules" files transformed, you can specify a custom "transformIgnorePatterns" in your config.
     • If you need a custom transformation specify a "transform" option in your config.
     • If you simply want to mock your non-JS modules (e.g. binary assets) you can stub them out with the "moduleNameMapper" config option.

    You'll find more details and examples of these config options in the docs:
    https://jestjs.io/docs/configuration
    For information about custom transformations, see:
    https://jestjs.io/docs/code-transformation

    Details:

    E:\VSCode_Repo\tech-oblivion-wpHeadless\node_modules\jose\dist\webapi\index.js:1
    ({"Object.<anonymous>":function(module,exports,require,__dirname,__filename,jest){export { compactDecrypt } from './jwe/compact/decrypt.js';
                                                                                      ^^^^^^

    SyntaxError: Unexpected token 'export'

    [0m [90m 17 |[39m
     [90m 18 |[39m [36mexport[39m [36masync[39m [36mfunction[39m signSession(claims[33m:[39m [33mSessionClaims[39m[33m,[39m maxAgeSec [33m=[39m [35m60[39m [33m*[39m [35m60[39m [33m*[39m [35m24[39m [33m*[39m [35m7[39m) {
    [31m[1m>[22m[39m[90m 19 |[39m   [90m// eslint-disable-next-line @typescript-eslint/no-explicit-any[39m
     [90m    |[39m               [31m[1m^[22m[39m
     [90m 20 |[39m   [36mreturn[39m [36mawait[39m [36mnew[39m [33mSignJWT[39m(claims [36mas[39m any)
     [90m 21 |[39m     [33m.[39msetProtectedHeader({ alg[33m:[39m [32m'HS256'[39m })
     [90m 22 |[39m     [33m.[39msetIssuedAt()[0m

      at Runtime.createScriptFromCode (node_modules/jest-runtime/build/index.js:1505:14)
      at Object.<anonymous> (src/lib/jwt.ts:19:15)
      at Object.<anonymous> (src/lib/fetchWithAuth.ts:22:14)
      at Object.<anonymous> (app/api/analytics/sessions/timeseries/route.ts:22:24)
      at src/__tests__/api.smoke.test.ts:25:25
      at Object.<anonymous> (src/__tests__/api.smoke.test.ts:25:19)

  ● api routes smoke › app/api/analytics/stream/route.ts exports handlers

    Jest encountered an unexpected token

    Jest failed to parse a file. This happens e.g. when your code or its dependencies use non-standard JavaScript syntax, or when Jest is not configured to support such syntax.

    Out of the box Jest supports Babel, which will be used to transform your files into valid JS based on your Babel configuration.

    By default "node_modules" folder is ignored by transformers.

    Here's what you can do:
     • If you are trying to use ECMAScript Modules, see https://jestjs.io/docs/ecmascript-modules for how to enable it.
     • If you are trying to use TypeScript, see https://jestjs.io/docs/getting-started#using-typescript
     • To have some of your "node_modules" files transformed, you can specify a custom "transformIgnorePatterns" in your config.
     • If you need a custom transformation specify a "transform" option in your config.
     • If you simply want to mock your non-JS modules (e.g. binary assets) you can stub them out with the "moduleNameMapper" config option.

    You'll find more details and examples of these config options in the docs:
    https://jestjs.io/docs/configuration
    For information about custom transformations, see:
    https://jestjs.io/docs/code-transformation

    Details:

    E:\VSCode_Repo\tech-oblivion-wpHeadless\node_modules\jose\dist\webapi\index.js:1
    ({"Object.<anonymous>":function(module,exports,require,__dirname,__filename,jest){export { compactDecrypt } from './jwe/compact/decrypt.js';
                                                                                      ^^^^^^

    SyntaxError: Unexpected token 'export'

    [0m [90m 17 |[39m
     [90m 18 |[39m [36mexport[39m [36masync[39m [36mfunction[39m signSession(claims[33m:[39m [33mSessionClaims[39m[33m,[39m maxAgeSec [33m=[39m [35m60[39m [33m*[39m [35m60[39m [33m*[39m [35m24[39m [33m*[39m [35m7[39m) {
    [31m[1m>[22m[39m[90m 19 |[39m   [90m// eslint-disable-next-line @typescript-eslint/no-explicit-any[39m
     [90m    |[39m               [31m[1m^[22m[39m
     [90m 20 |[39m   [36mreturn[39m [36mawait[39m [36mnew[39m [33mSignJWT[39m(claims [36mas[39m any)
     [90m 21 |[39m     [33m.[39msetProtectedHeader({ alg[33m:[39m [32m'HS256'[39m })
     [90m 22 |[39m     [33m.[39msetIssuedAt()[0m

      at Runtime.createScriptFromCode (node_modules/jest-runtime/build/index.js:1505:14)
      at Object.<anonymous> (src/lib/jwt.ts:19:15)
      at Object.<anonymous> (src/lib/fetchWithAuth.ts:22:14)
      at Object.<anonymous> (app/api/analytics/stream/route.ts:22:24)
      at src/__tests__/api.smoke.test.ts:25:25
      at Object.<anonymous> (src/__tests__/api.smoke.test.ts:25:19)

  ● api routes smoke › app/api/analytics/summary/route.ts exports handlers

    Jest encountered an unexpected token

    Jest failed to parse a file. This happens e.g. when your code or its dependencies use non-standard JavaScript syntax, or when Jest is not configured to support such syntax.

    Out of the box Jest supports Babel, which will be used to transform your files into valid JS based on your Babel configuration.

    By default "node_modules" folder is ignored by transformers.

    Here's what you can do:
     • If you are trying to use ECMAScript Modules, see https://jestjs.io/docs/ecmascript-modules for how to enable it.
     • If you are trying to use TypeScript, see https://jestjs.io/docs/getting-started#using-typescript
     • To have some of your "node_modules" files transformed, you can specify a custom "transformIgnorePatterns" in your config.
     • If you need a custom transformation specify a "transform" option in your config.
     • If you simply want to mock your non-JS modules (e.g. binary assets) you can stub them out with the "moduleNameMapper" config option.

    You'll find more details and examples of these config options in the docs:
    https://jestjs.io/docs/configuration
    For information about custom transformations, see:
    https://jestjs.io/docs/code-transformation

    Details:

    E:\VSCode_Repo\tech-oblivion-wpHeadless\node_modules\jose\dist\webapi\index.js:1
    ({"Object.<anonymous>":function(module,exports,require,__dirname,__filename,jest){export { compactDecrypt } from './jwe/compact/decrypt.js';
                                                                                      ^^^^^^

    SyntaxError: Unexpected token 'export'

    [0m [90m 17 |[39m
     [90m 18 |[39m [36mexport[39m [36masync[39m [36mfunction[39m signSession(claims[33m:[39m [33mSessionClaims[39m[33m,[39m maxAgeSec [33m=[39m [35m60[39m [33m*[39m [35m60[39m [33m*[39m [35m24[39m [33m*[39m [35m7[39m) {
    [31m[1m>[22m[39m[90m 19 |[39m   [90m// eslint-disable-next-line @typescript-eslint/no-explicit-any[39m
     [90m    |[39m               [31m[1m^[22m[39m
     [90m 20 |[39m   [36mreturn[39m [36mawait[39m [36mnew[39m [33mSignJWT[39m(claims [36mas[39m any)
     [90m 21 |[39m     [33m.[39msetProtectedHeader({ alg[33m:[39m [32m'HS256'[39m })
     [90m 22 |[39m     [33m.[39msetIssuedAt()[0m

      at Runtime.createScriptFromCode (node_modules/jest-runtime/build/index.js:1505:14)
      at Object.<anonymous> (src/lib/jwt.ts:19:15)
      at Object.<anonymous> (src/lib/fetchWithAuth.ts:22:14)
      at Object.<anonymous> (app/api/analytics/summary/route.ts:24:24)
      at src/__tests__/api.smoke.test.ts:25:25
      at Object.<anonymous> (src/__tests__/api.smoke.test.ts:25:19)

  ● api routes smoke › app/api/analytics/top-posts/route.ts exports handlers

    Jest encountered an unexpected token

    Jest failed to parse a file. This happens e.g. when your code or its dependencies use non-standard JavaScript syntax, or when Jest is not configured to support such syntax.

    Out of the box Jest supports Babel, which will be used to transform your files into valid JS based on your Babel configuration.

    By default "node_modules" folder is ignored by transformers.

    Here's what you can do:
     • If you are trying to use ECMAScript Modules, see https://jestjs.io/docs/ecmascript-modules for how to enable it.
     • If you are trying to use TypeScript, see https://jestjs.io/docs/getting-started#using-typescript
     • To have some of your "node_modules" files transformed, you can specify a custom "transformIgnorePatterns" in your config.
     • If you need a custom transformation specify a "transform" option in your config.
     • If you simply want to mock your non-JS modules (e.g. binary assets) you can stub them out with the "moduleNameMapper" config option.

    You'll find more details and examples of these config options in the docs:
    https://jestjs.io/docs/configuration
    For information about custom transformations, see:
    https://jestjs.io/docs/code-transformation

    Details:

    E:\VSCode_Repo\tech-oblivion-wpHeadless\node_modules\jose\dist\webapi\index.js:1
    ({"Object.<anonymous>":function(module,exports,require,__dirname,__filename,jest){export { compactDecrypt } from './jwe/compact/decrypt.js';
                                                                                      ^^^^^^

    SyntaxError: Unexpected token 'export'

    [0m [90m 17 |[39m
     [90m 18 |[39m [36mexport[39m [36masync[39m [36mfunction[39m signSession(claims[33m:[39m [33mSessionClaims[39m[33m,[39m maxAgeSec [33m=[39m [35m60[39m [33m*[39m [35m60[39m [33m*[39m [35m24[39m [33m*[39m [35m7[39m) {
    [31m[1m>[22m[39m[90m 19 |[39m   [90m// eslint-disable-next-line @typescript-eslint/no-explicit-any[39m
     [90m    |[39m               [31m[1m^[22m[39m
     [90m 20 |[39m   [36mreturn[39m [36mawait[39m [36mnew[39m [33mSignJWT[39m(claims [36mas[39m any)
     [90m 21 |[39m     [33m.[39msetProtectedHeader({ alg[33m:[39m [32m'HS256'[39m })
     [90m 22 |[39m     [33m.[39msetIssuedAt()[0m

      at Runtime.createScriptFromCode (node_modules/jest-runtime/build/index.js:1505:14)
      at Object.<anonymous> (src/lib/jwt.ts:19:15)
      at Object.<anonymous> (src/lib/fetchWithAuth.ts:22:14)
      at Object.<anonymous> (app/api/analytics/top-posts/route.ts:23:24)
      at src/__tests__/api.smoke.test.ts:25:25
      at Object.<anonymous> (src/__tests__/api.smoke.test.ts:25:19)

  ● api routes smoke › app/api/analytics/views/route.ts exports handlers

    Jest encountered an unexpected token

    Jest failed to parse a file. This happens e.g. when your code or its dependencies use non-standard JavaScript syntax, or when Jest is not configured to support such syntax.

    Out of the box Jest supports Babel, which will be used to transform your files into valid JS based on your Babel configuration.

    By default "node_modules" folder is ignored by transformers.

    Here's what you can do:
     • If you are trying to use ECMAScript Modules, see https://jestjs.io/docs/ecmascript-modules for how to enable it.
     • If you are trying to use TypeScript, see https://jestjs.io/docs/getting-started#using-typescript
     • To have some of your "node_modules" files transformed, you can specify a custom "transformIgnorePatterns" in your config.
     • If you need a custom transformation specify a "transform" option in your config.
     • If you simply want to mock your non-JS modules (e.g. binary assets) you can stub them out with the "moduleNameMapper" config option.

    You'll find more details and examples of these config options in the docs:
    https://jestjs.io/docs/configuration
    For information about custom transformations, see:
    https://jestjs.io/docs/code-transformation

    Details:

    E:\VSCode_Repo\tech-oblivion-wpHeadless\node_modules\jose\dist\webapi\index.js:1
    ({"Object.<anonymous>":function(module,exports,require,__dirname,__filename,jest){export { compactDecrypt } from './jwe/compact/decrypt.js';
                                                                                      ^^^^^^

    SyntaxError: Unexpected token 'export'

    [0m [90m 17 |[39m
     [90m 18 |[39m [36mexport[39m [36masync[39m [36mfunction[39m signSession(claims[33m:[39m [33mSessionClaims[39m[33m,[39m maxAgeSec [33m=[39m [35m60[39m [33m*[39m [35m60[39m [33m*[39m [35m24[39m [33m*[39m [35m7[39m) {
    [31m[1m>[22m[39m[90m 19 |[39m   [90m// eslint-disable-next-line @typescript-eslint/no-explicit-any[39m
     [90m    |[39m               [31m[1m^[22m[39m
     [90m 20 |[39m   [36mreturn[39m [36mawait[39m [36mnew[39m [33mSignJWT[39m(claims [36mas[39m any)
     [90m 21 |[39m     [33m.[39msetProtectedHeader({ alg[33m:[39m [32m'HS256'[39m })
     [90m 22 |[39m     [33m.[39msetIssuedAt()[0m

      at Runtime.createScriptFromCode (node_modules/jest-runtime/build/index.js:1505:14)
      at Object.<anonymous> (src/lib/jwt.ts:19:15)
      at Object.<anonymous> (src/lib/fetchWithAuth.ts:22:14)
      at Object.<anonymous> (app/api/analytics/views/route.ts:23:24)
      at src/__tests__/api.smoke.test.ts:25:25
      at Object.<anonymous> (src/__tests__/api.smoke.test.ts:25:19)

  ● api routes smoke › app/api/auth/login/route.ts exports handlers

    Jest encountered an unexpected token

    Jest failed to parse a file. This happens e.g. when your code or its dependencies use non-standard JavaScript syntax, or when Jest is not configured to support such syntax.

    Out of the box Jest supports Babel, which will be used to transform your files into valid JS based on your Babel configuration.

    By default "node_modules" folder is ignored by transformers.

    Here's what you can do:
     • If you are trying to use ECMAScript Modules, see https://jestjs.io/docs/ecmascript-modules for how to enable it.
     • If you are trying to use TypeScript, see https://jestjs.io/docs/getting-started#using-typescript
     • To have some of your "node_modules" files transformed, you can specify a custom "transformIgnorePatterns" in your config.
     • If you need a custom transformation specify a "transform" option in your config.
     • If you simply want to mock your non-JS modules (e.g. binary assets) you can stub them out with the "moduleNameMapper" config option.

    You'll find more details and examples of these config options in the docs:
    https://jestjs.io/docs/configuration
    For information about custom transformations, see:
    https://jestjs.io/docs/code-transformation

    Details:

    E:\VSCode_Repo\tech-oblivion-wpHeadless\node_modules\jose\dist\webapi\index.js:1
    ({"Object.<anonymous>":function(module,exports,require,__dirname,__filename,jest){export { compactDecrypt } from './jwe/compact/decrypt.js';
                                                                                      ^^^^^^

    SyntaxError: Unexpected token 'export'

    [0m [90m 17 |[39m
     [90m 18 |[39m [36mexport[39m [36masync[39m [36mfunction[39m signSession(claims[33m:[39m [33mSessionClaims[39m[33m,[39m maxAgeSec [33m=[39m [35m60[39m [33m*[39m [35m60[39m [33m*[39m [35m24[39m [33m*[39m [35m7[39m) {
    [31m[1m>[22m[39m[90m 19 |[39m   [90m// eslint-disable-next-line @typescript-eslint/no-explicit-any[39m
     [90m    |[39m               [31m[1m^[22m[39m
     [90m 20 |[39m   [36mreturn[39m [36mawait[39m [36mnew[39m [33mSignJWT[39m(claims [36mas[39m any)
     [90m 21 |[39m     [33m.[39msetProtectedHeader({ alg[33m:[39m [32m'HS256'[39m })
     [90m 22 |[39m     [33m.[39msetIssuedAt()[0m

      at Runtime.createScriptFromCode (node_modules/jest-runtime/build/index.js:1505:14)
      at Object.<anonymous> (src/lib/jwt.ts:19:15)
      at Object.<anonymous> (app/api/auth/login/route.ts:13:14)
      at src/__tests__/api.smoke.test.ts:25:25
      at Object.<anonymous> (src/__tests__/api.smoke.test.ts:25:19)

  ● api routes smoke › app/api/auth/me/route.ts exports handlers

    Jest encountered an unexpected token

    Jest failed to parse a file. This happens e.g. when your code or its dependencies use non-standard JavaScript syntax, or when Jest is not configured to support such syntax.

    Out of the box Jest supports Babel, which will be used to transform your files into valid JS based on your Babel configuration.

    By default "node_modules" folder is ignored by transformers.

    Here's what you can do:
     • If you are trying to use ECMAScript Modules, see https://jestjs.io/docs/ecmascript-modules for how to enable it.
     • If you are trying to use TypeScript, see https://jestjs.io/docs/getting-started#using-typescript
     • To have some of your "node_modules" files transformed, you can specify a custom "transformIgnorePatterns" in your config.
     • If you need a custom transformation specify a "transform" option in your config.
     • If you simply want to mock your non-JS modules (e.g. binary assets) you can stub them out with the "moduleNameMapper" config option.

    You'll find more details and examples of these config options in the docs:
    https://jestjs.io/docs/configuration
    For information about custom transformations, see:
    https://jestjs.io/docs/code-transformation

    Details:

    E:\VSCode_Repo\tech-oblivion-wpHeadless\node_modules\jose\dist\webapi\index.js:1
    ({"Object.<anonymous>":function(module,exports,require,__dirname,__filename,jest){export { compactDecrypt } from './jwe/compact/decrypt.js';
                                                                                      ^^^^^^

    SyntaxError: Unexpected token 'export'

    [0m [90m 17 |[39m
     [90m 18 |[39m [36mexport[39m [36masync[39m [36mfunction[39m signSession(claims[33m:[39m [33mSessionClaims[39m[33m,[39m maxAgeSec [33m=[39m [35m60[39m [33m*[39m [35m60[39m [33m*[39m [35m24[39m [33m*[39m [35m7[39m) {
    [31m[1m>[22m[39m[90m 19 |[39m   [90m// eslint-disable-next-line @typescript-eslint/no-explicit-any[39m
     [90m    |[39m               [31m[1m^[22m[39m
     [90m 20 |[39m   [36mreturn[39m [36mawait[39m [36mnew[39m [33mSignJWT[39m(claims [36mas[39m any)
     [90m 21 |[39m     [33m.[39msetProtectedHeader({ alg[33m:[39m [32m'HS256'[39m })
     [90m 22 |[39m     [33m.[39msetIssuedAt()[0m

      at Runtime.createScriptFromCode (node_modules/jest-runtime/build/index.js:1505:14)
      at Object.<anonymous> (src/lib/jwt.ts:19:15)
      at Object.<anonymous> (app/api/auth/me/route.ts:13:14)
      at src/__tests__/api.smoke.test.ts:25:25
      at Object.<anonymous> (src/__tests__/api.smoke.test.ts:25:19)

  ● api routes smoke › app/api/core/endpoints/route.ts exports handlers

    Jest encountered an unexpected token

    Jest failed to parse a file. This happens e.g. when your code or its dependencies use non-standard JavaScript syntax, or when Jest is not configured to support such syntax.

    Out of the box Jest supports Babel, which will be used to transform your files into valid JS based on your Babel configuration.

    By default "node_modules" folder is ignored by transformers.

    Here's what you can do:
     • If you are trying to use ECMAScript Modules, see https://jestjs.io/docs/ecmascript-modules for how to enable it.
     • If you are trying to use TypeScript, see https://jestjs.io/docs/getting-started#using-typescript
     • To have some of your "node_modules" files transformed, you can specify a custom "transformIgnorePatterns" in your config.
     • If you need a custom transformation specify a "transform" option in your config.
     • If you simply want to mock your non-JS modules (e.g. binary assets) you can stub them out with the "moduleNameMapper" config option.

    You'll find more details and examples of these config options in the docs:
    https://jestjs.io/docs/configuration
    For information about custom transformations, see:
    https://jestjs.io/docs/code-transformation

    Details:

    E:\VSCode_Repo\tech-oblivion-wpHeadless\node_modules\jose\dist\webapi\index.js:1
    ({"Object.<anonymous>":function(module,exports,require,__dirname,__filename,jest){export { compactDecrypt } from './jwe/compact/decrypt.js';
                                                                                      ^^^^^^

    SyntaxError: Unexpected token 'export'

    [0m [90m 17 |[39m
     [90m 18 |[39m [36mexport[39m [36masync[39m [36mfunction[39m signSession(claims[33m:[39m [33mSessionClaims[39m[33m,[39m maxAgeSec [33m=[39m [35m60[39m [33m*[39m [35m60[39m [33m*[39m [35m24[39m [33m*[39m [35m7[39m) {
    [31m[1m>[22m[39m[90m 19 |[39m   [90m// eslint-disable-next-line @typescript-eslint/no-explicit-any[39m
     [90m    |[39m               [31m[1m^[22m[39m
     [90m 20 |[39m   [36mreturn[39m [36mawait[39m [36mnew[39m [33mSignJWT[39m(claims [36mas[39m any)
     [90m 21 |[39m     [33m.[39msetProtectedHeader({ alg[33m:[39m [32m'HS256'[39m })
     [90m 22 |[39m     [33m.[39msetIssuedAt()[0m

      at Runtime.createScriptFromCode (node_modules/jest-runtime/build/index.js:1505:14)
      at Object.<anonymous> (src/lib/jwt.ts:19:15)
      at Object.<anonymous> (src/lib/fetchWithAuth.ts:22:14)
      at Object.<anonymous> (app/api/core/endpoints/route.ts:22:24)
      at src/__tests__/api.smoke.test.ts:25:25
      at Object.<anonymous> (src/__tests__/api.smoke.test.ts:25:19)

  ● api routes smoke › app/api/logs/route.ts exports handlers

    Jest encountered an unexpected token

    Jest failed to parse a file. This happens e.g. when your code or its dependencies use non-standard JavaScript syntax, or when Jest is not configured to support such syntax.

    Out of the box Jest supports Babel, which will be used to transform your files into valid JS based on your Babel configuration.

    By default "node_modules" folder is ignored by transformers.

    Here's what you can do:
     • If you are trying to use ECMAScript Modules, see https://jestjs.io/docs/ecmascript-modules for how to enable it.
     • If you are trying to use TypeScript, see https://jestjs.io/docs/getting-started#using-typescript
     • To have some of your "node_modules" files transformed, you can specify a custom "transformIgnorePatterns" in your config.
     • If you need a custom transformation specify a "transform" option in your config.
     • If you simply want to mock your non-JS modules (e.g. binary assets) you can stub them out with the "moduleNameMapper" config option.

    You'll find more details and examples of these config options in the docs:
    https://jestjs.io/docs/configuration
    For information about custom transformations, see:
    https://jestjs.io/docs/code-transformation

    Details:

    E:\VSCode_Repo\tech-oblivion-wpHeadless\node_modules\jose\dist\webapi\index.js:1
    ({"Object.<anonymous>":function(module,exports,require,__dirname,__filename,jest){export { compactDecrypt } from './jwe/compact/decrypt.js';
                                                                                      ^^^^^^

    SyntaxError: Unexpected token 'export'

    [0m [90m 17 |[39m
     [90m 18 |[39m [36mexport[39m [36masync[39m [36mfunction[39m signSession(claims[33m:[39m [33mSessionClaims[39m[33m,[39m maxAgeSec [33m=[39m [35m60[39m [33m*[39m [35m60[39m [33m*[39m [35m24[39m [33m*[39m [35m7[39m) {
    [31m[1m>[22m[39m[90m 19 |[39m   [90m// eslint-disable-next-line @typescript-eslint/no-explicit-any[39m
     [90m    |[39m               [31m[1m^[22m[39m
     [90m 20 |[39m   [36mreturn[39m [36mawait[39m [36mnew[39m [33mSignJWT[39m(claims [36mas[39m any)
     [90m 21 |[39m     [33m.[39msetProtectedHeader({ alg[33m:[39m [32m'HS256'[39m })
     [90m 22 |[39m     [33m.[39msetIssuedAt()[0m

      at Runtime.createScriptFromCode (node_modules/jest-runtime/build/index.js:1505:14)
      at Object.<anonymous> (src/lib/jwt.ts:19:15)
      at Object.<anonymous> (app/api/logs/route.ts:29:14)
      at src/__tests__/api.smoke.test.ts:25:25
      at Object.<anonymous> (src/__tests__/api.smoke.test.ts:25:19)

  ● api routes smoke › app/api/metrics/layout/default/route.ts exports handlers

    Jest encountered an unexpected token

    Jest failed to parse a file. This happens e.g. when your code or its dependencies use non-standard JavaScript syntax, or when Jest is not configured to support such syntax.

    Out of the box Jest supports Babel, which will be used to transform your files into valid JS based on your Babel configuration.

    By default "node_modules" folder is ignored by transformers.

    Here's what you can do:
     • If you are trying to use ECMAScript Modules, see https://jestjs.io/docs/ecmascript-modules for how to enable it.
     • If you are trying to use TypeScript, see https://jestjs.io/docs/getting-started#using-typescript
     • To have some of your "node_modules" files transformed, you can specify a custom "transformIgnorePatterns" in your config.
     • If you need a custom transformation specify a "transform" option in your config.
     • If you simply want to mock your non-JS modules (e.g. binary assets) you can stub them out with the "moduleNameMapper" config option.

    You'll find more details and examples of these config options in the docs:
    https://jestjs.io/docs/configuration
    For information about custom transformations, see:
    https://jestjs.io/docs/code-transformation

    Details:

    E:\VSCode_Repo\tech-oblivion-wpHeadless\node_modules\jose\dist\webapi\index.js:1
    ({"Object.<anonymous>":function(module,exports,require,__dirname,__filename,jest){export { compactDecrypt } from './jwe/compact/decrypt.js';
                                                                                      ^^^^^^

    SyntaxError: Unexpected token 'export'

    [0m [90m 17 |[39m
     [90m 18 |[39m [36mexport[39m [36masync[39m [36mfunction[39m signSession(claims[33m:[39m [33mSessionClaims[39m[33m,[39m maxAgeSec [33m=[39m [35m60[39m [33m*[39m [35m60[39m [33m*[39m [35m24[39m [33m*[39m [35m7[39m) {
    [31m[1m>[22m[39m[90m 19 |[39m   [90m// eslint-disable-next-line @typescript-eslint/no-explicit-any[39m
     [90m    |[39m               [31m[1m^[22m[39m
     [90m 20 |[39m   [36mreturn[39m [36mawait[39m [36mnew[39m [33mSignJWT[39m(claims [36mas[39m any)
     [90m 21 |[39m     [33m.[39msetProtectedHeader({ alg[33m:[39m [32m'HS256'[39m })
     [90m 22 |[39m     [33m.[39msetIssuedAt()[0m

      at Runtime.createScriptFromCode (node_modules/jest-runtime/build/index.js:1505:14)
      at Object.<anonymous> (src/lib/jwt.ts:19:15)
      at Object.<anonymous> (src/lib/fetchWithAuth.ts:22:14)
      at Object.<anonymous> (app/api/metrics/layout/default/route.ts:22:24)
      at src/__tests__/api.smoke.test.ts:25:25
      at Object.<anonymous> (src/__tests__/api.smoke.test.ts:25:19)

  ● api routes smoke › app/api/metrics/layout/route.ts exports handlers

    Jest encountered an unexpected token

    Jest failed to parse a file. This happens e.g. when your code or its dependencies use non-standard JavaScript syntax, or when Jest is not configured to support such syntax.

    Out of the box Jest supports Babel, which will be used to transform your files into valid JS based on your Babel configuration.

    By default "node_modules" folder is ignored by transformers.

    Here's what you can do:
     • If you are trying to use ECMAScript Modules, see https://jestjs.io/docs/ecmascript-modules for how to enable it.
     • If you are trying to use TypeScript, see https://jestjs.io/docs/getting-started#using-typescript
     • To have some of your "node_modules" files transformed, you can specify a custom "transformIgnorePatterns" in your config.
     • If you need a custom transformation specify a "transform" option in your config.
     • If you simply want to mock your non-JS modules (e.g. binary assets) you can stub them out with the "moduleNameMapper" config option.

    You'll find more details and examples of these config options in the docs:
    https://jestjs.io/docs/configuration
    For information about custom transformations, see:
    https://jestjs.io/docs/code-transformation

    Details:

    E:\VSCode_Repo\tech-oblivion-wpHeadless\node_modules\jose\dist\webapi\index.js:1
    ({"Object.<anonymous>":function(module,exports,require,__dirname,__filename,jest){export { compactDecrypt } from './jwe/compact/decrypt.js';
                                                                                      ^^^^^^

    SyntaxError: Unexpected token 'export'

    [0m [90m 17 |[39m
     [90m 18 |[39m [36mexport[39m [36masync[39m [36mfunction[39m signSession(claims[33m:[39m [33mSessionClaims[39m[33m,[39m maxAgeSec [33m=[39m [35m60[39m [33m*[39m [35m60[39m [33m*[39m [35m24[39m [33m*[39m [35m7[39m) {
    [31m[1m>[22m[39m[90m 19 |[39m   [90m// eslint-disable-next-line @typescript-eslint/no-explicit-any[39m
     [90m    |[39m               [31m[1m^[22m[39m
     [90m 20 |[39m   [36mreturn[39m [36mawait[39m [36mnew[39m [33mSignJWT[39m(claims [36mas[39m any)
     [90m 21 |[39m     [33m.[39msetProtectedHeader({ alg[33m:[39m [32m'HS256'[39m })
     [90m 22 |[39m     [33m.[39msetIssuedAt()[0m

      at Runtime.createScriptFromCode (node_modules/jest-runtime/build/index.js:1505:14)
      at Object.<anonymous> (src/lib/jwt.ts:19:15)
      at Object.<anonymous> (src/lib/fetchWithAuth.ts:22:14)
      at Object.<anonymous> (app/api/metrics/layout/route.ts:28:24)
      at src/__tests__/api.smoke.test.ts:25:25
      at Object.<anonymous> (src/__tests__/api.smoke.test.ts:25:19)

  ● api routes smoke › app/api/metrics/route.ts exports handlers

    Jest encountered an unexpected token

    Jest failed to parse a file. This happens e.g. when your code or its dependencies use non-standard JavaScript syntax, or when Jest is not configured to support such syntax.

    Out of the box Jest supports Babel, which will be used to transform your files into valid JS based on your Babel configuration.

    By default "node_modules" folder is ignored by transformers.

    Here's what you can do:
     • If you are trying to use ECMAScript Modules, see https://jestjs.io/docs/ecmascript-modules for how to enable it.
     • If you are trying to use TypeScript, see https://jestjs.io/docs/getting-started#using-typescript
     • To have some of your "node_modules" files transformed, you can specify a custom "transformIgnorePatterns" in your config.
     • If you need a custom transformation specify a "transform" option in your config.
     • If you simply want to mock your non-JS modules (e.g. binary assets) you can stub them out with the "moduleNameMapper" config option.

    You'll find more details and examples of these config options in the docs:
    https://jestjs.io/docs/configuration
    For information about custom transformations, see:
    https://jestjs.io/docs/code-transformation

    Details:

    E:\VSCode_Repo\tech-oblivion-wpHeadless\node_modules\jose\dist\webapi\index.js:1
    ({"Object.<anonymous>":function(module,exports,require,__dirname,__filename,jest){export { compactDecrypt } from './jwe/compact/decrypt.js';
                                                                                      ^^^^^^

    SyntaxError: Unexpected token 'export'

    [0m [90m 17 |[39m
     [90m 18 |[39m [36mexport[39m [36masync[39m [36mfunction[39m signSession(claims[33m:[39m [33mSessionClaims[39m[33m,[39m maxAgeSec [33m=[39m [35m60[39m [33m*[39m [35m60[39m [33m*[39m [35m24[39m [33m*[39m [35m7[39m) {
    [31m[1m>[22m[39m[90m 19 |[39m   [90m// eslint-disable-next-line @typescript-eslint/no-explicit-any[39m
     [90m    |[39m               [31m[1m^[22m[39m
     [90m 20 |[39m   [36mreturn[39m [36mawait[39m [36mnew[39m [33mSignJWT[39m(claims [36mas[39m any)
     [90m 21 |[39m     [33m.[39msetProtectedHeader({ alg[33m:[39m [32m'HS256'[39m })
     [90m 22 |[39m     [33m.[39msetIssuedAt()[0m

      at Runtime.createScriptFromCode (node_modules/jest-runtime/build/index.js:1505:14)
      at Object.<anonymous> (src/lib/jwt.ts:19:15)
      at Object.<anonymous> (src/lib/fetchWithAuth.ts:22:14)
      at Object.<anonymous> (app/api/metrics/route.ts:25:24)
      at src/__tests__/api.smoke.test.ts:25:25
      at Object.<anonymous> (src/__tests__/api.smoke.test.ts:25:19)

  ● api routes smoke › app/api/metrics/variables/route.ts exports handlers

    Jest encountered an unexpected token

    Jest failed to parse a file. This happens e.g. when your code or its dependencies use non-standard JavaScript syntax, or when Jest is not configured to support such syntax.

    Out of the box Jest supports Babel, which will be used to transform your files into valid JS based on your Babel configuration.

    By default "node_modules" folder is ignored by transformers.

    Here's what you can do:
     • If you are trying to use ECMAScript Modules, see https://jestjs.io/docs/ecmascript-modules for how to enable it.
     • If you are trying to use TypeScript, see https://jestjs.io/docs/getting-started#using-typescript
     • To have some of your "node_modules" files transformed, you can specify a custom "transformIgnorePatterns" in your config.
     • If you need a custom transformation specify a "transform" option in your config.
     • If you simply want to mock your non-JS modules (e.g. binary assets) you can stub them out with the "moduleNameMapper" config option.

    You'll find more details and examples of these config options in the docs:
    https://jestjs.io/docs/configuration
    For information about custom transformations, see:
    https://jestjs.io/docs/code-transformation

    Details:

    E:\VSCode_Repo\tech-oblivion-wpHeadless\node_modules\jose\dist\webapi\index.js:1
    ({"Object.<anonymous>":function(module,exports,require,__dirname,__filename,jest){export { compactDecrypt } from './jwe/compact/decrypt.js';
                                                                                      ^^^^^^

    SyntaxError: Unexpected token 'export'

    [0m [90m 17 |[39m
     [90m 18 |[39m [36mexport[39m [36masync[39m [36mfunction[39m signSession(claims[33m:[39m [33mSessionClaims[39m[33m,[39m maxAgeSec [33m=[39m [35m60[39m [33m*[39m [35m60[39m [33m*[39m [35m24[39m [33m*[39m [35m7[39m) {
    [31m[1m>[22m[39m[90m 19 |[39m   [90m// eslint-disable-next-line @typescript-eslint/no-explicit-any[39m
     [90m    |[39m               [31m[1m^[22m[39m
     [90m 20 |[39m   [36mreturn[39m [36mawait[39m [36mnew[39m [33mSignJWT[39m(claims [36mas[39m any)
     [90m 21 |[39m     [33m.[39msetProtectedHeader({ alg[33m:[39m [32m'HS256'[39m })
     [90m 22 |[39m     [33m.[39msetIssuedAt()[0m

      at Runtime.createScriptFromCode (node_modules/jest-runtime/build/index.js:1505:14)
      at Object.<anonymous> (src/lib/jwt.ts:19:15)
      at Object.<anonymous> (src/lib/fetchWithAuth.ts:22:14)
      at Object.<anonymous> (app/api/metrics/variables/route.ts:22:24)
      at src/__tests__/api.smoke.test.ts:25:25
      at Object.<anonymous> (src/__tests__/api.smoke.test.ts:25:19)

  ● api routes smoke › app/api/metrics/[id]/eval/route.ts exports handlers

    Jest encountered an unexpected token

    Jest failed to parse a file. This happens e.g. when your code or its dependencies use non-standard JavaScript syntax, or when Jest is not configured to support such syntax.

    Out of the box Jest supports Babel, which will be used to transform your files into valid JS based on your Babel configuration.

    By default "node_modules" folder is ignored by transformers.

    Here's what you can do:
     • If you are trying to use ECMAScript Modules, see https://jestjs.io/docs/ecmascript-modules for how to enable it.
     • If you are trying to use TypeScript, see https://jestjs.io/docs/getting-started#using-typescript
     • To have some of your "node_modules" files transformed, you can specify a custom "transformIgnorePatterns" in your config.
     • If you need a custom transformation specify a "transform" option in your config.
     • If you simply want to mock your non-JS modules (e.g. binary assets) you can stub them out with the "moduleNameMapper" config option.

    You'll find more details and examples of these config options in the docs:
    https://jestjs.io/docs/configuration
    For information about custom transformations, see:
    https://jestjs.io/docs/code-transformation

    Details:

    E:\VSCode_Repo\tech-oblivion-wpHeadless\node_modules\jose\dist\webapi\index.js:1
    ({"Object.<anonymous>":function(module,exports,require,__dirname,__filename,jest){export { compactDecrypt } from './jwe/compact/decrypt.js';
                                                                                      ^^^^^^

    SyntaxError: Unexpected token 'export'

    [0m [90m 17 |[39m
     [90m 18 |[39m [36mexport[39m [36masync[39m [36mfunction[39m signSession(claims[33m:[39m [33mSessionClaims[39m[33m,[39m maxAgeSec [33m=[39m [35m60[39m [33m*[39m [35m60[39m [33m*[39m [35m24[39m [33m*[39m [35m7[39m) {
    [31m[1m>[22m[39m[90m 19 |[39m   [90m// eslint-disable-next-line @typescript-eslint/no-explicit-any[39m
     [90m    |[39m               [31m[1m^[22m[39m
     [90m 20 |[39m   [36mreturn[39m [36mawait[39m [36mnew[39m [33mSignJWT[39m(claims [36mas[39m any)
     [90m 21 |[39m     [33m.[39msetProtectedHeader({ alg[33m:[39m [32m'HS256'[39m })
     [90m 22 |[39m     [33m.[39msetIssuedAt()[0m

      at Runtime.createScriptFromCode (node_modules/jest-runtime/build/index.js:1505:14)
      at Object.<anonymous> (src/lib/jwt.ts:19:15)
      at Object.<anonymous> (src/lib/fetchWithAuth.ts:22:14)
      at Object.<anonymous> (app/api/metrics/[id]/eval/route.ts:22:24)
      at src/__tests__/api.smoke.test.ts:25:25
      at Object.<anonymous> (src/__tests__/api.smoke.test.ts:25:19)

  ● api routes smoke › app/api/metrics/[id]/route.ts exports handlers

    Jest encountered an unexpected token

    Jest failed to parse a file. This happens e.g. when your code or its dependencies use non-standard JavaScript syntax, or when Jest is not configured to support such syntax.

    Out of the box Jest supports Babel, which will be used to transform your files into valid JS based on your Babel configuration.

    By default "node_modules" folder is ignored by transformers.

    Here's what you can do:
     • If you are trying to use ECMAScript Modules, see https://jestjs.io/docs/ecmascript-modules for how to enable it.
     • If you are trying to use TypeScript, see https://jestjs.io/docs/getting-started#using-typescript
     • To have some of your "node_modules" files transformed, you can specify a custom "transformIgnorePatterns" in your config.
     • If you need a custom transformation specify a "transform" option in your config.
     • If you simply want to mock your non-JS modules (e.g. binary assets) you can stub them out with the "moduleNameMapper" config option.

    You'll find more details and examples of these config options in the docs:
    https://jestjs.io/docs/configuration
    For information about custom transformations, see:
    https://jestjs.io/docs/code-transformation

    Details:

    E:\VSCode_Repo\tech-oblivion-wpHeadless\node_modules\jose\dist\webapi\index.js:1
    ({"Object.<anonymous>":function(module,exports,require,__dirname,__filename,jest){export { compactDecrypt } from './jwe/compact/decrypt.js';
                                                                                      ^^^^^^

    SyntaxError: Unexpected token 'export'

    [0m [90m 17 |[39m
     [90m 18 |[39m [36mexport[39m [36masync[39m [36mfunction[39m signSession(claims[33m:[39m [33mSessionClaims[39m[33m,[39m maxAgeSec [33m=[39m [35m60[39m [33m*[39m [35m60[39m [33m*[39m [35m24[39m [33m*[39m [35m7[39m) {
    [31m[1m>[22m[39m[90m 19 |[39m   [90m// eslint-disable-next-line @typescript-eslint/no-explicit-any[39m
     [90m    |[39m               [31m[1m^[22m[39m
     [90m 20 |[39m   [36mreturn[39m [36mawait[39m [36mnew[39m [33mSignJWT[39m(claims [36mas[39m any)
     [90m 21 |[39m     [33m.[39msetProtectedHeader({ alg[33m:[39m [32m'HS256'[39m })
     [90m 22 |[39m     [33m.[39msetIssuedAt()[0m

      at Runtime.createScriptFromCode (node_modules/jest-runtime/build/index.js:1505:14)
      at Object.<anonymous> (src/lib/jwt.ts:19:15)
      at Object.<anonymous> (src/lib/fetchWithAuth.ts:22:14)
      at Object.<anonymous> (app/api/metrics/[id]/route.ts:28:24)
      at src/__tests__/api.smoke.test.ts:25:25
      at Object.<anonymous> (src/__tests__/api.smoke.test.ts:25:19)

  ● api routes smoke › app/api/roles/matrix/route.ts exports handlers

    Jest encountered an unexpected token

    Jest failed to parse a file. This happens e.g. when your code or its dependencies use non-standard JavaScript syntax, or when Jest is not configured to support such syntax.

    Out of the box Jest supports Babel, which will be used to transform your files into valid JS based on your Babel configuration.

    By default "node_modules" folder is ignored by transformers.

    Here's what you can do:
     • If you are trying to use ECMAScript Modules, see https://jestjs.io/docs/ecmascript-modules for how to enable it.
     • If you are trying to use TypeScript, see https://jestjs.io/docs/getting-started#using-typescript
     • To have some of your "node_modules" files transformed, you can specify a custom "transformIgnorePatterns" in your config.
     • If you need a custom transformation specify a "transform" option in your config.
     • If you simply want to mock your non-JS modules (e.g. binary assets) you can stub them out with the "moduleNameMapper" config option.

    You'll find more details and examples of these config options in the docs:
    https://jestjs.io/docs/configuration
    For information about custom transformations, see:
    https://jestjs.io/docs/code-transformation

    Details:

    E:\VSCode_Repo\tech-oblivion-wpHeadless\node_modules\jose\dist\webapi\index.js:1
    ({"Object.<anonymous>":function(module,exports,require,__dirname,__filename,jest){export { compactDecrypt } from './jwe/compact/decrypt.js';
                                                                                      ^^^^^^

    SyntaxError: Unexpected token 'export'

    [0m [90m 17 |[39m
     [90m 18 |[39m [36mexport[39m [36masync[39m [36mfunction[39m signSession(claims[33m:[39m [33mSessionClaims[39m[33m,[39m maxAgeSec [33m=[39m [35m60[39m [33m*[39m [35m60[39m [33m*[39m [35m24[39m [33m*[39m [35m7[39m) {
    [31m[1m>[22m[39m[90m 19 |[39m   [90m// eslint-disable-next-line @typescript-eslint/no-explicit-any[39m
     [90m    |[39m               [31m[1m^[22m[39m
     [90m 20 |[39m   [36mreturn[39m [36mawait[39m [36mnew[39m [33mSignJWT[39m(claims [36mas[39m any)
     [90m 21 |[39m     [33m.[39msetProtectedHeader({ alg[33m:[39m [32m'HS256'[39m })
     [90m 22 |[39m     [33m.[39msetIssuedAt()[0m

      at Runtime.createScriptFromCode (node_modules/jest-runtime/build/index.js:1505:14)
      at Object.<anonymous> (src/lib/jwt.ts:19:15)
      at Object.<anonymous> (app/api/roles/matrix/route.ts:23:14)
      at src/__tests__/api.smoke.test.ts:25:25
      at Object.<anonymous> (src/__tests__/api.smoke.test.ts:25:19)

  ● api routes smoke › app/api/wp/bookmarks/route.ts exports handlers

    Jest encountered an unexpected token

    Jest failed to parse a file. This happens e.g. when your code or its dependencies use non-standard JavaScript syntax, or when Jest is not configured to support such syntax.

    Out of the box Jest supports Babel, which will be used to transform your files into valid JS based on your Babel configuration.

    By default "node_modules" folder is ignored by transformers.

    Here's what you can do:
     • If you are trying to use ECMAScript Modules, see https://jestjs.io/docs/ecmascript-modules for how to enable it.
     • If you are trying to use TypeScript, see https://jestjs.io/docs/getting-started#using-typescript
     • To have some of your "node_modules" files transformed, you can specify a custom "transformIgnorePatterns" in your config.
     • If you need a custom transformation specify a "transform" option in your config.
     • If you simply want to mock your non-JS modules (e.g. binary assets) you can stub them out with the "moduleNameMapper" config option.

    You'll find more details and examples of these config options in the docs:
    https://jestjs.io/docs/configuration
    For information about custom transformations, see:
    https://jestjs.io/docs/code-transformation

    Details:

    E:\VSCode_Repo\tech-oblivion-wpHeadless\node_modules\jose\dist\webapi\index.js:1
    ({"Object.<anonymous>":function(module,exports,require,__dirname,__filename,jest){export { compactDecrypt } from './jwe/compact/decrypt.js';
                                                                                      ^^^^^^

    SyntaxError: Unexpected token 'export'

    [0m [90m 17 |[39m
     [90m 18 |[39m [36mexport[39m [36masync[39m [36mfunction[39m signSession(claims[33m:[39m [33mSessionClaims[39m[33m,[39m maxAgeSec [33m=[39m [35m60[39m [33m*[39m [35m60[39m [33m*[39m [35m24[39m [33m*[39m [35m7[39m) {
    [31m[1m>[22m[39m[90m 19 |[39m   [90m// eslint-disable-next-line @typescript-eslint/no-explicit-any[39m
     [90m    |[39m               [31m[1m^[22m[39m
     [90m 20 |[39m   [36mreturn[39m [36mawait[39m [36mnew[39m [33mSignJWT[39m(claims [36mas[39m any)
     [90m 21 |[39m     [33m.[39msetProtectedHeader({ alg[33m:[39m [32m'HS256'[39m })
     [90m 22 |[39m     [33m.[39msetIssuedAt()[0m

      at Runtime.createScriptFromCode (node_modules/jest-runtime/build/index.js:1505:14)
      at Object.<anonymous> (src/lib/jwt.ts:19:15)
      at Object.<anonymous> (src/lib/fetchWithAuth.ts:22:14)
      at Object.<anonymous> (app/api/wp/bookmarks/route.ts:25:24)
      at src/__tests__/api.smoke.test.ts:25:25
      at Object.<anonymous> (src/__tests__/api.smoke.test.ts:25:19)

  ● api routes smoke › app/api/wp/comments/bulk/route.ts exports handlers

    Jest encountered an unexpected token

    Jest failed to parse a file. This happens e.g. when your code or its dependencies use non-standard JavaScript syntax, or when Jest is not configured to support such syntax.

    Out of the box Jest supports Babel, which will be used to transform your files into valid JS based on your Babel configuration.

    By default "node_modules" folder is ignored by transformers.

    Here's what you can do:
     • If you are trying to use ECMAScript Modules, see https://jestjs.io/docs/ecmascript-modules for how to enable it.
     • If you are trying to use TypeScript, see https://jestjs.io/docs/getting-started#using-typescript
     • To have some of your "node_modules" files transformed, you can specify a custom "transformIgnorePatterns" in your config.
     • If you need a custom transformation specify a "transform" option in your config.
     • If you simply want to mock your non-JS modules (e.g. binary assets) you can stub them out with the "moduleNameMapper" config option.

    You'll find more details and examples of these config options in the docs:
    https://jestjs.io/docs/configuration
    For information about custom transformations, see:
    https://jestjs.io/docs/code-transformation

    Details:

    E:\VSCode_Repo\tech-oblivion-wpHeadless\node_modules\jose\dist\webapi\index.js:1
    ({"Object.<anonymous>":function(module,exports,require,__dirname,__filename,jest){export { compactDecrypt } from './jwe/compact/decrypt.js';
                                                                                      ^^^^^^

    SyntaxError: Unexpected token 'export'

    [0m [90m 17 |[39m
     [90m 18 |[39m [36mexport[39m [36masync[39m [36mfunction[39m signSession(claims[33m:[39m [33mSessionClaims[39m[33m,[39m maxAgeSec [33m=[39m [35m60[39m [33m*[39m [35m60[39m [33m*[39m [35m24[39m [33m*[39m [35m7[39m) {
    [31m[1m>[22m[39m[90m 19 |[39m   [90m// eslint-disable-next-line @typescript-eslint/no-explicit-any[39m
     [90m    |[39m               [31m[1m^[22m[39m
     [90m 20 |[39m   [36mreturn[39m [36mawait[39m [36mnew[39m [33mSignJWT[39m(claims [36mas[39m any)
     [90m 21 |[39m     [33m.[39msetProtectedHeader({ alg[33m:[39m [32m'HS256'[39m })
     [90m 22 |[39m     [33m.[39msetIssuedAt()[0m

      at Runtime.createScriptFromCode (node_modules/jest-runtime/build/index.js:1505:14)
      at Object.<anonymous> (src/lib/jwt.ts:19:15)
      at Object.<anonymous> (src/lib/fetchWithAuth.ts:22:14)
      at Object.<anonymous> (app/api/wp/comments/bulk/route.ts:19:24)
      at src/__tests__/api.smoke.test.ts:25:25
      at Object.<anonymous> (src/__tests__/api.smoke.test.ts:25:19)

  ● api routes smoke › app/api/wp/comments/route.ts exports handlers

    Jest encountered an unexpected token

    Jest failed to parse a file. This happens e.g. when your code or its dependencies use non-standard JavaScript syntax, or when Jest is not configured to support such syntax.

    Out of the box Jest supports Babel, which will be used to transform your files into valid JS based on your Babel configuration.

    By default "node_modules" folder is ignored by transformers.

    Here's what you can do:
     • If you are trying to use ECMAScript Modules, see https://jestjs.io/docs/ecmascript-modules for how to enable it.
     • If you are trying to use TypeScript, see https://jestjs.io/docs/getting-started#using-typescript
     • To have some of your "node_modules" files transformed, you can specify a custom "transformIgnorePatterns" in your config.
     • If you need a custom transformation specify a "transform" option in your config.
     • If you simply want to mock your non-JS modules (e.g. binary assets) you can stub them out with the "moduleNameMapper" config option.

    You'll find more details and examples of these config options in the docs:
    https://jestjs.io/docs/configuration
    For information about custom transformations, see:
    https://jestjs.io/docs/code-transformation

    Details:

    E:\VSCode_Repo\tech-oblivion-wpHeadless\node_modules\jose\dist\webapi\index.js:1
    ({"Object.<anonymous>":function(module,exports,require,__dirname,__filename,jest){export { compactDecrypt } from './jwe/compact/decrypt.js';
                                                                                      ^^^^^^

    SyntaxError: Unexpected token 'export'

    [0m [90m 17 |[39m
     [90m 18 |[39m [36mexport[39m [36masync[39m [36mfunction[39m signSession(claims[33m:[39m [33mSessionClaims[39m[33m,[39m maxAgeSec [33m=[39m [35m60[39m [33m*[39m [35m60[39m [33m*[39m [35m24[39m [33m*[39m [35m7[39m) {
    [31m[1m>[22m[39m[90m 19 |[39m   [90m// eslint-disable-next-line @typescript-eslint/no-explicit-any[39m
     [90m    |[39m               [31m[1m^[22m[39m
     [90m 20 |[39m   [36mreturn[39m [36mawait[39m [36mnew[39m [33mSignJWT[39m(claims [36mas[39m any)
     [90m 21 |[39m     [33m.[39msetProtectedHeader({ alg[33m:[39m [32m'HS256'[39m })
     [90m 22 |[39m     [33m.[39msetIssuedAt()[0m

      at Runtime.createScriptFromCode (node_modules/jest-runtime/build/index.js:1505:14)
      at Object.<anonymous> (src/lib/jwt.ts:19:15)
      at Object.<anonymous> (src/app/api/wp/comments/route.ts:27:14)
      at Object.<anonymous> (app/api/wp/comments/route.ts:26:16)
      at src/__tests__/api.smoke.test.ts:25:25
      at Object.<anonymous> (src/__tests__/api.smoke.test.ts:25:19)

  ● api routes smoke › app/api/wp/media/count/route.ts exports handlers

    Jest encountered an unexpected token

    Jest failed to parse a file. This happens e.g. when your code or its dependencies use non-standard JavaScript syntax, or when Jest is not configured to support such syntax.

    Out of the box Jest supports Babel, which will be used to transform your files into valid JS based on your Babel configuration.

    By default "node_modules" folder is ignored by transformers.

    Here's what you can do:
     • If you are trying to use ECMAScript Modules, see https://jestjs.io/docs/ecmascript-modules for how to enable it.
     • If you are trying to use TypeScript, see https://jestjs.io/docs/getting-started#using-typescript
     • To have some of your "node_modules" files transformed, you can specify a custom "transformIgnorePatterns" in your config.
     • If you need a custom transformation specify a "transform" option in your config.
     • If you simply want to mock your non-JS modules (e.g. binary assets) you can stub them out with the "moduleNameMapper" config option.

    You'll find more details and examples of these config options in the docs:
    https://jestjs.io/docs/configuration
    For information about custom transformations, see:
    https://jestjs.io/docs/code-transformation

    Details:

    E:\VSCode_Repo\tech-oblivion-wpHeadless\node_modules\jose\dist\webapi\index.js:1
    ({"Object.<anonymous>":function(module,exports,require,__dirname,__filename,jest){export { compactDecrypt } from './jwe/compact/decrypt.js';
                                                                                      ^^^^^^

    SyntaxError: Unexpected token 'export'

    [0m [90m 17 |[39m
     [90m 18 |[39m [36mexport[39m [36masync[39m [36mfunction[39m signSession(claims[33m:[39m [33mSessionClaims[39m[33m,[39m maxAgeSec [33m=[39m [35m60[39m [33m*[39m [35m60[39m [33m*[39m [35m24[39m [33m*[39m [35m7[39m) {
    [31m[1m>[22m[39m[90m 19 |[39m   [90m// eslint-disable-next-line @typescript-eslint/no-explicit-any[39m
     [90m    |[39m               [31m[1m^[22m[39m
     [90m 20 |[39m   [36mreturn[39m [36mawait[39m [36mnew[39m [33mSignJWT[39m(claims [36mas[39m any)
     [90m 21 |[39m     [33m.[39msetProtectedHeader({ alg[33m:[39m [32m'HS256'[39m })
     [90m 22 |[39m     [33m.[39msetIssuedAt()[0m

      at Runtime.createScriptFromCode (node_modules/jest-runtime/build/index.js:1505:14)
      at Object.<anonymous> (src/lib/jwt.ts:19:15)
      at Object.<anonymous> (src/lib/fetchWithAuth.ts:22:14)
      at Object.<anonymous> (app/api/wp/media/count/route.ts:22:24)
      at src/__tests__/api.smoke.test.ts:25:25
      at Object.<anonymous> (src/__tests__/api.smoke.test.ts:25:19)

  ● api routes smoke › app/api/wp/media/route.ts exports handlers

    Jest encountered an unexpected token

    Jest failed to parse a file. This happens e.g. when your code or its dependencies use non-standard JavaScript syntax, or when Jest is not configured to support such syntax.

    Out of the box Jest supports Babel, which will be used to transform your files into valid JS based on your Babel configuration.

    By default "node_modules" folder is ignored by transformers.

    Here's what you can do:
     • If you are trying to use ECMAScript Modules, see https://jestjs.io/docs/ecmascript-modules for how to enable it.
     • If you are trying to use TypeScript, see https://jestjs.io/docs/getting-started#using-typescript
     • To have some of your "node_modules" files transformed, you can specify a custom "transformIgnorePatterns" in your config.
     • If you need a custom transformation specify a "transform" option in your config.
     • If you simply want to mock your non-JS modules (e.g. binary assets) you can stub them out with the "moduleNameMapper" config option.

    You'll find more details and examples of these config options in the docs:
    https://jestjs.io/docs/configuration
    For information about custom transformations, see:
    https://jestjs.io/docs/code-transformation

    Details:

    E:\VSCode_Repo\tech-oblivion-wpHeadless\node_modules\jose\dist\webapi\index.js:1
    ({"Object.<anonymous>":function(module,exports,require,__dirname,__filename,jest){export { compactDecrypt } from './jwe/compact/decrypt.js';
                                                                                      ^^^^^^

    SyntaxError: Unexpected token 'export'

    [0m [90m 17 |[39m
     [90m 18 |[39m [36mexport[39m [36masync[39m [36mfunction[39m signSession(claims[33m:[39m [33mSessionClaims[39m[33m,[39m maxAgeSec [33m=[39m [35m60[39m [33m*[39m [35m60[39m [33m*[39m [35m24[39m [33m*[39m [35m7[39m) {
    [31m[1m>[22m[39m[90m 19 |[39m   [90m// eslint-disable-next-line @typescript-eslint/no-explicit-any[39m
     [90m    |[39m               [31m[1m^[22m[39m
     [90m 20 |[39m   [36mreturn[39m [36mawait[39m [36mnew[39m [33mSignJWT[39m(claims [36mas[39m any)
     [90m 21 |[39m     [33m.[39msetProtectedHeader({ alg[33m:[39m [32m'HS256'[39m })
     [90m 22 |[39m     [33m.[39msetIssuedAt()[0m

      at Runtime.createScriptFromCode (node_modules/jest-runtime/build/index.js:1505:14)
      at Object.<anonymous> (src/lib/jwt.ts:19:15)
      at Object.<anonymous> (src/lib/fetchWithAuth.ts:22:14)
      at Object.<anonymous> (app/api/wp/media/route.ts:25:24)
      at src/__tests__/api.smoke.test.ts:25:25
      at Object.<anonymous> (src/__tests__/api.smoke.test.ts:25:19)

  ● api routes smoke › app/api/wp/media/[id]/route.ts exports handlers

    Jest encountered an unexpected token

    Jest failed to parse a file. This happens e.g. when your code or its dependencies use non-standard JavaScript syntax, or when Jest is not configured to support such syntax.

    Out of the box Jest supports Babel, which will be used to transform your files into valid JS based on your Babel configuration.

    By default "node_modules" folder is ignored by transformers.

    Here's what you can do:
     • If you are trying to use ECMAScript Modules, see https://jestjs.io/docs/ecmascript-modules for how to enable it.
     • If you are trying to use TypeScript, see https://jestjs.io/docs/getting-started#using-typescript
     • To have some of your "node_modules" files transformed, you can specify a custom "transformIgnorePatterns" in your config.
     • If you need a custom transformation specify a "transform" option in your config.
     • If you simply want to mock your non-JS modules (e.g. binary assets) you can stub them out with the "moduleNameMapper" config option.

    You'll find more details and examples of these config options in the docs:
    https://jestjs.io/docs/configuration
    For information about custom transformations, see:
    https://jestjs.io/docs/code-transformation

    Details:

    E:\VSCode_Repo\tech-oblivion-wpHeadless\node_modules\jose\dist\webapi\index.js:1
    ({"Object.<anonymous>":function(module,exports,require,__dirname,__filename,jest){export { compactDecrypt } from './jwe/compact/decrypt.js';
                                                                                      ^^^^^^

    SyntaxError: Unexpected token 'export'

    [0m [90m 17 |[39m
     [90m 18 |[39m [36mexport[39m [36masync[39m [36mfunction[39m signSession(claims[33m:[39m [33mSessionClaims[39m[33m,[39m maxAgeSec [33m=[39m [35m60[39m [33m*[39m [35m60[39m [33m*[39m [35m24[39m [33m*[39m [35m7[39m) {
    [31m[1m>[22m[39m[90m 19 |[39m   [90m// eslint-disable-next-line @typescript-eslint/no-explicit-any[39m
     [90m    |[39m               [31m[1m^[22m[39m
     [90m 20 |[39m   [36mreturn[39m [36mawait[39m [36mnew[39m [33mSignJWT[39m(claims [36mas[39m any)
     [90m 21 |[39m     [33m.[39msetProtectedHeader({ alg[33m:[39m [32m'HS256'[39m })
     [90m 22 |[39m     [33m.[39msetIssuedAt()[0m

      at Runtime.createScriptFromCode (node_modules/jest-runtime/build/index.js:1505:14)
      at Object.<anonymous> (src/lib/jwt.ts:19:15)
      at Object.<anonymous> (src/lib/fetchWithAuth.ts:22:14)
      at Object.<anonymous> (app/api/wp/media/[id]/route.ts:22:24)
      at src/__tests__/api.smoke.test.ts:25:25
      at Object.<anonymous> (src/__tests__/api.smoke.test.ts:25:19)

  ● api routes smoke › app/api/wp/posts/count/route.ts exports handlers

    Jest encountered an unexpected token

    Jest failed to parse a file. This happens e.g. when your code or its dependencies use non-standard JavaScript syntax, or when Jest is not configured to support such syntax.

    Out of the box Jest supports Babel, which will be used to transform your files into valid JS based on your Babel configuration.

    By default "node_modules" folder is ignored by transformers.

    Here's what you can do:
     • If you are trying to use ECMAScript Modules, see https://jestjs.io/docs/ecmascript-modules for how to enable it.
     • If you are trying to use TypeScript, see https://jestjs.io/docs/getting-started#using-typescript
     • To have some of your "node_modules" files transformed, you can specify a custom "transformIgnorePatterns" in your config.
     • If you need a custom transformation specify a "transform" option in your config.
     • If you simply want to mock your non-JS modules (e.g. binary assets) you can stub them out with the "moduleNameMapper" config option.

    You'll find more details and examples of these config options in the docs:
    https://jestjs.io/docs/configuration
    For information about custom transformations, see:
    https://jestjs.io/docs/code-transformation

    Details:

    E:\VSCode_Repo\tech-oblivion-wpHeadless\node_modules\jose\dist\webapi\index.js:1
    ({"Object.<anonymous>":function(module,exports,require,__dirname,__filename,jest){export { compactDecrypt } from './jwe/compact/decrypt.js';
                                                                                      ^^^^^^

    SyntaxError: Unexpected token 'export'

    [0m [90m 17 |[39m
     [90m 18 |[39m [36mexport[39m [36masync[39m [36mfunction[39m signSession(claims[33m:[39m [33mSessionClaims[39m[33m,[39m maxAgeSec [33m=[39m [35m60[39m [33m*[39m [35m60[39m [33m*[39m [35m24[39m [33m*[39m [35m7[39m) {
    [31m[1m>[22m[39m[90m 19 |[39m   [90m// eslint-disable-next-line @typescript-eslint/no-explicit-any[39m
     [90m    |[39m               [31m[1m^[22m[39m
     [90m 20 |[39m   [36mreturn[39m [36mawait[39m [36mnew[39m [33mSignJWT[39m(claims [36mas[39m any)
     [90m 21 |[39m     [33m.[39msetProtectedHeader({ alg[33m:[39m [32m'HS256'[39m })
     [90m 22 |[39m     [33m.[39msetIssuedAt()[0m

      at Runtime.createScriptFromCode (node_modules/jest-runtime/build/index.js:1505:14)
      at Object.<anonymous> (src/lib/jwt.ts:19:15)
      at Object.<anonymous> (src/lib/fetchWithAuth.ts:22:14)
      at Object.<anonymous> (app/api/wp/posts/count/route.ts:22:24)
      at src/__tests__/api.smoke.test.ts:25:25
      at Object.<anonymous> (src/__tests__/api.smoke.test.ts:25:19)

  ● api routes smoke › app/api/wp/posts/route.ts exports handlers

    Jest encountered an unexpected token

    Jest failed to parse a file. This happens e.g. when your code or its dependencies use non-standard JavaScript syntax, or when Jest is not configured to support such syntax.

    Out of the box Jest supports Babel, which will be used to transform your files into valid JS based on your Babel configuration.

    By default "node_modules" folder is ignored by transformers.

    Here's what you can do:
     • If you are trying to use ECMAScript Modules, see https://jestjs.io/docs/ecmascript-modules for how to enable it.
     • If you are trying to use TypeScript, see https://jestjs.io/docs/getting-started#using-typescript
     • To have some of your "node_modules" files transformed, you can specify a custom "transformIgnorePatterns" in your config.
     • If you need a custom transformation specify a "transform" option in your config.
     • If you simply want to mock your non-JS modules (e.g. binary assets) you can stub them out with the "moduleNameMapper" config option.

    You'll find more details and examples of these config options in the docs:
    https://jestjs.io/docs/configuration
    For information about custom transformations, see:
    https://jestjs.io/docs/code-transformation

    Details:

    E:\VSCode_Repo\tech-oblivion-wpHeadless\node_modules\jose\dist\webapi\index.js:1
    ({"Object.<anonymous>":function(module,exports,require,__dirname,__filename,jest){export { compactDecrypt } from './jwe/compact/decrypt.js';
                                                                                      ^^^^^^

    SyntaxError: Unexpected token 'export'

    [0m [90m 17 |[39m
     [90m 18 |[39m [36mexport[39m [36masync[39m [36mfunction[39m signSession(claims[33m:[39m [33mSessionClaims[39m[33m,[39m maxAgeSec [33m=[39m [35m60[39m [33m*[39m [35m60[39m [33m*[39m [35m24[39m [33m*[39m [35m7[39m) {
    [31m[1m>[22m[39m[90m 19 |[39m   [90m// eslint-disable-next-line @typescript-eslint/no-explicit-any[39m
     [90m    |[39m               [31m[1m^[22m[39m
     [90m 20 |[39m   [36mreturn[39m [36mawait[39m [36mnew[39m [33mSignJWT[39m(claims [36mas[39m any)
     [90m 21 |[39m     [33m.[39msetProtectedHeader({ alg[33m:[39m [32m'HS256'[39m })
     [90m 22 |[39m     [33m.[39msetIssuedAt()[0m

      at Runtime.createScriptFromCode (node_modules/jest-runtime/build/index.js:1505:14)
      at Object.<anonymous> (src/lib/jwt.ts:19:15)
      at Object.<anonymous> (src/app/api/wp/posts/route.ts:33:14)
      at Object.<anonymous> (app/api/wp/posts/route.ts:32:16)
      at src/__tests__/api.smoke.test.ts:25:25
      at Object.<anonymous> (src/__tests__/api.smoke.test.ts:25:19)

  ● api routes smoke › app/api/wp/site-health/background-updates/route.ts exports handlers

    Jest encountered an unexpected token

    Jest failed to parse a file. This happens e.g. when your code or its dependencies use non-standard JavaScript syntax, or when Jest is not configured to support such syntax.

    Out of the box Jest supports Babel, which will be used to transform your files into valid JS based on your Babel configuration.

    By default "node_modules" folder is ignored by transformers.

    Here's what you can do:
     • If you are trying to use ECMAScript Modules, see https://jestjs.io/docs/ecmascript-modules for how to enable it.
     • If you are trying to use TypeScript, see https://jestjs.io/docs/getting-started#using-typescript
     • To have some of your "node_modules" files transformed, you can specify a custom "transformIgnorePatterns" in your config.
     • If you need a custom transformation specify a "transform" option in your config.
     • If you simply want to mock your non-JS modules (e.g. binary assets) you can stub them out with the "moduleNameMapper" config option.

    You'll find more details and examples of these config options in the docs:
    https://jestjs.io/docs/configuration
    For information about custom transformations, see:
    https://jestjs.io/docs/code-transformation

    Details:

    E:\VSCode_Repo\tech-oblivion-wpHeadless\node_modules\jose\dist\webapi\index.js:1
    ({"Object.<anonymous>":function(module,exports,require,__dirname,__filename,jest){export { compactDecrypt } from './jwe/compact/decrypt.js';
                                                                                      ^^^^^^

    SyntaxError: Unexpected token 'export'

    [0m [90m 17 |[39m
     [90m 18 |[39m [36mexport[39m [36masync[39m [36mfunction[39m signSession(claims[33m:[39m [33mSessionClaims[39m[33m,[39m maxAgeSec [33m=[39m [35m60[39m [33m*[39m [35m60[39m [33m*[39m [35m24[39m [33m*[39m [35m7[39m) {
    [31m[1m>[22m[39m[90m 19 |[39m   [90m// eslint-disable-next-line @typescript-eslint/no-explicit-any[39m
     [90m    |[39m               [31m[1m^[22m[39m
     [90m 20 |[39m   [36mreturn[39m [36mawait[39m [36mnew[39m [33mSignJWT[39m(claims [36mas[39m any)
     [90m 21 |[39m     [33m.[39msetProtectedHeader({ alg[33m:[39m [32m'HS256'[39m })
     [90m 22 |[39m     [33m.[39msetIssuedAt()[0m

      at Runtime.createScriptFromCode (node_modules/jest-runtime/build/index.js:1505:14)
      at Object.<anonymous> (src/lib/jwt.ts:19:15)
      at Object.<anonymous> (src/lib/fetchWithAuth.ts:22:14)
      at Object.<anonymous> (app/api/wp/site-health/background-updates/route.ts:20:24)
      at src/__tests__/api.smoke.test.ts:25:25
      at Object.<anonymous> (src/__tests__/api.smoke.test.ts:25:19)

  ● api routes smoke › app/api/wp/site-health/directory-sizes/route.ts exports handlers

    Jest encountered an unexpected token

    Jest failed to parse a file. This happens e.g. when your code or its dependencies use non-standard JavaScript syntax, or when Jest is not configured to support such syntax.

    Out of the box Jest supports Babel, which will be used to transform your files into valid JS based on your Babel configuration.

    By default "node_modules" folder is ignored by transformers.

    Here's what you can do:
     • If you are trying to use ECMAScript Modules, see https://jestjs.io/docs/ecmascript-modules for how to enable it.
     • If you are trying to use TypeScript, see https://jestjs.io/docs/getting-started#using-typescript
     • To have some of your "node_modules" files transformed, you can specify a custom "transformIgnorePatterns" in your config.
     • If you need a custom transformation specify a "transform" option in your config.
     • If you simply want to mock your non-JS modules (e.g. binary assets) you can stub them out with the "moduleNameMapper" config option.

    You'll find more details and examples of these config options in the docs:
    https://jestjs.io/docs/configuration
    For information about custom transformations, see:
    https://jestjs.io/docs/code-transformation

    Details:

    E:\VSCode_Repo\tech-oblivion-wpHeadless\node_modules\jose\dist\webapi\index.js:1
    ({"Object.<anonymous>":function(module,exports,require,__dirname,__filename,jest){export { compactDecrypt } from './jwe/compact/decrypt.js';
                                                                                      ^^^^^^

    SyntaxError: Unexpected token 'export'

    [0m [90m 17 |[39m
     [90m 18 |[39m [36mexport[39m [36masync[39m [36mfunction[39m signSession(claims[33m:[39m [33mSessionClaims[39m[33m,[39m maxAgeSec [33m=[39m [35m60[39m [33m*[39m [35m60[39m [33m*[39m [35m24[39m [33m*[39m [35m7[39m) {
    [31m[1m>[22m[39m[90m 19 |[39m   [90m// eslint-disable-next-line @typescript-eslint/no-explicit-any[39m
     [90m    |[39m               [31m[1m^[22m[39m
     [90m 20 |[39m   [36mreturn[39m [36mawait[39m [36mnew[39m [33mSignJWT[39m(claims [36mas[39m any)
     [90m 21 |[39m     [33m.[39msetProtectedHeader({ alg[33m:[39m [32m'HS256'[39m })
     [90m 22 |[39m     [33m.[39msetIssuedAt()[0m

      at Runtime.createScriptFromCode (node_modules/jest-runtime/build/index.js:1505:14)
      at Object.<anonymous> (src/lib/jwt.ts:19:15)
      at Object.<anonymous> (src/lib/fetchWithAuth.ts:22:14)
      at Object.<anonymous> (app/api/wp/site-health/directory-sizes/route.ts:20:24)
      at src/__tests__/api.smoke.test.ts:25:25
      at Object.<anonymous> (src/__tests__/api.smoke.test.ts:25:19)

  ● api routes smoke › app/api/wp/users/avatar/route.ts exports handlers

    Jest encountered an unexpected token

    Jest failed to parse a file. This happens e.g. when your code or its dependencies use non-standard JavaScript syntax, or when Jest is not configured to support such syntax.

    Out of the box Jest supports Babel, which will be used to transform your files into valid JS based on your Babel configuration.

    By default "node_modules" folder is ignored by transformers.

    Here's what you can do:
     • If you are trying to use ECMAScript Modules, see https://jestjs.io/docs/ecmascript-modules for how to enable it.
     • If you are trying to use TypeScript, see https://jestjs.io/docs/getting-started#using-typescript
     • To have some of your "node_modules" files transformed, you can specify a custom "transformIgnorePatterns" in your config.
     • If you need a custom transformation specify a "transform" option in your config.
     • If you simply want to mock your non-JS modules (e.g. binary assets) you can stub them out with the "moduleNameMapper" config option.

    You'll find more details and examples of these config options in the docs:
    https://jestjs.io/docs/configuration
    For information about custom transformations, see:
    https://jestjs.io/docs/code-transformation

    Details:

    E:\VSCode_Repo\tech-oblivion-wpHeadless\node_modules\jose\dist\webapi\index.js:1
    ({"Object.<anonymous>":function(module,exports,require,__dirname,__filename,jest){export { compactDecrypt } from './jwe/compact/decrypt.js';
                                                                                      ^^^^^^

    SyntaxError: Unexpected token 'export'

    [0m [90m 17 |[39m
     [90m 18 |[39m [36mexport[39m [36masync[39m [36mfunction[39m signSession(claims[33m:[39m [33mSessionClaims[39m[33m,[39m maxAgeSec [33m=[39m [35m60[39m [33m*[39m [35m60[39m [33m*[39m [35m24[39m [33m*[39m [35m7[39m) {
    [31m[1m>[22m[39m[90m 19 |[39m   [90m// eslint-disable-next-line @typescript-eslint/no-explicit-any[39m
     [90m    |[39m               [31m[1m^[22m[39m
     [90m 20 |[39m   [36mreturn[39m [36mawait[39m [36mnew[39m [33mSignJWT[39m(claims [36mas[39m any)
     [90m 21 |[39m     [33m.[39msetProtectedHeader({ alg[33m:[39m [32m'HS256'[39m })
     [90m 22 |[39m     [33m.[39msetIssuedAt()[0m

      at Runtime.createScriptFromCode (node_modules/jest-runtime/build/index.js:1505:14)
      at Object.<anonymous> (src/lib/jwt.ts:19:15)
      at Object.<anonymous> (app/api/wp/users/avatar/route.ts:23:14)
      at src/__tests__/api.smoke.test.ts:25:25
      at Object.<anonymous> (src/__tests__/api.smoke.test.ts:25:19)

  ● api routes smoke › app/api/wp/users/bulk-delete/route.ts exports handlers

    Jest encountered an unexpected token

    Jest failed to parse a file. This happens e.g. when your code or its dependencies use non-standard JavaScript syntax, or when Jest is not configured to support such syntax.

    Out of the box Jest supports Babel, which will be used to transform your files into valid JS based on your Babel configuration.

    By default "node_modules" folder is ignored by transformers.

    Here's what you can do:
     • If you are trying to use ECMAScript Modules, see https://jestjs.io/docs/ecmascript-modules for how to enable it.
     • If you are trying to use TypeScript, see https://jestjs.io/docs/getting-started#using-typescript
     • To have some of your "node_modules" files transformed, you can specify a custom "transformIgnorePatterns" in your config.
     • If you need a custom transformation specify a "transform" option in your config.
     • If you simply want to mock your non-JS modules (e.g. binary assets) you can stub them out with the "moduleNameMapper" config option.

    You'll find more details and examples of these config options in the docs:
    https://jestjs.io/docs/configuration
    For information about custom transformations, see:
    https://jestjs.io/docs/code-transformation

    Details:

    E:\VSCode_Repo\tech-oblivion-wpHeadless\node_modules\jose\dist\webapi\index.js:1
    ({"Object.<anonymous>":function(module,exports,require,__dirname,__filename,jest){export { compactDecrypt } from './jwe/compact/decrypt.js';
                                                                                      ^^^^^^

    SyntaxError: Unexpected token 'export'

    [0m [90m 17 |[39m
     [90m 18 |[39m [36mexport[39m [36masync[39m [36mfunction[39m signSession(claims[33m:[39m [33mSessionClaims[39m[33m,[39m maxAgeSec [33m=[39m [35m60[39m [33m*[39m [35m60[39m [33m*[39m [35m24[39m [33m*[39m [35m7[39m) {
    [31m[1m>[22m[39m[90m 19 |[39m   [90m// eslint-disable-next-line @typescript-eslint/no-explicit-any[39m
     [90m    |[39m               [31m[1m^[22m[39m
     [90m 20 |[39m   [36mreturn[39m [36mawait[39m [36mnew[39m [33mSignJWT[39m(claims [36mas[39m any)
     [90m 21 |[39m     [33m.[39msetProtectedHeader({ alg[33m:[39m [32m'HS256'[39m })
     [90m 22 |[39m     [33m.[39msetIssuedAt()[0m

      at Runtime.createScriptFromCode (node_modules/jest-runtime/build/index.js:1505:14)
      at Object.<anonymous> (src/lib/jwt.ts:19:15)
      at Object.<anonymous> (src/lib/fetchWithAuth.ts:22:14)
      at Object.<anonymous> (app/api/wp/users/bulk-delete/route.ts:19:24)
      at src/__tests__/api.smoke.test.ts:25:25
      at Object.<anonymous> (src/__tests__/api.smoke.test.ts:25:19)

  ● api routes smoke › app/api/wp/users/count/route.ts exports handlers

    Jest encountered an unexpected token

    Jest failed to parse a file. This happens e.g. when your code or its dependencies use non-standard JavaScript syntax, or when Jest is not configured to support such syntax.

    Out of the box Jest supports Babel, which will be used to transform your files into valid JS based on your Babel configuration.

    By default "node_modules" folder is ignored by transformers.

    Here's what you can do:
     • If you are trying to use ECMAScript Modules, see https://jestjs.io/docs/ecmascript-modules for how to enable it.
     • If you are trying to use TypeScript, see https://jestjs.io/docs/getting-started#using-typescript
     • To have some of your "node_modules" files transformed, you can specify a custom "transformIgnorePatterns" in your config.
     • If you need a custom transformation specify a "transform" option in your config.
     • If you simply want to mock your non-JS modules (e.g. binary assets) you can stub them out with the "moduleNameMapper" config option.

    You'll find more details and examples of these config options in the docs:
    https://jestjs.io/docs/configuration
    For information about custom transformations, see:
    https://jestjs.io/docs/code-transformation

    Details:

    E:\VSCode_Repo\tech-oblivion-wpHeadless\node_modules\jose\dist\webapi\index.js:1
    ({"Object.<anonymous>":function(module,exports,require,__dirname,__filename,jest){export { compactDecrypt } from './jwe/compact/decrypt.js';
                                                                                      ^^^^^^

    SyntaxError: Unexpected token 'export'

    [0m [90m 17 |[39m
     [90m 18 |[39m [36mexport[39m [36masync[39m [36mfunction[39m signSession(claims[33m:[39m [33mSessionClaims[39m[33m,[39m maxAgeSec [33m=[39m [35m60[39m [33m*[39m [35m60[39m [33m*[39m [35m24[39m [33m*[39m [35m7[39m) {
    [31m[1m>[22m[39m[90m 19 |[39m   [90m// eslint-disable-next-line @typescript-eslint/no-explicit-any[39m
     [90m    |[39m               [31m[1m^[22m[39m
     [90m 20 |[39m   [36mreturn[39m [36mawait[39m [36mnew[39m [33mSignJWT[39m(claims [36mas[39m any)
     [90m 21 |[39m     [33m.[39msetProtectedHeader({ alg[33m:[39m [32m'HS256'[39m })
     [90m 22 |[39m     [33m.[39msetIssuedAt()[0m

      at Runtime.createScriptFromCode (node_modules/jest-runtime/build/index.js:1505:14)
      at Object.<anonymous> (src/lib/jwt.ts:19:15)
      at Object.<anonymous> (src/lib/fetchWithAuth.ts:22:14)
      at Object.<anonymous> (app/api/wp/users/count/route.ts:22:24)
      at src/__tests__/api.smoke.test.ts:25:25
      at Object.<anonymous> (src/__tests__/api.smoke.test.ts:25:19)

  ● api routes smoke › app/api/wp/users/me/route.ts exports handlers

    Jest encountered an unexpected token

    Jest failed to parse a file. This happens e.g. when your code or its dependencies use non-standard JavaScript syntax, or when Jest is not configured to support such syntax.

    Out of the box Jest supports Babel, which will be used to transform your files into valid JS based on your Babel configuration.

    By default "node_modules" folder is ignored by transformers.

    Here's what you can do:
     • If you are trying to use ECMAScript Modules, see https://jestjs.io/docs/ecmascript-modules for how to enable it.
     • If you are trying to use TypeScript, see https://jestjs.io/docs/getting-started#using-typescript
     • To have some of your "node_modules" files transformed, you can specify a custom "transformIgnorePatterns" in your config.
     • If you need a custom transformation specify a "transform" option in your config.
     • If you simply want to mock your non-JS modules (e.g. binary assets) you can stub them out with the "moduleNameMapper" config option.

    You'll find more details and examples of these config options in the docs:
    https://jestjs.io/docs/configuration
    For information about custom transformations, see:
    https://jestjs.io/docs/code-transformation

    Details:

    E:\VSCode_Repo\tech-oblivion-wpHeadless\node_modules\jose\dist\webapi\index.js:1
    ({"Object.<anonymous>":function(module,exports,require,__dirname,__filename,jest){export { compactDecrypt } from './jwe/compact/decrypt.js';
                                                                                      ^^^^^^

    SyntaxError: Unexpected token 'export'

    [0m [90m 17 |[39m
     [90m 18 |[39m [36mexport[39m [36masync[39m [36mfunction[39m signSession(claims[33m:[39m [33mSessionClaims[39m[33m,[39m maxAgeSec [33m=[39m [35m60[39m [33m*[39m [35m60[39m [33m*[39m [35m24[39m [33m*[39m [35m7[39m) {
    [31m[1m>[22m[39m[90m 19 |[39m   [90m// eslint-disable-next-line @typescript-eslint/no-explicit-any[39m
     [90m    |[39m               [31m[1m^[22m[39m
     [90m 20 |[39m   [36mreturn[39m [36mawait[39m [36mnew[39m [33mSignJWT[39m(claims [36mas[39m any)
     [90m 21 |[39m     [33m.[39msetProtectedHeader({ alg[33m:[39m [32m'HS256'[39m })
     [90m 22 |[39m     [33m.[39msetIssuedAt()[0m

      at Runtime.createScriptFromCode (node_modules/jest-runtime/build/index.js:1505:14)
      at Object.<anonymous> (src/lib/jwt.ts:19:15)
      at Object.<anonymous> (app/api/wp/users/me/route.ts:28:14)
      at src/__tests__/api.smoke.test.ts:25:25
      at Object.<anonymous> (src/__tests__/api.smoke.test.ts:25:19)

FAIL src/__tests__/lib.smoke.test.ts
  ● lib smoke › src/lib/auth.ts imports

    Cannot nest a describe inside a test. Describe block "nextNavigationMock" cannot run because it is nested within "src/lib/auth.ts imports".

    [0m [90m  8 |[39m
     [90m  9 |[39m [90m// Dummy test[39m
    [31m[1m>[22m[39m[90m 10 |[39m describe([32m'nextNavigationMock'[39m[33m,[39m () [33m=>[39m {
     [90m    |[39m [31m[1m^[22m[39m
     [90m 11 |[39m   it([32m'is a mock'[39m[33m,[39m () [33m=>[39m {
     [90m 12 |[39m     expect([36mtrue[39m)[33m.[39mtoBe([36mtrue[39m)
     [90m 13 |[39m   })[0m

      at eventHandler (node_modules/jest-circus/build/eventHandler.js:35:11)
      at Object.describe (src/__tests__/nextNavigationMock.js:10:1)
      at Object.<anonymous> (src/lib/auth.ts:22:18)
      at src/__tests__/lib.smoke.test.ts:26:25
      at Object.<anonymous> (src/__tests__/lib.smoke.test.ts:26:19)

  ● lib smoke › src/lib/auth.ts imports

    Tests cannot be nested. Test "is a mock" cannot run because it is nested within "src/lib/auth.ts imports".

    [0m [90m  9 |[39m [90m// Dummy test[39m
     [90m 10 |[39m describe([32m'nextNavigationMock'[39m[33m,[39m () [33m=>[39m {
    [31m[1m>[22m[39m[90m 11 |[39m   it([32m'is a mock'[39m[33m,[39m () [33m=>[39m {
     [90m    |[39m   [31m[1m^[22m[39m
     [90m 12 |[39m     expect([36mtrue[39m)[33m.[39mtoBe([36mtrue[39m)
     [90m 13 |[39m   })
     [90m 14 |[39m })[0m

      at eventHandler (node_modules/jest-circus/build/eventHandler.js:134:11)
      at it (src/__tests__/nextNavigationMock.js:11:3)
      at Object.describe (src/__tests__/nextNavigationMock.js:10:1)
      at Object.<anonymous> (src/lib/auth.ts:22:18)
      at src/__tests__/lib.smoke.test.ts:26:25
      at Object.<anonymous> (src/__tests__/lib.smoke.test.ts:26:19)

  ● lib smoke › src/lib/auth.ts imports

    Cannot nest a describe inside a test. Describe block "nextServerMock" cannot run because it is nested within "src/lib/auth.ts imports".

    [0m [90m 12 |[39m
     [90m 13 |[39m [90m// Dummy test[39m
    [31m[1m>[22m[39m[90m 14 |[39m describe([32m'nextServerMock'[39m[33m,[39m () [33m=>[39m {
     [90m    |[39m [31m[1m^[22m[39m
     [90m 15 |[39m   it([32m'is a mock'[39m[33m,[39m () [33m=>[39m {
     [90m 16 |[39m     expect([36mtrue[39m)[33m.[39mtoBe([36mtrue[39m)
     [90m 17 |[39m   })[0m

      at eventHandler (node_modules/jest-circus/build/eventHandler.js:35:11)
      at Object.describe (src/__tests__/nextServerMock.js:14:1)
      at Object.<anonymous> (app/api/logs/route.ts:27:17)
      at Object.<anonymous> (src/lib/auth.ts:23:16)
      at src/__tests__/lib.smoke.test.ts:26:25
      at Object.<anonymous> (src/__tests__/lib.smoke.test.ts:26:19)

  ● lib smoke › src/lib/auth.ts imports

    Tests cannot be nested. Test "is a mock" cannot run because it is nested within "src/lib/auth.ts imports".

    [0m [90m 13 |[39m [90m// Dummy test[39m
     [90m 14 |[39m describe([32m'nextServerMock'[39m[33m,[39m () [33m=>[39m {
    [31m[1m>[22m[39m[90m 15 |[39m   it([32m'is a mock'[39m[33m,[39m () [33m=>[39m {
     [90m    |[39m   [31m[1m^[22m[39m
     [90m 16 |[39m     expect([36mtrue[39m)[33m.[39mtoBe([36mtrue[39m)
     [90m 17 |[39m   })
     [90m 18 |[39m })[0m

      at eventHandler (node_modules/jest-circus/build/eventHandler.js:134:11)
      at it (src/__tests__/nextServerMock.js:15:3)
      at Object.describe (src/__tests__/nextServerMock.js:14:1)
      at Object.<anonymous> (app/api/logs/route.ts:27:17)
      at Object.<anonymous> (src/lib/auth.ts:23:16)
      at src/__tests__/lib.smoke.test.ts:26:25
      at Object.<anonymous> (src/__tests__/lib.smoke.test.ts:26:19)

  ● lib smoke › src/lib/auth.ts imports

    Jest encountered an unexpected token

    Jest failed to parse a file. This happens e.g. when your code or its dependencies use non-standard JavaScript syntax, or when Jest is not configured to support such syntax.

    Out of the box Jest supports Babel, which will be used to transform your files into valid JS based on your Babel configuration.

    By default "node_modules" folder is ignored by transformers.

    Here's what you can do:
     • If you are trying to use ECMAScript Modules, see https://jestjs.io/docs/ecmascript-modules for how to enable it.
     • If you are trying to use TypeScript, see https://jestjs.io/docs/getting-started#using-typescript
     • To have some of your "node_modules" files transformed, you can specify a custom "transformIgnorePatterns" in your config.
     • If you need a custom transformation specify a "transform" option in your config.
     • If you simply want to mock your non-JS modules (e.g. binary assets) you can stub them out with the "moduleNameMapper" config option.

    You'll find more details and examples of these config options in the docs:
    https://jestjs.io/docs/configuration
    For information about custom transformations, see:
    https://jestjs.io/docs/code-transformation

    Details:

    E:\VSCode_Repo\tech-oblivion-wpHeadless\node_modules\jose\dist\webapi\index.js:1
    ({"Object.<anonymous>":function(module,exports,require,__dirname,__filename,jest){export { compactDecrypt } from './jwe/compact/decrypt.js';
                                                                                      ^^^^^^

    SyntaxError: Unexpected token 'export'

    [0m [90m 17 |[39m
     [90m 18 |[39m [36mexport[39m [36masync[39m [36mfunction[39m signSession(claims[33m:[39m [33mSessionClaims[39m[33m,[39m maxAgeSec [33m=[39m [35m60[39m [33m*[39m [35m60[39m [33m*[39m [35m24[39m [33m*[39m [35m7[39m) {
    [31m[1m>[22m[39m[90m 19 |[39m   [90m// eslint-disable-next-line @typescript-eslint/no-explicit-any[39m
     [90m    |[39m               [31m[1m^[22m[39m
     [90m 20 |[39m   [36mreturn[39m [36mawait[39m [36mnew[39m [33mSignJWT[39m(claims [36mas[39m any)
     [90m 21 |[39m     [33m.[39msetProtectedHeader({ alg[33m:[39m [32m'HS256'[39m })
     [90m 22 |[39m     [33m.[39msetIssuedAt()[0m

      at Runtime.createScriptFromCode (node_modules/jest-runtime/build/index.js:1505:14)
      at Object.<anonymous> (src/lib/jwt.ts:19:15)
      at Object.<anonymous> (app/api/logs/route.ts:29:14)
      at Object.<anonymous> (src/lib/auth.ts:23:16)
      at src/__tests__/lib.smoke.test.ts:26:25
      at Object.<anonymous> (src/__tests__/lib.smoke.test.ts:26:19)

  ● lib smoke › src/lib/fetchWithAuth.ts imports

    Jest encountered an unexpected token

    Jest failed to parse a file. This happens e.g. when your code or its dependencies use non-standard JavaScript syntax, or when Jest is not configured to support such syntax.

    Out of the box Jest supports Babel, which will be used to transform your files into valid JS based on your Babel configuration.

    By default "node_modules" folder is ignored by transformers.

    Here's what you can do:
     • If you are trying to use ECMAScript Modules, see https://jestjs.io/docs/ecmascript-modules for how to enable it.
     • If you are trying to use TypeScript, see https://jestjs.io/docs/getting-started#using-typescript
     • To have some of your "node_modules" files transformed, you can specify a custom "transformIgnorePatterns" in your config.
     • If you need a custom transformation specify a "transform" option in your config.
     • If you simply want to mock your non-JS modules (e.g. binary assets) you can stub them out with the "moduleNameMapper" config option.

    You'll find more details and examples of these config options in the docs:
    https://jestjs.io/docs/configuration
    For information about custom transformations, see:
    https://jestjs.io/docs/code-transformation

    Details:

    E:\VSCode_Repo\tech-oblivion-wpHeadless\node_modules\jose\dist\webapi\index.js:1
    ({"Object.<anonymous>":function(module,exports,require,__dirname,__filename,jest){export { compactDecrypt } from './jwe/compact/decrypt.js';
                                                                                      ^^^^^^

    SyntaxError: Unexpected token 'export'

    [0m [90m 17 |[39m
     [90m 18 |[39m [36mexport[39m [36masync[39m [36mfunction[39m signSession(claims[33m:[39m [33mSessionClaims[39m[33m,[39m maxAgeSec [33m=[39m [35m60[39m [33m*[39m [35m60[39m [33m*[39m [35m24[39m [33m*[39m [35m7[39m) {
    [31m[1m>[22m[39m[90m 19 |[39m   [90m// eslint-disable-next-line @typescript-eslint/no-explicit-any[39m
     [90m    |[39m               [31m[1m^[22m[39m
     [90m 20 |[39m   [36mreturn[39m [36mawait[39m [36mnew[39m [33mSignJWT[39m(claims [36mas[39m any)
     [90m 21 |[39m     [33m.[39msetProtectedHeader({ alg[33m:[39m [32m'HS256'[39m })
     [90m 22 |[39m     [33m.[39msetIssuedAt()[0m

      at Runtime.createScriptFromCode (node_modules/jest-runtime/build/index.js:1505:14)
      at Object.<anonymous> (src/lib/jwt.ts:19:15)
      at Object.<anonymous> (src/lib/fetchWithAuth.ts:22:14)
      at src/__tests__/lib.smoke.test.ts:26:25
      at Object.<anonymous> (src/__tests__/lib.smoke.test.ts:26:19)

  ● lib smoke › src/lib/jwt.ts imports

    Jest encountered an unexpected token

    Jest failed to parse a file. This happens e.g. when your code or its dependencies use non-standard JavaScript syntax, or when Jest is not configured to support such syntax.

    Out of the box Jest supports Babel, which will be used to transform your files into valid JS based on your Babel configuration.

    By default "node_modules" folder is ignored by transformers.

    Here's what you can do:
     • If you are trying to use ECMAScript Modules, see https://jestjs.io/docs/ecmascript-modules for how to enable it.
     • If you are trying to use TypeScript, see https://jestjs.io/docs/getting-started#using-typescript
     • To have some of your "node_modules" files transformed, you can specify a custom "transformIgnorePatterns" in your config.
     • If you need a custom transformation specify a "transform" option in your config.
     • If you simply want to mock your non-JS modules (e.g. binary assets) you can stub them out with the "moduleNameMapper" config option.

    You'll find more details and examples of these config options in the docs:
    https://jestjs.io/docs/configuration
    For information about custom transformations, see:
    https://jestjs.io/docs/code-transformation

    Details:

    E:\VSCode_Repo\tech-oblivion-wpHeadless\node_modules\jose\dist\webapi\index.js:1
    ({"Object.<anonymous>":function(module,exports,require,__dirname,__filename,jest){export { compactDecrypt } from './jwe/compact/decrypt.js';
                                                                                      ^^^^^^

    SyntaxError: Unexpected token 'export'

    [0m [90m 17 |[39m
     [90m 18 |[39m [36mexport[39m [36masync[39m [36mfunction[39m signSession(claims[33m:[39m [33mSessionClaims[39m[33m,[39m maxAgeSec [33m=[39m [35m60[39m [33m*[39m [35m60[39m [33m*[39m [35m24[39m [33m*[39m [35m7[39m) {
    [31m[1m>[22m[39m[90m 19 |[39m   [90m// eslint-disable-next-line @typescript-eslint/no-explicit-any[39m
     [90m    |[39m               [31m[1m^[22m[39m
     [90m 20 |[39m   [36mreturn[39m [36mawait[39m [36mnew[39m [33mSignJWT[39m(claims [36mas[39m any)
     [90m 21 |[39m     [33m.[39msetProtectedHeader({ alg[33m:[39m [32m'HS256'[39m })
     [90m 22 |[39m     [33m.[39msetIssuedAt()[0m

      at Runtime.createScriptFromCode (node_modules/jest-runtime/build/index.js:1505:14)
      at Object.<anonymous> (src/lib/jwt.ts:19:15)
      at src/__tests__/lib.smoke.test.ts:26:25
      at Object.<anonymous> (src/__tests__/lib.smoke.test.ts:26:19)

  ● lib smoke › src/lib/requireAccess.ts imports

    Jest encountered an unexpected token

    Jest failed to parse a file. This happens e.g. when your code or its dependencies use non-standard JavaScript syntax, or when Jest is not configured to support such syntax.

    Out of the box Jest supports Babel, which will be used to transform your files into valid JS based on your Babel configuration.

    By default "node_modules" folder is ignored by transformers.

    Here's what you can do:
     • If you are trying to use ECMAScript Modules, see https://jestjs.io/docs/ecmascript-modules for how to enable it.
     • If you are trying to use TypeScript, see https://jestjs.io/docs/getting-started#using-typescript
     • To have some of your "node_modules" files transformed, you can specify a custom "transformIgnorePatterns" in your config.
     • If you need a custom transformation specify a "transform" option in your config.
     • If you simply want to mock your non-JS modules (e.g. binary assets) you can stub them out with the "moduleNameMapper" config option.

    You'll find more details and examples of these config options in the docs:
    https://jestjs.io/docs/configuration
    For information about custom transformations, see:
    https://jestjs.io/docs/code-transformation

    Details:

    E:\VSCode_Repo\tech-oblivion-wpHeadless\node_modules\jose\dist\webapi\index.js:1
    ({"Object.<anonymous>":function(module,exports,require,__dirname,__filename,jest){export { compactDecrypt } from './jwe/compact/decrypt.js';
                                                                                      ^^^^^^

    SyntaxError: Unexpected token 'export'

    [0m [90m 17 |[39m
     [90m 18 |[39m [36mexport[39m [36masync[39m [36mfunction[39m signSession(claims[33m:[39m [33mSessionClaims[39m[33m,[39m maxAgeSec [33m=[39m [35m60[39m [33m*[39m [35m60[39m [33m*[39m [35m24[39m [33m*[39m [35m7[39m) {
    [31m[1m>[22m[39m[90m 19 |[39m   [90m// eslint-disable-next-line @typescript-eslint/no-explicit-any[39m
     [90m    |[39m               [31m[1m^[22m[39m
     [90m 20 |[39m   [36mreturn[39m [36mawait[39m [36mnew[39m [33mSignJWT[39m(claims [36mas[39m any)
     [90m 21 |[39m     [33m.[39msetProtectedHeader({ alg[33m:[39m [32m'HS256'[39m })
     [90m 22 |[39m     [33m.[39msetIssuedAt()[0m

      at Runtime.createScriptFromCode (node_modules/jest-runtime/build/index.js:1505:14)
      at Object.<anonymous> (src/lib/jwt.ts:19:15)
      at Object.<anonymous> (src/lib/server-session.ts:20:14)
      at Object.<anonymous> (src/lib/requireAccess.ts:11:24)
      at src/__tests__/lib.smoke.test.ts:26:25
      at Object.<anonymous> (src/__tests__/lib.smoke.test.ts:26:19)

  ● lib smoke › src/lib/server-session.ts imports

    Jest encountered an unexpected token

    Jest failed to parse a file. This happens e.g. when your code or its dependencies use non-standard JavaScript syntax, or when Jest is not configured to support such syntax.

    Out of the box Jest supports Babel, which will be used to transform your files into valid JS based on your Babel configuration.

    By default "node_modules" folder is ignored by transformers.

    Here's what you can do:
     • If you are trying to use ECMAScript Modules, see https://jestjs.io/docs/ecmascript-modules for how to enable it.
     • If you are trying to use TypeScript, see https://jestjs.io/docs/getting-started#using-typescript
     • To have some of your "node_modules" files transformed, you can specify a custom "transformIgnorePatterns" in your config.
     • If you need a custom transformation specify a "transform" option in your config.
     • If you simply want to mock your non-JS modules (e.g. binary assets) you can stub them out with the "moduleNameMapper" config option.

    You'll find more details and examples of these config options in the docs:
    https://jestjs.io/docs/configuration
    For information about custom transformations, see:
    https://jestjs.io/docs/code-transformation

    Details:

    E:\VSCode_Repo\tech-oblivion-wpHeadless\node_modules\jose\dist\webapi\index.js:1
    ({"Object.<anonymous>":function(module,exports,require,__dirname,__filename,jest){export { compactDecrypt } from './jwe/compact/decrypt.js';
                                                                                      ^^^^^^

    SyntaxError: Unexpected token 'export'

    [0m [90m 17 |[39m
     [90m 18 |[39m [36mexport[39m [36masync[39m [36mfunction[39m signSession(claims[33m:[39m [33mSessionClaims[39m[33m,[39m maxAgeSec [33m=[39m [35m60[39m [33m*[39m [35m60[39m [33m*[39m [35m24[39m [33m*[39m [35m7[39m) {
    [31m[1m>[22m[39m[90m 19 |[39m   [90m// eslint-disable-next-line @typescript-eslint/no-explicit-any[39m
     [90m    |[39m               [31m[1m^[22m[39m
     [90m 20 |[39m   [36mreturn[39m [36mawait[39m [36mnew[39m [33mSignJWT[39m(claims [36mas[39m any)
     [90m 21 |[39m     [33m.[39msetProtectedHeader({ alg[33m:[39m [32m'HS256'[39m })
     [90m 22 |[39m     [33m.[39msetIssuedAt()[0m

      at Runtime.createScriptFromCode (node_modules/jest-runtime/build/index.js:1505:14)
      at Object.<anonymous> (src/lib/jwt.ts:19:15)
      at Object.<anonymous> (src/lib/server-session.ts:20:14)
      at src/__tests__/lib.smoke.test.ts:26:25
      at Object.<anonymous> (src/__tests__/lib.smoke.test.ts:26:19)

  ● lib smoke › src/lib/toc-md.ts imports

    Jest encountered an unexpected token

    Jest failed to parse a file. This happens e.g. when your code or its dependencies use non-standard JavaScript syntax, or when Jest is not configured to support such syntax.

    Out of the box Jest supports Babel, which will be used to transform your files into valid JS based on your Babel configuration.

    By default "node_modules" folder is ignored by transformers.

    Here's what you can do:
     • If you are trying to use ECMAScript Modules, see https://jestjs.io/docs/ecmascript-modules for how to enable it.
     • If you are trying to use TypeScript, see https://jestjs.io/docs/getting-started#using-typescript
     • To have some of your "node_modules" files transformed, you can specify a custom "transformIgnorePatterns" in your config.
     • If you need a custom transformation specify a "transform" option in your config.
     • If you simply want to mock your non-JS modules (e.g. binary assets) you can stub them out with the "moduleNameMapper" config option.

    You'll find more details and examples of these config options in the docs:
    https://jestjs.io/docs/configuration
    For information about custom transformations, see:
    https://jestjs.io/docs/code-transformation

    Details:

    E:\VSCode_Repo\tech-oblivion-wpHeadless\node_modules\unified\index.js:2
    export {unified} from './lib/index.js'
    ^^^^^^

    SyntaxError: Unexpected token 'export'

    [0m [90m  9 |[39m [36mexport[39m [36mfunction[39m extractTocFromMarkdown(markdown[33m:[39m string[33m,[39m options[33m?[39m[33m:[39m { minDepth[33m?[39m[33m:[39m number[33m;[39m maxDepth[33m?[39m[33m:[39m number }) {
     [90m 10 |[39m   [36mconst[39m minDepth [33m=[39m options[33m?[39m[33m.[39mminDepth [33m?[39m[33m?[39m [35m2[39m
    [31m[1m>[22m[39m[90m 11 |[39m   [36mconst[39m maxDepth [33m=[39m options[33m?[39m[33m.[39mmaxDepth [33m?[39m[33m?[39m [35m3[39m
     [90m    |[39m                  [31m[1m^[22m[39m
     [90m 12 |[39m   [36mconst[39m tree [33m=[39m unified()[33m.[39muse(remarkParse)[33m.[39mparse(markdown) [36mas[39m [33mRoot[39m
     [90m 13 |[39m   [36mconst[39m slugger [33m=[39m [36mnew[39m [33mGithubSlugger[39m()
     [90m 14 |[39m   [36mconst[39m items[33m:[39m [33mTocItem[39m[] [33m=[39m [][0m

      at Runtime.createScriptFromCode (node_modules/jest-runtime/build/index.js:1505:14)
      at Object.<anonymous> (src/lib/toc-md.ts:11:18)
      at src/__tests__/lib.smoke.test.ts:26:25
      at Object.<anonymous> (src/__tests__/lib.smoke.test.ts:26:19)

FAIL test/sanitize.test.ts
  ● sanitizeWP › removes script tags and preserves safe content

    TypeError: (0 , _sanitizehtml.default) is not a function

    [0m [90m 78 |[39m     }[33m,[39m
     [90m 79 |[39m   }
    [31m[1m>[22m[39m[90m 80 |[39m   [36mreturn[39m sanitizeHtml(html[33m,[39m options)
     [90m    |[39m                      [31m[1m^[22m[39m
     [90m 81 |[39m }
     [90m 82 |[39m
     [90m 83 |[39m [36mexport[39m [36mfunction[39m renderUpdatesSummary(html[33m:[39m string[33m,[39m maxWords [33m=[39m [35m50[39m) {[0m

      at sanitizeWP (src/lib/sanitize.ts:80:22)
      at Object.<anonymous> (test/sanitize.test.ts:8:29)

PASS src/lib/__tests__/wp.spec.ts
  ● Console

    console.error
      [ERROR] {"ts":"2025-09-02T01:43:31.611Z","level":"error","context":"getPosts","data":{"context":"getPosts","status":503,"statusText":"Service Unavailable","bodySnippet":"<!DOCTYPE html><html><head><title>Maintenance</title></head><body><p>Site under maintenance</p></body></html>"}}

    [0m [90m 42 |[39m     [36mconst[39m entry [33m=[39m { ts[33m:[39m [36mnew[39m [33mDate[39m()[33m.[39mtoISOString()[33m,[39m level[33m:[39m [32m'error'[39m[33m,[39m context[33m,[39m data }
     [90m 43 |[39m     [90m// eslint-disable-next-line no-console[39m
    [31m[1m>[22m[39m[90m 44 |[39m     console[33m.[39merror([32m'[ERROR]'[39m[33m,[39m [33mJSON[39m[33m.[39mstringify(entry))
     [90m    |[39m             [31m[1m^[22m[39m
     [90m 45 |[39m     write([33mERROR_FILE[39m[33m,[39m entry)
     [90m 46 |[39m   }[33m,[39m
     [90m 47 |[39m }[0m

      at Object.error (src/lib/logger.ts:44:13)
      at error (src/lib/log.ts:13:12)
      at getPosts (src/lib/wp.ts:138:15)
      at Object.<anonymous> (src/lib/__tests__/wp.spec.ts:19:3)

    console.error
      [ERROR] {"ts":"2025-09-02T01:43:31.619Z","level":"error","context":"getPostBySlug","data":{"context":"getPostBySlug","status":503,"statusText":"Service Unavailable","bodySnippet":"<!DOCTYPE html><html><head><title>Maintenance</title></head><body><p>Site under maintenance</p></body></html>"}}

    [0m [90m 42 |[39m     [36mconst[39m entry [33m=[39m { ts[33m:[39m [36mnew[39m [33mDate[39m()[33m.[39mtoISOString()[33m,[39m level[33m:[39m [32m'error'[39m[33m,[39m context[33m,[39m data }
     [90m 43 |[39m     [90m// eslint-disable-next-line no-console[39m
    [31m[1m>[22m[39m[90m 44 |[39m     console[33m.[39merror([32m'[ERROR]'[39m[33m,[39m [33mJSON[39m[33m.[39mstringify(entry))
     [90m    |[39m             [31m[1m^[22m[39m
     [90m 45 |[39m     write([33mERROR_FILE[39m[33m,[39m entry)
     [90m 46 |[39m   }[33m,[39m
     [90m 47 |[39m }[0m

      at Object.error (src/lib/logger.ts:44:13)
      at error (src/lib/log.ts:13:12)
      at getPostBySlug (src/lib/wp.ts:182:15)
      at Object.<anonymous> (src/lib/__tests__/wp.spec.ts:25:3)

PASS src/__tests__/hooks.smoke.test.ts
PASS src/lib/__tests__/wpFetch.env.spec.ts
PASS src/__tests__/checkAccess.test.ts
PASS src/__tests__/nextImageMock.js
PASS src/__tests__/TestErrorBoundary.tsx
PASS src/__tests__/serverOnlyMock.js
PASS src/__tests__/styleMock.js
PASS src/__tests__/roles.test.ts
PASS src/__tests__/nextServerMock.js
PASS src/__tests__/nextNavigationMock.js
PASS src/__tests__/fileMock.js
PASS src/__tests__/sanity.test.ts

Test Suites: 5 failed, 13 passed, 18 total
Tests:       117 failed, 157 passed, 274 total
Snapshots:   0 total
Time:        5.054 s
Ran all test suites.
